[0m[38;5;2;1m[  2%]:[0m [38;5;5;1m<smg-pc-original-jpa-manager-tests>[0m cache compiling.debug tests/OriginalJpaManagerTests.cpp[0m
[0m[38;5;2;1m[ 14%]:[0m [38;5;5;1m<smg-pc-game>[0m cache compiling.debug src/Game/Effect/ParticleResourceHolder.cpp[0m
[0m[38;5;2;1m[ 36%]:[0m [38;5;5;1m<smg-pc-game>[0m cache compiling.debug src/runtime/ArchiveMountService.cpp[0m
[0m[38;5;3;1mIn file included from src/Game/Effect/ParticleResourceHolder.cpp:1:
In file included from <built-in>:1:
In file included from /Users/frityet/Projects/petari/pc-port/src/compat/MetrowerksStdCompat.hpp:11:
src/Game/LiveActor/LiveActor.hpp:41:29: warning: 'movement' overrides a member function but is not marked 'override' [-Winconsistent-missing-override]
   41 |                virtual void movement();
      |                             ^
src/Game/NameObj/NameObj.hpp:23:29: note: overridden virtual function is here
   23 |                virtual void movement();
      |                             ^
In file included from src/Game/Effect/ParticleResourceHolder.cpp:1:
In file included from <built-in>:1:
In file included from /Users/frityet/Projects/petari/pc-port/src/compat/MetrowerksStdCompat.hpp:11:
src/Game/LiveActor/LiveActor.hpp:42:29: warning: 'calcAnim' overrides a member function but is not marked 'override' [-Winconsistent-missing-override]
   42 |                virtual void calcAnim();
      |                             ^
src/Game/NameObj/NameObj.hpp:28:29: note: overridden virtual function is here[0m
[0m[38;5;3;1mIn file included from tests/OriginalJpaManagerTests.cpp:4:
In file included from src/runtime/RuntimeServices.hpp:22:
In file included from src/camera/EventCamera.hpp:4:
In file included from src/Game/Camera/CameraTargetObj.hpp:3:
src/Game/LiveActor/LiveActor.hpp:41:29: warning: 'movement' overrides a member function but is not marked 'override' [-Winconsistent-missing-override]
   41 |                virtual void movement();
      |                             ^
src/Game/NameObj/NameObj.hpp:23:29: note: overridden virtual function is here
   23 |                virtual void movement();
      |                             ^
In file included from tests/OriginalJpaManagerTests.cpp:4:
In file included from src/runtime/RuntimeServices.hpp:22:
In file included from src/camera/EventCamera.hpp:4:
In file included from src/Game/Camera/CameraTargetObj.hpp:3:
src/Game/LiveActor/LiveActor.hpp:42:29: warning: 'calcAnim' overrides a member function but is not marked 'override' [-Winconsistent-missing-override]
   42 |                virtual void calcAnim();[0m
[0m[38;5;3;1mIn file included from src/runtime/ArchiveMountService.cpp:1:
In file included from <built-in>:1:
In file included from /Users/frityet/Projects/petari/pc-port/src/compat/MetrowerksStdCompat.hpp:11:
src/Game/LiveActor/LiveActor.hpp:41:29: warning: 'movement' overrides a member function but is not marked 'override' [-Winconsistent-missing-override]
   41 |                virtual void movement();
      |                             ^
src/Game/NameObj/NameObj.hpp:23:29: note: overridden virtual function is here
   23 |                virtual void movement();
      |                             ^
In file included from src/runtime/ArchiveMountService.cpp:1:
In file included from <built-in>:1:
In file included from /Users/frityet/Projects/petari/pc-port/src/compat/MetrowerksStdCompat.hpp:11:
src/Game/LiveActor/LiveActor.hpp:42:29: warning: 'calcAnim' overrides a member function but is not marked 'override' [-Winconsistent-missing-override]
   42 |                virtual void calcAnim();
      |                             ^
src/Game/NameObj/NameObj.hpp:28:29: note: overridden virtual function is here[0m
[0m[38;5;2;1m[ 94%]:[0m [38;5;5;1m<smg-pc-game>[0m [38;5;5;1marchiving.debug libsmg-pc-game.a[0m
[0m[38;5;2;1m[ 94%]:[0m [38;5;5;1m<smg-pc-original-jpa-manager-tests>[0m [38;5;5;1mlinking.debug smg-pc-original-jpa-manager-tests[0m
[0m[38;5;2;1mcreate ok![0m
compile_commands.json updated!
[0m[38;5;2;1m[100%]:[0m [38;5;2;1mbuild ok, spent 2.492s[0m
