In file included from <built-in>:1:
In file included from /Users/frityet/Projects/petari/src/compat/MetrowerksStdCompat.hpp:11:
src/Game/LiveActor/LiveActor.hpp:41:29: warning: 'movement' overrides a member function but is not marked 'override' [-Winconsistent-missing-override]
   41 |     /* 0x14 */ virtual void movement();
      |                             ^
src/Game/NameObj/NameObj.hpp:23:29: note: overridden virtual function is here
   23 |     /* 0x14 */ virtual void movement();
      |                             ^
In file included from <built-in>:1:
In file included from /Users/frityet/Projects/petari/src/compat/MetrowerksStdCompat.hpp:11:
src/Game/LiveActor/LiveActor.hpp:42:29: warning: 'calcAnim' overrides a member function but is not marked 'override' [-Winconsistent-missing-override]
   42 |     /* 0x1C */ virtual void calcAnim();
      |                             ^
src/Game/NameObj/NameObj.hpp:28:29: note: overridden virtual function is here
   28 |     /* 0x1C */ virtual void calcAnim();
      |                             ^
In file included from <built-in>:1:
In file included from /Users/frityet/Projects/petari/src/compat/MetrowerksStdCompat.hpp:11:
src/Game/LiveActor/LiveActor.hpp:43:29: warning: 'calcViewAndEntry' overrides a member function but is not marked 'override' [-Winconsistent-missing-override]
   43 |     /* 0x20 */ virtual void calcViewAndEntry();
      |                             ^
src/Game/NameObj/NameObj.hpp:29:29: note: overridden virtual function is here
   29 |     /* 0x20 */ virtual void calcViewAndEntry();
      |                             ^
/Users/frityet/Projects/petari/src/Game/NPC/NPCParameter.cpp:13:5: warning: ignoring return value of function declared with 'nodiscard' attribute [-Wunused-result]
   13 |     pInfo->getValue(a2, mName, _8);
      |     ^~~~~~~~~~~~~~~~~~~~~~~~~~~~~~
/Users/frityet/Projects/petari/src/Game/NPC/NPCParameter.cpp:20:5: warning: ignoring return value of function declared with 'nodiscard' attribute [-Wunused-result]
   20 |     pInfo->getValue(a2, mName, _8);
      |     ^~~~~~~~~~~~~~~~~~~~~~~~~~~~~~
/Users/frityet/Projects/petari/src/Game/NPC/NPCParameter.cpp:31:5: warning: ignoring return value of function declared with 'nodiscard' attribute [-Wunused-result]
   31 |     pInfo->getValue(a2, str, &_8->x);
      |     ^~~~~~~~~~~~~~~~~~~~~~~~~~~~~~~~
/Users/frityet/Projects/petari/src/Game/NPC/NPCParameter.cpp:33:5: warning: ignoring return value of function declared with 'nodiscard' attribute [-Wunused-result]
   33 |     pInfo->getValue(a2, str, &_8->y);
      |     ^~~~~~~~~~~~~~~~~~~~~~~~~~~~~~~~
/Users/frityet/Projects/petari/src/Game/NPC/NPCParameter.cpp:35:5: warning: ignoring return value of function declared with 'nodiscard' attribute [-Wunused-result]
   35 |     pInfo->getValue(a2, str, &_8->z);
      |     ^~~~~~~~~~~~~~~~~~~~~~~~~~~~~~~~
/Users/frityet/Projects/petari/src/Game/NPC/NPCParameter.cpp:76:5: warning: ignoring return value of function declared with 'nodiscard' attribute [-Wunused-result]
   76 |     pInfo->getValue(a2, mName, _8);
      |     ^~~~~~~~~~~~~~~~~~~~~~~~~~~~~~
/Users/frityet/Projects/petari/src/Game/NPC/NPCParameter.cpp:85:5: warning: ignoring return value of function declared with 'nodiscard' attribute [-Wunused-result]
   85 |     pInfo->getValue(a2, mName, _8);
      |     ^~~~~~~~~~~~~~~~~~~~~~~~~~~~~~
/Users/frityet/Projects/petari/src/Game/NPC/NPCParameter.cpp:89:5: warning: ignoring return value of function declared with 'nodiscard' attribute [-Wunused-result]
   89 |     pInfo->getValue(a2, mName, _8);
      |     ^~~~~~~~~~~~~~~~~~~~~~~~~~~~~~
11 warnings generated.
