$ xmake -vD smg-pc-demo-scene-runtime-tests
[100%]: build ok

$ build/linux/x86_64/debug/smg-pc-demo-scene-runtime-tests
[pass] definition ingestion and dormant sheets
[pass] zone scoping, CastId, and duplicate choice
[pass] duplicate registered name resolution and pause scan
[pass] multi-membership and row callbacks
[pass] subgroup forwarding and named behavior
[pass] timekeeper queries, SubParts, and natural end
[pass] timekeeper pause, resume, and preserved pause
[pass] registered start, suspend, and safe rejections
[pass] one-frame final paused boundary overshoot
[pass] ZoneList-only zone IDs
[pass] GeneralPos table order and zone transform
[pass] Action dispatch order, pause, and callback invariant
[pass] Wipe row arbitrary names and raw frames
[pass] no registry and scene teardown
[pass] simple-cast registration, start, and release
[pass] programmable demo absence versus real Time sheets
[pass] scene-owned active demo state
[pass] no definition skips DemoSheet archive
[info] Gateway scenario 1 GeneralPos rows: 7
[pass] optional real scene definitions
19/19 tests passed

$ xmake -vD smg-pc-talk-real-or-absent-tests
[100%]: build ok

$ build/linux/x86_64/debug/smg-pc-talk-real-or-absent-tests
Talk real-or-absent tests passed: 4/4

$ nm -C build/linux/x86_64/debug/libsmg-pc-game.a |
    rg 'MR::registerDemoSimpleCastAll' | sort -u
U MR::registerDemoSimpleCastAll(LiveActor*)
T MR::registerDemoSimpleCastAll(LiveActor*)
T MR::registerDemoSimpleCastAll(LayoutActor*)
T MR::registerDemoSimpleCastAll(NameObj*)

$ git diff --check -- <slice files>
(no output)
