[0m[38;5;2;1m[  1%]:[0m [38;5;5;1m<smg-pc-npc-actor-real-or-absent-tests>[0m compiling.debug tests/NPCActorRealOrAbsentTests.cpp[0m
[0m[38;5;3;1mIn file included from tests/NPCActorRealOrAbsentTests.cpp:4:
In file included from src/Game/NPC/NPCActor.hpp:3:
src/Game/LiveActor/LiveActor.hpp:41:29: warning: 'movement' overrides a member function but is not marked 'override' [-Winconsistent-missing-override]
   41 |                virtual void movement();
      |                             ^
src/Game/NameObj/NameObj.hpp:23:29: note: overridden virtual function is here
   23 |                virtual void movement();
      |                             ^
In file included from tests/NPCActorRealOrAbsentTests.cpp:4:
In file included from src/Game/NPC/NPCActor.hpp:3:
src/Game/LiveActor/LiveActor.hpp:42:29: warning: 'calcAnim' overrides a member function but is not marked 'override' [-Winconsistent-missing-override]
   42 |                virtual void calcAnim();
      |                             ^
src/Game/NameObj/NameObj.hpp:28:29: note: overridden virtual function is here
   28 |                virtual void calcAnim();
      |                             ^[0m
[0m[38;5;2;1m[ 94%]:[0m [38;5;5;1m<smg-pc-npc-actor-real-or-absent-tests>[0m [38;5;5;1mlinking.debug smg-pc-npc-actor-real-or-absent-tests[0m
[0m[38;5;2;1mcreate ok![0m
[0m[38;5;2;1m[100%]:[0m [38;5;2;1mbuild ok, spent 3.752s[0m
