{
  "command": [
    "build/tools/wibo",
    "build/tools/sjiswrap.exe",
    "build/compilers/GC/3.0a3/mwcceppc.exe",
    "-nodefaults",
    "-proc",
    "gekko",
    "-align",
    "powerpc",
    "-enum",
    "int",
    "-fp",
    "hardware",
    "-Cpp_exceptions",
    "off",
    "-O4,s",
    "-inline",
    "auto",
    "-pragma",
    "cats off",
    "-pragma",
    "warn_notinlined off",
    "-maxerrors",
    "1",
    "-nosyspath",
    "-RTTI",
    "off",
    "-str",
    "reuse",
    "-enc",
    "SJIS",
    "-sdata",
    "4",
    "-sdata2",
    "4",
    "-ipa",
    "file",
    "-sym",
    "on",
    "-i",
    "include",
    "-i",
    "libs/JSystem/include",
    "-i",
    "libs/MSL_C++/include",
    "-i",
    "libs/MSL_C/include",
    "-i",
    "libs/MetroTRK/include",
    "-i",
    "libs/RVLFaceLib/include",
    "-i",
    "libs/RVL_SDK/include",
    "-i",
    "libs/Runtime/include",
    "-i",
    "libs/nw4r/include",
    "-i",
    "build/original-j3d-joint-traversal-20260903/retail/include",
    "-DVERSION=0",
    "-c",
    "src/Game/Demo/DemoCameraFunction.cpp",
    "-o",
    "/Users/frityet/Projects/petari/notes/original-demo-director-20260910/cast-keepers/DemoCameraFunction.DemoCameraFunction-baseline.wii.o"
  ],
  "wii_exit": 0,
  "objdiff_command": [
    "/Users/frityet/Projects/petari/decomp/build/tools/objdiff-cli",
    "diff",
    "-1",
    "/Users/frityet/Projects/petari/notes/gateway-audit-20260907/restoration/retail/obj/Game/Demo/DemoCameraFunction.o",
    "-2",
    "/Users/frityet/Projects/petari/notes/original-demo-director-20260910/cast-keepers/DemoCameraFunction.DemoCameraFunction-baseline.wii.o",
    "-o",
    "/Users/frityet/Projects/petari/notes/original-demo-director-20260910/cast-keepers/DemoCameraFunction-baseline-objdiff.json"
  ],
  "objdiff_exit": 0,
  "symbols": [
    {
      "name": "isCameraTargetMario__18DemoCameraFunctionFPC14DemoCameraInfo",
      "demangled_name": "DemoCameraFunction::isCameraTargetMario(const DemoCameraInfo*)",
      "size": "80",
      "match_percent": 100.0,
      "target_symbol": 1
    },
    {
      "name": "setStringNullIfEmpty__18DemoCameraFunctionFPPCc",
      "demangled_name": "DemoCameraFunction::setStringNullIfEmpty(const char**)",
      "size": "56",
      "match_percent": 100.0,
      "target_symbol": 2
    },
    {
      "name": "makeAnimCameraName__18DemoCameraFunctionFPcUlPC14DemoCameraInfo",
      "demangled_name": "DemoCameraFunction::makeAnimCameraName(char*, unsigned long, const DemoCameraInfo*)",
      "size": "8",
      "match_percent": 100.0,
      "target_symbol": 3
    }
  ],
  "sources": {
    "decomp/src/Game/Demo/DemoCameraFunction.cpp": "c8eb78721fa9fa205040c1f5610e148df57841567190aea06da7c79f91b26cb8",
    "decomp/include/Game/Demo/DemoCameraFunction.hpp": "a415404af471d17937b5f0eeb032d39bc66f6fb1a2b6506bc50d0805980a65c4",
    "decomp/include/Game/Demo/DemoExecutor.hpp": "c1c1b33bc15e4dd85f612d4041b4b4db0365e1e8757c0a4e42741c09514628c2"
  }
}


