{
  "command": [
    "build/tools/wibo",
    "build/tools/sjiswrap.exe",
    "build/compilers/GC/3.0a3/mwcceppc.exe",
    "-nodefaults",
    "-proc",
    "gekko",
    "-align",
    "powerpc",
    "-enum",
    "int",
    "-fp",
    "hardware",
    "-Cpp_exceptions",
    "off",
    "-O4,s",
    "-inline",
    "auto",
    "-pragma",
    "cats off",
    "-pragma",
    "warn_notinlined off",
    "-maxerrors",
    "1",
    "-nosyspath",
    "-RTTI",
    "off",
    "-str",
    "reuse",
    "-enc",
    "SJIS",
    "-sdata",
    "4",
    "-sdata2",
    "4",
    "-ipa",
    "file",
    "-sym",
    "on",
    "-i",
    "include",
    "-i",
    "libs/JSystem/include",
    "-i",
    "libs/MSL_C++/include",
    "-i",
    "libs/MSL_C/include",
    "-i",
    "libs/MetroTRK/include",
    "-i",
    "libs/RVLFaceLib/include",
    "-i",
    "libs/RVL_SDK/include",
    "-i",
    "libs/Runtime/include",
    "-i",
    "libs/nw4r/include",
    "-i",
    "build/original-j3d-joint-traversal-20260903/retail/include",
    "-DVERSION=0",
    "-c",
    "src/Game/Demo/DemoSimpleCastHolder.cpp",
    "-o",
    "/Users/frityet/Projects/petari/notes/original-demo-director-20260910/cast-keepers/DemoSimpleCastHolder.DemoSimpleCastHolder-baseline.wii.o"
  ],
  "wii_exit": 0,
  "objdiff_command": [
    "/Users/frityet/Projects/petari/decomp/build/tools/objdiff-cli",
    "diff",
    "-1",
    "/Users/frityet/Projects/petari/notes/gateway-audit-20260907/restoration/retail/obj/Game/Demo/DemoSimpleCastHolder.o",
    "-2",
    "/Users/frityet/Projects/petari/notes/original-demo-director-20260910/cast-keepers/DemoSimpleCastHolder.DemoSimpleCastHolder-baseline.wii.o",
    "-o",
    "/Users/frityet/Projects/petari/notes/original-demo-director-20260910/cast-keepers/DemoSimpleCastHolder-baseline-objdiff.json"
  ],
  "objdiff_exit": 0,
  "symbols": [
    {
      "name": "__ct__20DemoSimpleCastHolderFlll",
      "demangled_name": "DemoSimpleCastHolder::DemoSimpleCastHolder(long, long, long)",
      "size": "152",
      "match_percent": 100.0,
      "target_symbol": 1
    },
    {
      "name": "registerActor__20DemoSimpleCastHolderFP9LiveActor",
      "demangled_name": "DemoSimpleCastHolder::registerActor(LiveActor*)",
      "size": "28",
      "match_percent": 100.0,
      "target_symbol": 2
    },
    {
      "name": "registerActor__20DemoSimpleCastHolderFP11LayoutActor",
      "demangled_name": "DemoSimpleCastHolder::registerActor(LayoutActor*)",
      "size": "28",
      "match_percent": 100.0,
      "target_symbol": 3
    },
    {
      "name": "registerNameObj__20DemoSimpleCastHolderFP7NameObj",
      "demangled_name": "DemoSimpleCastHolder::registerNameObj(NameObj*)",
      "size": "28",
      "match_percent": 100.0,
      "target_symbol": 4
    },
    {
      "name": "movementOnAllCasts__20DemoSimpleCastHolderFv",
      "demangled_name": "DemoSimpleCastHolder::movementOnAllCasts()",
      "size": "180",
      "match_percent": 100.0,
      "target_symbol": 5
    }
  ],
  "sources": {
    "decomp/src/Game/Demo/DemoSimpleCastHolder.cpp": "d44affdef7d0701aa0d64822677dce0af442c85dc7308b0b86eecc9e56c21bdc",
    "decomp/include/Game/Demo/DemoSimpleCastHolder.hpp": "2bffdd03e3cd50186745720a9ae9152491381801488169470c307648914339ed",
    "decomp/include/Game/Demo/DemoExecutor.hpp": "c1c1b33bc15e4dd85f612d4041b4b4db0365e1e8757c0a4e42741c09514628c2"
  }
}


