{
  "command": [
    "build/tools/wibo",
    "build/tools/sjiswrap.exe",
    "build/compilers/GC/3.0a3/mwcceppc.exe",
    "-nodefaults",
    "-proc",
    "gekko",
    "-align",
    "powerpc",
    "-enum",
    "int",
    "-fp",
    "hardware",
    "-Cpp_exceptions",
    "off",
    "-O4,s",
    "-inline",
    "auto",
    "-pragma",
    "cats off",
    "-pragma",
    "warn_notinlined off",
    "-maxerrors",
    "1",
    "-nosyspath",
    "-RTTI",
    "off",
    "-str",
    "reuse",
    "-enc",
    "SJIS",
    "-sdata",
    "4",
    "-sdata2",
    "4",
    "-ipa",
    "file",
    "-sym",
    "on",
    "-i",
    "include",
    "-i",
    "libs/JSystem/include",
    "-i",
    "libs/MSL_C++/include",
    "-i",
    "libs/MSL_C/include",
    "-i",
    "libs/MetroTRK/include",
    "-i",
    "libs/RVLFaceLib/include",
    "-i",
    "libs/RVL_SDK/include",
    "-i",
    "libs/Runtime/include",
    "-i",
    "libs/nw4r/include",
    "-i",
    "build/original-j3d-joint-traversal-20260903/retail/include",
    "-DVERSION=0",
    "-c",
    "src/Game/Demo/DemoPlayerKeeper.cpp",
    "-o",
    "/Users/frityet/Projects/petari/notes/original-demo-director-20260910/cast-keepers/DemoPlayerKeeper.DemoPlayerKeeper-baseline.wii.o"
  ],
  "wii_exit": 0,
  "objdiff_command": [
    "/Users/frityet/Projects/petari/decomp/build/tools/objdiff-cli",
    "diff",
    "-1",
    "/Users/frityet/Projects/petari/notes/gateway-audit-20260907/restoration/retail/obj/Game/Demo/DemoPlayerKeeper.o",
    "-2",
    "/Users/frityet/Projects/petari/notes/original-demo-director-20260910/cast-keepers/DemoPlayerKeeper.DemoPlayerKeeper-baseline.wii.o",
    "-o",
    "/Users/frityet/Projects/petari/notes/original-demo-director-20260910/cast-keepers/DemoPlayerKeeper-baseline-objdiff.json"
  ],
  "objdiff_exit": 0,
  "symbols": [
    {
      "name": "__ct__16DemoPlayerKeeperFPC12DemoExecutor",
      "demangled_name": "DemoPlayerKeeper::DemoPlayerKeeper(const DemoExecutor*)",
      "size": "240",
      "match_percent": 99.75,
      "target_symbol": 1
    },
    {
      "name": "__ct__14DemoPlayerInfoFv",
      "demangled_name": "DemoPlayerInfo::DemoPlayerInfo()",
      "size": "20",
      "match_percent": 100.0,
      "target_symbol": 2
    },
    {
      "name": "update__16DemoPlayerKeeperFv",
      "demangled_name": "DemoPlayerKeeper::update()",
      "size": "116",
      "match_percent": 100.0,
      "target_symbol": 3
    },
    {
      "name": "isExistPosName__16DemoPlayerKeeperCFv",
      "demangled_name": "DemoPlayerKeeper::isExistPosName() const",
      "size": "64",
      "match_percent": 100.0,
      "target_symbol": 4
    },
    {
      "name": "executePlayer__16DemoPlayerKeeperCFPC14DemoPlayerInfo",
      "demangled_name": "DemoPlayerKeeper::executePlayer(const DemoPlayerInfo*) const",
      "size": "76",
      "match_percent": 100.0,
      "target_symbol": 5
    }
  ],
  "sources": {
    "decomp/src/Game/Demo/DemoPlayerKeeper.cpp": "fd0d952f34a7242872b2b42f3017d9ef2f4b2d0fc8d1aa53aeb0803d84226e1f",
    "decomp/include/Game/Demo/DemoPlayerKeeper.hpp": "a58700ccb680a7238c2a309da6054db8787949af32b1688c05dd1e515d4b1701",
    "decomp/include/Game/Demo/DemoExecutor.hpp": "c1c1b33bc15e4dd85f612d4041b4b4db0365e1e8757c0a4e42741c09514628c2"
  }
}


