{
  "command": [
    "build/tools/wibo",
    "build/tools/sjiswrap.exe",
    "build/compilers/GC/3.0a3/mwcceppc.exe",
    "-nodefaults",
    "-proc",
    "gekko",
    "-align",
    "powerpc",
    "-enum",
    "int",
    "-fp",
    "hardware",
    "-Cpp_exceptions",
    "off",
    "-O4,s",
    "-inline",
    "auto",
    "-pragma",
    "cats off",
    "-pragma",
    "warn_notinlined off",
    "-maxerrors",
    "1",
    "-nosyspath",
    "-RTTI",
    "off",
    "-str",
    "reuse",
    "-enc",
    "SJIS",
    "-sdata",
    "4",
    "-sdata2",
    "4",
    "-ipa",
    "file",
    "-sym",
    "on",
    "-i",
    "include",
    "-i",
    "libs/JSystem/include",
    "-i",
    "libs/MSL_C++/include",
    "-i",
    "libs/MSL_C/include",
    "-i",
    "libs/MetroTRK/include",
    "-i",
    "libs/RVLFaceLib/include",
    "-i",
    "libs/RVL_SDK/include",
    "-i",
    "libs/Runtime/include",
    "-i",
    "libs/nw4r/include",
    "-i",
    "build/original-j3d-joint-traversal-20260903/retail/include",
    "-DVERSION=0",
    "-c",
    "src/Game/Demo/DemoCastSubGroup.cpp",
    "-o",
    "/Users/frityet/Projects/petari/notes/original-demo-director-20260910/cast-keepers/DemoCastSubGroup.DemoCastSubGroup-baseline.wii.o"
  ],
  "wii_exit": 0,
  "objdiff_command": [
    "/Users/frityet/Projects/petari/decomp/build/tools/objdiff-cli",
    "diff",
    "-1",
    "/Users/frityet/Projects/petari/notes/gateway-audit-20260907/restoration/retail/obj/Game/Demo/DemoCastSubGroup.o",
    "-2",
    "/Users/frityet/Projects/petari/notes/original-demo-director-20260910/cast-keepers/DemoCastSubGroup.DemoCastSubGroup-baseline.wii.o",
    "-o",
    "/Users/frityet/Projects/petari/notes/original-demo-director-20260910/cast-keepers/DemoCastSubGroup-baseline-objdiff.json"
  ],
  "objdiff_exit": 0,
  "symbols": [
    {
      "name": "__ct__16DemoCastSubGroupFPCc",
      "demangled_name": "DemoCastSubGroup::DemoCastSubGroup(const char*)",
      "size": "68",
      "match_percent": 100.0,
      "target_symbol": 1
    },
    {
      "name": "init__16DemoCastSubGroupFRC12JMapInfoIter",
      "demangled_name": "DemoCastSubGroup::init(const JMapInfoIter&)",
      "size": "56",
      "match_percent": 100.0,
      "target_symbol": 2
    },
    {
      "name": "tryRegisterDemoActor__16DemoCastSubGroupFP9LiveActorRC12JMapInfoIterRC10JMapIdInfo",
      "demangled_name": "DemoCastSubGroup::tryRegisterDemoActor(LiveActor*, const JMapInfoIter&, const JMapIdInfo&)",
      "size": "144",
      "match_percent": 100.0,
      "target_symbol": 3
    },
    {
      "name": "__dt__16DemoCastSubGroupFv",
      "demangled_name": "DemoCastSubGroup::~DemoCastSubGroup()",
      "size": "92",
      "match_percent": 100.0,
      "target_symbol": 4
    },
    {
      "name": "__vt__16DemoCastSubGroup",
      "demangled_name": "DemoCastSubGroup::__vtable",
      "size": "48",
      "match_percent": 100.0,
      "target_symbol": 6
    }
  ],
  "sources": {
    "decomp/src/Game/Demo/DemoCastSubGroup.cpp": "ddceb37271cb5527b886e5afdd81e06e3140873224b9b24cdcbceadc0fe48414",
    "decomp/include/Game/Demo/DemoCastSubGroup.hpp": "694085a5d4c1dda60a86dad3c5e89dbbb58f7cb431fa8a5ba9099c46046b12c2",
    "decomp/include/Game/Demo/DemoExecutor.hpp": "c1c1b33bc15e4dd85f612d4041b4b4db0365e1e8757c0a4e42741c09514628c2"
  }
}


