In file included from include/Game/Player/MarioAnimator.hpp:3,
                 from src/Game/Player/MarioAnimator.cpp:1:
include/Game/Animation/XanimePlayer.hpp:72:16: error: ‘J3DModelData’ does not name a type; did you mean ‘J3DModel’?
   72 |     /* 0x04 */ J3DModelData* mModelData;
      |                ^~~~~~~~~~~~
      |                J3DModel
In file included from libs/JSystem/include/JSystem/J3DGraphBase/J3DTevs.hpp:3,
                 from libs/JSystem/include/JSystem/J3DGraphBase/J3DMatBlock.hpp:4,
                 from libs/JSystem/include/JSystem/J3DGraphBase/J3DMaterial.hpp:3,
                 from libs/JSystem/include/JSystem/J3DGraphAnimator/J3DJoint.hpp:4,
                 from include/Game/Animation/XanimeCore.hpp:3,
                 from src/Game/Player/MarioAnimator.cpp:2:
libs/JSystem/include/JSystem/J3DGraphBase/J3DGD.hpp:66:32: error: ‘_GXTlutSize’ has not been declared
   66 | void J3DGDLoadTlut(void*, u32, _GXTlutSize);
      |                                ^~~~~~~~~~~
In file included from libs/JSystem/include/JSystem/J3DGraphBase/J3DPacket.hpp:3,
                 from libs/JSystem/include/JSystem/J3DGraphBase/J3DMaterial.hpp:4,
                 from libs/JSystem/include/JSystem/J3DGraphAnimator/J3DJoint.hpp:4,
                 from include/Game/Animation/XanimeCore.hpp:3,
                 from src/Game/Player/MarioAnimator.cpp:2:
libs/JSystem/include/JSystem/J3DGraphBase/J3DSys.hpp: In member function ‘void J3DSys::setModelDrawMtx(f32 (*)[3][4])’:
libs/JSystem/include/JSystem/J3DGraphBase/J3DSys.hpp:121:19: error: too few arguments to function ‘void GXSetArray(GXAttr, const void*, u32, u8, bool)’
  121 |         GXSetArray(GX_POS_MTX_ARRAY, mModelDrawMtx, sizeof(*mModelDrawMtx));
      |         ~~~~~~~~~~^~~~~~~~~~~~~~~~~~~~~~~~~~~~~~~~~~~~~~~~~~~~~~~~~~~~~~~~~
In file included from pc-port/aurora/include/dolphin/gx.h:18,
                 from pc-port/aurora/include/revolution.h:7,
                 from pc-port/src/revolution.h:5,
                 from pc-port/src/math_types.hpp:3,
                 from ./pc-port/src/compat/MetrowerksStdCompat.hpp:9,
                 from <command-line>:
pc-port/aurora/include/dolphin/gx/GXGeometry.h:23:6: note: declared here
   23 | void GXSetArray(GXAttr attr, const void* data, u32 size, u8 stride, bool le);
      |      ^~~~~~~~~~
In file included from libs/JSystem/include/JSystem/J3DGraphBase/J3DPacket.hpp:3,
                 from libs/JSystem/include/JSystem/J3DGraphBase/J3DMaterial.hpp:4,
                 from libs/JSystem/include/JSystem/J3DGraphAnimator/J3DJoint.hpp:4,
                 from include/Game/Animation/XanimeCore.hpp:3,
                 from src/Game/Player/MarioAnimator.cpp:2:
libs/JSystem/include/JSystem/J3DGraphBase/J3DSys.hpp: In member function ‘void J3DSys::setModelNrmMtx(f32 (*)[3][3])’:
libs/JSystem/include/JSystem/J3DGraphBase/J3DSys.hpp:126:19: error: too few arguments to function ‘void GXSetArray(GXAttr, const void*, u32, u8, bool)’
  126 |         GXSetArray(GX_NRM_MTX_ARRAY, mModelNrmMtx, sizeof(*mModelNrmMtx));
      |         ~~~~~~~~~~^~~~~~~~~~~~~~~~~~~~~~~~~~~~~~~~~~~~~~~~~~~~~~~~~~~~~~~
In file included from pc-port/aurora/include/dolphin/gx.h:18,
                 from pc-port/aurora/include/revolution.h:7,
                 from pc-port/src/revolution.h:5,
                 from pc-port/src/math_types.hpp:3,
                 from ./pc-port/src/compat/MetrowerksStdCompat.hpp:9,
                 from <command-line>:
pc-port/aurora/include/dolphin/gx/GXGeometry.h:23:6: note: declared here
   23 | void GXSetArray(GXAttr attr, const void* data, u32 size, u8 stride, bool le);
      |      ^~~~~~~~~~
In file included from libs/JSystem/include/JSystem/J3DGraphBase/J3DMaterial.hpp:5,
                 from libs/JSystem/include/JSystem/J3DGraphAnimator/J3DJoint.hpp:4,
                 from include/Game/Animation/XanimeCore.hpp:3,
                 from src/Game/Player/MarioAnimator.cpp:2:
libs/JSystem/include/JSystem/J3DGraphBase/J3DShape.hpp: At global scope:
libs/JSystem/include/JSystem/J3DGraphBase/J3DShape.hpp:120:29: error: ‘_GXAttr’ has not been declared
  120 |     void addTexMtxIndexInDL(_GXAttr, u32);
      |                             ^~~~~~~
libs/JSystem/include/JSystem/J3DGraphBase/J3DShape.hpp:121:30: error: ‘_GXAttr’ has not been declared
  121 |     void addTexMtxIndexInVcd(_GXAttr);
      |                              ^~~~~~~
src/Game/Player/MarioAnimator.cpp: In member function ‘void MarioAnimator::init()’:
src/Game/Player/MarioAnimator.cpp:78:13: error: ‘class MarioActor’ has no member named ‘mModelManager’
   78 |     mActor->mModelManager->mXanimePlayer = mXanimePlayer;
      |             ^~~~~~~~~~~~~
src/Game/Player/MarioAnimator.cpp: In member function ‘void MarioAnimator::calc()’:
src/Game/Player/MarioAnimator.cpp:427:36: error: invalid use of incomplete type ‘class J3DModelData’
  427 |         J3DJoint* joint = modelData->mJointTree.mJointNodePointer[spineIdx];
      |                                    ^~
In file included from src/Game/Player/MarioAnimator.cpp:2:
include/Game/Animation/XanimeCore.hpp:6:7: note: forward declaration of ‘class J3DModelData’
    6 | class J3DModelData;
      |       ^~~~~~~~~~~~
src/Game/Player/MarioAnimator.cpp: In member function ‘void MarioAnimator::setHoming()’:
src/Game/Player/MarioAnimator.cpp:891:22: error: ‘JMath’ has not been declared
  891 |             vAngle = JMath::sAtanTable.atan2_(angleH, dist2);
      |                      ^~~~~
src/Game/Player/MarioAnimator.cpp: In member function ‘void MarioAnimator::updateJointRumble()’:
src/Game/Player/MarioAnimator.cpp:984:20: error: ‘JMath’ has not been declared
  984 |         sineVal = -JMath::sSinCosTable.table[idx & (JMath::TSinCosTable< 14, f32 >::LEN - 1)].a1;
      |                    ^~~~~
src/Game/Player/MarioAnimator.cpp:984:53: error: ‘JMath’ has not been declared
  984 |         sineVal = -JMath::sSinCosTable.table[idx & (JMath::TSinCosTable< 14, f32 >::LEN - 1)].a1;
      |                                                     ^~~~~
src/Game/Player/MarioAnimator.cpp:984:82: error: expected primary-expression before ‘>’ token
  984 |         sineVal = -JMath::sSinCosTable.table[idx & (JMath::TSinCosTable< 14, f32 >::LEN - 1)].a1;
      |                                                                                  ^
src/Game/Player/MarioAnimator.cpp:984:85: error: ‘::LEN’ has not been declared
  984 |         sineVal = -JMath::sSinCosTable.table[idx & (JMath::TSinCosTable< 14, f32 >::LEN - 1)].a1;
      |                                                                                     ^~~
src/Game/Player/MarioAnimator.cpp:988:19: error: ‘JMath’ has not been declared
  988 |         sineVal = JMath::sSinCosTable.table[idx & (JMath::TSinCosTable< 14, f32 >::LEN - 1)].a1;
      |                   ^~~~~
src/Game/Player/MarioAnimator.cpp:988:52: error: ‘JMath’ has not been declared
  988 |         sineVal = JMath::sSinCosTable.table[idx & (JMath::TSinCosTable< 14, f32 >::LEN - 1)].a1;
      |                                                    ^~~~~
src/Game/Player/MarioAnimator.cpp:988:81: error: expected primary-expression before ‘>’ token
  988 |         sineVal = JMath::sSinCosTable.table[idx & (JMath::TSinCosTable< 14, f32 >::LEN - 1)].a1;
      |                                                                                 ^
src/Game/Player/MarioAnimator.cpp:988:84: error: ‘::LEN’ has not been declared
  988 |         sineVal = JMath::sSinCosTable.table[idx & (JMath::TSinCosTable< 14, f32 >::LEN - 1)].a1;
      |                                                                                    ^~~
src/Game/Player/MarioAnimator.cpp:1054:1: error: jump to label ‘setIdentity’
 1054 | setIdentity:
      | ^~~~~~~~~~~
src/Game/Player/MarioAnimator.cpp:1021:14: note:   from here
 1021 |         goto setIdentity;
      |              ^~~~~~~~~~~
src/Game/Player/MarioAnimator.cpp:1026:9: note:   crosses initialization of ‘f32 angle’
 1026 |     f32 angle = playerAngle->calcAngleD(playerVec->_368);
      |         ^~~~~
src/Game/Player/MarioAnimator.cpp:1025:12: note:   crosses initialization of ‘Mario* playerAngle’
 1025 |     Mario* playerAngle = getPlayer();
      |            ^~~~~~~~~~~
src/Game/Player/MarioAnimator.cpp:1024:12: note:   crosses initialization of ‘Mario* playerVec’
 1024 |     Mario* playerVec = getPlayer();
      |            ^~~~~~~~~
src/Game/Player/MarioAnimator.cpp:1054:1: error: jump to label ‘setIdentity’
 1054 | setIdentity:
      | ^~~~~~~~~~~
src/Game/Player/MarioAnimator.cpp:1016:14: note:   from here
 1016 |         goto setIdentity;
      |              ^~~~~~~~~~~
src/Game/Player/MarioAnimator.cpp:1026:9: note:   crosses initialization of ‘f32 angle’
 1026 |     f32 angle = playerAngle->calcAngleD(playerVec->_368);
      |         ^~~~~
src/Game/Player/MarioAnimator.cpp:1025:12: note:   crosses initialization of ‘Mario* playerAngle’
 1025 |     Mario* playerAngle = getPlayer();
      |            ^~~~~~~~~~~
src/Game/Player/MarioAnimator.cpp:1024:12: note:   crosses initialization of ‘Mario* playerVec’
 1024 |     Mario* playerVec = getPlayer();
      |            ^~~~~~~~~
src/Game/Player/MarioAnimator.cpp:1054:1: error: jump to label ‘setIdentity’
 1054 | setIdentity:
      | ^~~~~~~~~~~
src/Game/Player/MarioAnimator.cpp:1011:14: note:   from here
 1011 |         goto setIdentity;
      |              ^~~~~~~~~~~
src/Game/Player/MarioAnimator.cpp:1026:9: note:   crosses initialization of ‘f32 angle’
 1026 |     f32 angle = playerAngle->calcAngleD(playerVec->_368);
      |         ^~~~~
src/Game/Player/MarioAnimator.cpp:1025:12: note:   crosses initialization of ‘Mario* playerAngle’
 1025 |     Mario* playerAngle = getPlayer();
      |            ^~~~~~~~~~~
src/Game/Player/MarioAnimator.cpp:1024:12: note:   crosses initialization of ‘Mario* playerVec’
 1024 |     Mario* playerVec = getPlayer();
      |            ^~~~~~~~~
In file included from libs/JSystem/include/JSystem/J3DGraphBase/J3DTevs.hpp:3,
                 from libs/JSystem/include/JSystem/J3DGraphBase/J3DMatBlock.hpp:4,
                 from libs/JSystem/include/JSystem/J3DGraphBase/J3DMaterial.hpp:3,
                 from libs/JSystem/include/JSystem/J3DGraphAnimator/J3DJoint.hpp:4,
                 from include/Game/Animation/XanimeCore.hpp:3,
                 from src/Game/Player/MarioAnimator.cpp:2:
libs/JSystem/include/JSystem/J3DGraphBase/J3DGD.hpp: At global scope:
libs/JSystem/include/JSystem/J3DGraphBase/J3DGD.hpp:31:13: warning: inline function ‘void J3DGDWriteBPCmd(u32)’ used but never defined
   31 | inline void J3DGDWriteBPCmd(u32 regval);
      |             ^~~~~~~~~~~~~~~
In file included from libs/JSystem/include/JSystem/J3DGraphBase/J3DTevs.hpp:3,
                 from libs/JSystem/include/JSystem/J3DGraphBase/J3DMatBlock.hpp:4,
                 from libs/JSystem/include/JSystem/J3DGraphBase/J3DMaterial.hpp:3,
                 from libs/JSystem/include/JSystem/J3DGraphAnimator/J3DJoint.hpp:4,
                 from include/Game/Animation/XanimeCore.hpp:3,
                 from src/Game/Player/MarioAnimator.cpp:2:
libs/JSystem/include/JSystem/J3DGraphBase/J3DGD.hpp:106:13: warning: inline function ‘void J3DGDSetZMode(u8, GXCompare, u8)’ used but never defined
  106 | inline void J3DGDSetZMode(u8 compareEnable, GXCompare func, u8 writeEnable);
      |             ^~~~~~~~~~~~~
