src/Game/Player/MarioMove.cpp: In member function ‘void Mario::calcShadowDir(const TVec3f&, TVec3f*)’:
src/Game/Player/MarioMove.cpp:932:16: warning: ignoring return value of ‘constexpr f32 JGeometry::TVec3<float>::dot(const JGeometry::TVec3<float>&) const’, declared with attribute ‘nodiscard’ [-Wunused-result]
  932 |     moveDir.dot(mHeadVec);
      |     ~~~~~~~~~~~^~~~~~~~~~
In file included from pc-port/src/compat/GameGravityCompat.hpp:3,
                 from ./pc-port/src/compat/MetrowerksStdCompat.hpp:15,
                 from <command-line>:
pc-port/src/JSystem/JGeometry/TVec.hpp:250:37: note: declared here
  250 |         [[nodiscard]] constexpr f32 dot(const TVec3 &value) const {
      |                                     ^~~
src/Game/Player/MarioMove.cpp: In member function ‘bool Mario::retainMoveDir(f32, f32, TVec3f*)’:
src/Game/Player/MarioMove.cpp:946:22: error: ‘JMath’ has not been declared
  946 |     f32 stickAngle = JMath::sAtanTable.atan2_(stickY, stickX);
      |                      ^~~~~
src/Game/Player/MarioMove.cpp: In member function ‘void Mario::doLockOnHoming()’:
src/Game/Player/MarioMove.cpp:1162:30: error: call of overloaded ‘setFrontVecKeepUp(TVec3f&, long unsigned int)’ is ambiguous
 1162 |             setFrontVecKeepUp(front, 15ul);
      |             ~~~~~~~~~~~~~~~~~^~~~~~~~~~~~~
In file included from src/Game/Player/MarioMove.cpp:3:
include/Game/Player/Mario.hpp:88:10: note: candidate: ‘void Mario::setFrontVecKeepUp(const TVec3f&, f32)’
   88 |     void setFrontVecKeepUp(const TVec3f&, f32);
      |          ^~~~~~~~~~~~~~~~~
include/Game/Player/Mario.hpp:89:10: note: candidate: ‘void Mario::setFrontVecKeepUp(const TVec3f&, u32)’
   89 |     void setFrontVecKeepUp(const TVec3f&, u32);
      |          ^~~~~~~~~~~~~~~~~
