(lldb) target create "build/macosx/arm64/debug/smg-pc-original-process-observatory-tests"
Current executable set to '/Users/frityet/Projects/petari/build/macosx/arm64/debug/smg-pc-original-process-observatory-tests' (arm64).
(lldb) run
[src/app/Application.cpp:59][APP - INFO] Opened Aurora disc image /Users/frityet/Projects/petari/Super Mario Wii - Galaxy Adventure (Korea).rvz
[aurora:info:aurora] Aurora initializing
[aurora:info:aurora::system_info] CPU model: Apple M5 Max
[aurora:info:aurora::system_info] Memory: 131072 MiB
[aurora:info:aurora::system_info] Architecture: aarch64
[aurora:info:aurora::system_info] OS: macOS Version 27.0 (Build 26A428)
2026-09-26 00:00:56.266684+0100 smg-pc-original-process-observatory-tests[18056:7006827] [Connection] Unable to get synchronousRemoteObjectProxy, error: Error Domain=NSCocoaErrorDomain Code=4097 "connection to service named com.apple.linkd.autoShortcut" UserInfo={NSDebugDescription=connection to service named com.apple.linkd.autoShortcut}
2026-09-26 00:00:56.266899+0100 smg-pc-original-process-observatory-tests[18056:7006827] [Application] Error registering app with intents framework: Error Domain=NSCocoaErrorDomain Code=4097 "connection to service named com.apple.linkd.autoShortcut" UserInfo={NSDebugDescription=connection to service named com.apple.linkd.autoShortcut}
2026-09-26 00:00:56.266979+0100 smg-pc-original-process-observatory-tests[18056:7006826] [Connection] Unable to get synchronousRemoteObjectProxy, error: Error Domain=NSCocoaErrorDomain Code=4097 "connection to service named com.apple.linkd.autoShortcut" UserInfo={NSDebugDescription=connection to service named com.apple.linkd.autoShortcut}
2026-09-26 00:00:56.266996+0100 smg-pc-original-process-observatory-tests[18056:7006826] [Connection] Unable to re-register with Process Instance Registry, error: Error Domain=NSCocoaErrorDomain Code=4097 "connection to service named com.apple.linkd.autoShortcut" UserInfo={NSDebugDescription=connection to service named com.apple.linkd.autoShortcut}
2026-09-26 00:00:56.267218+0100 smg-pc-original-process-observatory-tests[18056:7006854] [Connection] Unable to get synchronousRemoteObjectProxy, error: Error Domain=NSCocoaErrorDomain Code=4097 "connection to service named com.apple.linkd.autoShortcut" UserInfo={NSDebugDescription=connection to service named com.apple.linkd.autoShortcut}
2026-09-26 00:00:56.267229+0100 smg-pc-original-process-observatory-tests[18056:7006854] [Connection] Unable to re-register with Process Instance Registry, error: Error Domain=NSCocoaErrorDomain Code=4097 "connection to service named com.apple.linkd.autoShortcut" UserInfo={NSDebugDescription=connection to service named com.apple.linkd.autoShortcut}
2026-09-26 00:00:56.267473+0100 smg-pc-original-process-observatory-tests[18056:7006854] [Connection] Will NOT re-try to establish the connection
2026-09-26 00:00:56.267498+0100 smg-pc-original-process-observatory-tests[18056:7006827] [Connection] Unable to get synchronousRemoteObjectProxy, error: Error Domain=NSCocoaErrorDomain Code=4097 "connection to service named com.apple.linkd.autoShortcut" UserInfo={NSDebugDescription=connection to service named com.apple.linkd.autoShortcut}
2026-09-26 00:00:56.267508+0100 smg-pc-original-process-observatory-tests[18056:7006827] [Connection] Unable to re-register with Process Instance Registry, error: Error Domain=NSCocoaErrorDomain Code=4097 "connection to service named com.apple.linkd.autoShortcut" UserInfo={NSDebugDescription=connection to service named com.apple.linkd.autoShortcut}
2026-09-26 00:00:57.178271+0100 smg-pc-original-process-observatory-tests[18056:7006795] [WindowTab] Cannot index window tabs due to missing main bundle identifier
[aurora:info:aurora::gpu] Creating WebGPU instance
[aurora:info:aurora::gpu] Attempting to initialize Metal
[aurora:info:aurora::gpu] Requesting adapter
  Feature level: Compatibility
  Power preference: HighPerformance
  Backend: Metal
  Compatible surface: true
[aurora:info:aurora::gpu] Graphics adapter information
  API: Metal
  Device: Apple M5 Max (IntegratedGPU)
  Driver: Metal driver on macOS Version 27.0 (Build 26A428)
[aurora:info:aurora::gpu] Using limits:
  maxTextureDimension1D: 16384
  maxTextureDimension2D: 16384
  maxTextureDimension3D: 2048
  maxTextureArrayLayers: 2048
  maxStorageBuffersPerShaderStage: 2
  minUniformBufferOffsetAlignment: 256
  minStorageBufferOffsetAlignment: 256
  maxImmediateSize: 64
[aurora:info:aurora::gpu] Enabling features: 
  CoreFeaturesAndLimits
  DepthClipControl
  TextureCompressionBC
  TextureCompressionASTC
  ClipDistances
  DualSourceBlending
  TextureComponentSwizzle
[aurora:info:aurora::gpu] Using surface format BGRA8Unorm, present mode Fifo
[aurora:info:aurora::gfx::pipeline_cache] No bundled initial pipeline cache found at '/Users/frityet/Projects/petari/build/macosx/arm64/debug/initial_pipeline_cache.db'
[aurora:info:aurora] Using framebuffer size 1280x960 scale 2
[src/app/OriginalGameApplication.cpp:513][APP - INFO] Booting the original GameSystem
[original-process] Preparing original heap arenas
[original-process] Initializing SDK, layout allocator and original heap watcher
[original-process] Initialized console language 9 for disc region K
<< NW4R    - LYT 	final   build: Jul 17 2007 12:25:23 (0x4199_60831) >>
[original-process] Initializing original file and exception services
[original-process] Constructing GameSystem
[original-process] Entering GameSystem::init
[original-process] GameSystem::init completed
[src/app/OriginalGameApplication.cpp:515][APP - INFO] Running the original GameSystem frame loop
2026-09-26 00:00:57.406658+0100 smg-pc-original-process-observatory-tests[18056:7006901] [plugin] AddInstanceForFactory: No factory registered for id <CFUUID 0x766bcb3ae0> F8BB1C28-BAE8-11D6-9C31-00039315CD46
[original-process] Requesting authored stage HeavensDoorGalaxy scenario 1 through GameSequence
[observatory-probe] Submitted diagnostic Grand Star result at frame 109
[observatory-probe] Original Observatory ready at frame 147: 27 map objects
[observatory-probe] frame=147 return=N29NrvGrandStarReturnDemoStarter33GrandStarReturnDemoStarterNrvMoveE step=0
[original-audio] Prepared stream id=02000041 rate=32000 channels=2 samples=1351680 loop=0 path=/AudioRes/Stream/SMG_first_astro_strm.ast
[aurora:warning:aurora::gpu] WebGPU message: Calling [RenderPassEncoder "EFB 2"].Draw with a vertex count of 0 is unusual.
[original-audio] Playback frames=1254400 nonzero_samples=1220550 device_callbacks=1225
2026-09-26 00:01:23.783002+0100 smg-pc-original-process-observatory-tests[18056:7007267] [aqsrv]        AQ_Server_Common.h:49    Exception caught in AudioQueueInternalStop_Sync - error -66671
2026-09-26 00:01:23.806255+0100 smg-pc-original-process-observatory-tests[18056:7007267] AudioHardware-mac-imp.cpp:726    AudioObjectGetPropertyData: no object with given ID 0
[aurora:warning:aurora::gpu] Device lost: Device was destroyed.
FAIL Observatory diagnostic: Area polygon queries require finite points.
Process 18056 launched: '/Users/frityet/Projects/petari/build/macosx/arm64/debug/smg-pc-original-process-observatory-tests' (arm64)
Process 18056 exited with status = 1 (0x00000001)
