[0m[38;5;2;1m[  1%]:[0m [38;5;5;1m<smg-pc-app>[0m cache compiling.debug src/app/OriginalGameApplication.cpp[0m
[0m[38;5;3;1mIn file included from src/app/OriginalGameApplication.cpp:6:
src/Game/LiveActor/LiveActor.hpp:53:29: warning: 'init' overrides a member function but is not marked 'override' [-Winconsistent-missing-override]
   53 |                virtual void init(const JMapInfoIter& rIter);
      |                             ^
src/Game/NameObj/NameObj.hpp:22:29: note: overridden virtual function is here
   22 |                virtual void init(const JMapInfoIter& rIter);
      |                             ^
In file included from src/app/OriginalGameApplication.cpp:6:
src/Game/LiveActor/LiveActor.hpp:54:29: warning: 'movement' overrides a member function but is not marked 'override' [-Winconsistent-missing-override]
   54 |                virtual void movement();
      |                             ^
src/Game/NameObj/NameObj.hpp:27:29: note: overridden virtual function is here
   27 |                virtual void movement();
      |                             ^
In file included from src/app/OriginalGameApplication.cpp:6:
src/Game/LiveActor/LiveActor.hpp:55:29: warning: 'calcAnim' overrides a member function but is not marked 'override' [-Winconsistent-missing-override][0m
[0m[38;5;2;1m[ 94%]:[0m [38;5;5;1m<smg-pc-app>[0m [38;5;5;1marchiving.debug libsmg-pc-app.a[0m
[0m[38;5;2;1m[ 94%]:[0m [38;5;5;1m<smg-pc>[0m [38;5;5;1mlinking.debug smg-pc[0m
[0m[38;5;2;1m[ 94%]:[0m [38;5;5;1m<smg-pc>[0m [38;5;5;1mgenerating.xcode.debug smg-pc.app[0m
[0m[38;5;2;1mcreate ok![0m
[0m[38;5;2;1m[100%]:[0m [38;5;2;1mbuild ok, spent 5.564s[0m
