(lldb) target create "build/macosx/arm64/debug/smg-pc-original-process-scenario-select-tests"
Current executable set to '/Users/frityet/Projects/petari/build/macosx/arm64/debug/smg-pc-original-process-scenario-select-tests' (arm64).
(lldb) run
[src/app/Application.cpp:59][APP - INFO] Opened Aurora disc image /Users/frityet/Projects/petari/Super Mario Wii - Galaxy Adventure (Korea).rvz
[aurora:info:aurora] Aurora initializing
[aurora:info:aurora::system_info] CPU model: Apple M5 Max
[aurora:info:aurora::system_info] Memory: 131072 MiB
[aurora:info:aurora::system_info] Architecture: aarch64
[aurora:info:aurora::system_info] OS: macOS Version 27.0 (Build 26A428)
2026-09-26 00:32:33.670250+0100 smg-pc-original-process-scenario-select-tests[23924:7070816] [Connection] Unable to get synchronousRemoteObjectProxy, error: Error Domain=NSCocoaErrorDomain Code=4097 "connection to service named com.apple.linkd.autoShortcut" UserInfo={NSDebugDescription=connection to service named com.apple.linkd.autoShortcut}
2026-09-26 00:32:33.670582+0100 smg-pc-original-process-scenario-select-tests[23924:7070816] [Application] Error registering app with intents framework: Error Domain=NSCocoaErrorDomain Code=4097 "connection to service named com.apple.linkd.autoShortcut" UserInfo={NSDebugDescription=connection to service named com.apple.linkd.autoShortcut}
2026-09-26 00:32:33.671177+0100 smg-pc-original-process-scenario-select-tests[23924:7070820] [Connection] Unable to get synchronousRemoteObjectProxy, error: Error Domain=NSCocoaErrorDomain Code=4097 "connection to service named com.apple.linkd.autoShortcut" UserInfo={NSDebugDescription=connection to service named com.apple.linkd.autoShortcut}
2026-09-26 00:32:33.671227+0100 smg-pc-original-process-scenario-select-tests[23924:7070820] [Connection] Unable to re-register with Process Instance Registry, error: Error Domain=NSCocoaErrorDomain Code=4097 "connection to service named com.apple.linkd.autoShortcut" UserInfo={NSDebugDescription=connection to service named com.apple.linkd.autoShortcut}
2026-09-26 00:32:33.671947+0100 smg-pc-original-process-scenario-select-tests[23924:7070817] [Connection] Unable to get synchronousRemoteObjectProxy, error: Error Domain=NSCocoaErrorDomain Code=4097 "connection to service named com.apple.linkd.autoShortcut" UserInfo={NSDebugDescription=connection to service named com.apple.linkd.autoShortcut}
2026-09-26 00:32:33.671979+0100 smg-pc-original-process-scenario-select-tests[23924:7070817] [Connection] Unable to re-register with Process Instance Registry, error: Error Domain=NSCocoaErrorDomain Code=4097 "connection to service named com.apple.linkd.autoShortcut" UserInfo={NSDebugDescription=connection to service named com.apple.linkd.autoShortcut}
2026-09-26 00:32:33.672525+0100 smg-pc-original-process-scenario-select-tests[23924:7070817] [Connection] Will NOT re-try to establish the connection
2026-09-26 00:32:33.672571+0100 smg-pc-original-process-scenario-select-tests[23924:7070816] [Connection] Unable to get synchronousRemoteObjectProxy, error: Error Domain=NSCocoaErrorDomain Code=4097 "connection to service named com.apple.linkd.autoShortcut" UserInfo={NSDebugDescription=connection to service named com.apple.linkd.autoShortcut}
2026-09-26 00:32:33.672596+0100 smg-pc-original-process-scenario-select-tests[23924:7070816] [Connection] Unable to re-register with Process Instance Registry, error: Error Domain=NSCocoaErrorDomain Code=4097 "connection to service named com.apple.linkd.autoShortcut" UserInfo={NSDebugDescription=connection to service named com.apple.linkd.autoShortcut}
2026-09-26 00:32:35.292219+0100 smg-pc-original-process-scenario-select-tests[23924:7070539] [WindowTab] Cannot index window tabs due to missing main bundle identifier
[aurora:info:aurora::gpu] Creating WebGPU instance
[aurora:info:aurora::gpu] Attempting to initialize Metal
[aurora:info:aurora::gpu] Requesting adapter
  Feature level: Compatibility
  Power preference: HighPerformance
  Backend: Metal
  Compatible surface: true
[aurora:info:aurora::gpu] Graphics adapter information
  API: Metal
  Device: Apple M5 Max (IntegratedGPU)
  Driver: Metal driver on macOS Version 27.0 (Build 26A428)
[aurora:info:aurora::gpu] Using limits:
  maxTextureDimension1D: 16384
  maxTextureDimension2D: 16384
  maxTextureDimension3D: 2048
  maxTextureArrayLayers: 2048
  maxStorageBuffersPerShaderStage: 2
  minUniformBufferOffsetAlignment: 256
  minStorageBufferOffsetAlignment: 256
  maxImmediateSize: 64
[aurora:info:aurora::gpu] Enabling features: 
  CoreFeaturesAndLimits
  DepthClipControl
  TextureCompressionBC
  TextureCompressionASTC
  ClipDistances
  DualSourceBlending
  TextureComponentSwizzle
[aurora:info:aurora::gpu] Using surface format BGRA8Unorm, present mode Fifo
[aurora:info:aurora::gfx::pipeline_cache] No bundled initial pipeline cache found at '/Users/frityet/Projects/petari/build/macosx/arm64/debug/initial_pipeline_cache.db'
[aurora:info:aurora] Using framebuffer size 1280x960 scale 2
[src/app/OriginalGameApplication.cpp:544][APP - INFO] Booting the original GameSystem
[original-process] Preparing original heap arenas
[original-process] Initializing SDK, layout allocator and original heap watcher
[original-process] Initialized console language 9 for disc region K
<< NW4R    - LYT 	final   build: Jul 17 2007 12:25:23 (0x4199_60831) >>
[original-process] Initializing original file and exception services
[original-process] Constructing GameSystem
[original-process] Entering GameSystem::init
[original-process] GameSystem::init completed
[src/app/OriginalGameApplication.cpp:546][APP - INFO] Running the original GameSystem frame loop
[aurora:info:aurora::gpu::cache] Pruned 4 stale Dawn cache entries
2026-09-26 00:32:35.654407+0100 smg-pc-original-process-scenario-select-tests[23924:7071113] [plugin] AddInstanceForFactory: No factory registered for id <CFUUID 0x7488358d20> F8BB1C28-BAE8-11D6-9C31-00039315CD46
[original-process] Loaded original save slot 1 (mario1): 1 stars
[original-process] Requesting authored stage AstroGalaxy scenario 1 through GameSequence
[scenario-select-probe] PASS original mission selection ready at frame 238; saved stars=1
[src/app/OriginalGameApplication.cpp:583][APP - INFO] Original GameSystem stopped after 600 completed frames
[original-audio] Playback frames=896000 nonzero_samples=0 device_callbacks=875
2026-09-26 00:32:54.606740+0100 smg-pc-original-process-scenario-select-tests[23924:7071138] [aqsrv]        AQ_Server_Common.h:49    Exception caught in AudioQueueInternalStop_Sync - error -66671
2026-09-26 00:32:54.631427+0100 smg-pc-original-process-scenario-select-tests[23924:7071138] AudioHardware-mac-imp.cpp:726    AudioObjectGetPropertyData: no object with given ID 0
[aurora:warning:aurora::gpu] Device lost: Device was destroyed.
Process 23924 launched: '/Users/frityet/Projects/petari/build/macosx/arm64/debug/smg-pc-original-process-scenario-select-tests' (arm64)
Process 23924 exited with status = 0 (0x00000000)
