2026-08-07T02:24:12Z Demo Action/Wipe verification

$ xmake run smg-pc-demo-scene-runtime-tests
[pass] definition ingestion and dormant sheets
[pass] zone scoping, CastId, and duplicate choice
[pass] duplicate registered name resolution and pause scan
[pass] multi-membership and row callbacks
[pass] subgroup forwarding and named behavior
[pass] timekeeper queries, SubParts, and natural end
[pass] timekeeper pause, resume, and preserved pause
[pass] registered start, suspend, and safe rejections
[pass] one-frame final paused boundary overshoot
[pass] Action dispatch order, pause, and callback invariant
[pass] Wipe row arbitrary names and raw frames
[pass] no registry and scene teardown
[pass] no definition skips DemoSheet archive
[pass] optional real scene definitions
14/14 tests passed

Focused assertions added by this slice:
- BCSV Action row order and operation-before-animation ordering
- first-step precedence for a one-frame part
- no Action dispatch on a paused/corrected tick
- missing functor is an explicit invariant failure
- missing talk controller is an explicit invariant failure
- Wipe types 0-3, arbitrary names, raw -1 frame, and unknown no-op
