[aurora:info:aurora] Aurora initializing
[aurora:info:aurora::system_info] CPU model: Apple M5 Max
[aurora:info:aurora::system_info] Memory: 131072 MiB
[aurora:info:aurora::system_info] Architecture: aarch64
[aurora:info:aurora::system_info] OS: macOS Version 26.6.2 (Build 25G83)
[aurora:info:aurora::gpu] Creating WebGPU instance
[aurora:info:aurora::gpu] Attempting to initialize Metal
[aurora:info:aurora::gpu] Requesting adapter
  Feature level: Compatibility
  Power preference: HighPerformance
  Backend: Metal
  Compatible surface: true
[aurora:info:aurora::gpu] Graphics adapter information
  API: Metal
  Device: Apple M5 Max (IntegratedGPU)
  Driver: Metal driver on macOS Version 26.6.2 (Build 25G83)
[aurora:info:aurora::gpu] Using limits:
  maxTextureDimension1D: 16384
  maxTextureDimension2D: 16384
  maxTextureDimension3D: 2048
  maxTextureArrayLayers: 2048
  maxStorageBuffersPerShaderStage: 2
  minUniformBufferOffsetAlignment: 256
  minStorageBufferOffsetAlignment: 256
  maxImmediateSize: 64
[aurora:info:aurora::gpu] Enabling features:
  CoreFeaturesAndLimits
  DepthClipControl
  TextureCompressionBC
  TextureCompressionASTC
  ClipDistances
  TextureComponentSwizzle
[aurora:info:aurora::gpu] Using surface format BGRA8Unorm, present mode Fifo
[aurora:info:aurora::gfx::pipeline_cache] No bundled initial pipeline cache found at '/Users/frityet/Projects/petari/build/macosx/arm64/debug/initial_pipeline_cache.db'
[aurora:info:aurora] Using framebuffer size 2560x1440 scale 2
[aurora:info:aurora::gpu::cache] Pruned 4 stale Dawn cache entries
[src/runtime/RuntimeContext.cpp:564][APP - INFO] Using SMG disc image through Aurora DVD
[src/runtime/RuntimeContext.cpp:574][APP - INFO] Loaded 1994 messages from /KrKorean/MessageData/Message.arc
[src/runtime/RuntimeContext.cpp:586][APP - INFO] Loaded 3327 particle names, 3327 particle resources, and 225 particle textures from /ParticleData/Effect.arc
[src/runtime/RuntimeContext.cpp:1792][APP - INFO] SMG semantic event runtime:runtime_context_created (disc=aurora-dvd)
[src/runtime/RuntimeContext.cpp:1745][APP - INFO] Resolved original layout archive DPDPointer -> /LayoutData/DPDPointer.arc
[src/runtime/RuntimeContext.cpp:1745][APP - INFO] Resolved original layout archive CommandStream -> /LayoutData/CommandStream.arc
[src/runtime/RuntimeContext.cpp:1745][APP - INFO] Resolved original layout archive DPDPointerNumber -> /LayoutData/DPDPointerNumber.arc
[src/runtime/RuntimeContext.cpp:1745][APP - INFO] Resolved original layout archive DPDPointerSub -> /LayoutData/DPDPointerSub.arc
[src/runtime/RuntimeContext.cpp:1745][APP - INFO] Resolved original layout archive CommandStream -> /LayoutData/CommandStream.arc
[src/runtime/RuntimeContext.cpp:1745][APP - INFO] Resolved original layout archive DPDPointerNumber -> /LayoutData/DPDPointerNumber.arc
[src/runtime/RuntimeContext.cpp:1745][APP - INFO] Resolved original layout archive PointerGuidance -> /LayoutData/PointerGuidance.arc
[aurora:warning:aurora::gpu] Device lost: Device was destroyed.
[src/showcase/Showcase.cpp:1153][APP - FATAL] Showcase failed: Scene initialization requires the original GameSystem scene controller.
