(lldb) target create "build/macosx/arm64/debug/smg-pc-original-process-sfx-tests"
Current executable set to '/Users/frityet/Projects/petari/build/macosx/arm64/debug/smg-pc-original-process-sfx-tests' (arm64).
(lldb) run
[src/app/Application.cpp:59][APP - INFO] Opened Aurora disc image /Users/frityet/Projects/petari/Super Mario Wii - Galaxy Adventure (Korea).rvz
[aurora:info:aurora] Aurora initializing
[aurora:info:aurora::system_info] CPU model: Apple M5 Max
[aurora:info:aurora::system_info] Memory: 131072 MiB
[aurora:info:aurora::system_info] Architecture: aarch64
[aurora:info:aurora::system_info] OS: macOS Version 27.0 (Build 26A428)
2026-09-26 02:28:02.104143+0100 smg-pc-original-process-sfx-tests[51428:7252419] [Connection] Unable to get synchronousRemoteObjectProxy, error: Error Domain=NSCocoaErrorDomain Code=4097 "connection to service named com.apple.linkd.autoShortcut" UserInfo={NSDebugDescription=connection to service named com.apple.linkd.autoShortcut}
2026-09-26 02:28:02.104304+0100 smg-pc-original-process-sfx-tests[51428:7252419] [Application] Error registering app with intents framework: Error Domain=NSCocoaErrorDomain Code=4097 "connection to service named com.apple.linkd.autoShortcut" UserInfo={NSDebugDescription=connection to service named com.apple.linkd.autoShortcut}
2026-09-26 02:28:02.104442+0100 smg-pc-original-process-sfx-tests[51428:7252418] [Connection] Unable to get synchronousRemoteObjectProxy, error: Error Domain=NSCocoaErrorDomain Code=4097 "connection to service named com.apple.linkd.autoShortcut" UserInfo={NSDebugDescription=connection to service named com.apple.linkd.autoShortcut}
2026-09-26 02:28:02.104462+0100 smg-pc-original-process-sfx-tests[51428:7252418] [Connection] Unable to re-register with Process Instance Registry, error: Error Domain=NSCocoaErrorDomain Code=4097 "connection to service named com.apple.linkd.autoShortcut" UserInfo={NSDebugDescription=connection to service named com.apple.linkd.autoShortcut}
2026-09-26 02:28:02.104720+0100 smg-pc-original-process-sfx-tests[51428:7252420] [Connection] Unable to get synchronousRemoteObjectProxy, error: Error Domain=NSCocoaErrorDomain Code=4097 "connection to service named com.apple.linkd.autoShortcut" UserInfo={NSDebugDescription=connection to service named com.apple.linkd.autoShortcut}
2026-09-26 02:28:02.104729+0100 smg-pc-original-process-sfx-tests[51428:7252420] [Connection] Unable to re-register with Process Instance Registry, error: Error Domain=NSCocoaErrorDomain Code=4097 "connection to service named com.apple.linkd.autoShortcut" UserInfo={NSDebugDescription=connection to service named com.apple.linkd.autoShortcut}
2026-09-26 02:28:02.104948+0100 smg-pc-original-process-sfx-tests[51428:7252420] [Connection] Will NOT re-try to establish the connection
2026-09-26 02:28:02.104969+0100 smg-pc-original-process-sfx-tests[51428:7252418] [Connection] Unable to get synchronousRemoteObjectProxy, error: Error Domain=NSCocoaErrorDomain Code=4097 "connection to service named com.apple.linkd.autoShortcut" UserInfo={NSDebugDescription=connection to service named com.apple.linkd.autoShortcut}
2026-09-26 02:28:02.104979+0100 smg-pc-original-process-sfx-tests[51428:7252418] [Connection] Unable to re-register with Process Instance Registry, error: Error Domain=NSCocoaErrorDomain Code=4097 "connection to service named com.apple.linkd.autoShortcut" UserInfo={NSDebugDescription=connection to service named com.apple.linkd.autoShortcut}
2026-09-26 02:28:02.903191+0100 smg-pc-original-process-sfx-tests[51428:7252361] [WindowTab] Cannot index window tabs due to missing main bundle identifier
[aurora:info:aurora::gpu] Creating WebGPU instance
[aurora:info:aurora::gpu] Attempting to initialize Metal
[aurora:info:aurora::gpu] Requesting adapter
  Feature level: Compatibility
  Power preference: HighPerformance
  Backend: Metal
  Compatible surface: true
[aurora:info:aurora::gpu] Graphics adapter information
  API: Metal
  Device: Apple M5 Max (IntegratedGPU)
  Driver: Metal driver on macOS Version 27.0 (Build 26A428)
[aurora:info:aurora::gpu] Using limits:
  maxTextureDimension1D: 16384
  maxTextureDimension2D: 16384
  maxTextureDimension3D: 2048
  maxTextureArrayLayers: 2048
  maxStorageBuffersPerShaderStage: 2
  minUniformBufferOffsetAlignment: 256
  minStorageBufferOffsetAlignment: 256
  maxImmediateSize: 64
[aurora:info:aurora::gpu] Enabling features:
  CoreFeaturesAndLimits
  DepthClipControl
  TextureCompressionBC
  TextureCompressionASTC
  ClipDistances
  DualSourceBlending
  TextureComponentSwizzle
[aurora:info:aurora::gpu] Using surface format BGRA8Unorm, present mode Fifo
[aurora:info:aurora::gfx::pipeline_cache] No bundled initial pipeline cache found at '/Users/frityet/Projects/petari/build/macosx/arm64/debug/initial_pipeline_cache.db'
[aurora:info:aurora] Using framebuffer size 1280x960 scale 2
[src/app/OriginalGameApplication.cpp:544][APP - INFO] Booting the original GameSystem
[original-process] Preparing original heap arenas
[original-process] Initializing SDK, layout allocator and original heap watcher
[original-process] Initialized console language 9 for disc region K
<< NW4R    - LYT 	final   build: Jul 17 2007 12:25:23 (0x4199_60831) >>
[original-process] Initializing original file and exception services
[original-process] Constructing GameSystem
[original-process] Entering GameSystem::init
[aurora:info:aurora::gpu::cache] Pruned 4 stale Dawn cache entries
[original-process] GameSystem::init completed
[src/app/OriginalGameApplication.cpp:546][APP - INFO] Running the original GameSystem frame loop
setupAramHeap 4000, 4000, e00000
2026-09-26 02:28:03.068863+0100 smg-pc-original-process-sfx-tests[51428:7252505] [plugin] AddInstanceForFactory: No factory registered for id <CFUUID 0x749b15fae0> F8BB1C28-BAE8-11D6-9C31-00039315CD46
[original-process] Loaded original save slot 1 (mario1): 2 stars
[original-process] Requesting authored stage EggStarGalaxy scenario 1 through GameSequence
[aurora:warning:aurora::gpu] WebGPU message: Calling [RenderPassEncoder "EFB 1"].Draw with a vertex count of 0 is unusual.
[sfx-probe] accepted SE_SY_BUTTON_CURSOR_ON through original sound manager
[sfx-probe] accepted SE_SY_TALK_OK through original sound manager
[sfx-probe] accepted SE_SY_GALAXY_DECIDE_CANCEL through original sound manager
[src/app/OriginalGameApplication.cpp:583][APP - INFO] Original GameSystem stopped after 600 completed frames
[original-audio] DSP submitted_frames=320320 nonzero_samples=483666
[original-audio] Playback frames=536102 nonzero_samples=0 device_callbacks=481
2026-09-26 02:28:14.469735+0100 smg-pc-original-process-sfx-tests[51428:7252419] [aqsrv]        AQ_Server_Common.h:49    Exception caught in AudioQueueInternalStop_Sync - error -66671
2026-09-26 02:28:14.494141+0100 smg-pc-original-process-sfx-tests[51428:7252419] AudioHardware-mac-imp.cpp:726    AudioObjectGetPropertyData: no object with given ID 0
[aurora:warning:aurora::gpu] Device lost: Device was destroyed.
[sfx-probe] PASS accepted=3 DSP nonzero samples=483506; game owner retired
Process 51428 launched: '/Users/frityet/Projects/petari/build/macosx/arm64/debug/smg-pc-original-process-sfx-tests' (arm64)
Process 51428 exited with status = 0 (0x00000000)
