[0m[38;5;2;1m[ 23%]:[0m [38;5;5;1m<smg-pc-original-vector-integer-conversion-tests>[0m cache compiling.debug tests/OriginalVectorIntegerConversionTests.cpp[0m
[0m[38;5;2;1mcreate ok![0m
compile_commands.json updated!
[0m[1;38;5;1;1merror: [0maurora/include/dolphin/dvd.h:117:5: error: unknown type name 'BOOL'
  117 |     BOOL isDir;
      |     ^
aurora/include/dolphin/dvd.h:169:1: error: unknown type name 'BOOL'
  169 | BOOL DVDSetAutoInvalidation(BOOL autoInval);
      | ^
aurora/include/dolphin/dvd.h:169:29: error: unknown type name 'BOOL'
  169 | BOOL DVDSetAutoInvalidation(BOOL autoInval);
      |                             ^
aurora/include/dolphin/dvd.h:177:1: error: unknown type name 'BOOL'
  177 | BOOL DVDCheckDisk(void);
      | ^
aurora/include/dolphin/dvd.h:180:30: error: unknown type name 'BOOL'
  180 | int DVDSetAutoFatalMessaging(BOOL enable);
      |                              ^
aurora/include/dolphin/dvd.h:184:1: error: unknown type name 'BOOL'
  184 | BOOL DVDConvertEntrynumToPath(s32 entrynum, char* path, u32 maxlen);
  [38;5;3m> in [1mtests/OriginalVectorIntegerConversionTests.cpp[0m
