0 src/Game/Animation/AnmPlayer.cpp
0 src/Game/Animation/BckCtrl.cpp
0 src/Game/Animation/MaterialAnmBuffer.cpp
0 src/Game/Animation/XanimeCore.cpp
0 src/Game/AreaObj/AreaForm.cpp
0 src/Game/AreaObj/AreaFormDrawer.cpp
0 src/Game/AreaObj/AreaObjContainer.cpp
0 src/Game/AreaObj/BigBubbleGoalArea.cpp
0 src/Game/AreaObj/CameraRepulsiveArea.cpp
0 src/Game/AreaObj/CollisionArea.cpp
0 src/Game/AreaObj/FollowCollisionArea.cpp
0 src/Game/AreaObj/ImageEffectArea.cpp
0 src/Game/AreaObj/LightAreaHolder.cpp
0 src/Game/AreaObj/MercatorTransformCube.cpp
0 src/Game/AreaObj/SoundEmitterCube.cpp
0 src/Game/AreaObj/SoundEmitterSphere.cpp
0 src/Game/AreaObj/WarpCube.cpp
0 src/Game/AudioLib/AudAudience.cpp
0 src/Game/AudioLib/AudBgm.cpp
0 src/Game/AudioLib/AudSceneMgr.cpp
0 src/Game/AudioLib/AudSoundObject_Takezawa.cpp
0 src/Game/AudioLib/AudSystem.cpp
0 src/Game/Boss/BossBegoman.cpp
0 src/Game/Boss/BossBegomanHead.cpp
0 src/Game/Boss/BossKameck.cpp
0 src/Game/Boss/BossKameckBarrier.cpp
0 src/Game/Boss/BossKameckBattleDemo.cpp
0 src/Game/Boss/BossKameckStateBattle.cpp
0 src/Game/Boss/BossKameckVs1.cpp
0 src/Game/Boss/BossKameckVs2.cpp
0 src/Game/Boss/BossStinkBug.cpp
0 src/Game/Boss/BossStinkBugActionFlyHigh.cpp
0 src/Game/Boss/BossStinkBugActionFlyLow.cpp
0 src/Game/Boss/BossStinkBugActionGround.cpp
0 src/Game/Boss/BossStinkBugActionSequencer.cpp
0 src/Game/Boss/BossStinkBugAngryDemo.cpp
0 src/Game/Boss/BossStinkBugBomb.cpp
0 src/Game/Boss/BossStinkBugFinishDemo.cpp
0 src/Game/Boss/BossStinkBugFlyDemo.cpp
0 src/Game/Boss/BossStinkBugOpeningDemo.cpp
0 src/Game/Boss/DinoPackun.cpp
0 src/Game/Boss/DinoPackunBall.cpp
0 src/Game/Boss/DinoPackunBattleEgg.cpp
0 src/Game/Boss/DinoPackunBattleEggVs2.cpp
0 src/Game/Boss/DinoPackunBattleVs1Lv1.cpp
0 src/Game/Boss/DinoPackunBattleVs1Lv2.cpp
0 src/Game/Boss/DinoPackunBattleVs2Lv1.cpp
0 src/Game/Boss/DinoPackunDemo.cpp
0 src/Game/Boss/DinoPackunDemoPosition.cpp
0 src/Game/Boss/DinoPackunEggShell.cpp
0 src/Game/Boss/DinoPackunFire.cpp
0 src/Game/Boss/DinoPackunStateAwake.cpp
0 src/Game/Boss/DinoPackunStateDamage.cpp
0 src/Game/Boss/DinoPackunStateFire.cpp
0 src/Game/Boss/DinoPackunTailPart.cpp
0 src/Game/Boss/DinoPackunTrackFire.cpp
0 src/Game/Boss/DinoPackunVs1.cpp
0 src/Game/Boss/DinoPackunVs2.cpp
0 src/Game/Boss/Dodoryu.cpp
0 src/Game/Boss/DodoryuDemo.cpp
0 src/Game/Boss/DodoryuStateBase.cpp
0 src/Game/Boss/DodoryuStateLv1.cpp
0 src/Game/Boss/DodoryuStateLv2.cpp
0 src/Game/Boss/DodoryuStateWait.cpp
0 src/Game/Boss/KoopaBattleMain.cpp
0 src/Game/Boss/KoopaBattleStairsVs1.cpp
0 src/Game/Boss/KoopaBattleStairsVs3.cpp
0 src/Game/Boss/KoopaBattleVs3Lv1.cpp
0 src/Game/Boss/KoopaBattleVs3Lv2.cpp
0 src/Game/Boss/KoopaDemoFallToPlanetVs3Lv2.cpp
0 src/Game/Boss/KoopaDemoFallToPlanetVs3Lv3.cpp
0 src/Game/Boss/KoopaDemoJumpToPlanet.cpp
0 src/Game/Boss/KoopaDemoPowerUp.cpp
0 src/Game/Boss/KoopaFireShort.cpp
0 src/Game/Boss/KoopaFireStairs.cpp
0 src/Game/Boss/KoopaSequencerVs1.cpp
0 src/Game/Boss/KoopaSequencerVs2.cpp
0 src/Game/Boss/KoopaSequencerVs3.cpp
0 src/Game/Boss/KoopaShockWave.cpp
0 src/Game/Boss/KoopaStateAttackFireLong.cpp
0 src/Game/Boss/KoopaStateAttackFireShort.cpp
0 src/Game/Boss/KoopaStateAttackHipDrop.cpp
0 src/Game/Boss/KoopaStateAttackRoll.cpp
0 src/Game/Boss/KoopaStateAttackShockWave.cpp
0 src/Game/Boss/KoopaStateAttackSpin.cpp
0 src/Game/Boss/KoopaStateChaseRoll.cpp
0 src/Game/Boss/KoopaStateDamageEscape.cpp
0 src/Game/Boss/KoopaStateGuard.cpp
0 src/Game/Boss/KoopaStateJumpAway.cpp
0 src/Game/Boss/KoopaSubSequenceBattle.cpp
0 src/Game/Boss/OtaKing.cpp
0 src/Game/Boss/OtaKingLongFoot.cpp
0 src/Game/Boss/OtaKingMagma.cpp
0 src/Game/Boss/Polta.cpp
0 src/Game/Boss/PoltaActionSequencer.cpp
0 src/Game/Boss/PoltaArm.cpp
0 src/Game/Boss/PoltaBattleLv1.cpp
0 src/Game/Boss/PoltaBattleLv2.cpp
0 src/Game/Boss/PoltaDemo.cpp
0 src/Game/Boss/PoltaGroundRock.cpp
0 src/Game/Boss/PoltaRock.cpp
0 src/Game/Boss/PoltaStateAttackGround.cpp
0 src/Game/Boss/PoltaStateGenerateRock.cpp
0 src/Game/Boss/PoltaStateGroundRockAttack.cpp
0 src/Game/Boss/PoltaStatePunch.cpp
0 src/Game/Boss/PoltaStateStagger.cpp
0 src/Game/Boss/SkeletalFishBaby.cpp
0 src/Game/Boss/SkeletalFishBoss.cpp
0 src/Game/Boss/SkeletalFishGuard.cpp
0 src/Game/Boss/SkeletalFishJointCalc.cpp
0 src/Game/Boss/TombSpider.cpp
0 src/Game/Boss/TombSpiderAction1st.cpp
0 src/Game/Boss/TombSpiderAction2nd.cpp
0 src/Game/Boss/TombSpiderActionCocoon.cpp
0 src/Game/Boss/TombSpiderGland.cpp
0 src/Game/Boss/TombSpiderStateSwoon.cpp
0 src/Game/Boss/TombSpiderThreadAttacher.cpp
0 src/Game/Boss/TombSpiderVitalSpot.cpp
0 src/Game/Boss/TripodBoss.cpp
0 src/Game/Boss/TripodBossBreakMovement.cpp
0 src/Game/Boss/TripodBossCoin.cpp
0 src/Game/Boss/TripodBossCore.cpp
0 src/Game/Boss/TripodBossFixParts.cpp
0 src/Game/Boss/TripodBossGuardWall.cpp
0 src/Game/Boss/TripodBossGuardWallPart.cpp
0 src/Game/Boss/TripodBossKillerGenerater.cpp
0 src/Game/Boss/TripodBossKinokoOneUp.cpp
0 src/Game/Boss/TripodBossLeg.cpp
0 src/Game/Boss/TripodBossShell.cpp
0 src/Game/Camera/CameraCover.cpp
0 src/Game/Demo/AstroDomeDemoStarter.cpp
0 src/Game/Demo/DemoActionKeeper.cpp
0 src/Game/Demo/DemoDirector.cpp
0 src/Game/Demo/DemoExecutor.cpp
0 src/Game/Demo/DemoKoopaJrShip.cpp
0 src/Game/Demo/DemoSoundKeeper.cpp
0 src/Game/Demo/DemoStartRequestHolder.cpp
0 src/Game/Demo/DemoStartRequestUtil.cpp
0 src/Game/Demo/DemoTimeKeeper.cpp
0 src/Game/Demo/DemoWipeKeeper.cpp
0 src/Game/Demo/GrandStarReturnDemoStarter.cpp
0 src/Game/Demo/PrologueDirector.cpp
0 src/Game/Demo/ScenarioStarter.cpp
0 src/Game/Demo/StarReturnDemoStarter.cpp
0 src/Game/Effect/AutoEffectGroup.cpp
0 src/Game/Effect/AutoEffectGroupHolder.cpp
0 src/Game/Effect/AutoEffectInfo.cpp
0 src/Game/Effect/EffectSystemUtil.cpp
0 src/Game/Effect/MultiEmitter.cpp
0 src/Game/Effect/MultiEmitterParticleCallBack.cpp
0 src/Game/Effect/ParticleCalcExecutor.cpp
0 src/Game/Effect/ParticleResourceHolder.cpp
0 src/Game/Effect/SimpleEffectObj.cpp
0 src/Game/Effect/SyncBckEffectChecker.cpp
0 src/Game/Effect/SyncBckEffectInfo.cpp
0 src/Game/Enemy/AnimScaleController.cpp
0 src/Game/Enemy/AnimStampController.cpp
0 src/Game/Enemy/BallBeamer.cpp
0 src/Game/Enemy/Balloonfish.cpp
0 src/Game/Enemy/BasaBasa.cpp
0 src/Game/Enemy/BegomanBaby.cpp
0 src/Game/Enemy/BegomanBase.cpp
0 src/Game/Enemy/BegomanFunction.cpp
0 src/Game/Enemy/BegomanLauncher.cpp
0 src/Game/Enemy/BegomanSpike.cpp
0 src/Game/Enemy/BegomanSpring.cpp
0 src/Game/Enemy/BegomanSpringHead.cpp
0 src/Game/Enemy/Birikyu.cpp
0 src/Game/Enemy/BombBird.cpp
0 src/Game/Enemy/BombBirdBomb.cpp
0 src/Game/Enemy/BombHei.cpp
0 src/Game/Enemy/BombHeiLauncher.cpp
0 src/Game/Enemy/BombTeresa.cpp
0 src/Game/Enemy/CocoNutBall.cpp
0 src/Game/Enemy/CocoSambo.cpp
0 src/Game/Enemy/DharmaSambo.cpp
0 src/Game/Enemy/Dossun.cpp
0 src/Game/Enemy/ElectricPressureBullet.cpp
0 src/Game/Enemy/EyeBeamer.cpp
0 src/Game/Enemy/FireBall.cpp
0 src/Game/Enemy/FireBubble.cpp
0 src/Game/Enemy/HammerHeadPackun.cpp
0 src/Game/Enemy/Hanachan.cpp
0 src/Game/Enemy/HomingKiller.cpp
0 src/Game/Enemy/IceMerameraKing.cpp
0 src/Game/Enemy/Jellyfish.cpp
0 src/Game/Enemy/JellyfishElectric.cpp
0 src/Game/Enemy/Jiraira.cpp
0 src/Game/Enemy/JumpBeamer.cpp
0 src/Game/Enemy/JumpGuarder.cpp
0 src/Game/Enemy/JumpSpider.cpp
0 src/Game/Enemy/Kabokuri.cpp
0 src/Game/Enemy/KabokuriFire.cpp
0 src/Game/Enemy/Kameck.cpp
0 src/Game/Enemy/KameckBeam.cpp
0 src/Game/Enemy/KameckFireBall.cpp
0 src/Game/Enemy/KameckHolder.cpp
0 src/Game/Enemy/KameckTurtle.cpp
0 src/Game/Enemy/Kanina.cpp
0 src/Game/Enemy/Karikari.cpp
0 src/Game/Enemy/Karon.cpp
0 src/Game/Enemy/Kiraira.cpp
0 src/Game/Enemy/KirairaChain.cpp
0 src/Game/Enemy/KoopaJrShip.cpp
0 src/Game/Enemy/KoopaJrShipCannonMainShell.cpp
0 src/Game/Enemy/KoopaJrShipCannonShell.cpp
0 src/Game/Enemy/KoteBug.cpp
0 src/Game/Enemy/Kuribo.cpp
0 src/Game/Enemy/KuriboChief.cpp
0 src/Game/Enemy/KuriboMini.cpp
0 src/Game/Enemy/MechanicKoopaMini.cpp
0 src/Game/Enemy/Meramera.cpp
0 src/Game/Enemy/Metbo.cpp
0 src/Game/Enemy/Mogu.cpp
0 src/Game/Enemy/MoguStone.cpp
0 src/Game/Enemy/Mogucchi.cpp
0 src/Game/Enemy/MogucchiHill.cpp
0 src/Game/Enemy/MogucchiShooter.cpp
0 src/Game/Enemy/NokonokoLand.cpp
0 src/Game/Enemy/Onimasu.cpp
0 src/Game/Enemy/OnimasuJump.cpp
0 src/Game/Enemy/OnimasuPivot.cpp
0 src/Game/Enemy/OtaRock.cpp
0 src/Game/Enemy/PackunPetit.cpp
0 src/Game/Enemy/Petari.cpp
0 src/Game/Enemy/Poihana.cpp
0 src/Game/Enemy/Pukupuku.cpp
0 src/Game/Enemy/RingBeam.cpp
0 src/Game/Enemy/RingBeamer.cpp
0 src/Game/Enemy/Snakehead.cpp
0 src/Game/Enemy/StinkBugParent.cpp
0 src/Game/Enemy/StinkBugSmall.cpp
0 src/Game/Enemy/StringSpider.cpp
0 src/Game/Enemy/TakoHei.cpp
0 src/Game/Enemy/TakoHeiInk.cpp
0 src/Game/Enemy/Takobo.cpp
0 src/Game/Enemy/Teresa.cpp
0 src/Game/Enemy/TeresaWater.cpp
0 src/Game/Enemy/Unizo.cpp
0 src/Game/Enemy/UnizoLauncher.cpp
0 src/Game/Enemy/WalkerStateBindStarPointer.cpp
0 src/Game/Enemy/WalkerStateBlowDamage.cpp
0 src/Game/Enemy/WalkerStateChase.cpp
0 src/Game/Enemy/WalkerStateFindPlayer.cpp
0 src/Game/Enemy/WalkerStateRunaway.cpp
0 src/Game/Enemy/WalkerStateStagger.cpp
0 src/Game/Enemy/WalkerStateWander.cpp
0 src/Game/Enemy/WaterBazooka.cpp
0 src/Game/Enemy/WaterBazookaCapsule.cpp
0 src/Game/GameAudio/AudBgmConductor.cpp
0 src/Game/GameAudio/AudCameraWatcher.cpp
0 src/Game/GameAudio/AudEffectDirector.cpp
0 src/Game/Gravity/ParallelGravity.cpp
0 src/Game/LiveActor/ActorLightCtrl.cpp
0 src/Game/LiveActor/ActorPadAndCameraCtrl.cpp
0 src/Game/LiveActor/AnimationRandomPlayer.cpp
0 src/Game/LiveActor/Binder.cpp
0 src/Game/LiveActor/ClippingActorHolder.cpp
0 src/Game/LiveActor/ClippingActorInfo.cpp
0 src/Game/LiveActor/ClippingDirector.cpp
0 src/Game/LiveActor/ClippingGroupHolder.cpp
0 src/Game/LiveActor/ClippingJudge.cpp
0 src/Game/LiveActor/DisplayListMaker.cpp
0 src/Game/LiveActor/DynamicJointCtrl.cpp
0 src/Game/LiveActor/EffectKeeper.cpp
0 src/Game/LiveActor/FaceJointCtrl.cpp
0 src/Game/LiveActor/FlashingCtrl.cpp
0 src/Game/LiveActor/HitSensorInfo.cpp
0 src/Game/LiveActor/IKJointCtrl.cpp
0 src/Game/LiveActor/LiveActorGroupArray.cpp
0 src/Game/LiveActor/LodCtrl.cpp
0 src/Game/LiveActor/MaterialCtrl.cpp
0 src/Game/LiveActor/MirrorCamera.cpp
0 src/Game/LiveActor/ModelManager.cpp
0 src/Game/LiveActor/ModelObj.cpp
0 src/Game/LiveActor/PartsModel.cpp
0 src/Game/LiveActor/RailRider.cpp
0 src/Game/LiveActor/SensorHitChecker.cpp
0 src/Game/LiveActor/ShadowController.cpp
0 src/Game/LiveActor/ShadowDrawer.cpp
0 src/Game/LiveActor/ShadowSurfaceBox.cpp
0 src/Game/LiveActor/ShadowSurfaceCircle.cpp
0 src/Game/LiveActor/ShadowSurfaceDrawer.cpp
0 src/Game/LiveActor/ShadowSurfaceOval.cpp
0 src/Game/LiveActor/ShadowVolumeBox.cpp
0 src/Game/LiveActor/ShadowVolumeCylinder.cpp
1 src/Game/LiveActor/ShadowVolumeDrawer.cpp
0 src/Game/LiveActor/ShadowVolumeFlatModel.cpp
0 src/Game/LiveActor/ShadowVolumeLine.cpp
0 src/Game/LiveActor/ShadowVolumeOval.cpp
0 src/Game/LiveActor/ShadowVolumeOvalPole.cpp
0 src/Game/LiveActor/ShadowVolumeSphere.cpp
0 src/Game/LiveActor/SimpleJ3DModelDrawer.cpp
0 src/Game/LiveActor/ViewGroupCtrl.cpp
0 src/Game/LiveActor/VolumeModelDrawer.cpp
0 src/Game/Map/Air.cpp
0 src/Game/Map/Butterfly.cpp
0 src/Game/Map/CollisionCategorizedKeeper.cpp
0 src/Game/Map/CollisionDirector.cpp
0 src/Game/Map/CollisionParts.cpp
0 src/Game/Map/FileSelectCameraController.cpp
0 src/Game/Map/FileSelectEffect.cpp
0 src/Game/Map/FileSelectItem.cpp
0 src/Game/Map/FileSelectModel.cpp
0 src/Game/Map/FileSelectSky.cpp
0 src/Game/Map/FileSelector.cpp
0 src/Game/Map/FishGroup.cpp
0 src/Game/Map/Flag.cpp
0 src/Game/Map/GravityDust.cpp
0 src/Game/Map/Halo.cpp
0 src/Game/Map/KoopaBattleMapPlanet.cpp
0 src/Game/Map/KoopaBattleMapStair.cpp
0 src/Game/Map/LavaShellTower.cpp
0 src/Game/Map/LightFunction.cpp
0 src/Game/Map/LightPointCtrl.cpp
0 src/Game/Map/OceanBowl.cpp
0 src/Game/Map/OceanBowlBloomDrawer.cpp
0 src/Game/Map/OceanRing.cpp
0 src/Game/Map/OceanRingBloomDrawer.cpp
0 src/Game/Map/OceanRingPipeInside.cpp
0 src/Game/Map/OceanRingPipeOutside.cpp
0 src/Game/Map/OceanSphere.cpp
0 src/Game/Map/PlanetMapCreator.cpp
0 src/Game/Map/QuakeEffectGenerator.cpp
0 src/Game/Map/RaceManager.cpp
0 src/Game/Map/ScenarioSelectStar.cpp
0 src/Game/Map/SeaGull.cpp
0 src/Game/Map/Sky.cpp
0 src/Game/Map/SleepControllerHolder.cpp
0 src/Game/Map/SpaceInner.cpp
0 src/Game/Map/SphereSelector.cpp
0 src/Game/Map/SphereSelectorHandle.cpp
0 src/Game/Map/SwitchWatcherHolder.cpp
0 src/Game/Map/WaterPlant.cpp
0 src/Game/Map/WaterPoint.cpp
0 src/Game/Map/WaterRoad.cpp
0 src/Game/MapObj/AirBubble.cpp
0 src/Game/MapObj/AirBubbleGenerator.cpp
0 src/Game/MapObj/AnmModelObj.cpp
0 src/Game/MapObj/ArrowSwitch.cpp
0 src/Game/MapObj/ArrowSwitchMulti.cpp
0 src/Game/MapObj/AssemblyBlock.cpp
0 src/Game/MapObj/AstroCore.cpp
0 src/Game/MapObj/AstroCountDownPlate.cpp
0 src/Game/MapObj/AstroDome.cpp
0 src/Game/MapObj/AstroDomeAsteroid.cpp
0 src/Game/MapObj/AstroDomeBlueStar.cpp
0 src/Game/MapObj/AstroDomeGalaxySelector.cpp
0 src/Game/MapObj/AstroDomeOrbit.cpp
0 src/Game/MapObj/AstroDomeSky.cpp
0 src/Game/MapObj/AstroMapBoard.cpp
0 src/Game/MapObj/AstroMapObj.cpp
0 src/Game/MapObj/BallOpener.cpp
0 src/Game/MapObj/BallRail.cpp
0 src/Game/MapObj/Banekiti.cpp
0 src/Game/MapObj/BattleShipElevator.cpp
0 src/Game/MapObj/BeamGoRoundPlanet.cpp
0 src/Game/MapObj/BeeFlowerHover.cpp
0 src/Game/MapObj/BenefitItemInvincible.cpp
0 src/Game/MapObj/BenefitItemLifeUp.cpp
0 src/Game/MapObj/BenefitItemObj.cpp
0 src/Game/MapObj/BigBubbleGenerator.cpp
0 src/Game/MapObj/BigBubbleHolder.cpp
0 src/Game/MapObj/BigFan.cpp
0 src/Game/MapObj/BlackHole.cpp
0 src/Game/MapObj/BlueStarCupsulePlanet.cpp
0 src/Game/MapObj/BreakableCage.cpp
0 src/Game/MapObj/BrightObj.cpp
0 src/Game/MapObj/BumpAppearPlanet.cpp
0 src/Game/MapObj/Candlestand.cpp
0 src/Game/MapObj/CannonFortressBreakStep.cpp
0 src/Game/MapObj/CapsuleCage.cpp
0 src/Game/MapObj/ChipBase.cpp
0 src/Game/MapObj/ChipCounter.cpp
0 src/Game/MapObj/ChipGroup.cpp
0 src/Game/MapObj/ChipHolder.cpp
0 src/Game/MapObj/ClipArea.cpp
0 src/Game/MapObj/ClipAreaDrop.cpp
0 src/Game/MapObj/ClipAreaDropLaser.cpp
0 src/Game/MapObj/ClipAreaHolder.cpp
0 src/Game/MapObj/ClipAreaMovable.cpp
0 src/Game/MapObj/ClipFieldFillDraw.cpp
0 src/Game/MapObj/CocoNut.cpp
0 src/Game/MapObj/Coin.cpp
0 src/Game/MapObj/CoinBox.cpp
0 src/Game/MapObj/CoinGroup.cpp
0 src/Game/MapObj/CoinReplica.cpp
0 src/Game/MapObj/CoinRotater.cpp
0 src/Game/MapObj/CoinSpot.cpp
0 src/Game/MapObj/CollapsePlane.cpp
0 src/Game/MapObj/CollectCounter.cpp
0 src/Game/MapObj/CollisionBlocker.cpp
0 src/Game/MapObj/CrystalCage.cpp
0 src/Game/MapObj/CrystalCageMoving.cpp
0 src/Game/MapObj/CrystalSwitch.cpp
0 src/Game/MapObj/DashRing.cpp
0 src/Game/MapObj/DeadLeaves.cpp
0 src/Game/MapObj/DesertLandMoveSwitch.cpp
0 src/Game/MapObj/DesertMovingLand.cpp
0 src/Game/MapObj/DriftWood.cpp
0 src/Game/MapObj/DynamicCollisionObj.cpp
0 src/Game/MapObj/EarthenPipe.cpp
0 src/Game/MapObj/ElectricBall.cpp
0 src/Game/MapObj/ElectricRail.cpp
0 src/Game/MapObj/ElectricRailHolder.cpp
0 src/Game/MapObj/ElectricRailMoving.cpp
0 src/Game/MapObj/ExterminationChecker.cpp
0 src/Game/MapObj/FallOutFieldDraw.cpp
0 src/Game/MapObj/FallingSmallRock.cpp
0 src/Game/MapObj/FireBar.cpp
0 src/Game/MapObj/FirePressureBullet.cpp
0 src/Game/MapObj/FirePressureRadiate.cpp
0 src/Game/MapObj/FlameGun.cpp
0 src/Game/MapObj/FlexibleSphere.cpp
0 src/Game/MapObj/FlipPanel.cpp
0 src/Game/MapObj/FloaterFloatingForceTypeNormal.cpp
0 src/Game/MapObj/FloaterFloatingForceTypeSpring.cpp
0 src/Game/MapObj/Fountain.cpp
0 src/Game/MapObj/FountainBig.cpp
0 src/Game/MapObj/GCapture.cpp
0 src/Game/MapObj/GCaptureTarget.cpp
0 src/Game/MapObj/GeneralMapParts.cpp
0 src/Game/MapObj/GravityLightRoad.cpp
0 src/Game/MapObj/GreenCaterpillarBig.cpp
0 src/Game/MapObj/HatchWaterPlanet.cpp
0 src/Game/MapObj/HeavensDoorDemoObj.cpp
0 src/Game/MapObj/HipDropMoveObj.cpp
0 src/Game/MapObj/HipDropRock.cpp
0 src/Game/MapObj/HipDropSwitch.cpp
0 src/Game/MapObj/HipDropTimerSwitch.cpp
0 src/Game/MapObj/HitWallTimerSwitch.cpp
0 src/Game/MapObj/IronCannonShell.cpp
0 src/Game/MapObj/ItemAppearStone.cpp
0 src/Game/MapObj/ItemBlock.cpp
0 src/Game/MapObj/ItemBubble.cpp
0 src/Game/MapObj/JetTurtle.cpp
0 src/Game/MapObj/JumpHole.cpp
0 src/Game/MapObj/JumpStand.cpp
0 src/Game/MapObj/KeySwitch.cpp
0 src/Game/MapObj/KillerGunnerSingle.cpp
0 src/Game/MapObj/LargeChain.cpp
0 src/Game/MapObj/LavaBallRisingPlanetLava.cpp
0 src/Game/MapObj/LavaBreakColumn.cpp
0 src/Game/MapObj/LavaFloater.cpp
0 src/Game/MapObj/LavaGalaxyParts.cpp
0 src/Game/MapObj/LavaGeyser.cpp
1 src/Game/MapObj/LavaHomeSeesawRotator.cpp
0 src/Game/MapObj/LavaHomeVolcanoFlow.cpp
0 src/Game/MapObj/LavaJamboSunPlanet.cpp
0 src/Game/MapObj/LavaProminence.cpp
0 src/Game/MapObj/LavaSteam.cpp
0 src/Game/MapObj/LavaStrangeRock.cpp
0 src/Game/MapObj/LotusLeaf.cpp
0 src/Game/MapObj/MagicBell.cpp
0 src/Game/MapObj/ManholeCover.cpp
1 src/Game/MapObj/MapObjActor.cpp
0 src/Game/MapObj/MapPartsAppearController.cpp
0 src/Game/MapObj/MapPartsBreaker.cpp
0 src/Game/MapObj/MapPartsFloatingForce.cpp
0 src/Game/MapObj/MapPartsRailRotator.cpp
0 src/Game/MapObj/MapPartsRotator.cpp
0 src/Game/MapObj/MapPartsSeesaw1AxisRotator.cpp
0 src/Game/MapObj/MapPartsSeesaw2AxisRotator.cpp
0 src/Game/MapObj/MarblePlanet.cpp
0 src/Game/MapObj/MarioLauncher.cpp
0 src/Game/MapObj/MarioLauncherAttractor.cpp
0 src/Game/MapObj/MechaKoopaPartsArm.cpp
0 src/Game/MapObj/MechaKoopaPartsHead.cpp
0 src/Game/MapObj/MeteoContainer.cpp
0 src/Game/MapObj/MiniatureGalaxy.cpp
0 src/Game/MapObj/MiniatureGalaxyHolder.cpp
0 src/Game/MapObj/MorphItemObjNeo.cpp
0 src/Game/MapObj/NeedlePlant.cpp
0 src/Game/MapObj/NormalMapBase.cpp
0 src/Game/MapObj/Note.cpp
0 src/Game/MapObj/NoteFairy.cpp
0 src/Game/MapObj/OceanFloaterLandParts.cpp
0 src/Game/MapObj/OceanSmallTurtle.cpp
0 src/Game/MapObj/OceanWaveFloater.cpp
0 src/Game/MapObj/PTimerSwitch.cpp
0 src/Game/MapObj/PalmIsland.cpp
0 src/Game/MapObj/PeachCastleGardenPlanet.cpp
0 src/Game/MapObj/PhantomShipBoxFloater.cpp
0 src/Game/MapObj/PhantomShipBridge.cpp
0 src/Game/MapObj/PhantomShipHandle.cpp
0 src/Game/MapObj/PhantomTorch.cpp
0 src/Game/MapObj/PicketSwitch.cpp
0 src/Game/MapObj/PlantGroup.cpp
0 src/Game/MapObj/PomponPlant.cpp
0 src/Game/MapObj/PowerStar.cpp
0 src/Game/MapObj/PressureBase.cpp
0 src/Game/MapObj/PrizeRing.cpp
0 src/Game/MapObj/PunchBox.cpp
0 src/Game/MapObj/PunchingKinoko.cpp
0 src/Game/MapObj/PurpleCoinStarter.cpp
0 src/Game/MapObj/QuarterRollGravityRoomArrow.cpp
0 src/Game/MapObj/QuestionBoxGalleryObj.cpp
0 src/Game/MapObj/QuestionCoin.cpp
0 src/Game/MapObj/RailBlock.cpp
0 src/Game/MapObj/RailMoveObj.cpp
0 src/Game/MapObj/RainCloud.cpp
0 src/Game/MapObj/ReverseGravityRoomPlanet.cpp
0 src/Game/MapObj/RevolvingWay.cpp
0 src/Game/MapObj/Rock.cpp
0 src/Game/MapObj/RockCreator.cpp
0 src/Game/MapObj/RosettaChair.cpp
0 src/Game/MapObj/RosettaPictureBook.cpp
0 src/Game/MapObj/RotateMoveObj.cpp
0 src/Game/MapObj/SandCapsuleInsidePlanet.cpp
0 src/Game/MapObj/SandUpDownEffectObj.cpp
0 src/Game/MapObj/SandUpDownTriRock.cpp
0 src/Game/MapObj/Sandstorm.cpp
0 src/Game/MapObj/ScrewSwitch.cpp
0 src/Game/MapObj/SeesawMoveNut.cpp
0 src/Game/MapObj/Shellfish.cpp
0 src/Game/MapObj/ShockWaveGenerator.cpp
0 src/Game/MapObj/ShootingStar.cpp
0 src/Game/MapObj/SideSpikeMoveStep.cpp
0 src/Game/MapObj/SimpleBreakableObj.cpp
0 src/Game/MapObj/SimpleClipPartsObj.cpp
0 src/Game/MapObj/SimpleFloaterObj.cpp
0 src/Game/MapObj/SimpleMapObj.cpp
0 src/Game/MapObj/SimpleTimerObj.cpp
0 src/Game/MapObj/SmallStone.cpp
0 src/Game/MapObj/SnowCapsulePlanet.cpp
0 src/Game/MapObj/SnowFloor.cpp
0 src/Game/MapObj/SnowFloorTile.cpp
0 src/Game/MapObj/SnowMan.cpp
0 src/Game/MapObj/SoundEmitter.cpp
0 src/Game/MapObj/SpaceMine.cpp
0 src/Game/MapObj/SphereRailDash.cpp
0 src/Game/MapObj/SpiderCoin.cpp
0 src/Game/MapObj/SpiderThread.cpp
0 src/Game/MapObj/SpinDriver.cpp
0 src/Game/MapObj/SpinDriverPathDrawer.cpp
0 src/Game/MapObj/SpinDriverUtil.cpp
0 src/Game/MapObj/SpinLeverSwitch.cpp
0 src/Game/MapObj/SpinningBox.cpp
0 src/Game/MapObj/StageEffectDataTable.cpp
0 src/Game/MapObj/StarPiece.cpp
0 src/Game/MapObj/StarPieceDirector.cpp
0 src/Game/MapObj/StarPieceFollowGroup.cpp
0 src/Game/MapObj/StarPieceGroup.cpp
0 src/Game/MapObj/StarPieceMother.cpp
0 src/Game/MapObj/StarPieceSpot.cpp
0 src/Game/MapObj/SubmarineSteam.cpp
0 src/Game/MapObj/SubmarineVolcanoBigColumn.cpp
0 src/Game/MapObj/SuperSpinDriver.cpp
0 src/Game/MapObj/SurprisedGalaxy.cpp
0 src/Game/MapObj/SwingLight.cpp
0 src/Game/MapObj/SwitchBox.cpp
0 src/Game/MapObj/TimeAppearObj.cpp
0 src/Game/MapObj/TimerMoveWall.cpp
0 src/Game/MapObj/TrampleStar.cpp
0 src/Game/MapObj/TreasureBoxCracked.cpp
0 src/Game/MapObj/TreasureSpot.cpp
0 src/Game/MapObj/Tsukidashikun.cpp
0 src/Game/MapObj/TypicalDoor.cpp
0 src/Game/MapObj/UFOBase.cpp
0 src/Game/MapObj/UFOKinoko.cpp
0 src/Game/MapObj/ValveSwitch.cpp
0 src/Game/MapObj/WarpPod.cpp
0 src/Game/MapObj/WatchTowerRotateStep.cpp
0 src/Game/MapObj/WaterLeakPipe.cpp
0 src/Game/MapObj/WaterPressureBullet.cpp
0 src/Game/MapObj/WaterfallCaveCover.cpp
0 src/Game/MapObj/WaveFloatingForce.cpp
0 src/Game/MapObj/WoodBox.cpp
0 src/Game/MapObj/WormEatenPlanet.cpp
0 src/Game/NPC/Butler.cpp
0 src/Game/NPC/ButlerExplain.cpp
0 src/Game/NPC/ButlerMap.cpp
0 src/Game/NPC/ButlerStateStarPieceReaction.cpp
0 src/Game/NPC/CareTaker.cpp
0 src/Game/NPC/CollectTico.cpp
0 src/Game/NPC/CometEventExecutorTimeLimit.cpp
0 src/Game/NPC/DemoRabbit.cpp
0 src/Game/NPC/HoneyBee.cpp
0 src/Game/NPC/HoneyQueen.cpp
0 src/Game/NPC/Kinopio.cpp
0 src/Game/NPC/KinopioAstro.cpp
0 src/Game/NPC/KoopaJr.cpp
0 src/Game/NPC/LuigiNPC.cpp
0 src/Game/NPC/MiiFaceIconHolder.cpp
0 src/Game/NPC/MiiFacePartsHolder.cpp
0 src/Game/NPC/NPCActor.cpp
0 src/Game/NPC/NPCFunction.cpp
0 src/Game/NPC/Peach.cpp
0 src/Game/NPC/Penguin.cpp
0 src/Game/NPC/PenguinCoach.cpp
0 src/Game/NPC/PenguinMaster.cpp
0 src/Game/NPC/PenguinRacer.cpp
0 src/Game/NPC/PenguinRacerLeader.cpp
0 src/Game/NPC/PenguinSkater.cpp
0 src/Game/NPC/PenguinStudent.cpp
0 src/Game/NPC/Rabbit.cpp
0 src/Game/NPC/RabbitStateCaught.cpp
0 src/Game/NPC/RabbitStateWaitStart.cpp
0 src/Game/NPC/Rosetta.cpp
0 src/Game/NPC/RosettaDemoAstroDome.cpp
0 src/Game/NPC/RosettaDemoEpilogue.cpp
0 src/Game/NPC/RosettaDemoHeavensDoor.cpp
0 src/Game/NPC/RosettaReading.cpp
0 src/Game/NPC/RunawayTico.cpp
0 src/Game/NPC/SignBoard.cpp
0 src/Game/NPC/StrayTico.cpp
0 src/Game/NPC/Syati.cpp
0 src/Game/NPC/TalkBalloon.cpp
0 src/Game/NPC/TalkDirector.cpp
0 src/Game/NPC/TeresaRacer.cpp
0 src/Game/NPC/Tico.cpp
0 src/Game/NPC/TicoComet.cpp
0 src/Game/NPC/TicoDemoGetPower.cpp
0 src/Game/NPC/TicoDomeLecture.cpp
0 src/Game/NPC/TicoFat.cpp
0 src/Game/NPC/TicoRail.cpp
0 src/Game/NPC/TicoReading.cpp
0 src/Game/NPC/TicoShop.cpp
0 src/Game/NPC/TicoStarRing.cpp
0 src/Game/NPC/TrickRabbit.cpp
0 src/Game/NPC/TrickRabbitFreeRun.cpp
0 src/Game/NPC/TrickRabbitSnow.cpp
0 src/Game/NPC/TrickRabbitSnowCollect.cpp
0 src/Game/NWC24/NWC24Messenger.cpp
0 src/Game/NameObj/NameObjAdaptor.cpp
0 src/Game/NameObj/NameObjCategoryList.cpp
0 src/Game/NameObj/NameObjFactory.cpp
0 src/Game/NameObj/NameObjHolder.cpp
0 src/Game/NameObj/NameObjListExecutor.cpp
0 src/Game/Player/DrawAdaptor.cpp
0 src/Game/Player/FireMarioBall.cpp
0 src/Game/Player/GhostPlayer.cpp
0 src/Game/Player/Mario.cpp
0 src/Game/Player/Mario2D.cpp
0 src/Game/Player/MarioAccess.cpp
0 src/Game/Player/MarioActor.cpp
0 src/Game/Player/MarioActorCamera.cpp
0 src/Game/Player/MarioActorDefensiveMsg.cpp
2 src/Game/Player/MarioActorDraw.cpp
0 src/Game/Player/MarioActorEye.cpp
0 src/Game/Player/MarioActorGameOver.cpp
0 src/Game/Player/MarioActorInit.cpp
0 src/Game/Player/MarioActorMatrix.cpp
0 src/Game/Player/MarioActorOffensiveMsg.cpp
0 src/Game/Player/MarioActorPad.cpp
0 src/Game/Player/MarioActorPunch.cpp
0 src/Game/Player/MarioActorRush.cpp
0 src/Game/Player/MarioActorRushMsg.cpp
0 src/Game/Player/MarioActorSensor.cpp
0 src/Game/Player/MarioActorSpecialDraw.cpp
0 src/Game/Player/MarioAnimationEfx.cpp
0 src/Game/Player/MarioAnimator.cpp
0 src/Game/Player/MarioBee.cpp
0 src/Game/Player/MarioBlown.cpp
0 src/Game/Player/MarioDamage.cpp
0 src/Game/Player/MarioDamageFreeze.cpp
0 src/Game/Player/MarioDamageParalyze.cpp
0 src/Game/Player/MarioDamageStun.cpp
0 src/Game/Player/MarioEffect.cpp
0 src/Game/Player/MarioEnforce.cpp
2 src/Game/Player/MarioFaint.cpp
0 src/Game/Player/MarioFlip.cpp
2 src/Game/Player/MarioFoo.cpp
2 src/Game/Player/MarioHang.cpp
0 src/Game/Player/MarioJump.cpp
0 src/Game/Player/MarioMessenger.cpp
0 src/Game/Player/MarioMove25D.cpp
0 src/Game/Player/MarioSearchLight.cpp
0 src/Game/Player/MarioSlider.cpp
0 src/Game/Player/MarioSpecial.cpp
0 src/Game/Player/MarioSpin.cpp
0 src/Game/Player/MarioStick.cpp
0 src/Game/Player/MarioSwim.cpp
0 src/Game/Player/MarioTeresa.cpp
0 src/Game/Player/MarioWait.cpp
2 src/Game/Player/MarioWall.cpp
0 src/Game/Player/MarioWarp.cpp
0 src/Game/Player/MatrixControl.cpp
0 src/Game/Player/PlayerEventAbyss.cpp
0 src/Game/Player/PlayerEventFireDown.cpp
0 src/Game/Player/PlayerEventGhostRaceDown.cpp
0 src/Game/Player/PlayerEventRaceDown.cpp
0 src/Game/Player/TornadoMario.cpp
0 src/Game/RhythmLib/AudBgmTempoAdjuster.cpp
0 src/Game/RhythmLib/AudMePlayer.cpp
0 src/Game/RhythmLib/AudMeSeqCtrl.cpp
0 src/Game/RhythmLib/AudMeSeqParser.cpp
0 src/Game/RhythmLib/AudMeSeqReader.cpp
0 src/Game/RhythmLib/AudMeTrack.cpp
0 src/Game/RhythmLib/AudMeTrackCallback.cpp
0 src/Game/RhythmLib/AudRhythmHolder.cpp
0 src/Game/RhythmLib/AudRhythmMeSystem.cpp
0 src/Game/RhythmLib/AudRhythmSeqParser.cpp
0 src/Game/Ride/BigBubble.cpp
0 src/Game/Ride/Creeper.cpp
0 src/Game/Ride/Fluff.cpp
0 src/Game/Ride/FluffWind.cpp
0 src/Game/Ride/JumpBranch.cpp
0 src/Game/Ride/Plant.cpp
0 src/Game/Ride/PlantLeaf.cpp
0 src/Game/Ride/PlantStalk.cpp
0 src/Game/Ride/Pole.cpp
0 src/Game/Ride/SledRopePoint.cpp
0 src/Game/Ride/SlingShooter.cpp
0 src/Game/Ride/SpaceCocoon.cpp
0 src/Game/Ride/SphereAccelSensorController.cpp
0 src/Game/Ride/SurfRay.cpp
0 src/Game/Ride/SurfRayTutorial.cpp
0 src/Game/Ride/SwingRope.cpp
0 src/Game/Ride/SwingRopePoint.cpp
0 src/Game/Ride/Tamakoro.cpp
0 src/Game/Ride/TamakoroTutorial.cpp
0 src/Game/Ride/Trapeze.cpp
0 src/Game/Scene/GameScene.cpp
0 src/Game/Scene/GameScenePauseControl.cpp
0 src/Game/Scene/GameSceneScenarioOpeningCameraState.cpp
0 src/Game/Scene/LogoScene.cpp
0 src/Game/Scene/MultiSceneEffectKeeper.cpp
0 src/Game/Scene/PlacementInfoOrdered.cpp
0 src/Game/Scene/PlayTimerScene.cpp
0 src/Game/Scene/ScenarioSelectScene.cpp
0 src/Game/Scene/SceneFactory.cpp
0 src/Game/Scene/SceneNameObjMovementController.cpp
0 src/Game/Scene/StageDataHolder.cpp
0 src/Game/Scene/StopSceneController.cpp
0 src/Game/Screen/BatteryInfo.cpp
0 src/Game/Screen/BombTimerLayout.cpp
0 src/Game/Screen/BrosButton.cpp
0 src/Game/Screen/ButtonPaneController.cpp
0 src/Game/Screen/CameraInfo.cpp
0 src/Game/Screen/CaptureScreenDirector.cpp
0 src/Game/Screen/CenterScreenBlur.cpp
0 src/Game/Screen/CinemaFrame.cpp
0 src/Game/Screen/CoinCounter.cpp
0 src/Game/Screen/CometRetryButton.cpp
0 src/Game/Screen/CounterLayoutAppearer.cpp
0 src/Game/Screen/CounterLayoutController.cpp
0 src/Game/Screen/CustomTagProcessor.cpp
0 src/Game/Screen/EncouragePal60Window.cpp
0 src/Game/Screen/ErrorMessageWindow.cpp
0 src/Game/Screen/FileSelectButton.cpp
0 src/Game/Screen/FileSelectInfo.cpp
0 src/Game/Screen/FileSelectNumber.cpp
0 src/Game/Screen/FullnessMeter.cpp
0 src/Game/Screen/GalaxyCometScreenFilter.cpp
0 src/Game/Screen/GalaxyConfirmLayout.cpp
0 src/Game/Screen/GalaxyInfoLayoutSetter.cpp
0 src/Game/Screen/GalaxyMap.cpp
0 src/Game/Screen/GalaxyMapController.cpp
0 src/Game/Screen/GalaxyMapGalaxyDetail.cpp
0 src/Game/Screen/GalaxyMapGalaxyPlain.cpp
0 src/Game/Screen/GalaxyMapSelectButton.cpp
0 src/Game/Screen/GalaxyMapTitle.cpp
0 src/Game/Screen/GalaxyNamePlate.cpp
0 src/Game/Screen/GalaxyNamePlateDrawer.cpp
0 src/Game/Screen/GalaxySelectBackButton.cpp
0 src/Game/Screen/GalaxySelectInfo.cpp
0 src/Game/Screen/GamePauseSequence.cpp
0 src/Game/Screen/GameStageClearSequence.cpp
0 src/Game/Screen/HomeButtonLayout.cpp
0 src/Game/Screen/IconAButton.cpp
0 src/Game/Screen/IconComet.cpp
0 src/Game/Screen/ImageEffectLocalUtil.cpp
0 src/Game/Screen/InformationMessage.cpp
0 src/Game/Screen/InformationObserver.cpp
0 src/Game/Screen/LayoutActor.cpp
0 src/Game/Screen/LayoutCoreUtil.cpp
0 src/Game/Screen/LayoutGroupCtrl.cpp
0 src/Game/Screen/LayoutManager.cpp
0 src/Game/Screen/LensFlare.cpp
0 src/Game/Screen/LogoFader.cpp
0 src/Game/Screen/LuigiLetter.cpp
0 src/Game/Screen/Manual2P.cpp
0 src/Game/Screen/MeterLayout.cpp
0 src/Game/Screen/MiiConfirmIcon.cpp
0 src/Game/Screen/MiiSelect.cpp
0 src/Game/Screen/MiiSelectIcon.cpp
0 src/Game/Screen/MissLayout.cpp
0 src/Game/Screen/MoviePlayerSimple.cpp
0 src/Game/Screen/MoviePlayingSequence.cpp
0 src/Game/Screen/MovieStarter.cpp
0 src/Game/Screen/MovieSubtitles.cpp
0 src/Game/Screen/NoteCounter.cpp
0 src/Game/Screen/OdhConverter.cpp
0 src/Game/Screen/OneUpBoard.cpp
0 src/Game/Screen/PaneEffectKeeper.cpp
0 src/Game/Screen/PauseMenu.cpp
0 src/Game/Screen/PeachLetter.cpp
0 src/Game/Screen/PictureBookCloseButton.cpp
0 src/Game/Screen/PictureBookLayout.cpp
0 src/Game/Screen/PlayerActionGuidance.cpp
0 src/Game/Screen/PlayerLeft.cpp
0 src/Game/Screen/PlayerMissLeft.cpp
0 src/Game/Screen/PowerStarList.cpp
0 src/Game/Screen/PrologueLetter.cpp
0 src/Game/Screen/ProloguePictureBook.cpp
0 src/Game/Screen/PurpleCoinCounter.cpp
0 src/Game/Screen/ReplaceTagProcessor.cpp
0 src/Game/Screen/ScenarioSelectLayout.cpp
0 src/Game/Screen/ScenarioTitle.cpp
0 src/Game/Screen/SimpleLayout.cpp
0 src/Game/Screen/StaffRoll.cpp
0 src/Game/Screen/StageResultInformer.cpp
0 src/Game/Screen/StarCounter.cpp
0 src/Game/Screen/StarPieceCounter.cpp
0 src/Game/Screen/StarPointerCommandStream.cpp
0 src/Game/Screen/StarPointerGuidance.cpp
0 src/Game/Screen/StarPointerLayout.cpp
0 src/Game/Screen/SuddenDeathMeter.cpp
0 src/Game/Screen/SurfingGuidance.cpp
0 src/Game/Screen/SysInfoWindow.cpp
0 src/Game/Screen/THPSimplePlayerWrapper.cpp
0 src/Game/Screen/TimeLimitLayout.cpp
0 src/Game/Screen/TitleSequenceProduct.cpp
0 src/Game/Screen/WaterCameraFilter.cpp
0 src/Game/Screen/WipeGameOver.cpp
0 src/Game/Screen/WipeKoopa.cpp
0 src/Game/Screen/WipeRing.cpp
0 src/Game/Screen/YesNoController.cpp
0 src/Game/Screen/YesNoLayout.cpp
0 src/Game/Screen/odh.cpp
0 src/Game/System/AudSystemWrapper.cpp
0 src/Game/System/DrawBufferHolder.cpp
0 src/Game/System/GalaxyCometState.cpp
0 src/Game/System/GameEventFlagChecker.cpp
0 src/Game/System/GameEventFlagTable.cpp
0 src/Game/System/GameSequenceDirector.cpp
0 src/Game/System/GameSequenceProgress.cpp
0 src/Game/System/GameSystem.cpp
0 src/Game/System/GameSystemErrorWatcher.cpp
0 src/Game/System/GameSystemResetAndPowerProcess.cpp
0 src/Game/System/GameSystemSceneController.cpp
0 src/Game/System/GameSystemStationedArchiveLoader.cpp
0 src/Game/System/LayoutHolder.cpp
0 src/Game/System/NANDErrorSequence.cpp
0 src/Game/System/ResourceHolderManager.cpp
0 src/Game/System/SaveDataBannerCreator.cpp
0 src/Game/System/SaveDataFileAccessor.cpp
0 src/Game/System/SaveDataHandleSequence.cpp
0 src/Game/System/SaveDataHandler.cpp
0 src/Game/System/StationedArchiveLoader.cpp
0 src/Game/System/StationedFileInfo.cpp
0 src/Game/System/StorySequenceExecutor.cpp
0 src/Game/System/WPad.cpp
0 src/Game/System/WPadHVSwing.cpp
0 src/Game/Util/ActorMovementUtil.cpp
0 src/Game/Util/AreaObjUtil.cpp
0 src/Game/Util/BaseMatrixFollowTargetHolder.cpp
0 src/Game/Util/DirectDraw.cpp
0 src/Game/Util/FootPrint.cpp
0 src/Game/Util/FurCtrl.cpp
0 src/Game/Util/FurDrawer.cpp
0 src/Game/Util/FurMulti.cpp
0 src/Game/Util/FurShader.cpp
0 src/Game/Util/GeometryBindUtil.cpp
0 src/Game/Util/IKJoint.cpp
0 src/Game/Util/JointController.cpp
0 src/Game/Util/JointRumbler.cpp
0 src/Game/Util/JointUtil.cpp
0 src/Game/Util/LayoutUtil.cpp
0 src/Game/Util/LightUtil.cpp
0 src/Game/Util/LiveActorUtil.cpp
0 src/Game/Util/MapPartsUtil.cpp
0 src/Game/Util/MapUtil.cpp
0 src/Game/Util/MathUtil.cpp
0 src/Game/Util/MemoryUtil.cpp
0 src/Game/Util/ModelUtil.cpp
0 src/Game/Util/MtxUtil.cpp
2 src/Game/Util/NPCUtil.cpp
0 src/Game/Util/ObjUtil.cpp
0 src/Game/Util/RailGraphUtil.cpp
0 src/Game/Util/SceneUtil.cpp
0 src/Game/Util/StringUtil.cpp
0 src/Game/Util/TalkUtil.cpp
0 src/Game/Util/TriangleFilter.cpp
PASS 866 TOTAL 875
