0 src/Game/Demo/DemoExecutorFunction.cpp
0 src/Game/Demo/DemoSoundKeeper.cpp
0 src/Game/Demo/StarReturnDemoStarter.cpp
0 src/Game/Demo/DemoSimpleCastHolder.cpp
0 src/Game/Demo/DemoCameraFunction.cpp
0 src/Game/Demo/DemoStartRequestHolder.cpp
0 src/Game/Demo/DemoCtrlBase.cpp
0 src/Game/Demo/DemoParamCommonDataTable.cpp
0 src/Game/Demo/DemoCastGroupHolder.cpp
0 src/Game/Demo/DemoPlayerKeeper.cpp
0 src/Game/Demo/AstroDomeDemoStarter.cpp
0 src/Game/Demo/AstroDemoFunction.cpp
0 src/Game/Demo/DemoCameraKeeper.cpp
0 src/Game/Demo/DemoTalkAnimCtrl.cpp
0 src/Game/Demo/DemoCastGroup.cpp
0 src/Game/Demo/DemoDirector.cpp
0 src/Game/Demo/DemoExecutor.cpp
0 src/Game/Demo/DemoPadRumbler.cpp
0 src/Game/Demo/DemoWipeKeeper.cpp
0 src/Game/Demo/DemoKoopaJrShip.cpp
0 src/Game/Demo/DemoSubPartKeeper.cpp
0 src/Game/Demo/ReturnDemoRailMove.cpp
0 src/Game/Demo/PrologueDirector.cpp
0 src/Game/Demo/ScenarioStarter.cpp
0 src/Game/Demo/DemoStartRequestUtil.cpp
0 src/Game/Demo/DemoActionKeeper.cpp
0 src/Game/Demo/DemoPositionController.cpp
0 src/Game/Demo/DemoCastSubGroup.cpp
0 src/Game/Demo/GrandStarReturnDemoStarter.cpp
0 src/Game/Demo/DemoTimeKeeper.cpp
0 src/Game/Demo/DemoFunction.cpp
0 src/Game/AudioLib/AudWrap.cpp
0 src/Game/AudioLib/AudTrackController.cpp
0 src/Game/AudioLib/AudBgmRhythmStrategy.cpp
0 src/Game/AudioLib/AudSoundObjHolder.cpp
0 src/Game/AudioLib/AudSoundObject.cpp
0 src/Game/AudioLib/AudBgmVolumeController.cpp
0 src/Game/AudioLib/AudBgmMgr.cpp
0 src/Game/AudioLib/AudLimitedSound.cpp
0 src/Game/AudioLib/OverwriteJAudio.cpp
0 src/Game/AudioLib/AudAnmSoundObject.cpp
0 src/Game/AudioLib/AudRemixMgr.cpp
0 src/Game/AudioLib/AudAudience.cpp
0 src/Game/AudioLib/AudUtil.cpp
0 src/Game/AudioLib/AudMicWrap.cpp
0 src/Game/AudioLib/AudSoundNameConverter.cpp
0 src/Game/AudioLib/AudSceneMgr.cpp
0 src/Game/AudioLib/CSSoundNameConverter.cpp
0 src/Game/AudioLib/AudSoundObject_Takezawa.cpp
0 src/Game/AudioLib/AudSoundInfo.cpp
0 src/Game/AudioLib/AudRemixSequencer.cpp
0 src/Game/AudioLib/AudMeNameConverter.cpp
0 src/Game/AudioLib/AudParams.cpp
0 src/Game/AudioLib/AudSoundObject_Gohara.cpp
0 src/Game/AudioLib/AudEffector.cpp
0 src/Game/AudioLib/AudFader.cpp
0 src/Game/AudioLib/AudSpeakerWrap.cpp
0 src/Game/AudioLib/AudBgm.cpp
0 src/Game/AudioLib/AudBgmSetting.cpp
0 src/Game/AudioLib/AudSoundObject_Kawamura.cpp
0 src/Game/AudioLib/AudSeStrategy.cpp
0 src/Game/AudioLib/AudSystemVolumeController.cpp
0 src/Game/AudioLib/AudBgmKeeper.cpp
0 src/Game/AudioLib/AudSystem.cpp
0 src/Game/Gravity/PlanetGravity.cpp
0 src/Game/Gravity/ParallelGravity.cpp
0 src/Game/Gravity/GlobalGravityObj.cpp
0 src/Game/Gravity/PlanetGravityManager.cpp
0 src/Game/Gravity/CubeGravity.cpp
0 src/Game/Gravity/DiskTorusGravity.cpp
0 src/Game/Gravity/WireGravity.cpp
0 src/Game/Gravity/SegmentGravity.cpp
0 src/Game/Gravity/GravityCreator.cpp
0 src/Game/Gravity/GraviryFollower.cpp
0 src/Game/Gravity/PointGravity.cpp
0 src/Game/Gravity/DiskGravity.cpp
0 src/Game/Gravity/GravityInfo.cpp
0 src/Game/Gravity/ConeGravity.cpp
0 src/Game/RhythmLib/AudRhythmHolder.cpp
0 src/Game/RhythmLib/AudMePlayer.cpp
0 src/Game/RhythmLib/AudBgmTempoAdjuster.cpp
0 src/Game/RhythmLib/AudMeChannelMgr.cpp
0 src/Game/RhythmLib/AudMeSeqCtrl.cpp
0 src/Game/RhythmLib/AudMeTrack.cpp
0 src/Game/RhythmLib/AudMeObject.cpp
0 src/Game/RhythmLib/AudMeHandles.cpp
0 src/Game/RhythmLib/AudChordInfo.cpp
0 src/Game/RhythmLib/AudMeSeqReader.cpp
0 src/Game/RhythmLib/AudMeTrackCallback.cpp
0 src/Game/RhythmLib/AudRhythmWrap.cpp
0 src/Game/RhythmLib/AudRhythmMeSystem.cpp
0 src/Game/RhythmLib/AudRhythmSeqParser.cpp
0 src/Game/RhythmLib/AudMeSeqParser.cpp
0 src/Game/GameAudio/AudSeKeeper.cpp
0 src/Game/GameAudio/AudCameraWatcher.cpp
0 src/Game/GameAudio/AudTamakoroBgmCtrl.cpp
0 src/Game/GameAudio/AudStageBgmTable.cpp
0 src/Game/GameAudio/AudBgmConductor.cpp
0 src/Game/GameAudio/AudEffectDirector.cpp
0 src/Game/GameAudio/AudTalkSoundData.cpp
0 src/Game/GameAudio/AudStageBgmWrap.cpp
0 src/Game/Util/PlayerUtil.cpp
0 src/Game/Util/LayoutUtil.cpp
0 src/Game/Util/GamePadUtil.cpp
0 src/Game/Util/BothDirList.cpp
0 src/Game/Util/EffectUtil.cpp
0 src/Game/Util/SpringValue.cpp
0 src/Game/Util/MapUtil.cpp
0 src/Game/Util/TalkUtil.cpp
0 src/Game/Util/FurShader.cpp
0 src/Game/Util/JMapIdInfo.cpp
0 src/Game/Util/MtxUtil.cpp
0 src/Game/Util/NerveUtil.cpp
0 src/Game/Util/GravityUtil.cpp
0 src/Game/Util/ActorMovementUtil.cpp
0 src/Game/Util/ScreenUtil.cpp
0 src/Game/Util/BaseMatrixFollowTargetHolder.cpp
0 src/Game/Util/PostureHolder.cpp
0 src/Game/Util/FixedPosition.cpp
0 src/Game/Util/GeometryBindUtil.cpp
0 src/Game/Util/ShareUtil.cpp
0 src/Game/Util/HashUtil.cpp
0 src/Game/Util/SystemUtil.cpp
0 src/Game/Util/SwitchEventFunctorListener.cpp
0 src/Game/Util/ActorShadowUtil.cpp
0 src/Game/Util/RumbleCalculator.cpp
0 src/Game/Util/RailGraphUtil.cpp
0 src/Game/Util/MathUtil.cpp
0 src/Game/Util/JMapInfo.cpp
0 src/Game/Util/StarPointerUtil.cpp
0 src/Game/Util/JointController.cpp
0 src/Game/Util/MemoryUtil.cpp
0 src/Game/Util/ActorStateUtil.cpp
0 src/Game/Util/OctahedronBezierSurface.cpp
0 src/Game/Util/RailUtil.cpp
0 src/Game/Util/DirectDrawUtil.cpp
0 src/Game/Util/BezierSurface.cpp
0 src/Game/Util/DemoUtil.cpp
0 src/Game/Util/FurCtrl.cpp
0 src/Game/Util/FurMulti.cpp
0 src/Game/Util/NPCUtil.cpp
0 src/Game/Util/TriangleFilter.cpp
0 src/Game/Util/IKJoint.cpp
0 src/Game/Util/ObjUtil.cpp
0 src/Game/Util/ActorSwitchUtil.cpp
0 src/Game/Util/ModelUtil.cpp
0 src/Game/Util/LightUtil.cpp
0 src/Game/Util/BitArray.cpp
0 src/Game/Util/LiveActorUtil.cpp
0 src/Game/Util/SchedulerUtil.cpp
0 src/Game/Util/DrawUtil.cpp
0 src/Game/Util/MultiEventCamera.cpp
0 src/Game/Util/SequenceUtil.cpp
0 src/Game/Util/JointRumbler.cpp
0 src/Game/Util/TriggerChecker.cpp
0 src/Game/Util/JMapUtil.cpp
0 src/Game/Util/DirectDraw.cpp
0 src/Game/Util/JointUtil.cpp
0 src/Game/Util/SoundUtil.cpp
0 src/Game/Util/EventUtil.cpp
0 src/Game/Util/ValueControl.cpp
0 src/Game/Util/StringUtil.cpp
0 src/Game/Util/SceneUtil.cpp
0 src/Game/Util/ActorCameraUtil.cpp
0 src/Game/Util/FileUtil.cpp
0 src/Game/Util/MapPartsUtil.cpp
0 src/Game/Util/MessageUtil.cpp
0 src/Game/Util/ActorSensorUtil.cpp
0 src/Game/Util/ActorShadowLocalUtil.cpp
0 src/Game/Util/CameraUtil.cpp
0 src/Game/Util/CollisionPartsFilter.cpp
0 src/Game/Util/AreaObjUtil.cpp
0 src/Game/Util/ParabolicPath.cpp
0 src/Game/Util/FurDrawer.cpp
0 src/Game/Util/JMapLinkInfo.cpp
0 src/Game/Util/FootPrint.cpp
0 src/Game/Speaker/SpkWave.cpp
0 src/Game/Speaker/SpkTable.cpp
0 src/Game/Speaker/SpkData.cpp
0 src/Game/Speaker/SpkSpeakerCtrl.cpp
0 src/Game/Speaker/SpkMixingBuffer.cpp
0 src/Game/Speaker/SpkSound.cpp
0 src/Game/Speaker/SpkSystem.cpp
0 src/Game/NWC24/LuigiMailDirector.cpp
0 src/Game/NWC24/NWC24SendThread.cpp
0 src/Game/NWC24/NWC24Function.cpp
0 src/Game/NWC24/ReceiverTagMail.cpp
0 src/Game/NWC24/UTF16Util.cpp
0 src/Game/NWC24/NWC24System.cpp
0 src/Game/NWC24/NWC24Messenger.cpp
0 src/Game/Camera/CameraMedianTower.cpp
0 src/Game/Camera/CameraShakeTask.cpp
0 src/Game/Camera/CameraParamChunkID.cpp
0 src/Game/Camera/CamTranslatorFooFighterPlanet.cpp
0 src/Game/Camera/CameraViewInterpolator.cpp
0 src/Game/Camera/CamTranslatorGround.cpp
0 src/Game/Camera/CamTranslatorDead.cpp
0 src/Game/Camera/CamTranslatorBehind.cpp
0 src/Game/Camera/CameraHolder.cpp
0 src/Game/Camera/CameraTripodBossJoint.cpp
0 src/Game/Camera/CameraTalk.cpp
0 src/Game/Camera/CamKarikariEffector.cpp
0 src/Game/Camera/CameraCharmedVecRegTower.cpp
0 src/Game/Camera/CameraRegisterHolder.cpp
0 src/Game/Camera/CamPoseSphereInterpolator.cpp
0 src/Game/Camera/CamTranslatorFixedThere.cpp
0 src/Game/Camera/CameraContext.cpp
0 src/Game/Camera/CamTranslatorTower.cpp
0 src/Game/Camera/CameraRaceFollow.cpp
0 src/Game/Camera/CameraDPD.cpp
0 src/Game/Camera/CameraPolygonCodeUtil.cpp
0 src/Game/Camera/CamTranslatorWaterPlanet.cpp
0 src/Game/Camera/CamTranslatorInwardTower.cpp
0 src/Game/Camera/CamTranslatorTripodBossJoint.cpp
0 src/Game/Camera/CameraMedianPlanet.cpp
0 src/Game/Camera/CamTranslatorCharmedVecReg.cpp
0 src/Game/Camera/CameraCharmedVecReg.cpp
0 src/Game/Camera/CamTranslatorInwardSphere.cpp
0 src/Game/Camera/CamTranslatorWonderPlanet.cpp
0 src/Game/Camera/CameraTwistedPassage.cpp
0 src/Game/Camera/CameraCharmedFix.cpp
0 src/Game/Camera/CameraManEvent.cpp
0 src/Game/Camera/CamTranslatorWaterFollow.cpp
0 src/Game/Camera/CameraTowerBase.cpp
0 src/Game/Camera/Camera.cpp
0 src/Game/Camera/DotCamParams.cpp
0 src/Game/Camera/CamTranslatorAnim.cpp
0 src/Game/Camera/CamTranslatorFix.cpp
0 src/Game/Camera/CameraCharmedTripodBoss.cpp
0 src/Game/Camera/CameraLocalUtil.cpp
0 src/Game/Camera/CamTranslatorSpiral.cpp
0 src/Game/Camera/CameraMtxRegParallel.cpp
0 src/Game/Camera/CamTranslatorMedianTower.cpp
0 src/Game/Camera/CameraWonderPlanet.cpp
0 src/Game/Camera/CamTranslatorTowerPos.cpp
0 src/Game/Camera/CameraTowerPos.cpp
0 src/Game/Camera/CameraShaker.cpp
0 src/Game/Camera/CameraFooFighterPlanet.cpp
0 src/Game/Camera/CamTranslatorMedianPlanet.cpp
0 src/Game/Camera/CameraTripodBoss.cpp
0 src/Game/Camera/CameraTargetObj.cpp
0 src/Game/Camera/CameraTestObj.cpp
0 src/Game/Camera/CameraInwardSphere.cpp
0 src/Game/Camera/CameraInwardTower.cpp
0 src/Game/Camera/CameraParamString.cpp
0 src/Game/Camera/CameraParamChunk.cpp
0 src/Game/Camera/CamTranslatorTrundle.cpp
0 src/Game/Camera/CameraWaterPlanet.cpp
0 src/Game/Camera/CamTranslatorRailFollow.cpp
0 src/Game/Camera/CameraBlackHole.cpp
0 src/Game/Camera/CameraFooFighter.cpp
0 src/Game/Camera/CameraRotChecker.cpp
0 src/Game/Camera/CamTranslatorFixedPoint.cpp
0 src/Game/Camera/CameraCalc.cpp
0 src/Game/Camera/CameraWaterFollow.cpp
0 src/Game/Camera/CamTranslatorSlide.cpp
0 src/Game/Camera/CamTranslatorBlackHole.cpp
0 src/Game/Camera/CamTranslatorCubePlanet.cpp
0 src/Game/Camera/GameCameraCreator.cpp
0 src/Game/Camera/CameraFollow.cpp
0 src/Game/Camera/CameraDead.cpp
0 src/Game/Camera/CameraWaterPlanetBoss.cpp
0 src/Game/Camera/CameraTargetMtx.cpp
0 src/Game/Camera/CamTranslatorMtxRegParallel.cpp
0 src/Game/Camera/CameraManSubjective.cpp
0 src/Game/Camera/CameraShakePatternImpl.cpp
0 src/Game/Camera/CamTranslatorCharmedFix.cpp
0 src/Game/Camera/CamTranslatorCharmedTripodBoss.cpp
0 src/Game/Camera/CameraDirector.cpp
0 src/Game/Camera/CamTranslatorTalk.cpp
0 src/Game/Camera/CamTranslatorFollow.cpp
0 src/Game/Camera/CameraTargetHolder.cpp
0 src/Game/Camera/CamTranslatorDPD.cpp
0 src/Game/Camera/CameraSpiral.cpp
0 src/Game/Camera/CameraHeightArrange.cpp
0 src/Game/Camera/CamTranslatorRailDemo.cpp
0 src/Game/Camera/CamTranslatorWaterPlanetBoss.cpp
0 src/Game/Camera/CameraObjParallel.cpp
0 src/Game/Camera/CameraParallel.cpp
0 src/Game/Camera/CamTranslatorParallel.cpp
0 src/Game/Camera/CamTranslatorTripodPlanet.cpp
0 src/Game/Camera/CameraAnim.cpp
0 src/Game/Camera/CamTranslatorFrontAndBack.cpp
0 src/Game/Camera/CameraPoseParam.cpp
0 src/Game/Camera/CameraRailHolder.cpp
0 src/Game/Camera/CameraRailDemo.cpp
0 src/Game/Camera/CameraSlide.cpp
0 src/Game/Camera/CameraManPause.cpp
0 src/Game/Camera/CameraFixedThere.cpp
0 src/Game/Camera/CamTranslatorRaceFollow.cpp
0 src/Game/Camera/CameraParamChunkHolder.cpp
0 src/Game/Camera/CameraFrontAndBack.cpp
0 src/Game/Camera/CameraFix.cpp
0 src/Game/Camera/CameraRailFollow.cpp
0 src/Game/Camera/CameraTripodPlanet.cpp
0 src/Game/Camera/CameraSubjective.cpp
0 src/Game/Camera/CameraMan.cpp
0 src/Game/Camera/CamTranslatorFooFighter.cpp
0 src/Game/Camera/CameraFixedPoint.cpp
0 src/Game/Camera/CamTranslatorCharmedVecRegTower.cpp
0 src/Game/Camera/CameraTower.cpp
0 src/Game/Camera/CameraManGame.cpp
0 src/Game/Camera/CameraCubePlanet.cpp
0 src/Game/Camera/CameraCover.cpp
0 src/Game/Camera/CameraTrundle.cpp
0 src/Game/Camera/CamTranslatorObjParallel.cpp
0 src/Game/Camera/CameraTargetArg.cpp
0 src/Game/Camera/CameraGround.cpp
0 src/Game/Camera/CameraBehind.cpp
0 src/Game/Camera/CamHeliEffector.cpp
0 src/Game/Camera/CamTranslatorRailWatch.cpp
0 src/Game/Camera/OnlyCamera.cpp
0 src/Game/Camera/CamTranslatorTripodBoss.cpp
0 src/Game/Camera/CameraRailWatch.cpp
0 src/Game/Camera/CamTranslatorInnerCylinder.cpp
0 src/Game/Camera/CameraInnerCylinder.cpp
0 src/Game/Camera/CamTranslatorTwistedPassage.cpp
0 src/Game/LiveActor/MirrorActor.cpp
0 src/Game/LiveActor/ClippingActorHolder.cpp
0 src/Game/LiveActor/ActorLightCtrl.cpp
0 src/Game/LiveActor/IKJointCtrl.cpp
0 src/Game/LiveActor/ShadowSurfaceBox.cpp
0 src/Game/LiveActor/ActorAnimKeeper.cpp
0 src/Game/LiveActor/ActorStateBase.cpp
0 src/Game/LiveActor/ActiveActorList.cpp
0 src/Game/LiveActor/ActorCameraInfo.cpp
0 src/Game/LiveActor/ShadowVolumeCylinder.cpp
0 src/Game/LiveActor/ActorPadAndCameraCtrl.cpp
0 src/Game/LiveActor/SensorHitChecker.cpp
0 src/Game/LiveActor/ShadowVolumeOval.cpp
0 src/Game/LiveActor/Spine.cpp
0 src/Game/LiveActor/Binder.cpp
0 src/Game/LiveActor/ShadowVolumeSphere.cpp
0 src/Game/LiveActor/ShadowDrawer.cpp
0 src/Game/LiveActor/ClippingJudge.cpp
0 src/Game/LiveActor/MaterialCtrl.cpp
0 src/Game/LiveActor/ClippingDirector.cpp
0 src/Game/LiveActor/ActorJointCtrl.cpp
0 src/Game/LiveActor/LiveActorGroup.cpp
0 src/Game/LiveActor/LodCtrl.cpp
0 src/Game/LiveActor/SpotMarkLight.cpp
0 src/Game/LiveActor/MirrorCamera.cpp
0 src/Game/LiveActor/ShadowSurfaceDrawer.cpp
0 src/Game/LiveActor/ShadowSurfaceOval.cpp
0 src/Game/LiveActor/DisplayListMaker.cpp
0 src/Game/LiveActor/HitSensor.cpp
0 src/Game/LiveActor/ModelObj.cpp
0 src/Game/LiveActor/FlashingCtrl.cpp
0 src/Game/LiveActor/ShadowVolumeFlatModel.cpp
0 src/Game/LiveActor/ShadowVolumeDrawer.cpp
0 src/Game/LiveActor/LiveActorFlag.cpp
0 src/Game/LiveActor/ShadowSurfaceCircle.cpp
0 src/Game/LiveActor/HitSensorKeeper.cpp
0 src/Game/LiveActor/HitSensorInfo.cpp
0 src/Game/LiveActor/FaceJointCtrl.cpp
0 src/Game/LiveActor/DynamicJointCtrl.cpp
0 src/Game/LiveActor/Nerve.cpp
0 src/Game/LiveActor/ActorStateKeeper.cpp
0 src/Game/LiveActor/RailRider.cpp
0 src/Game/LiveActor/AnimationRandomPlayer.cpp
0 src/Game/LiveActor/EffectKeeper.cpp
0 src/Game/LiveActor/ShadowController.cpp
0 src/Game/LiveActor/ShadowVolumeLine.cpp
0 src/Game/LiveActor/ViewGroupCtrl.cpp
0 src/Game/LiveActor/SimpleJ3DModelDrawer.cpp
0 src/Game/LiveActor/ShadowVolumeBox.cpp
0 src/Game/LiveActor/LiveActorGroupArray.cpp
0 src/Game/LiveActor/ShadowVolumeOvalPole.cpp
0 src/Game/LiveActor/MessageSensorHolder.cpp
0 src/Game/LiveActor/LiveActor.cpp
0 src/Game/LiveActor/ClippingGroupHolder.cpp
0 src/Game/LiveActor/PartsModel.cpp
0 src/Game/LiveActor/VolumeModelDrawer.cpp
0 src/Game/LiveActor/AllLiveActorGroup.cpp
0 src/Game/LiveActor/ShadowVolumeModel.cpp
0 src/Game/LiveActor/ModelManager.cpp
0 src/Game/LiveActor/ClippingActorInfo.cpp
0 src/Game/LiveActor/MirrorReflectionModel.cpp
0 src/Game/Ride/SpherePadController.cpp
0 src/Game/Ride/Creeper.cpp
0 src/Game/Ride/SurfRay.cpp
0 src/Game/Ride/SpaceCocoon.cpp
0 src/Game/Ride/SledRopePoint.cpp
0 src/Game/Ride/BigBubble.cpp
0 src/Game/Ride/FluffWind.cpp
0 src/Game/Ride/SphereAccelSensorController.cpp
0 src/Game/Ride/Trapeze.cpp
0 src/Game/Ride/SlingShooter.cpp
0 src/Game/Ride/PlantLeaf.cpp
0 src/Game/Ride/Pole.cpp
0 src/Game/Ride/Fluff.cpp
0 src/Game/Ride/SwingRope.cpp
0 src/Game/Ride/SwingRopePoint.cpp
0 src/Game/Ride/PlantStalk.cpp
0 src/Game/Ride/TamakoroTutorial.cpp
0 src/Game/Ride/Tamakoro.cpp
0 src/Game/Ride/SurfRayTutorial.cpp
0 src/Game/Ride/Plant.cpp
0 src/Game/Ride/SphereController.cpp
0 src/Game/Ride/JumpBranch.cpp
0 src/Game/Effect/EffectSystem.cpp
0 src/Game/Effect/SingleEmitter.cpp
0 src/Game/Effect/SyncBckEffectInfo.cpp
0 src/Game/Effect/RandomEffectObj.cpp
0 src/Game/Effect/MultiEmitterAccess.cpp
0 src/Game/Effect/MultiEmitterParticleCallBack.cpp
0 src/Game/Effect/MultiEmitter.cpp
0 src/Game/Effect/SimpleEffectObj.cpp
0 src/Game/Effect/EffectSystemUtil.cpp
0 src/Game/Effect/EffectObjGravityDust.cpp
0 src/Game/Effect/AstroEffectObj.cpp
0 src/Game/Effect/SyncBckEffectChecker.cpp
0 src/Game/Effect/ParticleDrawExecutor.cpp
0 src/Game/Effect/AutoEffectInfo.cpp
0 src/Game/Effect/AutoEffectGroupHolder.cpp
0 src/Game/Effect/ParticleCalcExecutor.cpp
0 src/Game/Effect/ParticleEmitter.cpp
0 src/Game/Effect/SpinPullParticleCallBack.cpp
0 src/Game/Effect/ParticleEmitterHolder.cpp
0 src/Game/Effect/AutoEffectGroup.cpp
0 src/Game/Effect/ParticleResourceHolder.cpp
0 src/Game/Effect/MultiEmitterCallBack.cpp
0 src/Game/Animation/BvaPlayer.cpp
0 src/Game/Animation/BtkPlayer.cpp
0 src/Game/Animation/MaterialAnmBuffer.cpp
0 src/Game/Animation/XanimeCore.cpp
0 src/Game/Animation/BckCtrl.cpp
0 src/Game/Animation/BpkPlayer.cpp
0 src/Game/Animation/XanimePlayer.cpp
0 src/Game/Animation/BtpPlayer.cpp
0 src/Game/Animation/BrkPlayer.cpp
0 src/Game/Animation/LayoutAnmPlayer.cpp
0 src/Game/Animation/XanimeResource.cpp
0 src/Game/Animation/AnmPlayer.cpp
0 src/Game/Boss/PoltaActionBase.cpp
0 src/Game/Boss/TripodBossRailMoveParts.cpp
0 src/Game/Boss/BossKameck.cpp
0 src/Game/Boss/KoopaBattleVs3Lv2.cpp
0 src/Game/Boss/BossStinkBugActionBase.cpp
0 src/Game/Boss/PoltaStateStagger.cpp
0 src/Game/Boss/Dodoryu.cpp
0 src/Game/Boss/DinoPackunBattleVs1Lv2.cpp
0 src/Game/Boss/BossStinkBugFunction.cpp
0 src/Game/Boss/DinoPackunTailNode.cpp
0 src/Game/Boss/KoopaStateAttackHipDrop.cpp
0 src/Game/Boss/SkeletalFishJointCalc.cpp
0 src/Game/Boss/TombSpider.cpp
0 src/Game/Boss/BossKameckMoveRail.cpp
0 src/Game/Boss/KoopaBattleVs3Lv1.cpp
0 src/Game/Boss/DinoPackunBattleVs1Lv1.cpp
0 src/Game/Boss/BossStinkBugFinishDemo.cpp
0 src/Game/Boss/TripodBossStepStartArea.cpp
0 src/Game/Boss/PoltaRock.cpp
0 src/Game/Boss/KoopaFunction.cpp
0 src/Game/Boss/KoopaSequencerVs2.cpp
0 src/Game/Boss/KoopaStateDamageEscape.cpp
0 src/Game/Boss/DinoPackunBall.cpp
0 src/Game/Boss/SkeletalFishBossBattleDirector.cpp
0 src/Game/Boss/PoltaDemo.cpp
0 src/Game/Boss/PoltaArm.cpp
0 src/Game/Boss/TripodBossLeg.cpp
0 src/Game/Boss/KoopaSubSequenceBattle.cpp
0 src/Game/Boss/OtaKingLongFoot.cpp
0 src/Game/Boss/TombSpiderAction1st.cpp
0 src/Game/Boss/KoopaSequencerVs3.cpp
0 src/Game/Boss/TripodBoss.cpp
0 src/Game/Boss/SkeletalFishBabyRailHolder.cpp
0 src/Game/Boss/KoopaSequencerVs1.cpp
0 src/Game/Boss/DinoPackunTailRoot.cpp
0 src/Game/Boss/DinoPackunBattleEgg.cpp
0 src/Game/Boss/TripodBossFixParts.cpp
0 src/Game/Boss/DinoPackunEggShell.cpp
0 src/Game/Boss/TombSpiderDemo.cpp
0 src/Game/Boss/KoopaParts.cpp
0 src/Game/Boss/DinoPackunFire.cpp
0 src/Game/Boss/TombSpiderVitalSpot.cpp
0 src/Game/Boss/BossBegomanHead.cpp
0 src/Game/Boss/Polta.cpp
0 src/Game/Boss/KoopaPlanetShadow.cpp
0 src/Game/Boss/DinoPackunStateFire.cpp
0 src/Game/Boss/TripodBossAccesser.cpp
0 src/Game/Boss/DodoryuDemo.cpp
0 src/Game/Boss/KoopaBattleMain.cpp
0 src/Game/Boss/BossStinkBugActionFlyHigh.cpp
0 src/Game/Boss/TripodBossKillerGenerater.cpp
0 src/Game/Boss/DinoPackunVs1.cpp
0 src/Game/Boss/TombSpiderActionBase.cpp
0 src/Game/Boss/TripodBossFixPartsBase.cpp
0 src/Game/Boss/KoopaRockBreak.cpp
0 src/Game/Boss/KoopaSensorCtrl.cpp
0 src/Game/Boss/KoopaBattleStairsBase.cpp
0 src/Game/Boss/DinoPackunVs2.cpp
0 src/Game/Boss/KoopaDemoPowerUp.cpp
0 src/Game/Boss/TripodBossStepSequence.cpp
0 src/Game/Boss/KoopaFigureBall.cpp
0 src/Game/Boss/BossStinkBugBombHolder.cpp
0 src/Game/Boss/PoltaGroundRockHolder.cpp
0 src/Game/Boss/KoopaFireStairs.cpp
0 src/Game/Boss/KoopaDemoFallToPlanetVs3Lv3.cpp
0 src/Game/Boss/SkeletalFishBaby.cpp
0 src/Game/Boss/Koopa.cpp
0 src/Game/Boss/DinoPackunTailPart.cpp
0 src/Game/Boss/DodoryuMove.cpp
0 src/Game/Boss/TombSpiderParts.cpp
0 src/Game/Boss/BossKameckVs1.cpp
0 src/Game/Boss/DinoPackunDemo.cpp
0 src/Game/Boss/KoopaDemoJumpToPlanet.cpp
0 src/Game/Boss/KoopaSequencer.cpp
0 src/Game/Boss/KoopaDemoFallToPlanetVs3Lv2.cpp
0 src/Game/Boss/BossKameckAction.cpp
0 src/Game/Boss/TripodBossGuardWall.cpp
0 src/Game/Boss/TombSpiderFunction.cpp
0 src/Game/Boss/BossKameckVs2.cpp
0 src/Game/Boss/SkeletalFishGuardHolder.cpp
0 src/Game/Boss/DinoPackunTrackFire.cpp
0 src/Game/Boss/PoltaActionSequencer.cpp
0 src/Game/Boss/SkeletalFishBossInfo.cpp
0 src/Game/Boss/BossKameckStateBattle.cpp
0 src/Game/Boss/BossStinkBugBomb.cpp
0 src/Game/Boss/PoltaStateAttackGround.cpp
0 src/Game/Boss/BossKameckSequencer.cpp
0 src/Game/Boss/KoopaStateGuard.cpp
0 src/Game/Boss/KoopaSwitchKeeper.cpp
0 src/Game/Boss/KoopaStateJumpAway.cpp
0 src/Game/Boss/KoopaShockWave.cpp
0 src/Game/Boss/DinoPackunSequencer.cpp
0 src/Game/Boss/PoltaWaitStart.cpp
0 src/Game/Boss/TombSpiderStateSwoon.cpp
0 src/Game/Boss/BossBegoman.cpp
0 src/Game/Boss/OtaKingMagma.cpp
0 src/Game/Boss/PoltaRockHolder.cpp
0 src/Game/Boss/DodoryuHill.cpp
0 src/Game/Boss/TripodBossMovableArea.cpp
0 src/Game/Boss/BossKameckBarrier.cpp
0 src/Game/Boss/SkeletalFishBossRail.cpp
0 src/Game/Boss/TombSpiderActionCocoon.cpp
0 src/Game/Boss/SkeletalFishRailControl.cpp
0 src/Game/Boss/BossStinkBugFlyDemo.cpp
0 src/Game/Boss/KoopaFireShort.cpp
0 src/Game/Boss/KoopaBattleStairsVs3.cpp
0 src/Game/Boss/PoltaStateGenerateRock.cpp
0 src/Game/Boss/BossStinkBug.cpp
0 src/Game/Boss/SkeletalFishBossFunc.cpp
0 src/Game/Boss/TombSpiderAcid.cpp
0 src/Game/Boss/PoltaBattleLv2.cpp
0 src/Game/Boss/BossKameckBattlePattarn.cpp
0 src/Game/Boss/PoltaFunction.cpp
0 src/Game/Boss/DodoryuStateLv2.cpp
0 src/Game/Boss/BossStinkBugActionGround.cpp
0 src/Game/Boss/TripodBossCore.cpp
0 src/Game/Boss/DinoPackunBattleVs2Lv1.cpp
0 src/Game/Boss/TripodBossCoin.cpp
0 src/Game/Boss/DinoPackunTail.cpp
0 src/Game/Boss/PoltaBattleLv1.cpp
0 src/Game/Boss/KoopaBattleStairsVs1.cpp
0 src/Game/Boss/PoltaSensorCtrl.cpp
0 src/Game/Boss/DodoryuStateBase.cpp
0 src/Game/Boss/DodoryuStateLv1.cpp
0 src/Game/Boss/SkeletalFishBossRailHolder.cpp
0 src/Game/Boss/TombSpiderGland.cpp
0 src/Game/Boss/OtaKing.cpp
0 src/Game/Boss/SkeletalFishBoss.cpp
0 src/Game/Boss/KoopaStateAttackFireLong.cpp
0 src/Game/Boss/DinoPackunStateAwake.cpp
0 src/Game/Boss/PoltaGroundRock.cpp
0 src/Game/Boss/DinoPackunAction.cpp
0 src/Game/Boss/KoopaPowerUpSwitch.cpp
0 src/Game/Boss/KoopaStateAttackFireShort.cpp
0 src/Game/Boss/PoltaStateGroundRockAttack.cpp
0 src/Game/Boss/DinoPackun.cpp
0 src/Game/Boss/TripodBossStepPoint.cpp
0 src/Game/Boss/KoopaStateChaseRoll.cpp
0 src/Game/Boss/TripodBossBaseJointPosition.cpp
0 src/Game/Boss/TombSpiderAction2nd.cpp
0 src/Game/Boss/BossStinkBugAngryDemo.cpp
0 src/Game/Boss/PoltaStatePunch.cpp
0 src/Game/Boss/TripodBossShell.cpp
0 src/Game/Boss/BossAccessor.cpp
0 src/Game/Boss/TripodBossGuardWallPart.cpp
0 src/Game/Boss/DinoPackunDemoPosition.cpp
0 src/Game/Boss/BossStinkBugActionSequencer.cpp
0 src/Game/Boss/KoopaBattleBase.cpp
0 src/Game/Boss/KoopaStateAttackShockWave.cpp
0 src/Game/Boss/DodoryuStateWait.cpp
0 src/Game/Boss/BossStinkBugOpeningDemo.cpp
0 src/Game/Boss/SkeletalFishGuard.cpp
0 src/Game/Boss/KoopaViewSwitchKeeper.cpp
0 src/Game/Boss/BossStinkBugActionFlyLow.cpp
0 src/Game/Boss/TripodBossBreakMovement.cpp
0 src/Game/Boss/DodoryuUtil.cpp
0 src/Game/Boss/KoopaStateAttackRoll.cpp
0 src/Game/Boss/BossKameckBattleDemo.cpp
0 src/Game/Boss/TripodBossKinokoOneUp.cpp
0 src/Game/Boss/KoopaStateAttackSpin.cpp
0 src/Game/Boss/DinoPackunBattleEggVs2.cpp
0 src/Game/Boss/TripodBossRotateParts.cpp
0 src/Game/Boss/TombSpiderEnvironment.cpp
0 src/Game/Boss/TombSpiderSensorCtrl.cpp
0 src/Game/Boss/DinoPackunStateDamage.cpp
0 src/Game/Boss/SkeletalFishBabyRail.cpp
0 src/Game/Boss/KoopaRestarterVs3.cpp
0 src/Game/Boss/TombSpiderThreadAttacher.cpp
0 src/Game/Boss/TripodBossKillerGeneraterCircle.cpp
0 src/Game/Enemy/Unizo.cpp
0 src/Game/Enemy/JumpGuarder.cpp
0 src/Game/Enemy/KoopaJrShipCannonMainShell.cpp
0 src/Game/Enemy/FireBall.cpp
0 src/Game/Enemy/MechanicKoopaMini.cpp
0 src/Game/Enemy/KoopaJrShip.cpp
0 src/Game/Enemy/OnimasuPivot.cpp
0 src/Game/Enemy/StinkBugBase.cpp
0 src/Game/Enemy/BasaBasa.cpp
0 src/Game/Enemy/Mogucchi.cpp
0 src/Game/Enemy/WalkerStateWander.cpp
0 src/Game/Enemy/Metbo.cpp
0 src/Game/Enemy/Balloonfish.cpp
0 src/Game/Enemy/Mogu.cpp
0 src/Game/Enemy/BallBeamer.cpp
0 src/Game/Enemy/KameckHolder.cpp
0 src/Game/Enemy/CocoSambo.cpp
0 src/Game/Enemy/BombBirdBomb.cpp
0 src/Game/Enemy/CocoNutBall.cpp
0 src/Game/Enemy/KameckBeam.cpp
0 src/Game/Enemy/SamboHead.cpp
0 src/Game/Enemy/ElectricPressureBullet.cpp
0 src/Game/Enemy/TakoHeiInkHolder.cpp
0 src/Game/Enemy/Meramera.cpp
0 src/Game/Enemy/PackunPetit.cpp
0 src/Game/Enemy/ItemGenerator.cpp
0 src/Game/Enemy/Poihana.cpp
0 src/Game/Enemy/IceMerameraKing.cpp
0 src/Game/Enemy/Kabokuri.cpp
0 src/Game/Enemy/AnimScaleController.cpp
0 src/Game/Enemy/KarikariDirector.cpp
0 src/Game/Enemy/Birikyu.cpp
0 src/Game/Enemy/KuriboMini.cpp
0 src/Game/Enemy/Onimasu.cpp
0 src/Game/Enemy/Pukupuku.cpp
0 src/Game/Enemy/JellyfishElectric.cpp
0 src/Game/Enemy/Takobo.cpp
0 src/Game/Enemy/NokonokoLand.cpp
0 src/Game/Enemy/WaterBazookaCapsule.cpp
0 src/Game/Enemy/Jellyfish.cpp
0 src/Game/Enemy/TerritoryMover.cpp
0 src/Game/Enemy/BegomanSpringHead.cpp
0 src/Game/Enemy/WaterBazooka.cpp
0 src/Game/Enemy/BombBird.cpp
0 src/Game/Enemy/OnimasuJump.cpp
0 src/Game/Enemy/KameckTurtle.cpp
0 src/Game/Enemy/JumpSpider.cpp
0 src/Game/Enemy/KameckBeamHolder.cpp
0 src/Game/Enemy/JumpBeamer.cpp
0 src/Game/Enemy/Kanina.cpp
0 src/Game/Enemy/RingBeamer.cpp
0 src/Game/Enemy/KuriboChief.cpp
0 src/Game/Enemy/Hanachan.cpp
0 src/Game/Enemy/HammerHeadPackun.cpp
0 src/Game/Enemy/SamboFunction.cpp
0 src/Game/Enemy/MogucchiShooter.cpp
0 src/Game/Enemy/WalkerStateRunaway.cpp
0 src/Game/Enemy/Teresa.cpp
0 src/Game/Enemy/RingBeam.cpp
0 src/Game/Enemy/KameckFireBall.cpp
0 src/Game/Enemy/KoteBug.cpp
0 src/Game/Enemy/BombHei.cpp
0 src/Game/Enemy/BegomanSpring.cpp
0 src/Game/Enemy/KirairaChain.cpp
0 src/Game/Enemy/FireBubble.cpp
0 src/Game/Enemy/AnimStampController.cpp
0 src/Game/Enemy/Dossun.cpp
0 src/Game/Enemy/BegomanFunction.cpp
0 src/Game/Enemy/UnizoLauncher.cpp
0 src/Game/Enemy/HomingKiller.cpp
0 src/Game/Enemy/TakoHei.cpp
0 src/Game/Enemy/MogucchiHill.cpp
0 src/Game/Enemy/KabokuriFireHolder.cpp
0 src/Game/Enemy/Karikari.cpp
0 src/Game/Enemy/Gesso.cpp
0 src/Game/Enemy/Jiraira.cpp
0 src/Game/Enemy/StringSpider.cpp
0 src/Game/Enemy/BegomanBaby.cpp
0 src/Game/Enemy/TeresaWater.cpp
0 src/Game/Enemy/KabokuriFire.cpp
0 src/Game/Enemy/DharmaSambo.cpp
0 src/Game/Enemy/CannonShellBase.cpp
0 src/Game/Enemy/WalkerStateBlowDamage.cpp
0 src/Game/Enemy/OtaRock.cpp
0 src/Game/Enemy/WalkerStateFunction.cpp
0 src/Game/Enemy/Snakehead.cpp
0 src/Game/Enemy/MoguStone.cpp
0 src/Game/Enemy/KoopaJrShipCannonShell.cpp
0 src/Game/Enemy/WalkerStateChase.cpp
0 src/Game/Enemy/Petari.cpp
0 src/Game/Enemy/BegomanLauncher.cpp
0 src/Game/Enemy/Kameck.cpp
0 src/Game/Enemy/WalkerStateFindPlayer.cpp
0 src/Game/Enemy/Karon.cpp
0 src/Game/Enemy/SpinHitController.cpp
0 src/Game/Enemy/Kuribo.cpp
0 src/Game/Enemy/BombHeiLauncher.cpp
0 src/Game/Enemy/StinkBugSmall.cpp
0 src/Game/Enemy/BombTeresa.cpp
0 src/Game/Enemy/StinkBugParent.cpp
0 src/Game/Enemy/SearchBeamer.cpp
0 src/Game/Enemy/BegomanSpike.cpp
0 src/Game/Enemy/WalkerStateBindStarPointer.cpp
0 src/Game/Enemy/EyeBeamer.cpp
0 src/Game/Enemy/MogucchiRefuseTerritory.cpp
0 src/Game/Enemy/WalkerStateParam.cpp
0 src/Game/Enemy/TakoHeiInk.cpp
0 src/Game/Enemy/BegomanBase.cpp
0 src/Game/Enemy/WalkerStateStagger.cpp
0 src/Game/Enemy/Kiraira.cpp
0 src/Game/System/GalaxyCometScheduler.cpp
0 src/Game/System/ConfigDataHolder.cpp
0 src/Game/System/GameDataFunction.cpp
0 src/Game/System/GameSystemFontHolder.cpp
0 src/Game/System/GameSystemFrameControl.cpp
0 src/Game/System/GalaxyNameSortTable.cpp
0 src/Game/System/GameSystemErrorWatcher.cpp
0 src/Game/System/StarPieceAlmsStorage.cpp
0 src/Game/System/WPadHolder.cpp
0 src/Game/System/UserFile.cpp
0 src/Game/System/StationedArchiveLoader.cpp
0 src/Game/System/PlacedHiddenStarScenarioTable.cpp
0 src/Game/System/GalaxyStatusAccessor.cpp
0 src/Game/System/WPadRumbleData.cpp
0 src/Game/System/GalaxyMoveArgument.cpp
0 src/Game/System/GameEventFlagChecker.cpp
0 src/Game/System/FindingLuigiEventScheduler.cpp
0 src/Game/System/FileRipper.cpp
0 src/Game/System/PauseButtonCheckerInGame.cpp
0 src/Game/System/LuigiLeftSupplier.cpp
0 src/Game/System/NANDManager.cpp
0 src/Game/System/NerveExecutor.cpp
0 src/Game/System/DrawBufferHolder.cpp
0 src/Game/System/StarPointerOnOffController.cpp
0 src/Game/System/GameSystemStationedArchiveLoader.cpp
0 src/Game/System/ResourceHolder.cpp
0 src/Game/System/WPadRumble.cpp
0 src/Game/System/LayoutHolder.cpp
0 src/Game/System/NANDErrorSequence.cpp
0 src/Game/System/WPadAcceleration.cpp
0 src/Game/System/HomeButtonMenuWrapper.cpp
0 src/Game/System/WPad.cpp
0 src/Game/System/GameDataConst.cpp
0 src/Game/System/HeapMemoryWatcher.cpp
0 src/Game/System/SysConfigFile.cpp
0 src/Game/System/GameSequenceDirector.cpp
0 src/Game/System/DrawBuffer.cpp
0 src/Game/System/MessageHolder.cpp
0 src/Game/System/Language.cpp
0 src/Game/System/WPadStick.cpp
0 src/Game/System/SaveDataHandleSequence.cpp
0 src/Game/System/DrawBufferGroup.cpp
0 src/Game/System/HomeButtonStateNotifier.cpp
0 src/Game/System/SaveDataBannerCreator.cpp
0 src/Game/System/GameEventValueChecker.cpp
0 src/Game/System/GameSystemSceneController.cpp
0 src/Game/System/StageResultSequenceChecker.cpp
0 src/Game/System/GameEventFlagTable.cpp
0 src/Game/System/SpinDriverPathStorage.cpp
0 src/Game/System/GameDataTemporaryInGalaxy.cpp
0 src/Game/System/OSThreadWrapper.cpp
0 src/Game/System/StorySequenceExecutor.cpp
0 src/Game/System/SaveDataHandler.cpp
0 src/Game/System/StationedFileInfo.cpp
0 src/Game/System/WPadHVSwing.cpp
0 src/Game/System/GameSequenceProgress.cpp
0 src/Game/System/BinaryDataChunkHolder.cpp
0 src/Game/System/GameDataPlayerStatus.cpp
0 src/Game/System/FunctionAsyncExecutor.cpp
0 src/Game/System/ConfigDataMii.cpp
0 src/Game/System/WPadButton.cpp
0 src/Game/System/NANDManagerThread.cpp
0 src/Game/System/GameSystemFunction.cpp
0 src/Game/System/FileHolder.cpp
0 src/Game/System/GameSystemDimmingWatcher.cpp
0 src/Game/System/ResourceHolderManager.cpp
0 src/Game/System/DrawBufferExecuter.cpp
0 src/Game/System/SaveDataFileAccessor.cpp
0 src/Game/System/GameSystem.cpp
0 src/Game/System/ArchiveHolder.cpp
0 src/Game/System/RenderMode.cpp
0 src/Game/System/ScenarioProgressTestRun.cpp
0 src/Game/System/DrawSyncManager.cpp
0 src/Game/System/GameSystemObjHolder.cpp
0 src/Game/System/MainLoopFramework.cpp
0 src/Game/System/WPadPointer.cpp
0 src/Game/System/GameDataHolder.cpp
0 src/Game/System/ResourceInfo.cpp
0 src/Game/System/ScenarioDataParser.cpp
0 src/Game/System/BinaryDataContentAccessor.cpp
0 src/Game/System/GameSystemResetAndPowerProcess.cpp
0 src/Game/System/Overwrite.cpp
0 src/Game/System/ConfigDataMisc.cpp
0 src/Game/System/GameEventFlag.cpp
0 src/Game/System/GameSequenceFunction.cpp
0 src/Game/System/WPadInfoChecker.cpp
0 src/Game/System/AudSystemWrapper.cpp
0 src/Game/System/GameEventFlagStorage.cpp
0 src/Game/System/GalaxyCometState.cpp
0 src/Game/System/WPadLeaveWatcher.cpp
0 src/Game/System/FileLoader.cpp
0 src/Game/System/AlreadyDoneFlagInGalaxy.cpp
0 src/Game/System/GameDataGalaxyStorage.cpp
0 src/Game/System/FileLoaderThread.cpp
0 src/Game/System/GameSystemException.cpp
0 src/Game/Map/FileSelectModel.cpp
0 src/Game/Map/PlanetMapCreator.cpp
0 src/Game/Map/OceanSphere.cpp
0 src/Game/Map/SunshadeMapParts.cpp
0 src/Game/Map/WaterAreaHolder.cpp
0 src/Game/Map/SleepController.cpp
0 src/Game/Map/StageSwitch.cpp
0 src/Game/Map/WaterInfo.cpp
0 src/Game/Map/FileSelector.cpp
0 src/Game/Map/FileSelectIconID.cpp
0 src/Game/Map/SwitchWatcherHolder.cpp
0 src/Game/Map/OceanHomeMapCtrl.cpp
0 src/Game/Map/FileSelectCameraController.cpp
0 src/Game/Map/KCollisionPlus.cpp
0 src/Game/Map/SwitchSynchronizer.cpp
0 src/Game/Map/RailGraphNode.cpp
0 src/Game/Map/TimerSwitch.cpp
0 src/Game/Map/KoopaBattleMapCoinPlate.cpp
0 src/Game/Map/OceanBowlBloomDrawer.cpp
0 src/Game/Map/SphereSelector.cpp
0 src/Game/Map/SwitchWatcher.cpp
0 src/Game/Map/OceanRing.cpp
0 src/Game/Map/WaterRoad.cpp
0 src/Game/Map/OceanRingDrawer.cpp
0 src/Game/Map/RaceManager.cpp
0 src/Game/Map/KoopaBattleMapPlate.cpp
0 src/Game/Map/HitInfo.cpp
0 src/Game/Map/ActorAppearSwitchListener.cpp
0 src/Game/Map/LightDirector.cpp
0 src/Game/Map/KCollision.cpp
0 src/Game/Map/OceanRingPipeInside.cpp
0 src/Game/Map/FileSelectSky.cpp
0 src/Game/Map/Sky.cpp
0 src/Game/Map/SunshadeMapHolder.cpp
0 src/Game/Map/SpaceInner.cpp
0 src/Game/Map/QuakeEffectGenerator.cpp
0 src/Game/Map/PlanetMap.cpp
0 src/Game/Map/GravityDust.cpp
0 src/Game/Map/ScenarioSelectStar.cpp
0 src/Game/Map/GroundChecker.cpp
0 src/Game/Map/FileSelectEffect.cpp
0 src/Game/Map/OceanRingPipe.cpp
0 src/Game/Map/BezierRail.cpp
0 src/Game/Map/OceanSpherePoint.cpp
0 src/Game/Map/WaterPoint.cpp
0 src/Game/Map/CollisionDirector.cpp
0 src/Game/Map/KoopaBattleMapStair.cpp
0 src/Game/Map/KoopaBattleMapPlanet.cpp
0 src/Game/Map/SeaGull.cpp
0 src/Game/Map/RailGraphEdge.cpp
0 src/Game/Map/LightDataHolder.cpp
0 src/Game/Map/RaceRail.cpp
0 src/Game/Map/KoopaBattleMapDamagePlate.cpp
0 src/Game/Map/FileSelectFunc.cpp
0 src/Game/Map/RailGraph.cpp
0 src/Game/Map/RailPart.cpp
0 src/Game/Map/CollisionParts.cpp
0 src/Game/Map/LavaSunPlanet.cpp
0 src/Game/Map/LightPointCtrl.cpp
0 src/Game/Map/NamePosHolder.cpp
0 src/Game/Map/Halo.cpp
0 src/Game/Map/Butterfly.cpp
0 src/Game/Map/FishGroup.cpp
0 src/Game/Map/OceanRingPipeOutside.cpp
0 src/Game/Map/LightZoneDataHolder.cpp
0 src/Game/Map/OceanRingBloomDrawer.cpp
0 src/Game/Map/CollisionCode.cpp
0 src/Game/Map/OceanBowl.cpp
0 src/Game/Map/Flag.cpp
0 src/Game/Map/FileSelectItem.cpp
0 src/Game/Map/RailGraphIter.cpp
0 src/Game/Map/PlanetMapWithoutHighModel.cpp
0 src/Game/Map/LavaShellTower.cpp
0 src/Game/Map/LightFunction.cpp
0 src/Game/Map/CollisionCategorizedKeeper.cpp
0 src/Game/Map/GroupSwitchWatcher.cpp
0 src/Game/Map/WaterPlant.cpp
0 src/Game/Map/SphereSelectorHandle.cpp
0 src/Game/Map/Air.cpp
0 src/Game/Map/WhirlPoolAccelerator.cpp
0 src/Game/Map/SleepControllerHolder.cpp
0 src/Game/Map/OceanBowlPoint.cpp
0 src/Game/AreaObj/DepthOfFieldArea.cpp
0 src/Game/AreaObj/AreaForm.cpp
0 src/Game/AreaObj/WaterArea.cpp
0 src/Game/AreaObj/AudioEffectArea.cpp
0 src/Game/AreaObj/BgmProhibitArea.cpp
0 src/Game/AreaObj/MessageArea.cpp
0 src/Game/AreaObj/FollowCollisionArea.cpp
0 src/Game/AreaObj/SunLightArea.cpp
0 src/Game/AreaObj/SpinGuidanceArea.cpp
0 src/Game/AreaObj/LightAreaHolder.cpp
0 src/Game/AreaObj/ScreenBlurArea.cpp
0 src/Game/AreaObj/LightArea.cpp
0 src/Game/AreaObj/QuakeEffectArea.cpp
0 src/Game/AreaObj/CameraRepulsiveArea.cpp
0 src/Game/AreaObj/AreaObj.cpp
0 src/Game/AreaObj/CubeCamera.cpp
0 src/Game/AreaObj/SwitchArea.cpp
0 src/Game/AreaObj/ChangeBgmCube.cpp
0 src/Game/AreaObj/SoundEmitterCube.cpp
0 src/Game/AreaObj/BigBubbleGoalArea.cpp
0 src/Game/AreaObj/PlayerSeArea.cpp
0 src/Game/AreaObj/MercatorTransformCube.cpp
0 src/Game/AreaObj/BigBubbleCameraArea.cpp
0 src/Game/AreaObj/ImageEffectArea.cpp
0 src/Game/AreaObj/HazeCube.cpp
0 src/Game/AreaObj/WarpCube.cpp
0 src/Game/AreaObj/AstroChangeStageCube.cpp
0 src/Game/AreaObj/SoundEmitterSphere.cpp
0 src/Game/AreaObj/AreaObjContainer.cpp
0 src/Game/AreaObj/AreaObjFollower.cpp
0 src/Game/AreaObj/AreaFormDrawer.cpp
0 src/Game/AreaObj/SimpleBloomArea.cpp
0 src/Game/AreaObj/GlaringLightArea.cpp
0 src/Game/AreaObj/CollisionArea.cpp
0 src/Game/AreaObj/RestartCube.cpp
0 src/Game/AreaObj/DeathArea.cpp
0 src/Game/AreaObj/BloomArea.cpp
0 src/Game/Screen/OneUpBoard.cpp
0 src/Game/Screen/ReplaceTagProcessor.cpp
0 src/Game/Screen/CaptureScreenDirector.cpp
0 src/Game/Screen/GalaxyMapSelectButton.cpp
0 src/Game/Screen/CinemaFrame.cpp
0 src/Game/Screen/SimpleLayout.cpp
0 src/Game/Screen/StarPointerCommandStream.cpp
0 src/Game/Screen/LayoutPaneCtrl.cpp
0 src/Game/Screen/GalaxyInfoLayoutSetter.cpp
0 src/Game/Screen/SystemWipeHolder.cpp
0 src/Game/Screen/CustomTagProcessor.cpp
0 src/Game/Screen/FullnessMeter.cpp
0 src/Game/Screen/PurpleCoinCounter.cpp
0 src/Game/Screen/StarPointerController.cpp
0 src/Game/Screen/IsbnManager.cpp
0 src/Game/Screen/ImageEffectBase.cpp
0 src/Game/Screen/CameraInfo.cpp
0 src/Game/Screen/StarPointerGuidance.cpp
0 src/Game/Screen/ScreenBlurEffect.cpp
0 src/Game/Screen/FileSelectButton.cpp
0 src/Game/Screen/ScreenPreserver.cpp
0 src/Game/Screen/GalaxyMapMarioIcon.cpp
0 src/Game/Screen/StarPointerTarget.cpp
0 src/Game/Screen/HeatHazeEffect.cpp
0 src/Game/Screen/GalaxyNamePlate.cpp
0 src/Game/Screen/LayoutGroupCtrl.cpp
0 src/Game/Screen/THPSimplePlayerWrapper.cpp
0 src/Game/Screen/MoviePlayingSequence.cpp
0 src/Game/Screen/PlayerMissLeft.cpp
0 src/Game/Screen/ImageEffectLocalUtil.cpp
0 src/Game/Screen/MiiSelect.cpp
0 src/Game/Screen/ProloguePictureBook.cpp
0 src/Game/Screen/Manual2P.cpp
0 src/Game/Screen/MarioSubMeter.cpp
0 src/Game/Screen/LuigiLetter.cpp
0 src/Game/Screen/PaneEffectKeeper.cpp
0 src/Game/Screen/PlayerLeft.cpp
0 src/Game/Screen/LayoutActorFlag.cpp
0 src/Game/Screen/EncouragePal60Window.cpp
0 src/Game/Screen/MissLayout.cpp
0 src/Game/Screen/DepthOfFieldBlur.cpp
0 src/Game/Screen/WipeRing.cpp
0 src/Game/Screen/GalaxySelectInfo.cpp
0 src/Game/Screen/GalaxyMap.cpp
0 src/Game/Screen/GameSceneLayoutHolder.cpp
0 src/Game/Screen/BatteryInfo.cpp
0 src/Game/Screen/CopyFilterNegater.cpp
0 src/Game/Screen/ScenarioSelectLayout.cpp
0 src/Game/Screen/StarCounter.cpp
0 src/Game/Screen/GalaxyMapGalaxyDetail.cpp
0 src/Game/Screen/WipeHolderBase.cpp
0 src/Game/Screen/GalaxyConfirmLayout.cpp
0 src/Game/Screen/StaffRoll.cpp
0 src/Game/Screen/BloomEffectSimple.cpp
0 src/Game/Screen/BrosButton.cpp
0 src/Game/Screen/PrologueLetter.cpp
0 src/Game/Screen/ButtonPaneController.cpp
0 src/Game/Screen/SuddenDeathMeter.cpp
0 src/Game/Screen/MiiSelectIcon.cpp
0 src/Game/Screen/FileSelectInfo.cpp
0 src/Game/Screen/CountUpPaneRumbler.cpp
0 src/Game/Screen/WipeKoopa.cpp
0 src/Game/Screen/InformationObserver.cpp
0 src/Game/Screen/StarPieceCounter.cpp
0 src/Game/Screen/TimeLimitLayout.cpp
0 src/Game/Screen/MarioMeter.cpp
0 src/Game/Screen/ImageEffectResource.cpp
0 src/Game/Screen/GamePauseSequence.cpp
0 src/Game/Screen/LensFlare.cpp
0 src/Game/Screen/GalaxyMapBackground.cpp
0 src/Game/Screen/LayoutManager.cpp
0 src/Game/Screen/PowerStarList.cpp
0 src/Game/Screen/GalaxyMapGalaxyPlain.cpp
0 src/Game/Screen/InformationMessage.cpp
0 src/Game/Screen/ImageEffectSystemHolder.cpp
0 src/Game/Screen/MovieStarter.cpp
0 src/Game/Screen/MovieSubtitles.cpp
0 src/Game/Screen/YesNoController.cpp
0 src/Game/Screen/IconAButton.cpp
0 src/Game/Screen/YesNoLayout.cpp
0 src/Game/Screen/TitleSequenceProduct.cpp
0 src/Game/Screen/CometRetryButton.cpp
0 src/Game/Screen/GalaxyMapIcon.cpp
0 src/Game/Screen/MeterLayout.cpp
0 src/Game/Screen/ScenarioTitle.cpp
0 src/Game/Screen/LayoutCoreUtil.cpp
0 src/Game/Screen/ScreenAlphaCapture.cpp
0 src/Game/Screen/MessageTagSkipTagProcessor.cpp
0 src/Game/Screen/CoinCounter.cpp
0 src/Game/Screen/GalaxyMapDomeIcon.cpp
0 src/Game/Screen/CounterLayoutAppearer.cpp
0 src/Game/Screen/MovieSubtitlesDataTable.cpp
0 src/Game/Screen/GalaxyCometScreenFilter.cpp
0 src/Game/Screen/ImageEffectDirector.cpp
0 src/Game/Screen/LayoutActor.cpp
0 src/Game/Screen/SysInfoWindow.cpp
0 src/Game/Screen/GalaxyMapCometIcon.cpp
0 src/Game/Screen/ImageEffectState.cpp
0 src/Game/Screen/GalaxyMapTitle.cpp
0 src/Game/Screen/FullScreenBlur.cpp
0 src/Game/Screen/BloomEffect.cpp
0 src/Game/Screen/CenterScreenBlur.cpp
0 src/Game/Screen/GalaxyNamePlateDrawer.cpp
0 src/Game/Screen/PictureBookLayout.cpp
0 src/Game/Screen/WipeGameOver.cpp
0 src/Game/Screen/WipeFade.cpp
0 src/Game/Screen/MoviePlayerSimple.cpp
0 src/Game/Screen/OdhConverter.cpp
0 src/Game/Screen/odh.cpp
0 src/Game/Screen/PlayerActionGuidance.cpp
0 src/Game/Screen/WaterCameraFilter.cpp
0 src/Game/Screen/BombTimerLayout.cpp
0 src/Game/Screen/PauseMenu.cpp
0 src/Game/Screen/GameStageClearSequence.cpp
0 src/Game/Screen/SaveIcon.cpp
0 src/Game/Screen/SurfingGuidance.cpp
0 src/Game/Screen/StarPointerLayout.cpp
0 src/Game/Screen/StarPointerDirector.cpp
0 src/Game/Screen/SubMeterLayout.cpp
0 src/Game/Screen/MiiConfirmIcon.cpp
0 src/Game/Screen/LogoFader.cpp
0 src/Game/Screen/StarPointerBlur.cpp
0 src/Game/Screen/PeachLetter.cpp
0 src/Game/Screen/IconComet.cpp
0 src/Game/Screen/HomeButtonLayout.cpp
0 src/Game/Screen/StageResultInformer.cpp
0 src/Game/Screen/GalaxyMapController.cpp
0 src/Game/Screen/NoteCounter.cpp
0 src/Game/Screen/CounterLayoutController.cpp
0 src/Game/Screen/GalaxySelectBackButton.cpp
0 src/Game/Screen/FileSelectNumber.cpp
0 src/Game/Screen/GalaxyMapTicoIcon.cpp
0 src/Game/Screen/BackButton.cpp
0 src/Game/Screen/ErrorMessageWindow.cpp
0 src/Game/Screen/SceneWipeHolder.cpp
0 src/Game/Screen/PictureBookCloseButton.cpp
0 src/Game/NameObj/MovementOnOffGroupHolder.cpp
0 src/Game/NameObj/NameObjCategoryList.cpp
0 src/Game/NameObj/NameObjAdaptor.cpp
0 src/Game/NameObj/NameObjRegister.cpp
0 src/Game/NameObj/NameObjListExecutor.cpp
0 src/Game/NameObj/ModelChangableObjFactory.cpp
0 src/Game/NameObj/NameObjFinder.cpp
0 src/Game/NameObj/NameObjGroup.cpp
0 src/Game/NameObj/NameObj.cpp
0 src/Game/NameObj/NameObjFactory.cpp
0 src/Game/NameObj/NameObjHolder.cpp
0 src/Game/NameObj/NameObjArchiveListCollector.cpp
0 src/Game/NameObj/NameObjExecuteHolder.cpp
0 src/Game/Scene/StageResourceLoader.cpp
0 src/Game/Scene/SceneFactory.cpp
0 src/Game/Scene/StageFileLoader.cpp
0 src/Game/Scene/Scene.cpp
0 src/Game/Scene/IntermissionScene.cpp
0 src/Game/Scene/SceneNameObjMovementController.cpp
0 src/Game/Scene/SceneObjHolder.cpp
0 src/Game/Scene/PlayTimerScene.cpp
0 src/Game/Scene/GameSceneFunction.cpp
0 src/Game/Scene/StageDataHolder.cpp
0 src/Game/Scene/SceneFunction.cpp
0 src/Game/Scene/GameScenePauseControl.cpp
0 src/Game/Scene/PlacementStateChecker.cpp
0 src/Game/Scene/MultiSceneActor.cpp
0 src/Game/Scene/ScenePlayingResult.cpp
0 src/Game/Scene/MultiSceneEffectKeeper.cpp
0 src/Game/Scene/SceneNameObjListExecutor.cpp
0 src/Game/Scene/GameScene.cpp
0 src/Game/Scene/GameSceneScenarioOpeningCameraState.cpp
0 src/Game/Scene/StopSceneController.cpp
0 src/Game/Scene/SceneDataInitializer.cpp
0 src/Game/Scene/PlacementInfoOrdered.cpp
0 src/Game/Scene/SceneExecutor.cpp
0 src/Game/Scene/ScenarioSelectScene.cpp
0 src/Game/Scene/LogoScene.cpp
0 src/Game/NPC/TrickRabbitSnow.cpp
0 src/Game/NPC/TurnJointCtrl.cpp
0 src/Game/NPC/KinopioAstro.cpp
0 src/Game/NPC/TalkMessageCtrl.cpp
0 src/Game/NPC/NPCActor.cpp
0 src/Game/NPC/RunawayTico.cpp
0 src/Game/NPC/TicoReading.cpp
0 src/Game/NPC/TicoDomeLecture.cpp
0 src/Game/NPC/TicoComet.cpp
0 src/Game/NPC/TalkBalloon.cpp
0 src/Game/NPC/NPCParameter.cpp
0 src/Game/NPC/CollectTico.cpp
0 src/Game/NPC/TalkMessageInfo.cpp
0 src/Game/NPC/NPCDirector.cpp
0 src/Game/NPC/RosettaReading.cpp
0 src/Game/NPC/MiiFaceIconHolder.cpp
0 src/Game/NPC/Syati.cpp
0 src/Game/NPC/TicoAstro.cpp
0 src/Game/NPC/MiiFaceParts.cpp
0 src/Game/NPC/TrickRabbitFreeRun.cpp
0 src/Game/NPC/RabbitStateWaitStart.cpp
0 src/Game/NPC/RunawayRabbitCollect.cpp
0 src/Game/NPC/RosettaDemoEpilogue.cpp
0 src/Game/NPC/TimeAttackEventKeeper.cpp
0 src/Game/NPC/TicoShop.cpp
0 src/Game/NPC/RabbitStateCaught.cpp
0 src/Game/NPC/NPCSupportRail.cpp
0 src/Game/NPC/TalkSupportPlayerWatcher.cpp
0 src/Game/NPC/Penguin.cpp
0 src/Game/NPC/PowerStarEventKeeper.cpp
0 src/Game/NPC/TrickRabbit.cpp
0 src/Game/NPC/TalkState.cpp
0 src/Game/NPC/ButlerStateStarPieceReaction.cpp
0 src/Game/NPC/SignBoard.cpp
0 src/Game/NPC/TalkDirector.cpp
0 src/Game/NPC/EventDirector.cpp
0 src/Game/NPC/CareTaker.cpp
0 src/Game/NPC/MiiFaceIcon.cpp
0 src/Game/NPC/LuigiNPC.cpp
0 src/Game/NPC/TicoStarRing.cpp
0 src/Game/NPC/PenguinRacerLeader.cpp
0 src/Game/NPC/TicoDemoGetPower.cpp
0 src/Game/NPC/TicoFat.cpp
0 src/Game/NPC/ButlerMap.cpp
0 src/Game/NPC/PenguinCoach.cpp
0 src/Game/NPC/HoneyQueen.cpp
0 src/Game/NPC/TicoGalaxy.cpp
0 src/Game/NPC/KoopaJr.cpp
0 src/Game/NPC/PenguinSkater.cpp
0 src/Game/NPC/CometEventKeeper.cpp
0 src/Game/NPC/NPCFunction.cpp
0 src/Game/NPC/RosettaDemoAstroDome.cpp
0 src/Game/NPC/ButlerExplain.cpp
0 src/Game/NPC/TrickRabbitUtil.cpp
0 src/Game/NPC/PenguinStudent.cpp
0 src/Game/NPC/RosettaDemoHeavensDoor.cpp
0 src/Game/NPC/PenguinMaster.cpp
0 src/Game/NPC/TeresaRacer.cpp
0 src/Game/NPC/RunawayRabbit.cpp
0 src/Game/NPC/HoneyBee.cpp
0 src/Game/NPC/PenguinRacer.cpp
0 src/Game/NPC/TrickRabbitSnowCollect.cpp
0 src/Game/NPC/Peach.cpp
0 src/Game/NPC/TicoRail.cpp
0 src/Game/NPC/MiiDatabase.cpp
0 src/Game/NPC/CometEventExecutorTimeLimit.cpp
0 src/Game/NPC/Rabbit.cpp
1 src/Game/NPC/TalkTextFormer.cpp
0 src/Game/NPC/StrayTico.cpp
0 src/Game/NPC/Rosetta.cpp
0 src/Game/NPC/MiiFaceRecipe.cpp
0 src/Game/NPC/Butler.cpp
0 src/Game/NPC/StageStateKeeper.cpp
0 src/Game/NPC/TalkNodeCtrl.cpp
0 src/Game/NPC/Tico.cpp
0 src/Game/NPC/MiiFacePartsHolder.cpp
0 src/Game/NPC/DemoRabbit.cpp
0 src/Game/NPC/Kinopio.cpp
0 src/Game/Player/DrawAdaptor.cpp
0 src/Game/Player/MarioSearchLight.cpp
0 src/Game/Player/MarioMove2D.cpp
0 src/Game/Player/GhostPacket.cpp
0 src/Game/Player/MarioAnimationEfx.cpp
0 src/Game/Player/MarioActorEye.cpp
0 src/Game/Player/MarioActorInit.cpp
0 src/Game/Player/MarioMove.cpp
0 src/Game/Player/TornadoMario.cpp
0 src/Game/Player/MarioActorWipe.cpp
0 src/Game/Player/MarioMessenger.cpp
0 src/Game/Player/MarioAnimator.cpp
0 src/Game/Player/MarioFaint.cpp
0 src/Game/Player/MarioStep.cpp
0 src/Game/Player/MarioHang.cpp
0 src/Game/Player/MarioConst.cpp
0 src/Game/Player/MarioActorSpecialDraw.cpp
0 src/Game/Player/MarioNullBck.cpp
0 src/Game/Player/MarioActorGameOver.cpp
0 src/Game/Player/MarioDamageFreeze.cpp
0 src/Game/Player/Mario.cpp
0 src/Game/Player/MarioMove25D.cpp
0 src/Game/Player/MarioTask.cpp
0 src/Game/Player/PlayerEventDown.cpp
0 src/Game/Player/MarioShadow.cpp
0 src/Game/Player/MarioBump.cpp
0 src/Game/Player/JetTurtleShadow.cpp
0 src/Game/Player/MarineSnow.cpp
0 src/Game/Player/MarioSlip.cpp
0 src/Game/Player/MarioSkate.cpp
0 src/Game/Player/J3DModelX.cpp
0 src/Game/Player/MarioWarp.cpp
0 src/Game/Player/MarioJump.cpp
0 src/Game/Player/MarioMapCode.cpp
0 src/Game/Player/PlayerEvent.cpp
0 src/Game/Player/MarioActorShadow.cpp
0 src/Game/Player/MarioInit.cpp
0 src/Game/Player/GhostPlayer.cpp
0 src/Game/Player/MarioActorHand.cpp
0 src/Game/Player/MarioDamageCrush.cpp
0 src/Game/Player/MarioRecovery.cpp
0 src/Game/Player/MarioDamage.cpp
0 src/Game/Player/MarioStick.cpp
0 src/Game/Player/MarioActorCamera.cpp
0 src/Game/Player/MarioSound.cpp
0 src/Game/Player/MarioModule.cpp
0 src/Game/Player/ModelHolder.cpp
0 src/Game/Player/MatrixControl.cpp
0 src/Game/Player/MarioActorDraw.cpp
0 src/Game/Player/MarioBee.cpp
0 src/Game/Player/MarioEnforce.cpp
0 src/Game/Player/MarioTalk.cpp
0 src/Game/Player/PlayerEventFireDown.cpp
0 src/Game/Player/MarioFpView.cpp
0 src/Game/Player/MarioClimb.cpp
0 src/Game/Player/MarioState.cpp
0 src/Game/Player/MarioActorRushMsg.cpp
0 src/Game/Player/MarioActor.cpp
0 src/Game/Player/MarioBlown.cpp
0 src/Game/Player/MarioParts.cpp
0 src/Game/Player/MarioActorDefensiveMsg.cpp
0 src/Game/Player/PlayerEventGameOver.cpp
0 src/Game/Player/MarioFrontStep.cpp
0 src/Game/Player/MarioSwim.cpp
0 src/Game/Player/MarioActorRush.cpp
0 src/Game/Player/MarioSideStep.cpp
0 src/Game/Player/MarioActorMorph.cpp
0 src/Game/Player/MarioHolder.cpp
0 src/Game/Player/FireMarioBall.cpp
0 src/Game/Player/MarioFlow.cpp
0 src/Game/Player/MarioTeresa.cpp
0 src/Game/Player/MarioActorPunch.cpp
0 src/Game/Player/GroupChecker.cpp
0 src/Game/Player/MarioActorGravity.cpp
0 src/Game/Player/MarioEffect.cpp
0 src/Game/Player/MarioWait.cpp
0 src/Game/Player/MarioSukekiyo.cpp
0 src/Game/Player/MarioCollision.cpp
0 src/Game/Player/MarioActorTakeMsg.cpp
0 src/Game/Player/MarioActorPad.cpp
0 src/Game/Player/MarioPress.cpp
0 src/Game/Player/MarioWalk.cpp
0 src/Game/Player/MarioFoo.cpp
0 src/Game/Player/MarioFlip.cpp
0 src/Game/Player/MarioSpecial.cpp
0 src/Game/Player/MarioDamageStun.cpp
0 src/Game/Player/Mario2D.cpp
0 src/Game/Player/MarioActorParts.cpp
0 src/Game/Player/MarioActorSensor.cpp
0 src/Game/Player/PlayerEventGhostRaceDown.cpp
0 src/Game/Player/PlayerEventAbyss.cpp
0 src/Game/Player/MarioRabbit.cpp
0 src/Game/Player/MarioAccess.cpp
0 src/Game/Player/MarioMagic.cpp
0 src/Game/Player/MarioSlider.cpp
0 src/Game/Player/PlayerEventRaceDown.cpp
0 src/Game/Player/MarioActorBlackHole.cpp
0 src/Game/Player/MarioMoveSphere.cpp
0 src/Game/Player/MarioSlope.cpp
0 src/Game/Player/MarioSpin.cpp
0 src/Game/Player/MarioDamageParalyze.cpp
0 src/Game/Player/MarioActorClap.cpp
0 src/Game/Player/RushEndInfo.cpp
0 src/Game/Player/MarioSwimDamage.cpp
0 src/Game/Player/MarioActorOffensiveMsg.cpp
0 src/Game/Player/MarioWall.cpp
0 src/Game/Player/MarioActorMatrix.cpp
0 src/Game/MapObj/PunchingKinoko.cpp
0 src/Game/MapObj/PowerStarHolder.cpp
0 src/Game/MapObj/MapPartsRailGuideDrawer.cpp
0 src/Game/MapObj/ChooChooTrain.cpp
0 src/Game/MapObj/FirePressure.cpp
0 src/Game/MapObj/SpiderThreadPart.cpp
0 src/Game/MapObj/MapParts.cpp
0 src/Game/MapObj/CoinHolder.cpp
0 src/Game/MapObj/ElectricRailMoving.cpp
0 src/Game/MapObj/Candlestand.cpp
0 src/Game/MapObj/MeteorStrikeLauncher.cpp
0 src/Game/MapObj/SpinDriverCamera.cpp
0 src/Game/MapObj/MarblePlanet.cpp
0 src/Game/MapObj/SimpleBreakableObj.cpp
0 src/Game/MapObj/EarthenPipe.cpp
0 src/Game/MapObj/RotateMoveObj.cpp
0 src/Game/MapObj/Sun.cpp
0 src/Game/MapObj/MapPartsRailGuideHolder.cpp
0 src/Game/MapObj/ClipArea.cpp
0 src/Game/MapObj/SurprisedGalaxy.cpp
0 src/Game/MapObj/FloaterFunction.cpp
0 src/Game/MapObj/WoodBox.cpp
0 src/Game/MapObj/DummyDisplayModel.cpp
0 src/Game/MapObj/BigFanHolder.cpp
0 src/Game/MapObj/ClipAreaShape.cpp
0 src/Game/MapObj/PowerStar.cpp
0 src/Game/MapObj/ChipBase.cpp
0 src/Game/MapObj/ShockWaveGenerator.cpp
0 src/Game/MapObj/HatchWaterPlanet.cpp
0 src/Game/MapObj/TreasureBoxCracked.cpp
0 src/Game/MapObj/AstroDomeCameraController.cpp
0 src/Game/MapObj/MercatorRailMoveParts.cpp
0 src/Game/MapObj/FallingSmallRock.cpp
0 src/Game/MapObj/HipDropMoveObj.cpp
0 src/Game/MapObj/SuperSpinDriver.cpp
0 src/Game/MapObj/NormalMapBase.cpp
0 src/Game/MapObj/MercatorRotateParts.cpp
0 src/Game/MapObj/MapPartsRotator.cpp
0 src/Game/MapObj/SnowMan.cpp
0 src/Game/MapObj/LavaHomeVolcanoFlow.cpp
0 src/Game/MapObj/SeaBottomTriplePropeller.cpp
0 src/Game/MapObj/BeamGoRoundPlanet.cpp
0 src/Game/MapObj/WaterPressureBullet.cpp
0 src/Game/MapObj/ElectricRailHolder.cpp
0 src/Game/MapObj/NeedlePlant.cpp
0 src/Game/MapObj/StarPieceSpot.cpp
0 src/Game/MapObj/SnowCapsulePlanet.cpp
0 src/Game/MapObj/WaterPressure.cpp
0 src/Game/MapObj/AstroDomeDemoAstroGalaxy.cpp
0 src/Game/MapObj/SimpleClipPartsObj.cpp
0 src/Game/MapObj/MapPartsRailMover.cpp
0 src/Game/MapObj/CutBushModelObj.cpp
0 src/Game/MapObj/SpiderMapBlock.cpp
0 src/Game/MapObj/MapPartsFunction.cpp
0 src/Game/MapObj/SpinLeverSwitch.cpp
0 src/Game/MapObj/MapPartsRailPosture.cpp
0 src/Game/MapObj/BumpAppearPlanet.cpp
0 src/Game/MapObj/FirePressureBullet.cpp
0 src/Game/MapObj/AstroMapObj.cpp
0 src/Game/MapObj/MorphItemObjNeo.cpp
0 src/Game/MapObj/LavaJamboSunPlanet.cpp
0 src/Game/MapObj/SnowFloorTile.cpp
0 src/Game/MapObj/FloaterFloatingForceTypeNormal.cpp
0 src/Game/MapObj/ManholeCover.cpp
0 src/Game/MapObj/MapObjConnector.cpp
0 src/Game/MapObj/AstroDomeBlueStar.cpp
0 src/Game/MapObj/CrystalSwitch.cpp
0 src/Game/MapObj/QuestionCoin.cpp
0 src/Game/MapObj/TreasureSpot.cpp
0 src/Game/MapObj/WaterfallCaveCover.cpp
0 src/Game/MapObj/MechaKoopaPartsArm.cpp
0 src/Game/MapObj/AstroDomeOrbit.cpp
0 src/Game/MapObj/Coin.cpp
0 src/Game/MapObj/AnmModelObj.cpp
0 src/Game/MapObj/CircleCoinGroup.cpp
0 src/Game/MapObj/RainCloud.cpp
0 src/Game/MapObj/Tsukidashikun.cpp
0 src/Game/MapObj/JumpHole.cpp
0 src/Game/MapObj/BenefitItemInvincible.cpp
0 src/Game/MapObj/MarioLauncher.cpp
0 src/Game/MapObj/SpiderThreadHangInfo.cpp
0 src/Game/MapObj/WormEatenPlanet.cpp
0 src/Game/MapObj/FirePressureBulletHolder.cpp
0 src/Game/MapObj/UFOBase.cpp
0 src/Game/MapObj/MapPartsRailPointPassChecker.cpp
0 src/Game/MapObj/LavaBallRisingPlanetLava.cpp
0 src/Game/MapObj/SpinDriverUtil.cpp
0 src/Game/MapObj/AssemblyBlock.cpp
0 src/Game/MapObj/PressureBase.cpp
0 src/Game/MapObj/BattleShipElevator.cpp
0 src/Game/MapObj/StarPieceFollowGroup.cpp
0 src/Game/MapObj/SpiderCoin.cpp
0 src/Game/MapObj/KeySwitch.cpp
0 src/Game/MapObj/PurpleCoinStarter.cpp
0 src/Game/MapObj/ValveSwitch.cpp
0 src/Game/MapObj/AirBubble.cpp
0 src/Game/MapObj/SnowplowSwitch.cpp
0 src/Game/MapObj/ReverseGravityRoomPlanet.cpp
0 src/Game/MapObj/StarPiece.cpp
0 src/Game/MapObj/PunchBox.cpp
0 src/Game/MapObj/ElectricRail.cpp
0 src/Game/MapObj/SandUpDownTriRock.cpp
0 src/Game/MapObj/StarPieceGroup.cpp
0 src/Game/MapObj/GCaptureTarget.cpp
0 src/Game/MapObj/JetTurtle.cpp
0 src/Game/MapObj/PalmIsland.cpp
0 src/Game/MapObj/SwingLight.cpp
0 src/Game/MapObj/WatchTowerRotateStep.cpp
0 src/Game/MapObj/SubmarineVolcanoBigColumn.cpp
0 src/Game/MapObj/LavaHomeSeesaw.cpp
0 src/Game/MapObj/InvisiblePolygonObjGCapture.cpp
0 src/Game/MapObj/TimerMoveWall.cpp
0 src/Game/MapObj/RosettaChair.cpp
0 src/Game/MapObj/MapObjActorInitInfo.cpp
0 src/Game/MapObj/AstroCountDownPlate.cpp
0 src/Game/MapObj/FallOutFieldDraw.cpp
0 src/Game/MapObj/MiniatureGalaxyHolder.cpp
0 src/Game/MapObj/SoundEmitter.cpp
0 src/Game/MapObj/BeeFlowerHover.cpp
0 src/Game/MapObj/FlameGun.cpp
0 src/Game/MapObj/SpiderThreadWindCtrl.cpp
0 src/Game/MapObj/SpaceShipStep.cpp
0 src/Game/MapObj/FallDownBridge.cpp
0 src/Game/MapObj/PeachCastleGardenPlanet.cpp
0 src/Game/MapObj/ExterminationChecker.cpp
0 src/Game/MapObj/LavaProminenceTriple.cpp
0 src/Game/MapObj/LotusLeaf.cpp
0 src/Game/MapObj/HeavensDoorDemoObj.cpp
0 src/Game/MapObj/BlueChip.cpp
0 src/Game/MapObj/FireBar.cpp
0 src/Game/MapObj/QuarterRollGravityRoomArrow.cpp
0 src/Game/MapObj/ArrowSwitch.cpp
0 src/Game/MapObj/SandCapsuleInsidePlanet.cpp
0 src/Game/MapObj/StageEffectDataTable.cpp
0 src/Game/MapObj/ItemAppearStone.cpp
0 src/Game/MapObj/SpinDriverOperateRing.cpp
0 src/Game/MapObj/SpinningBox.cpp
0 src/Game/MapObj/AstroDome.cpp
0 src/Game/MapObj/OceanWaveFloater.cpp
0 src/Game/MapObj/ArrowSwitchMulti.cpp
0 src/Game/MapObj/WaterPressureBulletHolder.cpp
0 src/Game/MapObj/FirePressureRadiate.cpp
0 src/Game/MapObj/StarPieceMother.cpp
0 src/Game/MapObj/MapPartsRailRotator.cpp
0 src/Game/MapObj/RockCreator.cpp
0 src/Game/MapObj/PicketSwitch.cpp
0 src/Game/MapObj/MercatorFixParts.cpp
0 src/Game/MapObj/BallOpener.cpp
0 src/Game/MapObj/HipDropTimerSwitch.cpp
0 src/Game/MapObj/LavaProminence.cpp
0 src/Game/MapObj/SpiderThreadMainPoint.cpp
0 src/Game/MapObj/CollapsePlane.cpp
0 src/Game/MapObj/RailMoveObj.cpp
0 src/Game/MapObj/BenefitItemObj.cpp
0 src/Game/MapObj/BrightObj.cpp
0 src/Game/MapObj/BlueStarCupsulePlanet.cpp
0 src/Game/MapObj/SandUpDownEffectObj.cpp
0 src/Game/MapObj/CapsuleCage.cpp
0 src/Game/MapObj/BallRail.cpp
0 src/Game/MapObj/AstroDomeComet.cpp
0 src/Game/MapObj/CollisionBlocker.cpp
0 src/Game/MapObj/ScrewSwitch.cpp
0 src/Game/MapObj/Shellfish.cpp
0 src/Game/MapObj/ElectricBall.cpp
0 src/Game/MapObj/MeteoContainer.cpp
0 src/Game/MapObj/ItemBubble.cpp
0 src/Game/MapObj/DynamicCollisionObj.cpp
0 src/Game/MapObj/PlantPoint.cpp
0 src/Game/MapObj/TimeAppearObj.cpp
0 src/Game/MapObj/GreenCaterpillarBig.cpp
0 src/Game/MapObj/MapPartsFloatingForce.cpp
0 src/Game/MapObj/CoconutTreeLeaf.cpp
0 src/Game/MapObj/ClipFieldSwitch.cpp
0 src/Game/MapObj/FloaterFloatingForce.cpp
0 src/Game/MapObj/NormalMapTestObj.cpp
0 src/Game/MapObj/AstroOverlookObj.cpp
0 src/Game/MapObj/LavaFloater.cpp
0 src/Game/MapObj/UFOKinoko.cpp
0 src/Game/MapObj/IronCannonShell.cpp
0 src/Game/MapObj/CocoNut.cpp
0 src/Game/MapObj/CoinReplica.cpp
0 src/Game/MapObj/PhantomShipBridge.cpp
0 src/Game/MapObj/MapPartsSeesaw1AxisRotator.cpp
0 src/Game/MapObj/PhantomShipHandle.cpp
0 src/Game/MapObj/IceStep.cpp
0 src/Game/MapObj/SpringJetWater.cpp
0 src/Game/MapObj/SpaceMine.cpp
0 src/Game/MapObj/PowerStarAppearPoint.cpp
0 src/Game/MapObj/SphereRailDash.cpp
0 src/Game/MapObj/MeteorStrike.cpp
0 src/Game/MapObj/HipDropSwitch.cpp
0 src/Game/MapObj/KillerGunnerSingle.cpp
0 src/Game/MapObj/CoinRotater.cpp
0 src/Game/MapObj/RailCoin.cpp
0 src/Game/MapObj/MapPartsRailGuidePoint.cpp
0 src/Game/MapObj/ChipCounter.cpp
0 src/Game/MapObj/RailBlock.cpp
0 src/Game/MapObj/GCaptureRibbon.cpp
0 src/Game/MapObj/CoinGroup.cpp
0 src/Game/MapObj/Sandstorm.cpp
0 src/Game/MapObj/BlackHole.cpp
0 src/Game/MapObj/LavaGeyser.cpp
0 src/Game/MapObj/GCapture.cpp
0 src/Game/MapObj/SideSpikeMoveStep.cpp
0 src/Game/MapObj/LargeChain.cpp
0 src/Game/MapObj/LavaHomeSeesawRotator.cpp
0 src/Game/MapObj/SpiderThreadPoint.cpp
0 src/Game/MapObj/NoteFairy.cpp
0 src/Game/MapObj/DeadLeaves.cpp
0 src/Game/MapObj/DesertLandMoveSwitch.cpp
0 src/Game/MapObj/ClipAreaDropLaser.cpp
0 src/Game/MapObj/GeneralMapParts.cpp
0 src/Game/MapObj/CoinBox.cpp
0 src/Game/MapObj/HitWallTimerSwitch.cpp
0 src/Game/MapObj/ClipFieldMapParts.cpp
0 src/Game/MapObj/AstroDomeAsteroid.cpp
0 src/Game/MapObj/ClipAreaMovable.cpp
0 src/Game/MapObj/WarpPod.cpp
0 src/Game/MapObj/BigFan.cpp
0 src/Game/MapObj/MiniatureGalaxy.cpp
0 src/Game/MapObj/CoconutTree.cpp
0 src/Game/MapObj/Fountain.cpp
0 src/Game/MapObj/MagicBell.cpp
0 src/Game/MapObj/SnowFloor.cpp
0 src/Game/MapObj/SpinDriverPathDrawer.cpp
0 src/Game/MapObj/BigBubbleHolder.cpp
0 src/Game/MapObj/ItemBlock.cpp
0 src/Game/MapObj/GravityLightRoad.cpp
0 src/Game/MapObj/SpinDriver.cpp
0 src/Game/MapObj/DriftWood.cpp
0 src/Game/MapObj/SandCapsulePressGround.cpp
0 src/Game/MapObj/SwitchBox.cpp
0 src/Game/MapObj/QuestionBoxGalleryObj.cpp
0 src/Game/MapObj/HipDropRock.cpp
0 src/Game/MapObj/SpiderThreadRadialLine.cpp
0 src/Game/MapObj/Rock.cpp
0 src/Game/MapObj/BenefitItemLifeUp.cpp
0 src/Game/MapObj/InvisiblePolygonObj.cpp
0 src/Game/MapObj/StarPieceDirector.cpp
0 src/Game/MapObj/CoinSpot.cpp
0 src/Game/MapObj/SimpleNormalMapObj.cpp
0 src/Game/MapObj/ClipAreaDrop.cpp
0 src/Game/MapObj/ScrewSwitchReverse.cpp
0 src/Game/MapObj/BigBubbleDrawer.cpp
0 src/Game/MapObj/DesertMovingLand.cpp
0 src/Game/MapObj/Banekiti.cpp
0 src/Game/MapObj/BigBubbleGenerator.cpp
0 src/Game/MapObj/BreakableCage.cpp
0 src/Game/MapObj/TypicalDoor.cpp
0 src/Game/MapObj/PomponPlant.cpp
0 src/Game/MapObj/ChipHolder.cpp
0 src/Game/MapObj/YellowChip.cpp
0 src/Game/MapObj/GravityLight.cpp
0 src/Game/MapObj/ArrowSwitchMultiHolder.cpp
0 src/Game/MapObj/FlexibleSphere.cpp
0 src/Game/MapObj/SubmarineSteam.cpp
0 src/Game/MapObj/ClipFieldFillDraw.cpp
0 src/Game/MapObj/AstroDomeSky.cpp
0 src/Game/MapObj/SpringWaterFloaterSpot.cpp
0 src/Game/MapObj/MapPartsBreaker.cpp
0 src/Game/MapObj/BigBubbleMoveLimitter.cpp
0 src/Game/MapObj/FountainBig.cpp
0 src/Game/MapObj/FlipPanel.cpp
0 src/Game/MapObj/LargeChainParts.cpp
0 src/Game/MapObj/PrizeRing.cpp
0 src/Game/MapObj/TransparentWall.cpp
0 src/Game/MapObj/PhantomTorch.cpp
0 src/Game/MapObj/ShootingStar.cpp
0 src/Game/MapObj/MarioLauncherAttractor.cpp
0 src/Game/MapObj/PhantomShipBoxFloater.cpp
0 src/Game/MapObj/MechaKoopaPartsHead.cpp
0 src/Game/MapObj/TrampleStar.cpp
0 src/Game/MapObj/MapPartsSeesaw2AxisRotator.cpp
0 src/Game/MapObj/DashRing.cpp
0 src/Game/MapObj/PlantGroup.cpp
0 src/Game/MapObj/RevolvingWay.cpp
0 src/Game/MapObj/SimpleTimerObj.cpp
0 src/Game/MapObj/PurpleCoinHolder.cpp
0 src/Game/MapObj/ClipAreaDropHolder.cpp
0 src/Game/MapObj/PTimerSwitch.cpp
0 src/Game/MapObj/AirBubbleHolder.cpp
0 src/Game/MapObj/DragonHeadFlower.cpp
0 src/Game/MapObj/SmallStone.cpp
0 src/Game/MapObj/MapPartsAppearController.cpp
0 src/Game/MapObj/AstroMapBoard.cpp
0 src/Game/MapObj/SeesawMoveNut.cpp
0 src/Game/MapObj/LavaSteam.cpp
0 src/Game/MapObj/FloaterFloatingForceTypeSpring.cpp
0 src/Game/MapObj/Swinger.cpp
0 src/Game/MapObj/ChipGroup.cpp
0 src/Game/MapObj/CannonFortressBreakStep.cpp
0 src/Game/MapObj/SpinDriverShootPath.cpp
0 src/Game/MapObj/OceanSmallTurtle.cpp
0 src/Game/MapObj/SpiderThread.cpp
0 src/Game/MapObj/LavaStrangeRock.cpp
0 src/Game/MapObj/AstroMapObjFunction.cpp
0 src/Game/MapObj/LavaBreakColumn.cpp
0 src/Game/MapObj/AirBubbleGenerator.cpp
0 src/Game/MapObj/AstroDomeGalaxySelector.cpp
0 src/Game/MapObj/WaveFloatingForce.cpp
0 src/Game/MapObj/MapObjActor.cpp
0 src/Game/MapObj/CrystalCage.cpp
0 src/Game/MapObj/PlantRailInfo.cpp
0 src/Game/MapObj/RosettaPictureBook.cpp
0 src/Game/MapObj/CrystalCageMoving.cpp
0 src/Game/MapObj/LavaGalaxyParts.cpp
0 src/Game/MapObj/SimpleMapObj.cpp
0 src/Game/MapObj/ClipAreaHolder.cpp
0 src/Game/MapObj/IceVolcanoUpDownPlane.cpp
0 src/Game/MapObj/CollectCounter.cpp
0 src/Game/MapObj/JumpStand.cpp
0 src/Game/MapObj/OceanFloaterLandParts.cpp
0 src/Game/MapObj/WaterLeakPipe.cpp
0 src/Game/MapObj/SimpleFloaterObj.cpp
0 src/Game/MapObj/Note.cpp
0 src/Game/MapObj/WhirlPool.cpp
0 src/Game/MapObj/AstroCore.cpp
PASS 1602 TOTAL 1603
