0 src/JSystem/J2DGraph/J2DMatBlock.cpp
0 src/JSystem/J3DGraphAnimator/J3DAnimation.cpp
0 src/JSystem/J3DGraphBase/J3DTransform.cpp
0 src/JSystem/J3DGraphLoader/J3DMaterialFactory.cpp
0 src/JSystem/JAudio2/JAISeMgr.cpp
0 src/JSystem/JAudio2/JAISeq.cpp
0 src/JSystem/JAudio2/JAISound.cpp
0 src/JSystem/JAudio2/JASAiCtrl.cpp
0 src/JSystem/JAudio2/JASAramStream.cpp
0 src/JSystem/JAudio2/JASAudioReseter.cpp
0 src/JSystem/JAudio2/JASBNKParser.cpp
0 src/JSystem/JAudio2/JASBasicInst.cpp
0 src/JSystem/JAudio2/JASBasicWaveBank.cpp
0 src/JSystem/JAudio2/JASCalc.cpp
0 src/JSystem/JAudio2/JASChannel.cpp
0 src/JSystem/JAudio2/JASHeapCtrl.cpp
0 src/JSystem/JAudio2/JASReport.cpp
0 src/JSystem/JAudio2/JASSeqParser.cpp
0 src/JSystem/JAudio2/JASSimpleWaveBank.cpp
0 src/JSystem/JAudio2/JASTrack.cpp
0 src/JSystem/JAudio2/JAUAudience.cpp
0 src/JSystem/JAudio2/JAUBankTable.cpp
0 src/JSystem/JAudio2/JAUInitializer.cpp
0 src/JSystem/JAudio2/JAUSectionHeap.cpp
0 src/JSystem/JAudio2/JAUSoundTable.cpp
0 src/JSystem/JAudio2/dspproc.cpp
0 src/JSystem/JAudio2/dsptask.cpp
0 src/JSystem/JAudio2/osdsp.cpp
0 src/JSystem/JAudio2/osdsp_task.cpp
0 src/JSystem/JKernel/JKRDvdArchive.cpp
0 src/JSystem/JMath/JMath.cpp
0 src/JSystem/JParticle/JPABaseShape.cpp
0 src/JSystem/JParticle/JPAMath.cpp
0 src/JSystem/JParticle/JPAParticle.cpp
0 src/nw4r/ut/ut_CharWriter.cpp
PASS 35 TOTAL 35
