0 src/Game/Animation/AnmPlayer.cpp
1 src/Game/AreaObj/CollisionArea.cpp
0 src/Game/AreaObj/ImageEffectArea.cpp
0 src/Game/AreaObj/LightAreaHolder.cpp
0 src/Game/AreaObj/WarpCube.cpp
0 src/Game/Boss/SkeletalFishBaby.cpp
0 src/Game/Boss/SkeletalFishBoss.cpp
0 src/Game/Demo/DemoExecutor.cpp
0 src/Game/Demo/DemoSoundKeeper.cpp
0 src/Game/Demo/DemoStartRequestHolder.cpp
1 src/Game/Demo/DemoStartRequestUtil.cpp
0 src/Game/Demo/DemoTimeKeeper.cpp
0 src/Game/Demo/DemoWipeKeeper.cpp
0 src/Game/Effect/AutoEffectGroup.cpp
0 src/Game/Effect/AutoEffectGroupHolder.cpp
0 src/Game/Effect/AutoEffectInfo.cpp
0 src/Game/Effect/EffectSystemUtil.cpp
0 src/Game/Effect/ParticleCalcExecutor.cpp
0 src/Game/Effect/ParticleDrawExecutor.cpp
0 src/Game/Effect/SyncBckEffectChecker.cpp
0 src/Game/Effect/SyncBckEffectInfo.cpp
1 src/Game/LiveActor/Binder.cpp
1 src/Game/LiveActor/ClippingActorInfo.cpp
1 src/Game/LiveActor/ClippingJudge.cpp
1 src/Game/LiveActor/DisplayListMaker.cpp
1 src/Game/LiveActor/DynamicJointCtrl.cpp
0 src/Game/LiveActor/EffectKeeper.cpp
0 src/Game/LiveActor/HitSensorInfo.cpp
0 src/Game/LiveActor/LodCtrl.cpp
1 src/Game/LiveActor/MaterialCtrl.cpp
1 src/Game/LiveActor/MirrorCamera.cpp
0 src/Game/LiveActor/RailRider.cpp
0 src/Game/LiveActor/SensorHitChecker.cpp
0 src/Game/LiveActor/ShadowController.cpp
0 src/Game/LiveActor/ShadowSurfaceCircle.cpp
0 src/Game/LiveActor/ShadowSurfaceDrawer.cpp
0 src/Game/LiveActor/ShadowVolumeCylinder.cpp
0 src/Game/LiveActor/ShadowVolumeLine.cpp
0 src/Game/LiveActor/ShadowVolumeOval.cpp
0 src/Game/LiveActor/ShadowVolumeOvalPole.cpp
0 src/Game/LiveActor/ShadowVolumeSphere.cpp
0 src/Game/LiveActor/ViewGroupCtrl.cpp
0 src/Game/Map/CollisionCategorizedKeeper.cpp
0 src/Game/Map/CollisionParts.cpp
1 src/Game/MapObj/ChipCounter.cpp
0 src/Game/MapObj/MapPartsRailRotator.cpp
0 src/Game/MapObj/MapPartsSeesaw1AxisRotator.cpp
0 src/Game/MapObj/MapPartsSeesaw2AxisRotator.cpp
1 src/Game/MapObj/PlantGroup.cpp
0 src/Game/MapObj/StageEffectDataTable.cpp
1 src/Game/MapObj/WarpPod.cpp
1 src/Game/NPC/DemoRabbit.cpp
0 src/Game/NPC/NPCFunction.cpp
1 src/Game/NPC/Rosetta.cpp
0 src/Game/NPC/TalkMessageCtrl.cpp
0 src/Game/NameObj/NameObjCategoryList.cpp
0 src/Game/NameObj/NameObjHolder.cpp
1 src/Game/Player/Mario.cpp
0 src/Game/Player/MarioActor.cpp
0 src/Game/Player/MarioActorOffensiveMsg.cpp
1 src/Game/Player/MarioActorRush.cpp
0 src/Game/Player/MarioActorRushMsg.cpp
1 src/Game/Player/MarioActorSpecialDraw.cpp
0 src/Game/Player/MarioAnimator.cpp
0 src/Game/Player/MarioBlown.cpp
0 src/Game/Player/MarioDamage.cpp
0 src/Game/Player/MarioDamageParalyze.cpp
0 src/Game/Player/MarioEffect.cpp
0 src/Game/Player/MarioRabbit.cpp
0 src/Game/Player/MarioSwim.cpp
0 src/Game/Player/MarioTeresa.cpp
0 src/Game/Player/MarioWait.cpp
0 src/Game/Player/MarioWarp.cpp
0 src/Game/Player/MatrixControl.cpp
0 src/Game/Scene/MultiSceneEffectKeeper.cpp
0 src/Game/Scene/PlacementInfoOrdered.cpp
1 src/Game/Scene/ScenarioSelectScene.cpp
0 src/Game/Scene/StageDataHolder.cpp
1 src/Game/Screen/CustomTagProcessor.cpp
1 src/Game/Screen/LayoutCoreUtil.cpp
1 src/Game/Screen/LayoutGroupCtrl.cpp
1 src/Game/Screen/LayoutManager.cpp
1 src/Game/Screen/PauseMenu.cpp
0 src/Game/Screen/ReplaceTagProcessor.cpp
0 src/Game/System/AudSystemWrapper.cpp
1 src/Game/System/GameSequenceProgress.cpp
0 src/Game/System/LayoutHolder.cpp
0 src/Game/System/Overwrite.cpp
0 src/Game/System/ResourceHolderManager.cpp
0 src/Game/System/SaveDataFileAccessor.cpp
0 src/Game/System/WPadHVSwing.cpp
0 src/Game/Util/AreaObjUtil.cpp
0 src/Game/Util/DirectDraw.cpp
0 src/Game/Util/FurCtrl.cpp
0 src/Game/Util/FurDrawer.cpp
0 src/Game/Util/FurMulti.cpp
0 src/Game/Util/FurShader.cpp
0 src/Game/Util/JointController.cpp
1 src/Game/Util/LayoutUtil.cpp
0 src/Game/Util/LiveActorUtil.cpp
0 src/Game/Util/MapPartsUtil.cpp
0 src/Game/Util/MapUtil.cpp
0 src/Game/Util/ObjUtil.cpp
0 src/Game/Util/SceneUtil.cpp
0 src/Game/Util/StringUtil.cpp
0 src/Game/Util/TalkUtil.cpp
PASS 81 TOTAL 106
