[0m[38;5;2;1m[  2%]:[0m [38;5;5;1m<smg-pc-original-system-config-tests>[0m cache compiling.debug tests/OriginalSystemConfigTests.cpp[0m
[0m[38;5;2;1m[  2%]:[0m [38;5;5;1m<smg-pc-original-system-config-tests>[0m cache compiling.debug aurora/lib/compat.cpp[0m
[0m[38;5;2;1m[ 36%]:[0m [38;5;5;1m<smg-pc-game>[0m cache compiling.debug src/runtime/SystemConfigService.cpp[0m
[0m[38;5;2;1m[ 52%]:[0m [38;5;5;1m<smg-pc-game>[0m cache compiling.debug src/compat/SystemConfigSdkCompat.cpp[0m
[0m[38;5;2;1m[ 56%]:[0m [38;5;5;1m<smg-pc-game>[0m cache compiling.debug src/compat/OriginalSystemConfigAccessors.cpp[0m
[0m[38;5;2;1m[ 59%]:[0m [38;5;5;1m<smg-pc-game>[0m cache compiling.debug src/compat/OriginalSystemProductInfo.cpp[0m
[0m[38;5;2;1m[ 88%]:[0m [38;5;5;1m<aurora-os>[0m cache compiling.debug aurora/lib/sysconf.cpp[0m
[0m[38;5;3;1mIn file included from src/compat/OriginalSystemConfigAccessors.cpp:1:
In file included from <built-in>:1:
In file included from /Users/frityet/Projects/petari/pc-port/src/compat/MetrowerksStdCompat.hpp:11:
src/Game/LiveActor/LiveActor.hpp:41:29: warning: 'movement' overrides a member function but is not marked 'override' [-Winconsistent-missing-override]
   41 |                virtual void movement();
      |                             ^
src/Game/NameObj/NameObj.hpp:23:29: note: overridden virtual function is here
   23 |                virtual void movement();
      |                             ^
In file included from src/compat/OriginalSystemConfigAccessors.cpp:1:
In file included from <built-in>:1:
In file included from /Users/frityet/Projects/petari/pc-port/src/compat/MetrowerksStdCompat.hpp:11:
src/Game/LiveActor/LiveActor.hpp:42:29: warning: 'calcAnim' overrides a member function but is not marked 'override' [-Winconsistent-missing-override]
   42 |                virtual void calcAnim();
      |                             ^
src/Game/NameObj/NameObj.hpp:28:29: note: overridden virtual function is here[0m
[0m[38;5;3;1mIn file included from src/compat/OriginalSystemProductInfo.cpp:1:
In file included from <built-in>:1:
In file included from /Users/frityet/Projects/petari/pc-port/src/compat/MetrowerksStdCompat.hpp:11:
src/Game/LiveActor/LiveActor.hpp:41:29: warning: 'movement' overrides a member function but is not marked 'override' [-Winconsistent-missing-override]
   41 |                virtual void movement();
      |                             ^
src/Game/NameObj/NameObj.hpp:23:29: note: overridden virtual function is here
   23 |                virtual void movement();
      |                             ^
In file included from src/compat/OriginalSystemProductInfo.cpp:1:
In file included from <built-in>:1:
In file included from /Users/frityet/Projects/petari/pc-port/src/compat/MetrowerksStdCompat.hpp:11:
src/Game/LiveActor/LiveActor.hpp:42:29: warning: 'calcAnim' overrides a member function but is not marked 'override' [-Winconsistent-missing-override]
   42 |                virtual void calcAnim();
      |                             ^
src/Game/NameObj/NameObj.hpp:28:29: note: overridden virtual function is here[0m
[0m[38;5;3;1mIn file included from src/compat/SystemConfigSdkCompat.cpp:1:
In file included from <built-in>:1:
In file included from /Users/frityet/Projects/petari/pc-port/src/compat/MetrowerksStdCompat.hpp:11:
src/Game/LiveActor/LiveActor.hpp:41:29: warning: 'movement' overrides a member function but is not marked 'override' [-Winconsistent-missing-override]
   41 |                virtual void movement();
      |                             ^
src/Game/NameObj/NameObj.hpp:23:29: note: overridden virtual function is here
   23 |                virtual void movement();
      |                             ^
In file included from src/compat/SystemConfigSdkCompat.cpp:1:
In file included from <built-in>:1:
In file included from /Users/frityet/Projects/petari/pc-port/src/compat/MetrowerksStdCompat.hpp:11:
src/Game/LiveActor/LiveActor.hpp:42:29: warning: 'calcAnim' overrides a member function but is not marked 'override' [-Winconsistent-missing-override]
   42 |                virtual void calcAnim();
      |                             ^
src/Game/NameObj/NameObj.hpp:28:29: note: overridden virtual function is here[0m
[0m[38;5;3;1mIn file included from src/runtime/SystemConfigService.cpp:1:
In file included from <built-in>:1:
In file included from /Users/frityet/Projects/petari/pc-port/src/compat/MetrowerksStdCompat.hpp:11:
src/Game/LiveActor/LiveActor.hpp:41:29: warning: 'movement' overrides a member function but is not marked 'override' [-Winconsistent-missing-override]
   41 |                virtual void movement();
      |                             ^
src/Game/NameObj/NameObj.hpp:23:29: note: overridden virtual function is here
   23 |                virtual void movement();
      |                             ^
In file included from src/runtime/SystemConfigService.cpp:1:
In file included from <built-in>:1:
In file included from /Users/frityet/Projects/petari/pc-port/src/compat/MetrowerksStdCompat.hpp:11:
src/Game/LiveActor/LiveActor.hpp:42:29: warning: 'calcAnim' overrides a member function but is not marked 'override' [-Winconsistent-missing-override]
   42 |                virtual void calcAnim();
      |                             ^
src/Game/NameObj/NameObj.hpp:28:29: note: overridden virtual function is here[0m
[0m[38;5;2;1m[ 94%]:[0m [38;5;5;1m<aurora-os>[0m [38;5;5;1marchiving.debug libaurora-os.a[0m
[0m[38;5;2;1m[ 94%]:[0m [38;5;5;1m<smg-pc-game>[0m [38;5;5;1marchiving.debug libsmg-pc-game.a[0m
[0m[38;5;2;1m[ 94%]:[0m [38;5;5;1m<smg-pc-original-system-config-tests>[0m [38;5;5;1mlinking.debug smg-pc-original-system-config-tests[0m
[0m[38;5;2;1mcreate ok![0m
compile_commands.json updated!
[0m[38;5;2;1m[100%]:[0m [38;5;2;1mbuild ok, spent 2.324s[0m
