[0mchecking for Xcode SDK ... [38;5;2;1m/Applications/Xcode.app (sdk: 27.0, arm64-apple-macos26.0)[0m
[0mchecking for disc ... [38;5;1;1mno[0m
[0mchecking for Xcode SDK ... [38;5;2;1m/Applications/Xcode.app (sdk: 27.0, arm64-apple-macos26.0)[0m
[0m[38;5;2;1m[ 38%]:[0m [38;5;5;1m<smg-pc-game>[0m cache compiling.debug src/Game/Map/FileSelectSky.cpp[0m
[0m[38;5;2;1m[ 85%]:[0m [38;5;5;1m<smg-pc-game>[0m cache compiling.debug src/JSystem/J3DGraphAnimator/J3DJoint.cpp[0m
[0m[38;5;2;1m[ 85%]:[0m [38;5;5;1m<smg-pc-game>[0m cache compiling.debug src/JSystem/J3DGraphAnimator/J3DJointTree.cpp[0m
[0m[38;5;2;1m[ 85%]:[0m [38;5;5;1m<smg-pc-game>[0m cache compiling.debug src/JSystem/J3DGraphAnimator/J3DModelData.cpp[0m
[0m[38;5;2;1m[ 85%]:[0m [38;5;5;1m<smg-pc-game>[0m cache compiling.debug src/JSystem/J3DGraphAnimator/J3DModel.cpp[0m
[0m[38;5;2;1m[ 85%]:[0m [38;5;5;1m<smg-pc-game>[0m cache compiling.debug src/JSystem/J3DGraphAnimator/J3DSkinDeform.cpp[0m
[0m[38;5;2;1m[ 85%]:[0m [38;5;5;1m<smg-pc-game>[0m cache compiling.debug src/JSystem/J3DGraphAnimator/J3DCluster.cpp[0m
[0m[38;5;2;1m[ 85%]:[0m [38;5;5;1m<smg-pc-game>[0m cache compiling.debug src/JSystem/J3DGraphBase/J3DTransform.cpp[0m
[0m[38;5;2;1m[ 85%]:[0m [38;5;5;1m<smg-pc-game>[0m cache compiling.debug src/JSystem/J3DGraphBase/J3DSys.cpp[0m
[0m[38;5;2;1m[ 86%]:[0m [38;5;5;1m<smg-pc-game>[0m cache compiling.debug src/JSystem/JMath/JMath.cpp[0m
[0m[38;5;3;1mIn file included from src/JSystem/J3DGraphAnimator/J3DJointTree.cpp:2:
In file included from src/JSystem/J3DGraphAnimator/J3DJoint.hpp:4:
In file included from src/JSystem/J3DGraphBase/J3DMaterial.hpp:3:
src/JSystem/J3DGraphBase/J3DMatBlock.hpp:248:35: warning: result of comparison of constant 65535 with expression of type 'const u8' (aka 'const unsigned char') is always false [-Wtautological-constant-out-of-range-compare]
  248 |         u32 ambSrc = info.mAmbSrc == 0xFFFF ? 0 : info.mAmbSrc;
      |                      ~~~~~~~~~~~~ ^  ~~~~~~
1 warning generated.[0m
[0m[38;5;3;1mIn file included from src/JSystem/J3DGraphAnimator/J3DModelData.cpp:3:
In file included from src/JSystem/J3DGraphBase/J3DMaterial.hpp:3:
src/JSystem/J3DGraphBase/J3DMatBlock.hpp:248:35: warning: result of comparison of constant 65535 with expression of type 'const u8' (aka 'const unsigned char') is always false [-Wtautological-constant-out-of-range-compare]
  248 |         u32 ambSrc = info.mAmbSrc == 0xFFFF ? 0 : info.mAmbSrc;
      |                      ~~~~~~~~~~~~ ^  ~~~~~~
1 warning generated.[0m
[0m[38;5;3;1mIn file included from src/JSystem/J3DGraphAnimator/J3DJoint.cpp:1:
In file included from src/JSystem/J3DGraphAnimator/J3DJoint.hpp:4:
In file included from src/JSystem/J3DGraphBase/J3DMaterial.hpp:3:
src/JSystem/J3DGraphBase/J3DMatBlock.hpp:248:35: warning: result of comparison of constant 65535 with expression of type 'const u8' (aka 'const unsigned char') is always false [-Wtautological-constant-out-of-range-compare]
  248 |         u32 ambSrc = info.mAmbSrc == 0xFFFF ? 0 : info.mAmbSrc;
      |                      ~~~~~~~~~~~~ ^  ~~~~~~
1 warning generated.[0m
[0m[38;5;3;1mIn file included from src/JSystem/J3DGraphAnimator/J3DModel.cpp:2:
In file included from src/JSystem/J3DGraphAnimator/J3DJoint.hpp:4:
In file included from src/JSystem/J3DGraphBase/J3DMaterial.hpp:3:
src/JSystem/J3DGraphBase/J3DMatBlock.hpp:248:35: warning: result of comparison of constant 65535 with expression of type 'const u8' (aka 'const unsigned char') is always false [-Wtautological-constant-out-of-range-compare]
  248 |         u32 ambSrc = info.mAmbSrc == 0xFFFF ? 0 : info.mAmbSrc;
      |                      ~~~~~~~~~~~~ ^  ~~~~~~
1 warning generated.[0m
[0m[38;5;2;1mcreate ok![0m
[0m[1;38;5;1;1merror: [0m<built-in>:2:10: fatal error: '/Users/frityet/Projects/petari/../JSystem/JMath/JMATrigonometric.hpp' file not found
    2 | #include "/Users/frityet/Projects/petari/../JSystem/JMath/JMATrigonometric.hpp"
      |          ^~~~~~~~~~~~~~~~~~~~~~~~~~~~~~~~~~~~~~~~~~~~~~~~~~~~~~~~~~~~~~~~~~~~~~
1 error generated.
  [38;5;3m> in [1msrc/Game/Map/FileSelectSky.cpp[0m
