Aurora GX/RFL foundation verification — 2026-08-09 UTC

Published commits
-----------------
f07c8db  Make GX depth and resource lifetime exact
dcb5221  Add retail default character model foundation

Generalized GX gates
--------------------
CMake configure/build: PASS
GXFifoTest + GXDestructionStateTest: PASS 173/173
gx_z_scale_offset_render under Xvfb/Vulkan: PASS
xmake build -r -j2 aurora-gx: PASS
git diff --check: PASS

Retail default-character proof
------------------------------
Input: real RMGK01 MiiFaceDatabase.arc / RFL_Res.dat
Guest A normal:        FNV-1a 0x70dd7d3fe211aff9
Guest A blink:         FNV-1a 0xcc2cccd8eaaae6ad
Guest A normal repeat: FNV-1a 0x70dd7d3fe211aff9
Normal/repeat RGBA: exact equality
Normal/blink change: 11,506 bytes, confined to the eye region
Five fresh-cache runs: deterministic PASS 5/5

Boundary
--------
Aurora CharacterModel is real and compiled. Production RVLFaceLib/Game Mii
bridging remains absent and must not be advertised until its exact owner and C
API lifecycle are connected and tested.
