(lldb) target create "/Users/frityet/Projects/petari/build/macosx/arm64/debug/smg-pc"
Current executable set to '/Users/frityet/Projects/petari/build/macosx/arm64/debug/smg-pc' (arm64).
(lldb) settings set -- target.run-args  "--disc" "/Users/frityet/Projects/petari/Super Mario Wii - Galaxy Adventure (Korea).rvz" "--stage" "HeavensDoorGalaxy" "--scenario" "1" "--max-frames" "120"
(lldb) breakpoint set --name __cxa_throw
Breakpoint 1: 2 locations.
(lldb) run
[src/app/Application.cpp:59][APP - INFO] Opened Aurora disc image /Users/frityet/Projects/petari/Super Mario Wii - Galaxy Adventure (Korea).rvz
[aurora:info:aurora] Aurora initializing
[aurora:info:aurora::system_info] CPU model: Apple M5 Max
[aurora:info:aurora::system_info] Memory: 131072 MiB
[aurora:info:aurora::system_info] Architecture: aarch64
[aurora:info:aurora::system_info] OS: macOS Version 27.0 (Build 26A428)
2026-09-25 20:44:14.531228+0100 smg-pc[53002:6674633] [Connection] Unable to get synchronousRemoteObjectProxy, error: Error Domain=NSCocoaErrorDomain Code=4097 "connection to service named com.apple.linkd.autoShortcut" UserInfo={NSDebugDescription=connection to service named com.apple.linkd.autoShortcut}
2026-09-25 20:44:14.531394+0100 smg-pc[53002:6674633] [Application] Error registering app with intents framework: Error Domain=NSCocoaErrorDomain Code=4097 "connection to service named com.apple.linkd.autoShortcut" UserInfo={NSDebugDescription=connection to service named com.apple.linkd.autoShortcut}
2026-09-25 20:44:14.531561+0100 smg-pc[53002:6674634] [Connection] Unable to get synchronousRemoteObjectProxy, error: Error Domain=NSCocoaErrorDomain Code=4097 "connection to service named com.apple.linkd.autoShortcut" UserInfo={NSDebugDescription=connection to service named com.apple.linkd.autoShortcut}
2026-09-25 20:44:14.531580+0100 smg-pc[53002:6674634] [Connection] Unable to re-register with Process Instance Registry, error: Error Domain=NSCocoaErrorDomain Code=4097 "connection to service named com.apple.linkd.autoShortcut" UserInfo={NSDebugDescription=connection to service named com.apple.linkd.autoShortcut}
2026-09-25 20:44:14.531828+0100 smg-pc[53002:6674655] [Connection] Unable to get synchronousRemoteObjectProxy, error: Error Domain=NSCocoaErrorDomain Code=4097 "connection to service named com.apple.linkd.autoShortcut" UserInfo={NSDebugDescription=connection to service named com.apple.linkd.autoShortcut}
2026-09-25 20:44:14.531838+0100 smg-pc[53002:6674655] [Connection] Unable to re-register with Process Instance Registry, error: Error Domain=NSCocoaErrorDomain Code=4097 "connection to service named com.apple.linkd.autoShortcut" UserInfo={NSDebugDescription=connection to service named com.apple.linkd.autoShortcut}
2026-09-25 20:44:14.532062+0100 smg-pc[53002:6674655] [Connection] Will NOT re-try to establish the connection
2026-09-25 20:44:14.532082+0100 smg-pc[53002:6674633] [Connection] Unable to get synchronousRemoteObjectProxy, error: Error Domain=NSCocoaErrorDomain Code=4097 "connection to service named com.apple.linkd.autoShortcut" UserInfo={NSDebugDescription=connection to service named com.apple.linkd.autoShortcut}
2026-09-25 20:44:14.532092+0100 smg-pc[53002:6674633] [Connection] Unable to re-register with Process Instance Registry, error: Error Domain=NSCocoaErrorDomain Code=4097 "connection to service named com.apple.linkd.autoShortcut" UserInfo={NSDebugDescription=connection to service named com.apple.linkd.autoShortcut}
2026-09-25 20:44:15.495662+0100 smg-pc[53002:6674611] [WindowTab] Cannot index window tabs due to missing main bundle identifier
[aurora:info:aurora::gpu] Creating WebGPU instance
[aurora:info:aurora::gpu] Attempting to initialize Metal
[aurora:info:aurora::gpu] Requesting adapter
  Feature level: Compatibility
  Power preference: HighPerformance
  Backend: Metal
  Compatible surface: true
[aurora:info:aurora::gpu] Graphics adapter information
  API: Metal
  Device: Apple M5 Max (IntegratedGPU)
  Driver: Metal driver on macOS Version 27.0 (Build 26A428)
[aurora:info:aurora::gpu] Using limits:
  maxTextureDimension1D: 16384
  maxTextureDimension2D: 16384
  maxTextureDimension3D: 2048
  maxTextureArrayLayers: 2048
  maxStorageBuffersPerShaderStage: 2
  minUniformBufferOffsetAlignment: 256
  minStorageBufferOffsetAlignment: 256
  maxImmediateSize: 64
[aurora:info:aurora::gpu] Enabling features: 
  CoreFeaturesAndLimits
  DepthClipControl
  TextureCompressionBC
  TextureCompressionASTC
  ClipDistances
  DualSourceBlending
  TextureComponentSwizzle
[aurora:info:aurora::gpu] Using surface format BGRA8Unorm, present mode Fifo
[aurora:info:aurora::gfx::pipeline_cache] No bundled initial pipeline cache found at '/Users/frityet/Projects/petari/build/macosx/arm64/debug/initial_pipeline_cache.db'
[aurora:info:aurora] Using framebuffer size 2560x1440 scale 2
[src/app/OriginalGameApplication.cpp:512][APP - INFO] Booting the original GameSystem
[original-process] Preparing original heap arenas
[original-process] Initializing SDK, layout allocator and original heap watcher
[original-process] Initialized console language 9 for disc region K
<< NW4R    - LYT 	final   build: Jul 17 2007 12:25:23 (0x4199_60831) >>
[original-process] Initializing original file and exception services
[original-process] Constructing GameSystem
[original-process] Entering GameSystem::init
[aurora:info:aurora::gpu::cache] Pruned 4 stale Dawn cache entries
[original-process] GameSystem::init completed
[src/app/OriginalGameApplication.cpp:514][APP - INFO] Running the original GameSystem frame loop
[original-process] Requesting authored stage HeavensDoorGalaxy scenario 1 through GameSequence
[src/app/OriginalGameApplication.cpp:551][APP - INFO] Original GameSystem stopped after 120 completed frames
Process 53002 launched: '/Users/frityet/Projects/petari/build/macosx/arm64/debug/smg-pc' (arm64)
Process 53002 stopped
* thread #20, stop reason = breakpoint 1.1
       frame #0: 0x0000000101fab6e0 libc++abi.1.dylib`__cxa_throw
libc++abi.1.dylib`__cxa_throw:
->  0x101fab6e0 <+0>:  stp    x22, x21, [sp, #-0x30]!
    0x101fab6e4 <+4>:  stp    x20, x19, [sp, #0x10]
    0x101fab6e8 <+8>:  stp    x29, x30, [sp, #0x20]
    0x101fab6ec <+12>: add    x29, sp, #0x20
Target 0: (smg-pc) stopped.
(lldb) bt
* thread #20, stop reason = breakpoint 1.1
   * frame #0: 0x0000000101fab6e0 libc++abi.1.dylib`__cxa_throw
     frame #1: 0x0000000100abbb28 smg-pc`(anonymous namespace)::check_thread_control() at OSExecution.cpp:0 [opt]
     frame #2: 0x0000000100abb954 smg-pc`OSSleepThread(queue=0x00000076236fdb38) at OSExecution.cpp:297:3 [opt]
     frame #3: 0x0000000100abec30 smg-pc`OSReceiveMessage(mq=0x00000076236fdb28, msg=0x00000001709deef8, flags=1) at OSMessage.cpp:45:13 [opt]
     frame #4: 0x00000001001cb868 smg-pc`FunctionAsyncExecutorThread::run(this=0x00000076236fdb10) at FunctionAsyncExecutor.cpp:40:9 [opt]
  ﹍ frame #5: 0x0000000100abd27c smg-pc`(anonymous namespace)::run_managed_thread(record=0x0000007ab90e9a00) at OSExecution.cpp:422:13 [opt]
  ﹉ frame #7: 0x0000000100abe778 smg-pc`void std::__1::__thread_execute[abi:nqe230101]<std::__1::unique_ptr<std::__1::__thread_struct, std::__1::default_delete<std::__1::__thread_struct>>, void (*)((anonymous namespace)::ManagedThread*), (anonymous namespace)::ManagedThread*, 0ul, 1ul>(__t=size=3, (null)=<unavailable>) at thread.h:170:3 [opt] [inlined]
     frame #8: 0x0000000100abe778 smg-pc`void* std::__1::__thread_proxy[abi:nqe230101]<std::__1::tuple<std::__1::unique_ptr<std::__1::__thread_struct, std::__1::default_delete<std::__1::__thread_struct>>, void (*)((anonymous namespace)::ManagedThread*), (anonymous namespace)::ManagedThread*>>(__vp=0x0000007ab6bb7b60) at thread.h:178:3 [opt]
     frame #9: 0x000000018a411d00 libsystem_pthread.dylib`_pthread_start + 136
(lldb) process kill
Process 53002 exited with status = 9 (0x00000009) killed
