[0m[38;5;2;1m[  1%]:[0m [38;5;5;1m<smg-pc>[0m cache compiling.debug src/app/main.cpp[0m
[0m[38;5;2;1m[  1%]:[0m [38;5;5;1m<smg-pc-app>[0m cache compiling.debug src/app/Application.cpp[0m
[0m[38;5;2;1m[  1%]:[0m [38;5;5;1m<smg-pc-app>[0m cache compiling.debug src/app/OriginalGameApplication.cpp[0m
[0m[38;5;2;1m[  1%]:[0m [38;5;5;1m<smg-pc-render>[0m cache compiling.debug src/render/RendererService.cpp[0m
[0m[38;5;2;1m[  1%]:[0m [38;5;5;1m<smg-pc-render>[0m cache compiling.debug src/render/BrightVisibilityService.cpp[0m
[0m[38;5;2;1m[  1%]:[0m [38;5;5;1m<smg-pc-render>[0m cache compiling.debug src/render/AuroraBrightVisibilityService.cpp[0m
[0m[38;5;2;1m[  6%]:[0m [38;5;5;1m<smg-pc-game>[0m cache compiling.debug src/Game/Demo/DemoExecutorFunction.cpp[0m
[0m[38;5;2;1m[  6%]:[0m [38;5;5;1m<smg-pc-game>[0m cache compiling.debug src/Game/Demo/DemoSoundKeeper.cpp[0m
[0m[38;5;2;1m[  6%]:[0m [38;5;5;1m<smg-pc-game>[0m cache compiling.debug src/Game/Demo/StarReturnDemoStarter.cpp[0m
[0m[38;5;2;1m[  6%]:[0m [38;5;5;1m<smg-pc-game>[0m cache compiling.debug src/Game/Demo/DemoSimpleCastHolder.cpp[0m
[0m[38;5;2;1m[  6%]:[0m [38;5;5;1m<smg-pc-game>[0m cache compiling.debug src/Game/Demo/DemoCameraFunction.cpp[0m
[0m[38;5;2;1m[  6%]:[0m [38;5;5;1m<smg-pc-game>[0m cache compiling.debug src/Game/Demo/DemoStartRequestHolder.cpp[0m
[0m[38;5;2;1m[  6%]:[0m [38;5;5;1m<smg-pc-game>[0m cache compiling.debug src/Game/Demo/DemoCtrlBase.cpp[0m
[0m[38;5;2;1m[  6%]:[0m [38;5;5;1m<smg-pc-game>[0m cache compiling.debug src/Game/Demo/DemoParamCommonDataTable.cpp[0m
[0m[38;5;2;1m[  6%]:[0m [38;5;5;1m<smg-pc-game>[0m cache compiling.debug src/Game/Demo/DemoCastGroupHolder.cpp[0m
[0m[38;5;2;1m[  6%]:[0m [38;5;5;1m<smg-pc-game>[0m cache compiling.debug src/Game/Demo/DemoPlayerKeeper.cpp[0m
[0m[38;5;2;1m[  6%]:[0m [38;5;5;1m<smg-pc-game>[0m cache compiling.debug src/Game/Demo/AstroDomeDemoStarter.cpp[0m
[0m[38;5;2;1m[  6%]:[0m [38;5;5;1m<smg-pc-game>[0m cache compiling.debug src/Game/Demo/AstroDemoFunction.cpp[0m
[0m[38;5;2;1m[  6%]:[0m [38;5;5;1m<smg-pc-game>[0m cache compiling.debug src/Game/Demo/DemoCameraKeeper.cpp[0m
[0m[38;5;2;1m[  6%]:[0m [38;5;5;1m<smg-pc-game>[0m cache compiling.debug src/Game/Demo/DemoTalkAnimCtrl.cpp[0m
[0m[38;5;2;1mcreate ok![0m
[0m[1;38;5;1;1merror: [0msrc/JSystem/JGeometry/TMatrix.hpp:235:21: error: use of undeclared identifier 'SIN'
  235 |             f32 s = SIN(angle);
      |                     ^~~
src/JSystem/JGeometry/TMatrix.hpp:236:21: error: use of undeclared identifier 'COS'
  236 |             f32 c = COS(angle);
      |                     ^~~
src/JSystem/JGeometry/TMatrix.hpp:250:21: error: use of undeclared identifier 'SIN'
  250 |             f32 s = SIN(angle);
      |                     ^~~
src/JSystem/JGeometry/TMatrix.hpp:251:21: error: use of undeclared identifier 'COS'
  251 |             f32 c = COS(angle);
      |                     ^~~
4 errors generated.
  [38;5;3m> in [1msrc/render/BrightVisibilityService.cpp[0m
[0m[1;38;5;3;1mwarning: [38;5;3;1m./tests/xmake.lua:1536[0m: cannot match add_files("tests/PlanetMapCatalogTests.cpp") in target(smg-pc-planet-map-catalog-tests)[0m
