Compile diagnostics for 720 active imported/factory translation units
src/Game/GameAudio/AudCameraWatcher.cpp
src/Game/GameAudio/AudEffectDirector.cpp
src/Game/LiveActor/IKJointCtrl.cpp
src/Game/LiveActor/SimpleJ3DModelDrawer.cpp
src/Game/LiveActor/VolumeModelDrawer.cpp
src/Game/Ride/SurfRay.cpp
src/Game/Ride/BigBubble.cpp
src/Game/Ride/FluffWind.cpp
src/Game/Ride/SphereAccelSensorController.cpp
src/Game/Ride/Trapeze.cpp
src/Game/Ride/PlantLeaf.cpp
src/Game/Ride/Fluff.cpp
src/Game/Ride/SwingRope.cpp
src/Game/Ride/PlantStalk.cpp
src/Game/Ride/Tamakoro.cpp
src/Game/Effect/EffectObjGravityDust.cpp
src/Game/Boss/BossKameck.cpp
src/Game/Boss/Dodoryu.cpp
src/Game/Boss/KoopaFunction.cpp
src/Game/Boss/TripodBossLeg.cpp
src/Game/Boss/OtaKingLongFoot.cpp
src/Game/Boss/KoopaSequencerVs3.cpp
src/Game/Boss/TripodBoss.cpp
src/Game/Boss/TripodBossFixParts.cpp
src/Game/Boss/DinoPackunEggShell.cpp
src/Game/Boss/KoopaParts.cpp
src/Game/Boss/Polta.cpp
src/Game/Boss/TripodBossKillerGenerater.cpp
src/Game/Boss/SkeletalFishBaby.cpp
src/Game/Boss/TripodBossGuardWall.cpp
src/Game/Boss/BossKameckStateBattle.cpp
src/Game/Boss/TripodBossMovableArea.cpp
src/Game/Boss/KoopaBattleStairsVs3.cpp
src/Game/Boss/BossStinkBug.cpp
src/Game/Boss/TripodBossCore.cpp
src/Game/Boss/OtaKing.cpp
src/Game/Boss/SkeletalFishBoss.cpp
src/Game/Boss/DinoPackun.cpp
src/Game/Boss/TripodBossShell.cpp
src/Game/Boss/TripodBossGuardWallPart.cpp
src/Game/Boss/SkeletalFishGuard.cpp
src/Game/Boss/DodoryuUtil.cpp
src/Game/Enemy/Unizo.cpp
src/Game/Enemy/FireBall.cpp
src/Game/Enemy/MechanicKoopaMini.cpp
src/Game/Enemy/KoopaJrShip.cpp
src/Game/Enemy/Mogucchi.cpp
src/Game/Enemy/Metbo.cpp
src/Game/Enemy/Balloonfish.cpp
src/Game/Enemy/Mogu.cpp
src/Game/Enemy/BallBeamer.cpp
src/Game/Enemy/CocoSambo.cpp
src/Game/Enemy/SamboHead.cpp
src/Game/Enemy/Meramera.cpp
src/Game/Enemy/PackunPetit.cpp
src/Game/Enemy/Poihana.cpp
src/Game/Enemy/IceMerameraKing.cpp
src/Game/Enemy/Kabokuri.cpp
src/Game/Enemy/KuriboMini.cpp
src/Game/Enemy/Pukupuku.cpp
src/Game/Enemy/JellyfishElectric.cpp
src/Game/Enemy/Takobo.cpp
src/Game/Enemy/NokonokoLand.cpp
src/Game/Enemy/Jellyfish.cpp
src/Game/Enemy/BegomanSpringHead.cpp
src/Game/Enemy/BombBird.cpp
src/Game/Enemy/JumpSpider.cpp
src/Game/Enemy/JumpBeamer.cpp
src/Game/Enemy/RingBeamer.cpp
src/Game/Enemy/KuriboChief.cpp
src/Game/Enemy/Hanachan.cpp
src/Game/Enemy/HammerHeadPackun.cpp
src/Game/Enemy/Teresa.cpp
src/Game/Enemy/RingBeam.cpp
src/Game/Enemy/KoteBug.cpp
src/Game/Enemy/BombHei.cpp
src/Game/Enemy/BegomanSpring.cpp
src/Game/Enemy/KirairaChain.cpp
src/Game/Enemy/HomingKiller.cpp
src/Game/Enemy/TakoHei.cpp
src/Game/Enemy/Gesso.cpp
src/Game/Enemy/StringSpider.cpp
src/Game/Enemy/TeresaWater.cpp
src/Game/Enemy/OtaRock.cpp
src/Game/Enemy/Snakehead.cpp
src/Game/Enemy/MoguStone.cpp
src/Game/Enemy/Petari.cpp
src/Game/Enemy/BegomanLauncher.cpp
src/Game/Enemy/Kameck.cpp
src/Game/Enemy/Karon.cpp
src/Game/Enemy/Kuribo.cpp
src/Game/Enemy/BombHeiLauncher.cpp
src/Game/Enemy/StinkBugSmall.cpp
src/Game/Enemy/BombTeresa.cpp
src/Game/Enemy/SearchBeamer.cpp
src/Game/Enemy/BegomanSpike.cpp
src/Game/Enemy/EyeBeamer.cpp
src/Game/Enemy/BegomanBase.cpp
src/Game/System/HomeButtonMenuWrapper.cpp
src/Game/Map/WaterRoad.cpp
src/Game/Map/OceanRingDrawer.cpp
src/Game/Map/GravityDust.cpp
src/Game/Map/RaceRail.cpp
src/Game/Map/OceanRingPipeOutside.cpp
src/Game/Map/WaterPlant.cpp
src/Game/AreaObj/ChangeBgmCube.cpp
src/Game/Screen/GalaxyMapSelectButton.cpp
src/Game/Screen/GalaxyNamePlate.cpp
src/Game/Screen/LayoutActorFlag.cpp
src/Game/Screen/GalaxyMap.cpp
src/Game/Screen/PowerStarList.cpp
src/Game/Screen/MovieStarter.cpp
src/Game/Screen/OdhConverter.cpp
src/Game/Screen/HomeButtonLayout.cpp
src/Game/Screen/GalaxyMapController.cpp
src/Game/NameObj/NameObjFactory.cpp
src/Game/NPC/TrickRabbitSnow.cpp
src/Game/NPC/KinopioAstro.cpp
src/Game/NPC/CollectTico.cpp
src/Game/NPC/MiiFaceIconHolder.cpp
src/Game/NPC/Syati.cpp
src/Game/NPC/TrickRabbitFreeRun.cpp
src/Game/NPC/CareTaker.cpp
src/Game/NPC/ButlerMap.cpp
src/Game/NPC/HoneyQueen.cpp
src/Game/NPC/KoopaJr.cpp
src/Game/NPC/ButlerExplain.cpp
src/Game/NPC/TeresaRacer.cpp
src/Game/NPC/PenguinRacer.cpp
src/Game/NPC/TicoRail.cpp
src/Game/NPC/MiiDatabase.cpp
src/Game/NPC/Butler.cpp
src/Game/NPC/Kinopio.cpp
src/Game/Player/GhostPacket.cpp
src/Game/Player/GhostPlayer.cpp
src/Game/MapObj/ElectricRailMoving.cpp
src/Game/MapObj/MercatorRailMoveParts.cpp
src/Game/MapObj/NormalMapBase.cpp
src/Game/MapObj/MercatorRotateParts.cpp
src/Game/MapObj/SnowMan.cpp
src/Game/MapObj/WaterPressureBullet.cpp
src/Game/MapObj/ElectricRailHolder.cpp
src/Game/MapObj/StarPieceSpot.cpp
src/Game/MapObj/SimpleClipPartsObj.cpp
src/Game/MapObj/AstroMapObj.cpp
src/Game/MapObj/MorphItemObjNeo.cpp
src/Game/MapObj/SnowFloorTile.cpp
src/Game/MapObj/AstroDomeBlueStar.cpp
src/Game/MapObj/QuestionCoin.cpp
src/Game/MapObj/AstroDomeOrbit.cpp
src/Game/MapObj/Tsukidashikun.cpp
src/Game/MapObj/JumpHole.cpp
src/Game/MapObj/StarPieceFollowGroup.cpp
src/Game/MapObj/AirBubble.cpp
src/Game/MapObj/PunchBox.cpp
src/Game/MapObj/ElectricRail.cpp
src/Game/MapObj/GCaptureTarget.cpp
src/Game/MapObj/PalmIsland.cpp
src/Game/MapObj/LavaHomeSeesaw.cpp
src/Game/MapObj/TimerMoveWall.cpp
src/Game/MapObj/RosettaChair.cpp
src/Game/MapObj/AstroCountDownPlate.cpp
src/Game/MapObj/FallOutFieldDraw.cpp
src/Game/MapObj/MiniatureGalaxyHolder.cpp
src/Game/MapObj/PeachCastleGardenPlanet.cpp
src/Game/MapObj/QuarterRollGravityRoomArrow.cpp
src/Game/MapObj/ArrowSwitch.cpp
src/Game/MapObj/SandCapsuleInsidePlanet.cpp
src/Game/MapObj/OceanWaveFloater.cpp
src/Game/MapObj/MercatorFixParts.cpp
src/Game/MapObj/BallOpener.cpp
src/Game/MapObj/CollapsePlane.cpp
src/Game/MapObj/RailMoveObj.cpp
src/Game/MapObj/BenefitItemObj.cpp
src/Game/MapObj/BlueStarCupsulePlanet.cpp
src/Game/MapObj/SandUpDownEffectObj.cpp
src/Game/MapObj/ElectricBall.cpp
src/Game/MapObj/ItemBubble.cpp
src/Game/MapObj/GreenCaterpillarBig.cpp
src/Game/MapObj/LavaFloater.cpp
src/Game/MapObj/SpringJetWater.cpp
src/Game/MapObj/SphereRailDash.cpp
src/Game/MapObj/Sandstorm.cpp
src/Game/MapObj/SideSpikeMoveStep.cpp
src/Game/MapObj/LavaHomeSeesawRotator.cpp
src/Game/MapObj/GeneralMapParts.cpp
src/Game/MapObj/MagicBell.cpp
src/Game/MapObj/SnowFloor.cpp
src/Game/MapObj/GravityLightRoad.cpp
src/Game/MapObj/QuestionBoxGalleryObj.cpp
src/Game/MapObj/Rock.cpp
src/Game/MapObj/Banekiti.cpp
src/Game/MapObj/TypicalDoor.cpp
src/Game/MapObj/MapPartsBreaker.cpp
src/Game/MapObj/ShootingStar.cpp
src/Game/MapObj/MarioLauncherAttractor.cpp
src/Game/MapObj/TrampleStar.cpp
src/Game/MapObj/RevolvingWay.cpp
src/Game/MapObj/DragonHeadFlower.cpp
src/Game/MapObj/MapPartsAppearController.cpp
src/Game/MapObj/FloaterFloatingForceTypeSpring.cpp
src/Game/MapObj/OceanSmallTurtle.cpp
src/Game/MapObj/Note.cpp
src/Game/MapObj/AstroCore.cpp
Finished: 204 failed in 15.8 seconds
