(lldb) target create "/Users/frityet/Projects/petari/build/macosx/arm64/debug/smg-pc"
Current executable set to '/Users/frityet/Projects/petari/build/macosx/arm64/debug/smg-pc' (arm64).
(lldb) settings set -- target.run-args  "--disc" "/Users/frityet/Projects/petari/Super Mario Wii - Galaxy Adventure (Korea).rvz" "--stage" "HeavensDoorGalaxy" "--scenario" "1" "--max-frames" "120"
(lldb) run
[src/app/Application.cpp:59][APP - INFO] Opened Aurora disc image /Users/frityet/Projects/petari/Super Mario Wii - Galaxy Adventure (Korea).rvz
[aurora:info:aurora] Aurora initializing
[aurora:info:aurora::system_info] CPU model: Apple M5 Max
[aurora:info:aurora::system_info] Memory: 131072 MiB
[aurora:info:aurora::system_info] Architecture: aarch64
[aurora:info:aurora::system_info] OS: macOS Version 27.0 (Build 26A428)
2026-09-25 17:47:48.559868+0100 smg-pc[89479:6293438] [Connection] Unable to get synchronousRemoteObjectProxy, error: Error Domain=NSCocoaErrorDomain Code=4097 "connection to service named com.apple.linkd.autoShortcut" UserInfo={NSDebugDescription=connection to service named com.apple.linkd.autoShortcut}
2026-09-25 17:47:48.560066+0100 smg-pc[89479:6293438] [Application] Error registering app with intents framework: Error Domain=NSCocoaErrorDomain Code=4097 "connection to service named com.apple.linkd.autoShortcut" UserInfo={NSDebugDescription=connection to service named com.apple.linkd.autoShortcut}
2026-09-25 17:47:48.560221+0100 smg-pc[89479:6293437] [Connection] Unable to get synchronousRemoteObjectProxy, error: Error Domain=NSCocoaErrorDomain Code=4097 "connection to service named com.apple.linkd.autoShortcut" UserInfo={NSDebugDescription=connection to service named com.apple.linkd.autoShortcut}
2026-09-25 17:47:48.560240+0100 smg-pc[89479:6293437] [Connection] Unable to re-register with Process Instance Registry, error: Error Domain=NSCocoaErrorDomain Code=4097 "connection to service named com.apple.linkd.autoShortcut" UserInfo={NSDebugDescription=connection to service named com.apple.linkd.autoShortcut}
2026-09-25 17:47:48.560471+0100 smg-pc[89479:6293439] [Connection] Unable to get synchronousRemoteObjectProxy, error: Error Domain=NSCocoaErrorDomain Code=4097 "connection to service named com.apple.linkd.autoShortcut" UserInfo={NSDebugDescription=connection to service named com.apple.linkd.autoShortcut}
2026-09-25 17:47:48.560486+0100 smg-pc[89479:6293439] [Connection] Unable to re-register with Process Instance Registry, error: Error Domain=NSCocoaErrorDomain Code=4097 "connection to service named com.apple.linkd.autoShortcut" UserInfo={NSDebugDescription=connection to service named com.apple.linkd.autoShortcut}
2026-09-25 17:47:48.560711+0100 smg-pc[89479:6293439] [Connection] Will NOT re-try to establish the connection
2026-09-25 17:47:48.560733+0100 smg-pc[89479:6293438] [Connection] Unable to get synchronousRemoteObjectProxy, error: Error Domain=NSCocoaErrorDomain Code=4097 "connection to service named com.apple.linkd.autoShortcut" UserInfo={NSDebugDescription=connection to service named com.apple.linkd.autoShortcut}
2026-09-25 17:47:48.560744+0100 smg-pc[89479:6293438] [Connection] Unable to re-register with Process Instance Registry, error: Error Domain=NSCocoaErrorDomain Code=4097 "connection to service named com.apple.linkd.autoShortcut" UserInfo={NSDebugDescription=connection to service named com.apple.linkd.autoShortcut}
2026-09-25 17:47:49.425459+0100 smg-pc[89479:6293355] [WindowTab] Cannot index window tabs due to missing main bundle identifier
[aurora:info:aurora::gpu] Creating WebGPU instance
[aurora:info:aurora::gpu] Attempting to initialize Metal
[aurora:info:aurora::gpu] Requesting adapter
  Feature level: Compatibility
  Power preference: HighPerformance
  Backend: Metal
  Compatible surface: true
[aurora:info:aurora::gpu] Graphics adapter information
  API: Metal
  Device: Apple M5 Max (IntegratedGPU)
  Driver: Metal driver on macOS Version 27.0 (Build 26A428)
[aurora:info:aurora::gpu] Using limits:
  maxTextureDimension1D: 16384
  maxTextureDimension2D: 16384
  maxTextureDimension3D: 2048
  maxTextureArrayLayers: 2048
  maxStorageBuffersPerShaderStage: 2
  minUniformBufferOffsetAlignment: 256
  minStorageBufferOffsetAlignment: 256
  maxImmediateSize: 64
[aurora:info:aurora::gpu] Enabling features: 
  CoreFeaturesAndLimits
  DepthClipControl
  TextureCompressionBC
  TextureCompressionASTC
  ClipDistances
  DualSourceBlending
  TextureComponentSwizzle
[aurora:info:aurora::gpu] Using surface format BGRA8Unorm, present mode Fifo
[aurora:info:aurora::gfx::pipeline_cache] No bundled initial pipeline cache found at '/Users/frityet/Projects/petari/build/macosx/arm64/debug/initial_pipeline_cache.db'
[aurora:info:aurora] Using framebuffer size 2560x1440 scale 2
[src/app/OriginalGameApplication.cpp:510][APP - INFO] Booting the original GameSystem
[original-process] Preparing original heap arenas
[original-process] Initializing SDK, layout allocator and original heap watcher
[original-process] Initialized console language 9 for disc region K
<< NW4R    - LYT 	final   build: Jul 17 2007 12:25:23 (0x4199_60831) >>
[original-process] Initializing original file and exception services
[original-process] Constructing GameSystem
[original-process] Entering GameSystem::init
[aurora:info:aurora::gpu::cache] Pruned 4 stale Dawn cache entries
[original-process] GameSystem::init completed
[src/app/OriginalGameApplication.cpp:512][APP - INFO] Running the original GameSystem frame loop
[original-process] Requesting authored stage HeavensDoorGalaxy scenario 1 through GameSequence
warning: smg-pc was compiled with optimization - stepping may behave oddly; variables may not be available.
Process 89479 launched: '/Users/frityet/Projects/petari/build/macosx/arm64/debug/smg-pc' (arm64)
Process 89479 stopped
* thread #19, stop reason = EXC_BAD_ACCESS (code=1, address=0x10)
       frame #0: 0x00000001000a37c8 smg-pc`GameSystemSceneController::getNameObjListExecutor(this=0x000000740f6ec1d0) const at GameSystemSceneController.cpp:253:20 [opt]
   250 	}
   251 	
   252 	NameObjListExecutor* GameSystemSceneController::getNameObjListExecutor() const {
-> 253 	    return mScene->mListExecutor;
    	                   ^
   254 	}
   255 	
   256 	SceneObjHolder* GameSystemSceneController::getSceneObjHolder() const {
Target 0: (smg-pc) stopped.
(lldb) thread backtrace all
  thread #1, name = 'Main thread', queue = 'com.apple.main-thread'
       frame #0: 0x000000018a3d050c libsystem_kernel.dylib`__psynch_cvwait + 8
       frame #1: 0x000000018a4121d0 libsystem_pthread.dylib`_pthread_cond_wait + 980
       frame #2: 0x0000000101ac4f44 libc++.1.dylib`std::__1::condition_variable::wait(std::__1::unique_lock<std::__1::mutex>&) + 24
       frame #3: 0x00000001008c6374 smg-pc`void std::__1::condition_variable::wait[abi:nqe230101]<OSSleepThread::$_0>(this=0x0000000100e687a8, __lk=0x000000016fdfd460, __pred=<unavailable>) at condition_variable.h:113:7 [opt] [inlined]
       frame #4: 0x00000001008c6344 smg-pc`OSSleepThread(queue=0x000000740f6f5fe8) at OSExecution.cpp:291:15 [opt]
       frame #5: 0x00000001008c94b0 smg-pc`OSReceiveMessage(mq=0x000000740f6f5fd8, msg=0x000000016fdfd4e8, flags=1) at OSMessage.cpp:45:13 [opt]
       frame #6: 0x00000001000b07e4 smg-pc`(anonymous namespace)::waitForTick(tickDuration=<unavailable>, retraceCount=1) at MainLoopFramework.cpp:452:21 [opt]
       frame #7: 0x00000001000b0728 smg-pc`MainLoopFramework::waitForRetrace(this=<unavailable>) at MainLoopFramework.cpp:217:5 [opt]
       frame #8: 0x00000001000ae0fc smg-pc`GameSystem::frameLoop(this=<unavailable>) at GameSystem.cpp:203:34 [opt] [artificial]
       frame #9: 0x000000010000399c smg-pc`smgpc::app::(anonymous namespace)::OriginalProcess::frame(this=0x000000016fdfdfe8, window=0x000000016fdfe230, frame_index=20) at OriginalGameApplication.cpp:321:16 [opt] [inlined]
       frame #10: 0x00000001000037ac smg-pc`smgpc::app::run_original_game(configuration=0x000000016fdfe370, logger=0x0000007b15020020, observer=<unavailable>) at OriginalGameApplication.cpp:528:21 [opt]
       frame #11: 0x0000000100001928 smg-pc`aurora_main(argc=<unavailable>, argv=0x000000016fdfeb08) at main.cpp:54:12 [opt]
       frame #12: 0x000000018a03be80 dyld`start + 6688
  thread #2, name = 'Preloader 0'
       frame #0: 0x000000018a3ccb9c libsystem_kernel.dylib`semaphore_wait_trap + 8
       frame #1: 0x000000018a25249c libdispatch.dylib`_dispatch_sema4_wait + 28
       frame #2: 0x000000018a252b28 libdispatch.dylib`_dispatch_semaphore_wait_slow + 132
       frame #3: 0x00000001003916a0 smg-pc`<std::sys::sync::thread_parking::darwin::Parker>::park at darwin.rs:74:15 [opt] [inlined]
       frame #4: 0x0000000100391680 smg-pc`<std::thread::thread::Thread>::park at thread.rs:121:47 [opt] [inlined]
       frame #5: 0x0000000100391680 smg-pc`std::thread::functions::park at functions.rs:533:19 [opt]
       frame #6: 0x00000001002d0538 smg-pc`crossbeam_channel::flavors::list::Channel$LT$T$GT$::recv::_$u7b$$u7b$closure$u7d$$u7d$::h859e3c9833fb63cc + 204
       frame #7: 0x00000001002cff18 smg-pc`crossbeam_channel::flavors::list::Channel$LT$T$GT$::recv::hdb946b39f0b08934 + 588
       frame #8: 0x00000001002e4ca8 smg-pc`crossbeam_channel::channel::Receiver$LT$T$GT$::recv::hf871fda17557fdba + 72
       frame #9: 0x00000001002c8c5c smg-pc`std::sys::backtrace::__rust_begin_short_backtrace::he60433a33bb0cd3b + 56
       frame #10: 0x00000001002e5c0c smg-pc`core::ops::function::FnOnce::call_once$u7b$$u7b$vtable.shim$u7d$$u7d$::hde877fe98d6056ce + 252
       frame #11: 0x00000001003963c8 smg-pc`<alloc::boxed::Box<dyn core::ops::function::FnOnce<(), Output = ()> + core::marker::Send> as core::ops::function::FnOnce<()>>::call_once at boxed.rs:2249:9 [opt] [inlined]
       frame #12: 0x00000001003963bc smg-pc`<std::sys::thread::unix::Thread>::new::thread_start at unix.rs:118:17 [opt]
       frame #13: 0x000000018a411d00 libsystem_pthread.dylib`_pthread_start + 136
  thread #3
       frame #0: 0x000000018a3d050c libsystem_kernel.dylib`__psynch_cvwait + 8
       frame #1: 0x000000018a4121d0 libsystem_pthread.dylib`_pthread_cond_wait + 980
       frame #2: 0x0000000101ac4f44 libc++.1.dylib`std::__1::condition_variable::wait(std::__1::unique_lock<std::__1::mutex>&) + 24
       frame #3: 0x00000001002b8d8c smg-pc`void std::__1::condition_variable::wait[abi:nqe230101]<(anonymous namespace)::DvdWorker::run()::'lambda'()>(this=<unavailable>, __lk=0x0000000170092f70, __pred=(unnamed class) @ x20) at condition_variable.h:113:7 [opt] [inlined]
       frame #4: 0x00000001002b8d58 smg-pc`(anonymous namespace)::DvdWorker::run(this=0x0000000100e7d4b0) at dvd.cpp:622:12 [opt]
    ﹍ frame #5: 0x00000001002b8d40 smg-pc`(anonymous namespace)::DvdWorker::start()::'lambda'()::operator()(this=0x0000007b15020058) const at dvd.cpp:437:37 [opt] [inlined]
    ﹉ frame #7: 0x00000001002b8d40 smg-pc`void std::__1::__thread_execute[abi:nqe230101]<std::__1::unique_ptr<std::__1::__thread_struct, std::__1::default_delete<std::__1::__thread_struct>>, (anonymous namespace)::DvdWorker::start()::'lambda'(), 0ul>(__t=size=2, (null)=<unavailable>) at thread.h:170:3 [opt] [inlined]
       frame #8: 0x00000001002b8d40 smg-pc`void* std::__1::__thread_proxy[abi:nqe230101]<std::__1::tuple<std::__1::unique_ptr<std::__1::__thread_struct, std::__1::default_delete<std::__1::__thread_struct>>, (anonymous namespace)::DvdWorker::start()::'lambda'()>>(__vp=0x0000007b15020050) at thread.h:178:3 [opt]
       frame #9: 0x000000018a411d00 libsystem_pthread.dylib`_pthread_start + 136
  thread #4
       frame #0: 0x000000018a3ce9ec libsystem_kernel.dylib`__workq_kernreturn + 8
  thread #5, queue = 'com.apple.root.user-interactive-qos'
       frame #0: 0x000000018a3ccc20 libsystem_kernel.dylib`mach_msg2_trap + 8
       frame #1: 0x000000018a3df8e0 libsystem_kernel.dylib`mach_msg2_internal + 76
       frame #2: 0x000000018a3d5a28 libsystem_kernel.dylib`mach_msg_overwrite + 480
       frame #3: 0x000000018a3ccfac libsystem_kernel.dylib`mach_msg + 24
       frame #4: 0x000000018a4d2aec CoreFoundation`__CFRunLoopServiceMachPort + 160
       frame #5: 0x000000018a4d1334 CoreFoundation`__CFRunLoopRun + 1172
       frame #6: 0x000000018a5ab82c CoreFoundation`_CFRunLoopRunSpecificWithOptions + 536
       frame #7: 0x000000018bbd4d5c Foundation`-[NSRunLoop(NSRunLoop) runMode:beforeDate:] + 212
       frame #8: 0x000000018ee157f0 AppKit`-[NSAnimation _runBlocking] + 416
       frame #9: 0x000000018a250a34 libdispatch.dylib`_dispatch_call_block_and_release + 32
       frame #10: 0x000000018a26a5a0 libdispatch.dylib`_dispatch_client_callout + 16
       frame #11: 0x000000018a288314 libdispatch.dylib`_dispatch_channel_invoke.cold.9 + 28
       frame #12: 0x000000018a262c08 libdispatch.dylib`_dispatch_root_queue_drain + 708
       frame #13: 0x000000018a263248 libdispatch.dylib`_dispatch_worker_thread2 + 184
       frame #14: 0x000000018a40df60 libsystem_pthread.dylib`_pthread_wqthread + 232
  thread #6
       frame #0: 0x000000018a3ce9ec libsystem_kernel.dylib`__workq_kernreturn + 8
  thread #7, name = 'com.apple.NSEventThread'
       frame #0: 0x000000018a3ccc20 libsystem_kernel.dylib`mach_msg2_trap + 8
       frame #1: 0x000000018a3df8e0 libsystem_kernel.dylib`mach_msg2_internal + 76
       frame #2: 0x000000018a3d5a28 libsystem_kernel.dylib`mach_msg_overwrite + 480
       frame #3: 0x000000018a3ccfac libsystem_kernel.dylib`mach_msg + 24
       frame #4: 0x000000018a4d2aec CoreFoundation`__CFRunLoopServiceMachPort + 160
       frame #5: 0x000000018a4d1334 CoreFoundation`__CFRunLoopRun + 1172
       frame #6: 0x000000018a5ab82c CoreFoundation`_CFRunLoopRunSpecificWithOptions + 536
       frame #7: 0x000000018ebac844 AppKit`_NSEventThread + 184
       frame #8: 0x000000018a411d00 libsystem_pthread.dylib`_pthread_start + 136
  thread #8, name = 'Aurora render worker'
       frame #0: 0x000000018a3d050c libsystem_kernel.dylib`__psynch_cvwait + 8
       frame #1: 0x000000018a4121d0 libsystem_pthread.dylib`_pthread_cond_wait + 980
       frame #2: 0x0000000101ac4fd4 libc++.1.dylib`std::__1::condition_variable::__do_timed_wait(std::__1::unique_lock<std::__1::mutex>&, std::__1::chrono::time_point<std::__1::chrono::system_clock, std::__1::chrono::duration<long long, std::__1::ratio<1l, 1000000000l>>>) + 96
       frame #3: 0x00000001003fdccc smg-pc`std::__1::cv_status std::__1::condition_variable::wait_for[abi:nqe230101]<long long, std::__1::ratio<1l, 1000000000l>>(this=0x0000000100e7e2a8, __lk=0x000000017034ee20, __d=<unavailable>) at condition_variable.h:0 [opt] [inlined]
       frame #4: 0x00000001003fdc80 smg-pc`void std::__1::condition_variable::__do_timed_wait[abi:nqe230101]<std::__1::chrono::steady_clock>(this=0x0000000100e7e2a8, __lk=0x000000017034ee20, __tp=<unavailable>) at condition_variable.h:224:3 [opt] [inlined]
       frame #5: 0x00000001003fdc80 smg-pc`std::__1::cv_status std::__1::condition_variable::wait_until[abi:nqe230101]<std::__1::chrono::steady_clock, std::__1::chrono::duration<long long, std::__1::ratio<1l, 1000000000l>>>(this=0x0000000100e7e2a8, __lk=0x000000017034ee20, __t=0x000000017034ee30) at condition_variable.h:128:5 [opt]
       frame #6: 0x00000001003de7cc smg-pc`bool std::__1::condition_variable::wait_until[abi:nqe230101]<std::__1::chrono::steady_clock, std::__1::chrono::duration<long long, std::__1::ratio<1l, 1000000000l>>, aurora::gfx::render_worker::BoundedQueue::pop_for(std::__1::chrono::duration<long long, std::__1::ratio<1l, 1000l>>, bool&)::$_0>(this=<unavailable>, __lk=0x000000017034ee20, __t=0x000000017034ee30, __pred=(unnamed class) @ x20) at condition_variable.h:136:11 [opt] [inlined]
       frame #7: 0x00000001003de7c0 smg-pc`bool std::__1::condition_variable::wait_for[abi:nqe230101]<long long, std::__1::ratio<1l, 1000l>, aurora::gfx::render_worker::BoundedQueue::pop_for(std::__1::chrono::duration<long long, std::__1::ratio<1l, 1000l>>, bool&)::$_0>(this=<unavailable>, __lk=0x000000017034ee20, __d=<unavailable>, __pred=(unnamed class) @ x20) at condition_variable.h:194:10 [opt] [inlined]
       frame #8: 0x00000001003de7c0 smg-pc`aurora::gfx::render_worker::BoundedQueue::pop_for(this=0x0000000100e7e260, timeout=1 ms, closed=0x000000017034eeb7) at render_worker.cpp:103:14 [opt]
    ﹍ frame #9: 0x00000001003df14c smg-pc`aurora::gfx::render_worker::(anonymous namespace)::worker_main(token=stop_token @ 0x000000017034ef78) at render_worker.cpp:39:25 [opt]
    ﹉ frame #12: 0x00000001003e0e54 smg-pc`aurora::thread::Thread::Thread<void (&)(std::__1::stop_token)>(aurora::thread::Options, T&&)::'lambda'(std::__1::stop_token)::operator()(this=0x0000007b15580048, token=<unavailable>) at thread.hpp:34:5 [opt] [inlined]
    ﹉ frame #14: 0x00000001003e0dec smg-pc`void std::__1::__thread_execute[abi:nqe230101]<std::__1::unique_ptr<std::__1::__thread_struct, std::__1::default_delete<std::__1::__thread_struct>>, aurora::thread::Thread::Thread<void (&)(std::__1::stop_token)>(aurora::thread::Options, T&&)::'lambda'(std::__1::stop_token), std::__1::stop_token, 0ul, 1ul>(__t=<unavailable>, (null)=<unavailable>) at thread.h:170:3 [opt] [inlined]
       frame #15: 0x00000001003e0de0 smg-pc`void* std::__1::__thread_proxy[abi:nqe230101]<std::__1::tuple<std::__1::unique_ptr<std::__1::__thread_struct, std::__1::default_delete<std::__1::__thread_struct>>, aurora::thread::Thread::Thread<void (&)(std::__1::stop_token)>(aurora::thread::Options, T&&)::'lambda'(std::__1::stop_token), std::__1::stop_token>>(__vp=0x0000007b15580040) at thread.h:178:3 [opt]
       frame #16: 0x000000018a411d00 libsystem_pthread.dylib`_pthread_start + 136
  thread #9
       frame #0: 0x000000018a3d050c libsystem_kernel.dylib`__psynch_cvwait + 8
       frame #1: 0x000000018a4121d0 libsystem_pthread.dylib`_pthread_cond_wait + 980
       frame #2: 0x0000000101ac4f44 libc++.1.dylib`std::__1::condition_variable::wait(std::__1::unique_lock<std::__1::mutex>&) + 24
       frame #3: 0x00000001003d6b80 smg-pc`void std::__1::condition_variable::wait[abi:nqe230101]<aurora::gfx::pipeline_worker()::$_0>(this=<unavailable>, __lk=0x00000001703daec8, __pred=<unavailable>) at condition_variable.h:113:7 [opt] [inlined]
    ﹍ frame #4: 0x00000001003d6b5c smg-pc`aurora::gfx::pipeline_worker() at pipeline_cache.cpp:978:29 [opt]
    ﹉ frame #6: 0x00000001003dcfb0 smg-pc`void std::__1::__thread_execute[abi:nqe230101]<std::__1::unique_ptr<std::__1::__thread_struct, std::__1::default_delete<std::__1::__thread_struct>>, void (*)(), 0ul>(__t=size=2, (null)=<unavailable>) at thread.h:170:3 [opt] [inlined]
       frame #7: 0x00000001003dcfb0 smg-pc`void* std::__1::__thread_proxy[abi:nqe230101]<std::__1::tuple<std::__1::unique_ptr<std::__1::__thread_struct, std::__1::default_delete<std::__1::__thread_struct>>, void (*)()>>(__vp=0x0000007b15406b20) at thread.h:178:3 [opt]
       frame #8: 0x000000018a411d00 libsystem_pthread.dylib`_pthread_start + 136
  thread #10
       frame #0: 0x000000018a3d050c libsystem_kernel.dylib`__psynch_cvwait + 8
       frame #1: 0x000000018a4121d0 libsystem_pthread.dylib`_pthread_cond_wait + 980
       frame #2: 0x0000000101ac4f44 libc++.1.dylib`std::__1::condition_variable::wait(std::__1::unique_lock<std::__1::mutex>&) + 24
       frame #3: 0x00000001003da628 smg-pc`void std::__1::condition_variable::wait[abi:nqe230101]<aurora::gfx::pipeline_cache_writer()::$_0>(this=<unavailable>, __lk=0x0000000170466ee8, __pred=<unavailable>) at condition_variable.h:113:7 [opt] [inlined]
    ﹍ frame #4: 0x00000001003da608 smg-pc`aurora::gfx::pipeline_cache_writer() at pipeline_cache.cpp:931:31 [opt]
    ﹉ frame #6: 0x00000001003dcfb0 smg-pc`void std::__1::__thread_execute[abi:nqe230101]<std::__1::unique_ptr<std::__1::__thread_struct, std::__1::default_delete<std::__1::__thread_struct>>, void (*)(), 0ul>(__t=size=2, (null)=<unavailable>) at thread.h:170:3 [opt] [inlined]
       frame #7: 0x00000001003dcfb0 smg-pc`void* std::__1::__thread_proxy[abi:nqe230101]<std::__1::tuple<std::__1::unique_ptr<std::__1::__thread_struct, std::__1::default_delete<std::__1::__thread_struct>>, void (*)()>>(__vp=0x0000007b15406fc0) at thread.h:178:3 [opt]
       frame #8: 0x000000018a411d00 libsystem_pthread.dylib`_pthread_start + 136
  thread #11, name = 'Aurora FIFO processor'
       frame #0: 0x000000018a3dad9c libsystem_kernel.dylib`__ulock_wait2 + 8
       frame #1: 0x000000018a41f0b4 libsystem_platform.dylib`os_sync_wait_on_address + 104
    ﹍ frame #2: 0x0000000101ac4acc libc++.1.dylib`std::__1::__libcpp_atomic_wait(void const volatile*, long long) + 88
    ﹉ frame #4: 0x00000001003f191c smg-pc`std::__1::__poll_with_backoff_results std::__1::__libcpp_thread_poll_with_backoff[abi:nqe230101]<void std::__1::__atomic_wait_unless[abi:nqe230101]<std::__1::__atomic_base<unsigned int, false>, void std::__1::__atomic_wait[abi:nqe230101]<std::__1::__atomic_base<unsigned int, false> const, unsigned int>(std::__1::__atomic_base<unsigned int, false> const&, unsigned int, std::__1::memory_order)::'lambda'(unsigned int const&)>(std::__1::__atomic_base<unsigned int, false> const const&, std::__1::memory_order, unsigned int&&)::'lambda'(), std::__1::__atomic_wait_backoff_impl<std::__1::__atomic_base<unsigned int, false>, void std::__1::__atomic_wait[abi:nqe230101]<std::__1::__atomic_base<unsigned int, false> const, unsigned int>(std::__1::__atomic_base<unsigned int, false> const&, unsigned int, std::__1::memory_order)::'lambda'(unsigned int const&)>&>(__poll=0x00000001704f2ee0, __backoff=0x00000001704f2f00, __max_elapsed=0 ns) at poll_with_backoff.h:65:30 [opt]
       frame #5: 0x000000010040abe0 smg-pc`void std::__1::__atomic_wait_unless[abi:nqe230101]<std::__1::__atomic_base<unsigned int, false>, void std::__1::__atomic_wait[abi:nqe230101]<std::__1::__atomic_base<unsigned int, false> const, unsigned int>(std::__1::__atomic_base<unsigned int, false> const&, unsigned int, std::__1::memory_order)::'lambda'(unsigned int const&)>(__a=0x0000000100e7e6e0, __order=acquire, __poll=0x00000001704f2f28) at atomic_sync.h:173:3 [opt] [inlined]
       frame #6: 0x000000010040abb8 smg-pc`void std::__1::__atomic_wait[abi:nqe230101]<std::__1::__atomic_base<unsigned int, false> const, unsigned int>(__a=0x0000000100e7e6e0, __val=<unavailable>, __order=acquire) at atomic_sync.h:257:3 [opt] [inlined]
       frame #7: 0x000000010040abac smg-pc`std::__1::__atomic_base<unsigned int, false>::wait[abi:nqe230101](this=0x0000000100e7e6e0, __v=<unavailable>, __m=acquire) const at atomic.h:120:5 [opt] [inlined]
    ﹍ frame #8: 0x000000010040abac smg-pc`aurora::gx::fifo::(anonymous namespace)::worker_main(token=stop_token @ 0x00000001704f2fa8) at fifo.cpp:323:17 [opt]
    ﹉ frame #11: 0x000000010040bb44 smg-pc`aurora::thread::Thread::Thread<void (&)(std::__1::stop_token) noexcept>(aurora::thread::Options, T&&)::'lambda'(std::__1::stop_token)::operator()(this=<unavailable>, token=<unavailable>) at thread.hpp:34:5 [opt] [inlined]
    ﹉ frame #13: 0x000000010040bb40 smg-pc`void std::__1::__thread_execute[abi:nqe230101]<std::__1::unique_ptr<std::__1::__thread_struct, std::__1::default_delete<std::__1::__thread_struct>>, aurora::thread::Thread::Thread<void (&)(std::__1::stop_token) noexcept>(aurora::thread::Options, T&&)::'lambda'(std::__1::stop_token), std::__1::stop_token, 0ul, 1ul>(__t=size=3, (null)=<unavailable>) at thread.h:170:3 [opt] [inlined]
       frame #14: 0x000000010040bb34 smg-pc`void* std::__1::__thread_proxy[abi:nqe230101]<std::__1::tuple<std::__1::unique_ptr<std::__1::__thread_struct, std::__1::default_delete<std::__1::__thread_struct>>, aurora::thread::Thread::Thread<void (&)(std::__1::stop_token) noexcept>(aurora::thread::Options, T&&)::'lambda'(std::__1::stop_token), std::__1::stop_token>>(__vp=<unavailable>) at thread.h:178:3 [opt]
       frame #15: 0x000000018a411d00 libsystem_pthread.dylib`_pthread_start + 136
  thread #12
       frame #0: 0x000000018a3d050c libsystem_kernel.dylib`__psynch_cvwait + 8
       frame #1: 0x000000018a4121d0 libsystem_pthread.dylib`_pthread_cond_wait + 980
       frame #2: 0x0000000101ac4fd4 libc++.1.dylib`std::__1::condition_variable::__do_timed_wait(std::__1::unique_lock<std::__1::mutex>&, std::__1::chrono::time_point<std::__1::chrono::system_clock, std::__1::chrono::duration<long long, std::__1::ratio<1l, 1000000000l>>>) + 96
       frame #3: 0x00000001003fdccc smg-pc`std::__1::cv_status std::__1::condition_variable::wait_for[abi:nqe230101]<long long, std::__1::ratio<1l, 1000000000l>>(this=0x0000000100e7ed58, __lk=0x000000017057ef48, __d=<unavailable>) at condition_variable.h:0 [opt] [inlined]
       frame #4: 0x00000001003fdc80 smg-pc`void std::__1::condition_variable::__do_timed_wait[abi:nqe230101]<std::__1::chrono::steady_clock>(this=0x0000000100e7ed58, __lk=0x000000017057ef48, __tp=<unavailable>) at condition_variable.h:224:3 [opt] [inlined]
       frame #5: 0x00000001003fdc80 smg-pc`std::__1::cv_status std::__1::condition_variable::wait_until[abi:nqe230101]<std::__1::chrono::steady_clock, std::__1::chrono::duration<long long, std::__1::ratio<1l, 1000000000l>>>(this=0x0000000100e7ed58, __lk=0x000000017057ef48, __t=0x000000017057ef40) at condition_variable.h:128:5 [opt]
       frame #6: 0x000000010044d65c smg-pc`bool std::__1::condition_variable::wait_until[abi:nqe230101]<std::__1::chrono::steady_clock, std::__1::chrono::duration<long long, std::__1::ratio<1l, 1000000000l>>, aurora::vi::(anonymous namespace)::RetraceClock::run()::'lambda'()>(this=<unavailable>, __lk=<unavailable>, __t=<unavailable>, __pred=<unavailable>) at condition_variable.h:136:11 [opt] [inlined]
       frame #7: 0x000000010044d640 smg-pc`aurora::vi::(anonymous namespace)::RetraceClock::run(this=0x0000000100e7ed18) at vi.cpp:117:20 [opt]
    ﹍ frame #8: 0x000000010044d5a0 smg-pc`aurora::vi::(anonymous namespace)::RetraceClock::start()::'lambda'()::operator()(this=<unavailable>) const at vi.cpp:80:36 [opt] [inlined]
    ﹉ frame #10: 0x000000010044d5a0 smg-pc`void std::__1::__thread_execute[abi:nqe230101]<std::__1::unique_ptr<std::__1::__thread_struct, std::__1::default_delete<std::__1::__thread_struct>>, aurora::vi::(anonymous namespace)::RetraceClock::start()::'lambda'(), 0ul>(__t=<unavailable>, (null)=<unavailable>) at thread.h:170:3 [opt] [inlined]
       frame #11: 0x000000010044d5a0 smg-pc`void* std::__1::__thread_proxy[abi:nqe230101]<std::__1::tuple<std::__1::unique_ptr<std::__1::__thread_struct, std::__1::default_delete<std::__1::__thread_struct>>, aurora::vi::(anonymous namespace)::RetraceClock::start()::'lambda'()>>(__vp=<unavailable>) at thread.h:178:3 [opt]
       frame #12: 0x000000018a411d00 libsystem_pthread.dylib`_pthread_start + 136
  thread #13
       frame #0: 0x000000018a3d050c libsystem_kernel.dylib`__psynch_cvwait + 8
       frame #1: 0x000000018a4121d0 libsystem_pthread.dylib`_pthread_cond_wait + 980
       frame #2: 0x0000000101ac4f44 libc++.1.dylib`std::__1::condition_variable::wait(std::__1::unique_lock<std::__1::mutex>&) + 24
       frame #3: 0x00000001008c6374 smg-pc`void std::__1::condition_variable::wait[abi:nqe230101]<OSSleepThread::$_0>(this=0x0000000100e687a8, __lk=0x000000017060ae80, __pred=<unavailable>) at condition_variable.h:113:7 [opt] [inlined]
       frame #4: 0x00000001008c6344 smg-pc`OSSleepThread(queue=0x0000000100ea4a70) at OSExecution.cpp:291:15 [opt]
       frame #5: 0x00000001008c94b0 smg-pc`OSReceiveMessage(mq=0x0000000100ea4a60, msg=0x000000017060af08, flags=1) at OSMessage.cpp:45:13 [opt]
       frame #6: 0x00000001002ad030 smg-pc`JKRAram::run(this=<unavailable>) at JKRAram.cpp:48:9 [opt]
    ﹍ frame #7: 0x00000001008c7cbc smg-pc`(anonymous namespace)::run_managed_thread(record=0x0000007b156601c0) at OSExecution.cpp:422:13 [opt]
    ﹉ frame #9: 0x00000001008c8ff8 smg-pc`void std::__1::__thread_execute[abi:nqe230101]<std::__1::unique_ptr<std::__1::__thread_struct, std::__1::default_delete<std::__1::__thread_struct>>, void (*)((anonymous namespace)::ManagedThread*), (anonymous namespace)::ManagedThread*, 0ul, 1ul>(__t=size=3, (null)=<unavailable>) at thread.h:170:3 [opt] [inlined]
       frame #10: 0x00000001008c8ff8 smg-pc`void* std::__1::__thread_proxy[abi:nqe230101]<std::__1::tuple<std::__1::unique_ptr<std::__1::__thread_struct, std::__1::default_delete<std::__1::__thread_struct>>, void (*)((anonymous namespace)::ManagedThread*), (anonymous namespace)::ManagedThread*>>(__vp=0x0000007b13067980) at thread.h:178:3 [opt]
       frame #11: 0x000000018a411d00 libsystem_pthread.dylib`_pthread_start + 136
  thread #14
       frame #0: 0x000000018a3d050c libsystem_kernel.dylib`__psynch_cvwait + 8
       frame #1: 0x000000018a4121d0 libsystem_pthread.dylib`_pthread_cond_wait + 980
       frame #2: 0x0000000101ac4f44 libc++.1.dylib`std::__1::condition_variable::wait(std::__1::unique_lock<std::__1::mutex>&) + 24
       frame #3: 0x00000001008c6374 smg-pc`void std::__1::condition_variable::wait[abi:nqe230101]<OSSleepThread::$_0>(this=0x0000000100e687a8, __lk=0x0000000170696e90, __pred=<unavailable>) at condition_variable.h:113:7 [opt] [inlined]
       frame #4: 0x00000001008c6344 smg-pc`OSSleepThread(queue=0x0000000100ea4b48) at OSExecution.cpp:291:15 [opt]
       frame #5: 0x00000001008c94b0 smg-pc`OSReceiveMessage(mq=0x0000000100ea4b38, msg=0x0000000170696f18, flags=1) at OSMessage.cpp:45:13 [opt]
       frame #6: 0x00000001002adb8c smg-pc`JKRAramStream::run(this=<unavailable>) at JKRAramStream.cpp:43:9 [opt]
    ﹍ frame #7: 0x00000001008c7cbc smg-pc`(anonymous namespace)::run_managed_thread(record=0x0000007b15662d80) at OSExecution.cpp:422:13 [opt]
    ﹉ frame #9: 0x00000001008c8ff8 smg-pc`void std::__1::__thread_execute[abi:nqe230101]<std::__1::unique_ptr<std::__1::__thread_struct, std::__1::default_delete<std::__1::__thread_struct>>, void (*)((anonymous namespace)::ManagedThread*), (anonymous namespace)::ManagedThread*, 0ul, 1ul>(__t=size=3, (null)=<unavailable>) at thread.h:170:3 [opt] [inlined]
       frame #10: 0x00000001008c8ff8 smg-pc`void* std::__1::__thread_proxy[abi:nqe230101]<std::__1::tuple<std::__1::unique_ptr<std::__1::__thread_struct, std::__1::default_delete<std::__1::__thread_struct>>, void (*)((anonymous namespace)::ManagedThread*), (anonymous namespace)::ManagedThread*>>(__vp=0x0000007b13065ca0) at thread.h:178:3 [opt]
       frame #11: 0x000000018a411d00 libsystem_pthread.dylib`_pthread_start + 136
  thread #15
       frame #0: 0x000000018a3cf9dc libsystem_kernel.dylib`__psynch_mutexwait + 8
       frame #1: 0x000000018a40ef7c libsystem_pthread.dylib`_pthread_mutex_firstfit_lock_wait + 84
       frame #2: 0x000000018a40c9b8 libsystem_pthread.dylib`_pthread_mutex_firstfit_lock_slow + 216
       frame #3: 0x000000018a41225c libsystem_pthread.dylib`_pthread_cond_wait + 1120
       frame #4: 0x0000000101ac4f44 libc++.1.dylib`std::__1::condition_variable::wait(std::__1::unique_lock<std::__1::mutex>&) + 24
       frame #5: 0x00000001008c6374 smg-pc`void std::__1::condition_variable::wait[abi:nqe230101]<OSSleepThread::$_0>(this=0x0000000100e687a8, __lk=0x0000000170722e90, __pred=<unavailable>) at condition_variable.h:113:7 [opt] [inlined]
       frame #6: 0x00000001008c6344 smg-pc`OSSleepThread(queue=0x0000000100e7d3a0) at OSExecution.cpp:291:15 [opt]
       frame #7: 0x00000001008c94b0 smg-pc`OSReceiveMessage(mq=0x0000000100e7d390, msg=0x0000000170722f18, flags=1) at OSMessage.cpp:45:13 [opt]
       frame #8: 0x00000001002adefc smg-pc`JKRDecomp::run(this=<unavailable>) at JKRDecomp.cpp:42:9 [opt]
    ﹍ frame #9: 0x00000001008c7cbc smg-pc`(anonymous namespace)::run_managed_thread(record=0x0000007b15660800) at OSExecution.cpp:422:13 [opt]
    ﹉ frame #11: 0x00000001008c8ff8 smg-pc`void std::__1::__thread_execute[abi:nqe230101]<std::__1::unique_ptr<std::__1::__thread_struct, std::__1::default_delete<std::__1::__thread_struct>>, void (*)((anonymous namespace)::ManagedThread*), (anonymous namespace)::ManagedThread*, 0ul, 1ul>(__t=size=3, (null)=<unavailable>) at thread.h:170:3 [opt] [inlined]
       frame #12: 0x00000001008c8ff8 smg-pc`void* std::__1::__thread_proxy[abi:nqe230101]<std::__1::tuple<std::__1::unique_ptr<std::__1::__thread_struct, std::__1::default_delete<std::__1::__thread_struct>>, void (*)((anonymous namespace)::ManagedThread*), (anonymous namespace)::ManagedThread*>>(__vp=0x0000007b13067120) at thread.h:178:3 [opt]
       frame #13: 0x000000018a411d00 libsystem_pthread.dylib`_pthread_start + 136
  thread #16
       frame #0: 0x000000018a3d050c libsystem_kernel.dylib`__psynch_cvwait + 8
       frame #1: 0x000000018a4121d0 libsystem_pthread.dylib`_pthread_cond_wait + 980
       frame #2: 0x0000000101ac4f44 libc++.1.dylib`std::__1::condition_variable::wait(std::__1::unique_lock<std::__1::mutex>&) + 24
       frame #3: 0x00000001008c6374 smg-pc`void std::__1::condition_variable::wait[abi:nqe230101]<OSSleepThread::$_0>(this=0x0000000100e687a8, __lk=0x00000001707aee70, __pred=<unavailable>) at condition_variable.h:113:7 [opt] [inlined]
       frame #4: 0x00000001008c6344 smg-pc`OSSleepThread(queue=0x000000740f640538) at OSExecution.cpp:291:15 [opt]
       frame #5: 0x00000001008c94b0 smg-pc`OSReceiveMessage(mq=0x000000740f640528, msg=0x00000001707aeef8, flags=1) at OSMessage.cpp:45:13 [opt]
       frame #6: 0x00000001000b9860 smg-pc`FileLoaderThread::run(this=0x000000740f640510) at FileLoaderThread.cpp:26:9 [opt]
    ﹍ frame #7: 0x00000001008c7cbc smg-pc`(anonymous namespace)::run_managed_thread(record=0x0000007b15662a80) at OSExecution.cpp:422:13 [opt]
    ﹉ frame #9: 0x00000001008c8ff8 smg-pc`void std::__1::__thread_execute[abi:nqe230101]<std::__1::unique_ptr<std::__1::__thread_struct, std::__1::default_delete<std::__1::__thread_struct>>, void (*)((anonymous namespace)::ManagedThread*), (anonymous namespace)::ManagedThread*, 0ul, 1ul>(__t=size=3, (null)=<unavailable>) at thread.h:170:3 [opt] [inlined]
       frame #10: 0x00000001008c8ff8 smg-pc`void* std::__1::__thread_proxy[abi:nqe230101]<std::__1::tuple<std::__1::unique_ptr<std::__1::__thread_struct, std::__1::default_delete<std::__1::__thread_struct>>, void (*)((anonymous namespace)::ManagedThread*), (anonymous namespace)::ManagedThread*>>(__vp=0x0000007b13065d00) at thread.h:178:3 [opt]
       frame #11: 0x000000018a411d00 libsystem_pthread.dylib`_pthread_start + 136
  thread #17
       frame #0: 0x000000018a3d050c libsystem_kernel.dylib`__psynch_cvwait + 8
       frame #1: 0x000000018a4121d0 libsystem_pthread.dylib`_pthread_cond_wait + 980
       frame #2: 0x0000000101ac4f44 libc++.1.dylib`std::__1::condition_variable::wait(std::__1::unique_lock<std::__1::mutex>&) + 24
       frame #3: 0x00000001008c6374 smg-pc`void std::__1::condition_variable::wait[abi:nqe230101]<OSSleepThread::$_0>(this=0x0000000100e687a8, __lk=0x000000017083ae80, __pred=<unavailable>) at condition_variable.h:113:7 [opt] [inlined]
       frame #4: 0x00000001008c6344 smg-pc`OSSleepThread(queue=0x000000740f656ab8) at OSExecution.cpp:291:15 [opt]
       frame #5: 0x00000001008c94b0 smg-pc`OSReceiveMessage(mq=0x000000740f656aa8, msg=0x000000017083af08, flags=1) at OSMessage.cpp:45:13 [opt]
       frame #6: 0x00000001000ab974 smg-pc`NANDManagerThread::run(this=0x000000740f656a90) at NANDManagerThread.cpp:12:9 [opt]
    ﹍ frame #7: 0x00000001008c7cbc smg-pc`(anonymous namespace)::run_managed_thread(record=0x0000007b15661500) at OSExecution.cpp:422:13 [opt]
    ﹉ frame #9: 0x00000001008c8ff8 smg-pc`void std::__1::__thread_execute[abi:nqe230101]<std::__1::unique_ptr<std::__1::__thread_struct, std::__1::default_delete<std::__1::__thread_struct>>, void (*)((anonymous namespace)::ManagedThread*), (anonymous namespace)::ManagedThread*, 0ul, 1ul>(__t=size=3, (null)=<unavailable>) at thread.h:170:3 [opt] [inlined]
       frame #10: 0x00000001008c8ff8 smg-pc`void* std::__1::__thread_proxy[abi:nqe230101]<std::__1::tuple<std::__1::unique_ptr<std::__1::__thread_struct, std::__1::default_delete<std::__1::__thread_struct>>, void (*)((anonymous namespace)::ManagedThread*), (anonymous namespace)::ManagedThread*>>(__vp=0x0000007b13065c80) at thread.h:178:3 [opt]
       frame #11: 0x000000018a411d00 libsystem_pthread.dylib`_pthread_start + 136
  thread #18
       frame #0: 0x000000018a3d050c libsystem_kernel.dylib`__psynch_cvwait + 8
       frame #1: 0x000000018a4121d0 libsystem_pthread.dylib`_pthread_cond_wait + 980
       frame #2: 0x0000000101ac4f44 libc++.1.dylib`std::__1::condition_variable::wait(std::__1::unique_lock<std::__1::mutex>&) + 24
       frame #3: 0x00000001008c6374 smg-pc`void std::__1::condition_variable::wait[abi:nqe230101]<OSSleepThread::$_0>(this=0x0000000100e687a8, __lk=0x00000001708c6e90, __pred=<unavailable>) at condition_variable.h:113:7 [opt] [inlined]
       frame #4: 0x00000001008c6344 smg-pc`OSSleepThread(queue=0x000000740f6e2838) at OSExecution.cpp:291:15 [opt]
       frame #5: 0x00000001008c94b0 smg-pc`OSReceiveMessage(mq=0x000000740f6e2828, msg=0x00000001708c6f18, flags=1) at OSMessage.cpp:45:13 [opt]
       frame #6: 0x00000001000af808 smg-pc`DrawSyncManager::threadFunc(pArg=0x000000740f6e2480) at DrawSyncManager.cpp:80:9 [opt]
    ﹍ frame #7: 0x00000001008c7cbc smg-pc`(anonymous namespace)::run_managed_thread(record=0x0000007b156637c0) at OSExecution.cpp:422:13 [opt]
    ﹉ frame #9: 0x00000001008c8ff8 smg-pc`void std::__1::__thread_execute[abi:nqe230101]<std::__1::unique_ptr<std::__1::__thread_struct, std::__1::default_delete<std::__1::__thread_struct>>, void (*)((anonymous namespace)::ManagedThread*), (anonymous namespace)::ManagedThread*, 0ul, 1ul>(__t=size=3, (null)=<unavailable>) at thread.h:170:3 [opt] [inlined]
       frame #10: 0x00000001008c8ff8 smg-pc`void* std::__1::__thread_proxy[abi:nqe230101]<std::__1::tuple<std::__1::unique_ptr<std::__1::__thread_struct, std::__1::default_delete<std::__1::__thread_struct>>, void (*)((anonymous namespace)::ManagedThread*), (anonymous namespace)::ManagedThread*>>(__vp=0x0000007b13066e60) at thread.h:178:3 [opt]
       frame #11: 0x000000018a411d00 libsystem_pthread.dylib`_pthread_start + 136
* thread #19, stop reason = EXC_BAD_ACCESS (code=1, address=0x10)
   * frame #0: 0x00000001000a37c8 smg-pc`GameSystemSceneController::getNameObjListExecutor(this=0x000000740f6ec1d0) const at GameSystemSceneController.cpp:253:20 [opt]
     frame #1: 0x00000001000f7b38 smg-pc`NameObjExecuteInfo::disconnectToScene(this=0x000000740ff2fe70) at NameObjExecuteHolder.cpp:177:98 [opt] [inlined]
     frame #2: 0x00000001000f7b1c smg-pc`NameObjExecuteInfo::executeRequirementDisconnectMovement(this=0x000000740ff2fe70) at NameObjExecuteHolder.cpp:119:9 [opt]
     frame #3: 0x0000000100227d10 smg-pc`smgpc::runtime::SceneScheduler::retire_execution_entry(this=0x0000007b12f34530, object=0x000000740ff49790) at SceneScheduler.cpp:625:15 [opt]
     frame #4: 0x00000001002289b0 smg-pc`smgpc::runtime::SceneScheduler::disconnect_name_obj(this=0x0000007b12f34530, object=<unavailable>) at SceneScheduler.cpp:670:13 [opt]
     frame #5: 0x0000000100227394 smg-pc`smgpc::runtime::SceneScheduler::clear(this=0x0000007b12f34530) at SceneScheduler.cpp:1333:35 [opt]
     frame #6: 0x000000010024d720 smg-pc`smgpc::scene::SceneExecutionBinding::prepare_retirement(this=<unavailable>) at SceneExecutionBinding.cpp:64:17 [opt] [artificial]
     frame #7: 0x0000000100241c50 smg-pc`smgpc::scene::(anonymous namespace)::OriginalSceneSupport::~OriginalSceneSupport(this=0x0000007b12f34480) at OriginalSceneSupport.cpp:67:21 [opt]
     frame #8: 0x0000000100241c1c smg-pc`smgpc::scene::(anonymous namespace)::OriginalSceneSupport::~OriginalSceneSupport(this=0x0000007b12f34480) at OriginalSceneSupport.cpp:61:29 [opt] [inlined]
     frame #9: 0x0000000100241c1c smg-pc`std::__1::default_delete<smgpc::scene::(anonymous namespace)::OriginalSceneSupport>::operator()[abi:nqe230101](this=<unavailable>, __ptr=0x0000007b12f34480) const at unique_ptr.h:74:5 [opt] [inlined]
     frame #10: 0x0000000100241c1c smg-pc`std::__1::unique_ptr<smgpc::scene::(anonymous namespace)::OriginalSceneSupport, std::__1::default_delete<smgpc::scene::(anonymous namespace)::OriginalSceneSupport>>::reset[abi:nqe230101](this=<unavailable>, __p=<unavailable>) at unique_ptr.h:264:7 [opt]
     frame #11: 0x0000000100242130 smg-pc`smgpc::scene::(anonymous namespace)::OriginalSceneSupport::OriginalSceneSupport(Scene&, NameObjHolder&, JKRHeap&)::'lambda'(void*)::operator()(this=<unavailable>, context=<unavailable>) const at OriginalSceneSupport.cpp:56:28 [opt] [inlined] [artificial]
     frame #12: 0x000000010023fb14 smg-pc`smgpc::scene::retire_scene_services(scene=0x000000740ff203f0) at SceneLifetimeBinding.cpp:64:13 [opt]
     frame #13: 0x00000001000f8a1c smg-pc`Scene::~Scene(this=0x000000740ff203f0) at Scene.cpp:13:5 [opt]
     frame #14: 0x00000001001005c4 smg-pc`LogoScene::~LogoScene(this=<unavailable>) at LogoScene.cpp:54:1 [opt] [inlined]
     frame #15: 0x00000001001005a0 smg-pc`LogoScene::~LogoScene(this=<unavailable>) at LogoScene.cpp:51:25 [opt] [inlined]
     frame #16: 0x00000001001005a0 smg-pc`LogoScene::~LogoScene(this=<unavailable>) at LogoScene.cpp:51:25 [opt]
     frame #17: 0x00000001000a32cc smg-pc`GameSystemSceneController::destroyScene(this=0x000000740f6ec1d0) at GameSystemSceneController.cpp:144:5 [opt]
     frame #18: 0x00000001000aad64 smg-pc`FunctionAsyncExecInfo::execute(this=0x000000740f71e540) at FunctionAsyncExecutor.cpp:23:5 [opt] [inlined]
     frame #19: 0x00000001000aad38 smg-pc`FunctionAsyncExecutorThread::run(this=0x000000740f6fd910) at FunctionAsyncExecutor.cpp:44:15 [opt]
  ﹍ frame #20: 0x00000001008c7cbc smg-pc`(anonymous namespace)::run_managed_thread(record=0x0000007b159ad780) at OSExecution.cpp:422:13 [opt]
  ﹉ frame #22: 0x00000001008c8ff8 smg-pc`void std::__1::__thread_execute[abi:nqe230101]<std::__1::unique_ptr<std::__1::__thread_struct, std::__1::default_delete<std::__1::__thread_struct>>, void (*)((anonymous namespace)::ManagedThread*), (anonymous namespace)::ManagedThread*, 0ul, 1ul>(__t=size=3, (null)=<unavailable>) at thread.h:170:3 [opt] [inlined]
     frame #23: 0x00000001008c8ff8 smg-pc`void* std::__1::__thread_proxy[abi:nqe230101]<std::__1::tuple<std::__1::unique_ptr<std::__1::__thread_struct, std::__1::default_delete<std::__1::__thread_struct>>, void (*)((anonymous namespace)::ManagedThread*), (anonymous namespace)::ManagedThread*>>(__vp=0x0000007b13be29e0) at thread.h:178:3 [opt]
     frame #24: 0x000000018a411d00 libsystem_pthread.dylib`_pthread_start + 136
  thread #20
       frame #0: 0x000000018a3d050c libsystem_kernel.dylib`__psynch_cvwait + 8
       frame #1: 0x000000018a4121d0 libsystem_pthread.dylib`_pthread_cond_wait + 980
       frame #2: 0x0000000101ac4f44 libc++.1.dylib`std::__1::condition_variable::wait(std::__1::unique_lock<std::__1::mutex>&) + 24
       frame #3: 0x00000001008c6374 smg-pc`void std::__1::condition_variable::wait[abi:nqe230101]<OSSleepThread::$_0>(this=0x0000000100e687a8, __lk=0x00000001709dee70, __pred=<unavailable>) at condition_variable.h:113:7 [opt] [inlined]
       frame #4: 0x00000001008c6344 smg-pc`OSSleepThread(queue=0x000000740f70dd98) at OSExecution.cpp:291:15 [opt]
       frame #5: 0x00000001008c94b0 smg-pc`OSReceiveMessage(mq=0x000000740f70dd88, msg=0x00000001709deef8, flags=1) at OSMessage.cpp:45:13 [opt]
       frame #6: 0x00000001000aad28 smg-pc`FunctionAsyncExecutorThread::run(this=0x000000740f70dd70) at FunctionAsyncExecutor.cpp:39:9 [opt]
    ﹍ frame #7: 0x00000001008c7cbc smg-pc`(anonymous namespace)::run_managed_thread(record=0x0000007b159ad9c0) at OSExecution.cpp:422:13 [opt]
    ﹉ frame #9: 0x00000001008c8ff8 smg-pc`void std::__1::__thread_execute[abi:nqe230101]<std::__1::unique_ptr<std::__1::__thread_struct, std::__1::default_delete<std::__1::__thread_struct>>, void (*)((anonymous namespace)::ManagedThread*), (anonymous namespace)::ManagedThread*, 0ul, 1ul>(__t=size=3, (null)=<unavailable>) at thread.h:170:3 [opt] [inlined]
       frame #10: 0x00000001008c8ff8 smg-pc`void* std::__1::__thread_proxy[abi:nqe230101]<std::__1::tuple<std::__1::unique_ptr<std::__1::__thread_struct, std::__1::default_delete<std::__1::__thread_struct>>, void (*)((anonymous namespace)::ManagedThread*), (anonymous namespace)::ManagedThread*>>(__vp=0x0000007b13be2840) at thread.h:178:3 [opt]
       frame #11: 0x000000018a411d00 libsystem_pthread.dylib`_pthread_start + 136
  thread #21
       frame #0: 0x000000018a3ce9ec libsystem_kernel.dylib`__workq_kernreturn + 8
  thread #22
       frame #0: 0x000000018a3ce9ec libsystem_kernel.dylib`__workq_kernreturn + 8
  thread #23
       frame #0: 0x000000018a3ce9ec libsystem_kernel.dylib`__workq_kernreturn + 8
  thread #24
       frame #0: 0x000000018a3ce9ec libsystem_kernel.dylib`__workq_kernreturn + 8
  thread #25
       frame #0: 0x000000018a3ce9ec libsystem_kernel.dylib`__workq_kernreturn + 8
  thread #26
       frame #0: 0x000000018a3ce9ec libsystem_kernel.dylib`__workq_kernreturn + 8
  thread #27
       frame #0: 0x000000018a3ce9ec libsystem_kernel.dylib`__workq_kernreturn + 8
  thread #28
       frame #0: 0x000000018a3ce9ec libsystem_kernel.dylib`__workq_kernreturn + 8
  thread #29
       frame #0: 0x000000018a3ce9ec libsystem_kernel.dylib`__workq_kernreturn + 8
  thread #30
       frame #0: 0x000000018a3ce9ec libsystem_kernel.dylib`__workq_kernreturn + 8
  thread #31
       frame #0: 0x000000018a3d050c libsystem_kernel.dylib`__psynch_cvwait + 8
       frame #1: 0x000000018a4121d0 libsystem_pthread.dylib`_pthread_cond_wait + 980
       frame #2: 0x0000000101ac4f44 libc++.1.dylib`std::__1::condition_variable::wait(std::__1::unique_lock<std::__1::mutex>&) + 24
       frame #3: 0x00000001008c4a84 smg-pc`(anonymous namespace)::AlarmService::run(this=0x0000000100e7f288) at OSAlarm.cpp:0 [opt]
    ﹍ frame #4: 0x00000001008c4a6c smg-pc`(anonymous namespace)::AlarmService::AlarmService()::'lambda'()::operator()(this=<unavailable>) const at OSAlarm.cpp:50:74 [opt] [inlined]
    ﹉ frame #6: 0x00000001008c4a6c smg-pc`void std::__1::__thread_execute[abi:nqe230101]<std::__1::unique_ptr<std::__1::__thread_struct, std::__1::default_delete<std::__1::__thread_struct>>, (anonymous namespace)::AlarmService::AlarmService()::'lambda'(), 0ul>(__t=<unavailable>, (null)=<unavailable>) at thread.h:170:3 [opt] [inlined]
       frame #7: 0x00000001008c4a6c smg-pc`void* std::__1::__thread_proxy[abi:nqe230101]<std::__1::tuple<std::__1::unique_ptr<std::__1::__thread_struct, std::__1::default_delete<std::__1::__thread_struct>>, (anonymous namespace)::AlarmService::AlarmService()::'lambda'()>>(__vp=<unavailable>) at thread.h:178:3 [opt]
       frame #8: 0x000000018a411d00 libsystem_pthread.dylib`_pthread_start + 136
