RMGK02 dependency rebuild repair verification
2026-08-07 UTC

$ ninja -j4
full dependency rebuild and link completed
CHECK config/RMGK02/build.sha1
build/RMGK02/main.dol: OK

$ ninja -n
[1/1] PROGRESS

$ sha1sum build/RMGK02/main.dol orig/RMGK02/sys/main.dol
54b71431af0d509097bfdef4ec28617afc487e89  build/RMGK02/main.dol
54b71431af0d509097bfdef4ec28617afc487e89  orig/RMGK02/sys/main.dol

$ build/RMGK02/report.json (measures)
fuzzy_match_percent: 77.49804
matched_code_percent: 64.51891
matched_data_percent: 30.31489
matched_functions_percent: 79.75545
complete_code_percent: 14.115765
complete_data_percent: 11.923863
complete_units: 727 / 2220

$ git diff --check -- include/Game src/Game
(no output)

$ git diff --name-only -- pc-port/src/Game
pc-port/src/Game/Screen/SaveIcon.cpp
pc-port/src/Game/Screen/SaveIcon.hpp
pc-port/src/Game/Util/TriggerChecker.cpp
pc-port/src/Game/Util/TriggerChecker.hpp

Those four PC Game paths are pre-existing user changes and were not touched by
this repair.
