Auto-merging configure.py
Auto-merging include/Game/Demo/DemoSoundKeeper.hpp
Auto-merging include/Game/Effect/ParticleEmitter.hpp
Auto-merging include/Game/LiveActor/DynamicJointCtrl.hpp
Auto-merging include/Game/Map/HitInfo.hpp
Auto-merging include/Game/Map/WhirlPoolAccelerator.hpp
Auto-merging include/Game/MapObj/DummyDisplayModel.hpp
Auto-merging include/Game/MapObj/MapObjActor.hpp
Auto-merging include/Game/MapObj/MapPartsRailGuideDrawer.hpp
Auto-merging include/Game/MapObj/MapPartsRotator.hpp
Auto-merging include/Game/NPC/RosettaDemoHeavensDoor.hpp
Auto-merging include/Game/NPC/RunawayRabbit.hpp
Auto-merging include/Game/NPC/RunawayRabbitCollect.hpp
Auto-merging include/Game/NPC/TurnJointCtrl.hpp
Auto-merging include/Game/Player/MarioActor.hpp
Auto-merging include/Game/Screen/LayoutManager.hpp
Auto-merging include/Game/Screen/MessageTagSkipTagProcessor.hpp
Auto-merging include/Game/System/DrawSyncManager.hpp
Auto-merging include/Game/System/WPadAcceleration.hpp
Auto-merging include/Game/Util/Array.hpp
Auto-merging include/Game/Util/Functor.hpp
Auto-merging include/Game/Util/JointController.hpp
Auto-merging include/Game/Util/ModelUtil.hpp
Auto-merging include/Game/Util/ObjUtil.hpp
Auto-merging libs/JSystem/include/JSystem/JParticle/JPADrawInfo.hpp
Auto-merging libs/MSL_C++/include/functional.hpp
Auto-merging libs/RVL_SDK/include/revolution/gx/GXFifo.h
Auto-merging libs/RVL_SDK/include/revolution/gx/GXTransform.h
Auto-merging libs/RVL_SDK/include/revolution/kpad.h
Auto-merging libs/nw4r/include/nw4r/math/types.h
Auto-merging src/Game/Animation/LayoutAnmPlayer.cpp
Auto-merging src/Game/Animation/XanimePlayer.cpp
Auto-merging src/Game/AreaObj/CollisionArea.cpp
Auto-merging src/Game/Camera/CameraContext.cpp
Auto-merging src/Game/Camera/CameraShaker.cpp
Auto-merging src/Game/Camera/DotCamParams.cpp
Auto-merging src/Game/Demo/DemoCameraKeeper.cpp
Auto-merging src/Game/Demo/DemoSoundKeeper.cpp
Auto-merging src/Game/Demo/DemoStartRequestUtil.cpp
Auto-merging src/Game/Demo/DemoWipeKeeper.cpp
Auto-merging src/Game/Effect/AutoEffectInfo.cpp
Auto-merging src/Game/Effect/EffectSystem.cpp
Auto-merging src/Game/Effect/MultiEmitter.cpp
Auto-merging src/Game/Effect/MultiEmitterAccess.cpp
Auto-merging src/Game/Effect/MultiEmitterCallBack.cpp
Auto-merging src/Game/Effect/ParticleDrawExecutor.cpp
Auto-merging src/Game/Effect/ParticleEmitterHolder.cpp
Auto-merging src/Game/LiveActor/Binder.cpp
Auto-merging src/Game/LiveActor/LiveActorGroupArray.cpp
Auto-merging src/Game/LiveActor/ShadowController.cpp
Auto-merging src/Game/LiveActor/ShadowVolumeCylinder.cpp
Auto-merging src/Game/LiveActor/ShadowVolumeOval.cpp
Auto-merging src/Game/LiveActor/ShadowVolumeOvalPole.cpp
Auto-merging src/Game/Map/HitInfo.cpp
Auto-merging src/Game/Map/KCollision.cpp
Auto-merging src/Game/Map/LightFunction.cpp
Auto-merging src/Game/Map/NamePosHolder.cpp
Auto-merging src/Game/Map/PlanetMapCreator.cpp
Auto-merging src/Game/Map/SwitchWatcherHolder.cpp
Auto-merging src/Game/Map/WhirlPoolAccelerator.cpp
Auto-merging src/Game/MapObj/DummyDisplayModel.cpp
Auto-merging src/Game/MapObj/MapObjActor.cpp
Auto-merging src/Game/MapObj/MapParts.cpp
Auto-merging src/Game/MapObj/MapPartsRailGuideDrawer.cpp
Auto-merging src/Game/MapObj/MapPartsRailGuideHolder.cpp
Auto-merging src/Game/MapObj/MapPartsRailMover.cpp
Auto-merging src/Game/MapObj/MapPartsRotator.cpp
Auto-merging src/Game/MapObj/PowerStar.cpp
Auto-merging src/Game/MapObj/WarpPod.cpp
Auto-merging src/Game/NPC/RosettaDemoHeavensDoor.cpp
Auto-merging src/Game/NPC/RunawayRabbit.cpp
Auto-merging src/Game/NPC/RunawayRabbitCollect.cpp
Auto-merging src/Game/NPC/TalkBalloon.cpp
Auto-merging src/Game/NPC/TalkMessageCtrl.cpp
Auto-merging src/Game/NPC/TalkState.cpp
Auto-merging src/Game/NPC/TalkTextFormer.cpp
Auto-merging src/Game/NPC/TurnJointCtrl.cpp
Auto-merging src/Game/Player/Mario.cpp
Auto-merging src/Game/Player/MarioAccess.cpp
Auto-merging src/Game/Player/MarioActor.cpp
Auto-merging src/Game/Player/MarioActorDefensiveMsg.cpp
Auto-merging src/Game/Player/MarioActorGravity.cpp
Auto-merging src/Game/Player/MarioActorMorph.cpp
Auto-merging src/Game/Player/MarioActorOffensiveMsg.cpp
Auto-merging src/Game/Player/MarioActorParts.cpp
Auto-merging src/Game/Player/MarioActorRush.cpp
Auto-merging src/Game/Player/MarioActorSensor.cpp
Auto-merging src/Game/Player/MarioActorSpecialDraw.cpp
Auto-merging src/Game/Player/MarioActorTakeMsg.cpp
Auto-merging src/Game/Player/MarioAnimator.cpp
Auto-merging src/Game/Player/MarioCollision.cpp
Auto-merging src/Game/Player/MarioDamage.cpp
Auto-merging src/Game/Player/MarioFaint.cpp
Auto-merging src/Game/Player/MarioFoo.cpp
Auto-merging src/Game/Player/MarioFpView.cpp
Auto-merging src/Game/Player/MarioHang.cpp
Auto-merging src/Game/Player/MarioJump.cpp
Auto-merging src/Game/Player/MarioPress.cpp
Auto-merging src/Game/Player/MarioRabbit.cpp
Auto-merging src/Game/Player/MarioRecovery.cpp
Auto-merging src/Game/Player/MarioSideStep.cpp
Auto-merging src/Game/Player/MarioSkate.cpp
Auto-merging src/Game/Player/MarioSpecial.cpp
Auto-merging src/Game/Player/MarioStick.cpp
Auto-merging src/Game/Player/MarioWalk.cpp
Auto-merging src/Game/Player/MarioWall.cpp
Auto-merging src/Game/Player/MarioWarp.cpp
Auto-merging src/Game/Scene/IntermissionScene.cpp
Auto-merging src/Game/Scene/PlayTimerScene.cpp
Auto-merging src/Game/Scene/ScenarioSelectScene.cpp
Auto-merging src/Game/Scene/SceneFactory.cpp
Auto-merging src/Game/Scene/StageFileLoader.cpp
Auto-merging src/Game/Scene/StopSceneController.cpp
Auto-merging src/Game/Screen/BloomEffect.cpp
Auto-merging src/Game/Screen/CounterLayoutController.cpp
Auto-merging src/Game/Screen/ImageEffectLocalUtil.cpp
Auto-merging src/Game/Screen/ImageEffectState.cpp
Auto-merging src/Game/Screen/IsbnManager.cpp
Auto-merging src/Game/Screen/LayoutGroupCtrl.cpp
Auto-merging src/Game/Screen/LayoutManager.cpp
Auto-merging src/Game/Screen/LayoutPaneCtrl.cpp
Auto-merging src/Game/Screen/MessageTagSkipTagProcessor.cpp
Auto-merging src/Game/Screen/NoteCounter.cpp
Auto-merging src/Game/Screen/ScenarioSelectLayout.cpp
Auto-merging src/Game/Screen/SceneWipeHolder.cpp
Auto-merging src/Game/Screen/ScreenPreserver.cpp
Auto-merging src/Game/Screen/SystemWipeHolder.cpp
Auto-merging src/Game/Screen/WaterCameraFilter.cpp
Auto-merging src/Game/Screen/WipeRing.cpp
Auto-merging src/Game/System/DrawSyncManager.cpp
Auto-merging src/Game/System/GameDataHolder.cpp
Auto-merging src/Game/System/GameEventValueChecker.cpp
Auto-merging src/Game/System/GameSequenceFunction.cpp
Auto-merging src/Game/System/GameSystemResetAndPowerProcess.cpp
Auto-merging src/Game/System/Overwrite.cpp
Auto-merging src/Game/System/ResourceHolderManager.cpp
Auto-merging src/Game/System/StorySequenceExecutor.cpp
Auto-merging src/Game/System/WPadAcceleration.cpp
Auto-merging src/Game/System/WPadHVSwing.cpp
Auto-merging src/Game/System/WPadLeaveWatcher.cpp
Auto-merging src/Game/System/WPadPointer.cpp
Auto-merging src/Game/System/WPadRumble.cpp
Auto-merging src/Game/System/WPadStick.cpp
Auto-merging src/Game/Util/CameraUtil.cpp
Auto-merging src/Game/Util/DemoUtil.cpp
Auto-merging src/Game/Util/DrawUtil.cpp
Auto-merging src/Game/Util/EventUtil.cpp
Auto-merging src/Game/Util/GamePadUtil.cpp
Auto-merging src/Game/Util/LiveActorUtil.cpp
Auto-merging src/Game/Util/MapUtil.cpp
Auto-merging src/Game/Util/MathUtil.cpp
Auto-merging src/Game/Util/MessageUtil.cpp
Auto-merging src/Game/Util/ObjUtil.cpp
Auto-merging src/Game/Util/RumbleCalculator.cpp
Auto-merging src/Game/Util/SoundUtil.cpp
Auto-merging src/JSystem/J2DGraph/J2DGrafContext.cpp
Automatic merge went well; stopped before committing as requested
