In file included from <built-in>:1:
In file included from /Users/frityet/Projects/petari/src/compat/MetrowerksStdCompat.hpp:11:
src/Game/LiveActor/LiveActor.hpp:41:29: warning: 'movement' overrides a member function but is not marked 'override' [-Winconsistent-missing-override]
   41 |     /* 0x14 */ virtual void movement();
      |                             ^
src/Game/NameObj/NameObj.hpp:23:29: note: overridden virtual function is here
   23 |     /* 0x14 */ virtual void movement();
      |                             ^
In file included from <built-in>:1:
In file included from /Users/frityet/Projects/petari/src/compat/MetrowerksStdCompat.hpp:11:
src/Game/LiveActor/LiveActor.hpp:42:29: warning: 'calcAnim' overrides a member function but is not marked 'override' [-Winconsistent-missing-override]
   42 |     /* 0x1C */ virtual void calcAnim();
      |                             ^
src/Game/NameObj/NameObj.hpp:28:29: note: overridden virtual function is here
   28 |     /* 0x1C */ virtual void calcAnim();
      |                             ^
In file included from <built-in>:1:
In file included from /Users/frityet/Projects/petari/src/compat/MetrowerksStdCompat.hpp:11:
src/Game/LiveActor/LiveActor.hpp:43:29: warning: 'calcViewAndEntry' overrides a member function but is not marked 'override' [-Winconsistent-missing-override]
   43 |     /* 0x20 */ virtual void calcViewAndEntry();
      |                             ^
src/Game/NameObj/NameObj.hpp:29:29: note: overridden virtual function is here
   29 |     /* 0x20 */ virtual void calcViewAndEntry();
      |                             ^
src/Game/System/GameSequenceFunction.cpp:21:53: warning: GCC does not allow 'noinline' attribute in this position on a function definition [-Wgcc-compat]
   21 |     GameSequenceProgress* getGameSequenceProgress() NO_INLINE {
      |                                                     ^
src/Inline.hpp:5:34: note: expanded from macro 'NO_INLINE'
    5 | #define NO_INLINE __attribute__((noinline))
      |                                  ^
src/Game/System/GameSequenceFunction.cpp:25:57: warning: GCC does not allow 'noinline' attribute in this position on a function definition [-Wgcc-compat]
   25 |     SaveDataHandleSequence* getSaveDataHandleSequence() NO_INLINE {
      |                                                         ^
src/Inline.hpp:5:34: note: expanded from macro 'NO_INLINE'
    5 | #define NO_INLINE __attribute__((noinline))
      |                                  ^
src/Game/System/GameSequenceFunction.cpp:33:41: warning: GCC does not allow 'noinline' attribute in this position on a function definition [-Wgcc-compat]
   33 |     NWC24Messenger* getNWC24Messenger() NO_INLINE {
      |                                         ^
src/Inline.hpp:5:34: note: expanded from macro 'NO_INLINE'
    5 | #define NO_INLINE __attribute__((noinline))
      |                                  ^
6 warnings generated.
