(lldb) target create "build/macosx/arm64/debug/smg-pc-original-image-effect-ownership-tests"
Current executable set to '/Users/frityet/Projects/petari/build/macosx/arm64/debug/smg-pc-original-image-effect-ownership-tests' (arm64).
(lldb) run
[aurora:info:aurora] Aurora initializing
[aurora:info:aurora::system_info] CPU model: Apple M5 Max
[aurora:info:aurora::system_info] Memory: 131072 MiB
[aurora:info:aurora::system_info] Architecture: aarch64
[aurora:info:aurora::system_info] OS: macOS Version 27.0 (Build 26A428)
2026-09-25 15:36:28.970731+0100 smg-pc-original-image-effect-ownership-tests[43145:5959310] [Connection] Unable to get synchronousRemoteObjectProxy, error: Error Domain=NSCocoaErrorDomain Code=4097 "connection to service named com.apple.linkd.autoShortcut" UserInfo={NSDebugDescription=connection to service named com.apple.linkd.autoShortcut}
2026-09-25 15:36:28.970901+0100 smg-pc-original-image-effect-ownership-tests[43145:5959310] [Application] Error registering app with intents framework: Error Domain=NSCocoaErrorDomain Code=4097 "connection to service named com.apple.linkd.autoShortcut" UserInfo={NSDebugDescription=connection to service named com.apple.linkd.autoShortcut}
2026-09-25 15:36:28.971055+0100 smg-pc-original-image-effect-ownership-tests[43145:5959340] [Connection] Unable to get synchronousRemoteObjectProxy, error: Error Domain=NSCocoaErrorDomain Code=4097 "connection to service named com.apple.linkd.autoShortcut" UserInfo={NSDebugDescription=connection to service named com.apple.linkd.autoShortcut}
2026-09-25 15:36:28.971070+0100 smg-pc-original-image-effect-ownership-tests[43145:5959340] [Connection] Unable to re-register with Process Instance Registry, error: Error Domain=NSCocoaErrorDomain Code=4097 "connection to service named com.apple.linkd.autoShortcut" UserInfo={NSDebugDescription=connection to service named com.apple.linkd.autoShortcut}
2026-09-25 15:36:28.971308+0100 smg-pc-original-image-effect-ownership-tests[43145:5959311] [Connection] Unable to get synchronousRemoteObjectProxy, error: Error Domain=NSCocoaErrorDomain Code=4097 "connection to service named com.apple.linkd.autoShortcut" UserInfo={NSDebugDescription=connection to service named com.apple.linkd.autoShortcut}
2026-09-25 15:36:28.971316+0100 smg-pc-original-image-effect-ownership-tests[43145:5959311] [Connection] Unable to re-register with Process Instance Registry, error: Error Domain=NSCocoaErrorDomain Code=4097 "connection to service named com.apple.linkd.autoShortcut" UserInfo={NSDebugDescription=connection to service named com.apple.linkd.autoShortcut}
2026-09-25 15:36:28.971538+0100 smg-pc-original-image-effect-ownership-tests[43145:5959311] [Connection] Will NOT re-try to establish the connection
2026-09-25 15:36:28.971560+0100 smg-pc-original-image-effect-ownership-tests[43145:5959310] [Connection] Unable to get synchronousRemoteObjectProxy, error: Error Domain=NSCocoaErrorDomain Code=4097 "connection to service named com.apple.linkd.autoShortcut" UserInfo={NSDebugDescription=connection to service named com.apple.linkd.autoShortcut}
2026-09-25 15:36:28.971571+0100 smg-pc-original-image-effect-ownership-tests[43145:5959310] [Connection] Unable to re-register with Process Instance Registry, error: Error Domain=NSCocoaErrorDomain Code=4097 "connection to service named com.apple.linkd.autoShortcut" UserInfo={NSDebugDescription=connection to service named com.apple.linkd.autoShortcut}
2026-09-25 15:36:29.738642+0100 smg-pc-original-image-effect-ownership-tests[43145:5959290] [WindowTab] Cannot index window tabs due to missing main bundle identifier
[aurora:info:aurora::gpu] Creating WebGPU instance
[aurora:info:aurora::gpu] Attempting to initialize Metal
[aurora:info:aurora::gpu] Requesting adapter
  Feature level: Compatibility
  Power preference: HighPerformance
  Backend: Metal
  Compatible surface: true
[aurora:info:aurora::gpu] Graphics adapter information
  API: Metal
  Device: Apple M5 Max (IntegratedGPU)
  Driver: Metal driver on macOS Version 27.0 (Build 26A428)
[aurora:info:aurora::gpu] Using limits:
  maxTextureDimension1D: 16384
  maxTextureDimension2D: 16384
  maxTextureDimension3D: 2048
  maxTextureArrayLayers: 2048
  maxStorageBuffersPerShaderStage: 2
  minUniformBufferOffsetAlignment: 256
  minStorageBufferOffsetAlignment: 256
  maxImmediateSize: 64
[aurora:info:aurora::gpu] Enabling features: 
  CoreFeaturesAndLimits
  DepthClipControl
  TextureCompressionBC
  TextureCompressionASTC
  ClipDistances
  DualSourceBlending
  TextureComponentSwizzle
[aurora:info:aurora::gpu] Using surface format BGRA8Unorm, present mode Fifo
[aurora:info:aurora::gfx::pipeline_cache] No bundled initial pipeline cache found at '/Users/frityet/Projects/petari/build/macosx/arm64/debug/initial_pipeline_cache.db'
[aurora:info:aurora] Using framebuffer size 1280x960 scale 2
warning: smg-pc-original-image-effect-ownership-tests was compiled with optimization - stepping may behave oddly; variables may not be available.
Process 43145 launched: '/Users/frityet/Projects/petari/build/macosx/arm64/debug/smg-pc-original-image-effect-ownership-tests' (arm64)
Process 43145 stopped
* thread #1, name = 'Main thread', queue = 'com.apple.main-thread', stop reason = EXC_BAD_ACCESS (code=1, address=0x40)
       frame #0: 0x00000001000844fc smg-pc-original-image-effect-ownership-tests`MR::getLanguage() at Language.cpp:146:54 [opt]
   143 	    }
   144 	
   145 	    u32 getLanguage() {
-> 146 	        return SingletonHolder< GameSystem >::get()->mObjHolder->mLanguage;
    	                                                     ^
   147 	    }
   148 	
   149 	    u32 getLanguageFromIPL() {
Target 0: (smg-pc-original-image-effect-ownership-tests) stopped.
(lldb) bt 18
* thread #1, name = 'Main thread', queue = 'com.apple.main-thread', stop reason = EXC_BAD_ACCESS (code=1, address=0x40)
   * frame #0: 0x00000001000844fc smg-pc-original-image-effect-ownership-tests`MR::getLanguage() at Language.cpp:146:54 [opt]
     frame #1: 0x0000000100084538 smg-pc-original-image-effect-ownership-tests`MR::getCurrentLanguagePrefix() at Language.cpp:154:18 [opt]
     frame #2: 0x000000010022b2d4 smg-pc-original-image-effect-ownership-tests`MR::makeFileNameConsideringLanguage(pDst="\U00000018\xc7\xdfo\U00000001", size=256, pFilePath="/Memory/SystemMessage.arc") at FileUtilCompat.cpp:206:46 [opt] [inlined]
     frame #3: 0x000000010022b2d0 smg-pc-original-image-effect-ownership-tests`MR::getMountedArchiveAndHeap(pFilePath="/Memory/SystemMessage.arc", ppArchive=0x000000016fdfc708, ppHeap=0x000000016fdfc700) at FileUtilCompat.cpp:145:9 [opt]
     frame #4: 0x00000001000840cc smg-pc-original-image-effect-ownership-tests`MessageData::MessageData(this=0x000000742b6f96a0, pArchiveName=<unavailable>) at MessageHolder.cpp:133:5 [opt]
     frame #5: 0x00000001000843d8 smg-pc-original-image-effect-ownership-tests`MessageData::MessageData(this=0x000000742b6f96a0, pArchiveName=<unavailable>) at MessageHolder.cpp:130:144 [opt] [inlined]
     frame #6: 0x00000001000843cc smg-pc-original-image-effect-ownership-tests`MessageHolder::initSystemData(this=0x000000742b6f9680) at MessageHolder.cpp:179:30 [opt]
     frame #7: 0x00000001001e79e4 smg-pc-original-image-effect-ownership-tests`smgpc::runtime::MessageHolderOwnership::MessageHolderOwnership(this=0x00000078d53f2b90, runtime=<unavailable>, byte_budget=2097152, mounts=0x000000016fdfced8, game_archive_path=<unavailable>, language_prefix=<unavailable>) at MessageHolderOwnership.cpp:77:30 [opt]
     frame #8: 0x00000001001e7d1c smg-pc-original-image-effect-ownership-tests`smgpc::runtime::MessageHolderOwnership::MessageHolderOwnership(this=<unavailable>, runtime=<unavailable>, byte_budget=<unavailable>, mounts=<unavailable>, game_archive_path=<unavailable>, language_prefix=<unavailable>) at MessageHolderOwnership.cpp:46:43 [opt] [artificial]
     frame #9: 0x00000001001fc1b0 smg-pc-original-image-effect-ownership-tests`std::__1::unique_ptr<smgpc::runtime::MessageHolderOwnership, std::__1::default_delete<smgpc::runtime::MessageHolderOwnership>> std::__1::make_unique[abi:nqe230101]<smgpc::runtime::MessageHolderOwnership, std::__1::shared_ptr<smgpc::compat::JkrHeapRuntime>&, unsigned long const&, smgpc::runtime::ArchiveMountService&, std::__1::basic_string<char, std::__1::char_traits<char>, std::__1::allocator<char>>, char const (&) [9], 0>(__args=std::__1::shared_ptr<smgpc::compat::JkrHeapRuntime>::element_type @ 0x00000078d53f2940 strong=9 weak=0, __args=0x000000016fdfccf8, __args=0x000000016fdfced8, __args="/KrKorean/MessageData/Message.arc", __args={\xc5\xb6\xcb\0\x01\0\0\0}) at unique_ptr.h:708:30 [opt]
     frame #10: 0x00000001001faefc smg-pc-original-image-effect-ownership-tests`smgpc::runtime::RuntimeContext::RuntimeContext(this=0x000000016fdfcd40, logger=<unavailable>, window_service=0x000000016fdfcd38, resources=0x000000016fdfccc8, audio_playback=<unavailable>) at RuntimeContext.cpp:266:35 [opt]
     frame #11: 0x00000001001fbc34 smg-pc-original-image-effect-ownership-tests`smgpc::runtime::RuntimeContext::RuntimeContext(this=0x000000016fdfcd40, logger=<unavailable>, window_service=<unavailable>, resources=<unavailable>, audio_playback=nullptr) at RuntimeContext.cpp:241:5 [opt] [inlined]
     frame #12: 0x00000001001fbc2c smg-pc-original-image-effect-ownership-tests`smgpc::runtime::RuntimeContext::RuntimeContext(this=0x000000016fdfcd40, logger=<unavailable>, window_service=<unavailable>, resources=<unavailable>) at RuntimeContext.cpp:222:11 [opt]
     frame #13: 0x00000001000017dc smg-pc-original-image-effect-ownership-tests`main at OriginalImageEffectOwnershipTests.cpp:58:36 [opt]
     frame #14: 0x000000018a03be80 dyld`start + 6688
(lldb) process kill
Process 43145 exited with status = 9 (0x00000009) killed
