original-player-status-storage build 0
original-player-status-storage run 0
original-save-owner build 0
original-save-owner run 1
original-jkr-heap build 0
original-jkr-heap run 0
original-jkr-heap-finalizer build 0
original-jkr-heap-finalizer run 0
original-jkr-allocation-domain build 0
original-jkr-allocation-domain run 0
jkr-exception-ownership build 0
jkr-exception-ownership run -6
original-j3d-packet build 0
original-j3d-packet run 0
original-j3d-mtx-buffer build 0
original-j3d-mtx-buffer run 0
original-j3d-geometry-resource build 0
original-j3d-geometry-resource run 0
original-j3d-vertex-buffer build 0
original-j3d-vertex-buffer run 0
original-j3d-texture-mtx build 0
original-j3d-texture-mtx run 0
actor-sensor-real-or-absent build 0
actor-sensor-real-or-absent run 0
actor-runtime-registry build 255
scene-scheduler-heap build 0
scene-scheduler-heap run -6
game-actor-physics-real-or-absent build 255
