{
  "command": [
    "/Users/frityet/Projects/petari/build/macosx/arm64/debug/smg-pc",
    "--disc",
    "/Users/frityet/Projects/petari/Super Mario Wii - Galaxy Adventure (Korea).rvz",
    "--stage",
    "HeavensDoorGalaxy",
    "--scenario",
    "1",
    "--max-frames",
    "600"
  ],
  "environment": {
    "SMGPC_SAVE_DIR": "/Users/frityet/Projects/petari/notes/compat-owner-removal-round3-20260925/gateway-600-nand",
    "SMGPC_NAND_DIR": "",
    "SMGPC_ORIGINAL_PLACEMENT_REPORT_PATH": "/Users/frityet/Projects/petari/notes/compat-owner-removal-round3-20260925/gateway-600-placements.json",
    "AURORA_BACKEND": "metal",
    "SMGPC_WINDOW_WIDTH": "1280",
    "SMGPC_WINDOW_HEIGHT": "720",
    "SMGPC_SCREENSHOT_PATH": "/Users/frityet/Projects/petari/notes/compat-owner-removal-round3-20260925/gateway-600-frame480.png",
    "SMGPC_SCREENSHOT_FRAME": "480",
    "SMGPC_DEBUG_WPAD_INPUT_FILE": "",
    "SMGPC_DEBUG_FRAME_TIMING": "",
    "SMGPC_DEBUG_ACTOR_TRACE_PATH": "",
    "SMGPC_DEBUG_ACTOR_TRACE_TYPES": "",
    "SMGPC_DEBUG_ACTOR_TRACE_INTERVAL": "60",
    "SMGPC_DEBUG_LAYOUT_DUMP_PATH": "",
    "SMGPC_DEBUG_LAYOUT_DUMP_FRAME": "",
    "SMGPC_DEBUG_WPAD_BUTTON_SCRIPT": "",
    "SMGPC_DEBUG_WPAD_POINTER_SCRIPT": "",
    "SMGPC_DEBUG_WPAD_STICK_SCRIPT": ""
  },
  "binary_sha256": "04a16958f05c3895f2a36be7837df1a4441d07bf3821b97d2e0649a0c80322a3",
  "started_at": "2026-09-25T13:20:58.858641+00:00",
  "pid": 15897,
  "exit_code": -11,
  "timeout_terminated": false,
  "inherited_smgpc_environment_removed": true,
  "binary_sha256_after": "04a16958f05c3895f2a36be7837df1a4441d07bf3821b97d2e0649a0c80322a3",
  "binary_unchanged": true,
  "elapsed_seconds": 1.3726441250182688,
  "process_still_exists_after_wait": false,
  "completed_frames": null,
  "verified_bounded_completion": false
}
