(lldb) target create "/Users/frityet/Projects/petari/build/macosx/arm64/debug/smg-pc"
Current executable set to '/Users/frityet/Projects/petari/build/macosx/arm64/debug/smg-pc' (arm64).
(lldb) settings set -- target.run-args  "--disc" "/Users/frityet/Projects/petari/Super Mario Wii - Galaxy Adventure (Korea).rvz" "--stage" "HeavensDoorGalaxy" "--scenario" "1" "--max-frames" "600"
(lldb) run
[src/app/Application.cpp:59][APP - INFO] Opened Aurora disc image /Users/frityet/Projects/petari/Super Mario Wii - Galaxy Adventure (Korea).rvz
[aurora:info:aurora] Aurora initializing
[aurora:info:aurora::system_info] CPU model: Apple M5 Max
[aurora:info:aurora::system_info] Memory: 131072 MiB
[aurora:info:aurora::system_info] Architecture: aarch64
[aurora:info:aurora::system_info] OS: macOS Version 27.0 (Build 26A428)
2026-09-25 14:22:48.736358+0100 smg-pc[16792:5770269] [Connection] Unable to get synchronousRemoteObjectProxy, error: Error Domain=NSCocoaErrorDomain Code=4097 "connection to service named com.apple.linkd.autoShortcut" UserInfo={NSDebugDescription=connection to service named com.apple.linkd.autoShortcut}
2026-09-25 14:22:48.736546+0100 smg-pc[16792:5770269] [Application] Error registering app with intents framework: Error Domain=NSCocoaErrorDomain Code=4097 "connection to service named com.apple.linkd.autoShortcut" UserInfo={NSDebugDescription=connection to service named com.apple.linkd.autoShortcut}
2026-09-25 14:22:48.736676+0100 smg-pc[16792:5770270] [Connection] Unable to get synchronousRemoteObjectProxy, error: Error Domain=NSCocoaErrorDomain Code=4097 "connection to service named com.apple.linkd.autoShortcut" UserInfo={NSDebugDescription=connection to service named com.apple.linkd.autoShortcut}
2026-09-25 14:22:48.736699+0100 smg-pc[16792:5770270] [Connection] Unable to re-register with Process Instance Registry, error: Error Domain=NSCocoaErrorDomain Code=4097 "connection to service named com.apple.linkd.autoShortcut" UserInfo={NSDebugDescription=connection to service named com.apple.linkd.autoShortcut}
2026-09-25 14:22:48.736960+0100 smg-pc[16792:5770268] [Connection] Unable to get synchronousRemoteObjectProxy, error: Error Domain=NSCocoaErrorDomain Code=4097 "connection to service named com.apple.linkd.autoShortcut" UserInfo={NSDebugDescription=connection to service named com.apple.linkd.autoShortcut}
2026-09-25 14:22:48.736977+0100 smg-pc[16792:5770268] [Connection] Unable to re-register with Process Instance Registry, error: Error Domain=NSCocoaErrorDomain Code=4097 "connection to service named com.apple.linkd.autoShortcut" UserInfo={NSDebugDescription=connection to service named com.apple.linkd.autoShortcut}
2026-09-25 14:22:48.737197+0100 smg-pc[16792:5770268] [Connection] Will NOT re-try to establish the connection
2026-09-25 14:22:48.737223+0100 smg-pc[16792:5770269] [Connection] Unable to get synchronousRemoteObjectProxy, error: Error Domain=NSCocoaErrorDomain Code=4097 "connection to service named com.apple.linkd.autoShortcut" UserInfo={NSDebugDescription=connection to service named com.apple.linkd.autoShortcut}
2026-09-25 14:22:48.737239+0100 smg-pc[16792:5770269] [Connection] Unable to re-register with Process Instance Registry, error: Error Domain=NSCocoaErrorDomain Code=4097 "connection to service named com.apple.linkd.autoShortcut" UserInfo={NSDebugDescription=connection to service named com.apple.linkd.autoShortcut}
2026-09-25 14:22:49.626968+0100 smg-pc[16792:5770239] [WindowTab] Cannot index window tabs due to missing main bundle identifier
[aurora:info:aurora::gpu] Creating WebGPU instance
[aurora:info:aurora::gpu] Attempting to initialize Metal
[aurora:info:aurora::gpu] Requesting adapter
  Feature level: Compatibility
  Power preference: HighPerformance
  Backend: Metal
  Compatible surface: true
[aurora:info:aurora::gpu] Graphics adapter information
  API: Metal
  Device: Apple M5 Max (IntegratedGPU)
  Driver: Metal driver on macOS Version 27.0 (Build 26A428)
[aurora:info:aurora::gpu] Using limits:
  maxTextureDimension1D: 16384
  maxTextureDimension2D: 16384
  maxTextureDimension3D: 2048
  maxTextureArrayLayers: 2048
  maxStorageBuffersPerShaderStage: 2
  minUniformBufferOffsetAlignment: 256
  minStorageBufferOffsetAlignment: 256
  maxImmediateSize: 64
[aurora:info:aurora::gpu] Enabling features: 
  CoreFeaturesAndLimits
  DepthClipControl
  TextureCompressionBC
  TextureCompressionASTC
  ClipDistances
  DualSourceBlending
  TextureComponentSwizzle
[aurora:info:aurora::gpu] Using surface format BGRA8Unorm, present mode Fifo
[aurora:info:aurora::gfx::pipeline_cache] No bundled initial pipeline cache found at '/Users/frityet/Projects/petari/build/macosx/arm64/debug/initial_pipeline_cache.db'
[aurora:info:aurora] Using framebuffer size 1280x960 scale 2
[src/app/OriginalGameApplication.cpp:511][APP - INFO] Booting the original GameSystem
[original-process] Preparing original heap arenas
[original-process] Initializing SDK, layout allocator and original heap watcher
[original-process] Initialized console language 9 for disc region K
<< NW4R    - LYT 	final   build: Jul 17 2007 12:25:23 (0x4199_60831) >>
[original-process] Initializing original file and exception services
[original-process] Constructing GameSystem
[original-process] Entering GameSystem::init
[aurora:info:aurora::gpu::cache] Pruned 4 stale Dawn cache entries
[original-process] GameSystem::init completed
[src/app/OriginalGameApplication.cpp:513][APP - INFO] Running the original GameSystem frame loop
[original-process] Requesting authored stage HeavensDoorGalaxy scenario 1 through GameSequence
[original-process] Placement coverage HeavensDoorGalaxy: 187 supported, 51 known-unlinked, 0 unknown, 5 metadata rows
warning: smg-pc was compiled with optimization - stepping may behave oddly; variables may not be available.
Process 16792 launched: '/Users/frityet/Projects/petari/build/macosx/arm64/debug/smg-pc' (arm64)
Process 16792 stopped
* thread #19, stop reason = EXC_BAD_ACCESS (code=1, address=0x8)
       frame #0: 0x00000001000651d8 smg-pc`HitSensorKeeper::registHitSensorInfo(this=0x0000000000000000, pInfo=0x0000007b8e0cdee0) at HitSensorKeeper.cpp:143:5 [opt] [inlined]
   140 	}
   141 	
   142 	void HitSensorKeeper::registHitSensorInfo(HitSensorInfo* pInfo) {
-> 143 	    mSensorInfos[mSensorInfosSize] = pInfo;
    	    ^
   144 	    mSensorInfosSize++;
   145 	    pInfo->update();
   146 	}
Target 0: (smg-pc) stopped.
