(lldb) target create "build/macosx/arm64/debug/smg-pc-original-save-owner-tests"
Current executable set to '/Users/frityet/Projects/petari/build/macosx/arm64/debug/smg-pc-original-save-owner-tests' (arm64).
(lldb) run
warning: smg-pc-original-save-owner-tests was compiled with optimization - stepping may behave oddly; variables may not be available.
Process 17420 launched: '/Users/frityet/Projects/petari/build/macosx/arm64/debug/smg-pc-original-save-owner-tests' (arm64)
Process 17420 stopped
* thread #1, queue = 'com.apple.main-thread', stop reason = EXC_BAD_ACCESS (code=1, address=0x40)
       frame #0: 0x000000010000d74c smg-pc-original-save-owner-tests`FileLoader::getRequestFileInfoConst(this=0x0000000000000000, pName="/StageData/AstroDome/AstroDomeScenario.arc") const at FileLoader.cpp:121:25 [opt]
   118 	}
   119 	
   120 	const RequestFileInfo* FileLoader::getRequestFileInfoConst(const char* pName) const {
-> 121 	    for (u32 i = 0; i < mRequestedFileCount; i++) {
    	                        ^
   122 	        RequestFileInfo* info = &mRequestFileInfos[i];
   123 	
   124 	        if (MR::isEqualStringCase(info->mFileName, pName)) {
Target 0: (smg-pc-original-save-owner-tests) stopped.
(lldb) bt
* thread #1, queue = 'com.apple.main-thread', stop reason = EXC_BAD_ACCESS (code=1, address=0x40)
   * frame #0: 0x000000010000d74c smg-pc-original-save-owner-tests`FileLoader::getRequestFileInfoConst(this=0x0000000000000000, pName="/StageData/AstroDome/AstroDomeScenario.arc") const at FileLoader.cpp:121:25 [opt]
     frame #1: 0x000000010000d74c smg-pc-original-save-owner-tests`FileLoader::isNeedToLoad(this=0x0000000000000000, pName="/StageData/AstroDome/AstroDomeScenario.arc") const at FileLoader.cpp:113:9 [opt] [inlined]
     frame #2: 0x000000010000d74c smg-pc-original-save-owner-tests`FileLoader::requestMountArchive(this=0x0000000000000000, pName="/StageData/AstroDome/AstroDomeScenario.arc", pHeap=0x00000079d7000120, jam=false) at FileLoader.cpp:41:9 [opt]
     frame #3: 0x0000000100026b80 smg-pc-original-save-owner-tests`MR::mountAsyncArchive(pFilePath="/StageData/AstroDome/AstroDomeScenario.arc", pHeap=<unavailable>) at FileUtilCompat.cpp:79:47 [opt] [inlined]
     frame #4: 0x0000000100026b24 smg-pc-original-save-owner-tests`MR::mountArchive(pFilePath="/StageData/AstroDome/AstroDomeScenario.arc", pHeap=0x00000079d7000120) at FileUtilCompat.cpp:70:9 [opt]
     frame #5: 0x00000001000065a4 smg-pc-original-save-owner-tests`StationedArchiveLoader::loadScenarioData(pHeap=0x00000079d7000120) at StationedArchiveLoader.cpp:90:13 [opt]
     frame #6: 0x000000010001e0f8 smg-pc-original-save-owner-tests`smgpc::runtime::ScenarioCatalogOwnership::ScenarioCatalogOwnership(this=0x000000751ad10538, runtime=nullptr, byte_budget=8388608, mounts=0x000000016fdfd798) at ScenarioCatalogOwnership.cpp:59:5 [opt]
     frame #7: 0x000000010001e548 smg-pc-original-save-owner-tests`smgpc::runtime::ScenarioCatalogOwnership::ScenarioCatalogOwnership(this=<unavailable>, runtime=<unavailable>, byte_budget=<unavailable>, mounts=<unavailable>) at ScenarioCatalogOwnership.cpp:36:59 [opt] [artificial]
     frame #8: 0x00000001000033e4 smg-pc-original-save-owner-tests`smgpc::runtime::ScenarioCatalogOwnership* std::__1::construct_at[abi:nqe230101]<smgpc::runtime::ScenarioCatalogOwnership, std::__1::shared_ptr<smgpc::compat::JkrHeapRuntime> const&, unsigned long const&, smgpc::runtime::ArchiveMountService&, smgpc::runtime::ScenarioCatalogOwnership*>(__location=<unavailable>, __args=<unavailable>, __args=<unavailable>, __args=<unavailable>) at construct_at.h:37:49 [opt] [inlined]
     frame #9: 0x00000001000033dc smg-pc-original-save-owner-tests`smgpc::runtime::ScenarioCatalogOwnership* std::__1::__construct_at[abi:nqe230101]<smgpc::runtime::ScenarioCatalogOwnership, std::__1::shared_ptr<smgpc::compat::JkrHeapRuntime> const&, unsigned long const&, smgpc::runtime::ArchiveMountService&, smgpc::runtime::ScenarioCatalogOwnership*>(__location=<unavailable>, __args=<unavailable>, __args=<unavailable>, __args=<unavailable>) at construct_at.h:45:10 [opt] [inlined]
     frame #10: 0x00000001000033dc smg-pc-original-save-owner-tests`void std::__1::allocator_traits<std::__1::allocator<smgpc::runtime::ScenarioCatalogOwnership>>::construct[abi:nqe230101]<smgpc::runtime::ScenarioCatalogOwnership, std::__1::shared_ptr<smgpc::compat::JkrHeapRuntime> const&, unsigned long const&, smgpc::runtime::ArchiveMountService&, 0>((null)=0x000000751ad10520, __p=<unavailable>, __args=<unavailable>, __args=<unavailable>, __args=<unavailable>) at allocator_traits.h:362:5 [opt] [inlined]
     frame #11: 0x00000001000033dc smg-pc-original-save-owner-tests`std::__1::__shared_ptr_emplace[abi:nqe230101]<smgpc::runtime::ScenarioCatalogOwnership, std::__1::allocator<smgpc::runtime::ScenarioCatalogOwnership>>::__shared_ptr_emplace[abi:nqe230101]<std::__1::shared_ptr<smgpc::compat::JkrHeapRuntime> const&, unsigned long const&, smgpc::runtime::ArchiveMountService&>(this=0x000000751ad10520, __a=<unavailable>, __args=std::__1::shared_ptr<smgpc::compat::JkrHeapRuntime>::element_type @ 0x000000751b020070 strong=2 weak=0, __args=0x000000016fdfd6d8, __args=<unavailable>) at shared_ptr.h:136:5 [opt]
     frame #12: 0x00000001000017d4 smg-pc-original-save-owner-tests`std::__1::__shared_ptr_emplace[abi:nqe230101]<smgpc::runtime::ScenarioCatalogOwnership, std::__1::allocator<smgpc::runtime::ScenarioCatalogOwnership>>::__shared_ptr_emplace[abi:nqe230101]<std::__1::shared_ptr<smgpc::compat::JkrHeapRuntime> const&, unsigned long const&, smgpc::runtime::ArchiveMountService&>(this=0x000000751ad10520, __a=<unavailable>, __args=std::__1::shared_ptr<smgpc::compat::JkrHeapRuntime>::element_type @ 0x000000751b020070 strong=2 weak=0, __args=<unavailable>, __args=0x000000016fdfd798) at shared_ptr.h:135:232 [opt] [inlined]
     frame #13: 0x00000001000017c8 smg-pc-original-save-owner-tests`std::__1::shared_ptr<smgpc::runtime::ScenarioCatalogOwnership> std::__1::__allocate_shared_impl[abi:nqe230101]<std::__1::__shared_ptr_emplace[abi:nqe230101]<smgpc::runtime::ScenarioCatalogOwnership, std::__1::allocator<smgpc::runtime::ScenarioCatalogOwnership>>, smgpc::runtime::ScenarioCatalogOwnership, std::__1::allocator<smgpc::runtime::ScenarioCatalogOwnership>, std::__1::shared_ptr<smgpc::compat::JkrHeapRuntime> const&, unsigned long const&, smgpc::runtime::ArchiveMountService&>(__alloc=<unavailable>, __args=std::__1::shared_ptr<smgpc::compat::JkrHeapRuntime>::element_type @ 0x000000751b020070 strong=2 weak=0, __args=<unavailable>, __args=0x000000016fdfd798) at shared_ptr.h:653:51 [opt] [inlined]
     frame #14: 0x00000001000017c8 smg-pc-original-save-owner-tests`std::__1::shared_ptr<smgpc::runtime::ScenarioCatalogOwnership> std::__1::allocate_shared[abi:nqe230101]<smgpc::runtime::ScenarioCatalogOwnership, std::__1::allocator<smgpc::runtime::ScenarioCatalogOwnership>, std::__1::shared_ptr<smgpc::compat::JkrHeapRuntime> const&, unsigned long const&, smgpc::runtime::ArchiveMountService&, 0>(__a=<unavailable>, __args=std::__1::shared_ptr<smgpc::compat::JkrHeapRuntime>::element_type @ 0x000000751b020070 strong=2 weak=0, __args=<unavailable>, __args=0x000000016fdfd798) at shared_ptr.h:663:10 [opt] [inlined]
     frame #15: 0x00000001000017c8 smg-pc-original-save-owner-tests`std::__1::shared_ptr<smgpc::runtime::ScenarioCatalogOwnership> std::__1::make_shared[abi:nqe230101]<smgpc::runtime::ScenarioCatalogOwnership, std::__1::shared_ptr<smgpc::compat::JkrHeapRuntime> const&, unsigned long const&, smgpc::runtime::ArchiveMountService&, 0>(__args=std::__1::shared_ptr<smgpc::compat::JkrHeapRuntime>::element_type @ 0x000000751b020070 strong=2 weak=0, __args=<unavailable>, __args=0x000000016fdfd798) at shared_ptr.h:668:10 [opt] [inlined]
     frame #16: 0x00000001000017c8 smg-pc-original-save-owner-tests`main at OriginalSaveOwnerTests.cpp:135:24 [opt]
     frame #17: 0x000000018a03be80 dyld`start + 6688
(lldb) process kill
Process 17420 exited with status = 9 (0x00000009) killed
