[0mchecking for Xcode SDK ... [38;5;2;1m/Applications/Xcode.app (sdk: 27.0, arm64-apple-macos26.0)[0m
[0mchecking for disc ... [38;5;1;1mno[0m
[0mchecking for Xcode SDK ... [38;5;2;1m/Applications/Xcode.app (sdk: 27.0, arm64-apple-macos26.0)[0m
[0m[38;5;2;1m[  7%]:[0m [38;5;5;1m<smg-pc-game>[0m cache compiling.debug src/Game/AudioLib/AudBgmRhythmStrategy.cpp[0m
[0m[38;5;2;1m[  8%]:[0m [38;5;5;1m<smg-pc-game>[0m cache compiling.debug src/Game/AudioLib/AudMeNameConverter.cpp[0m
[0m[38;5;2;1m[  8%]:[0m [38;5;5;1m<smg-pc-game>[0m cache compiling.debug src/Game/AudioLib/AudBgm.cpp[0m
[0m[38;5;2;1m[  9%]:[0m [38;5;5;1m<smg-pc-game>[0m cache compiling.debug src/Game/RhythmLib/AudMePlayer.cpp[0m
[0m[38;5;2;1m[  9%]:[0m [38;5;5;1m<smg-pc-game>[0m cache compiling.debug src/Game/RhythmLib/AudBgmTempoAdjuster.cpp[0m
[0m[38;5;2;1m[  9%]:[0m [38;5;5;1m<smg-pc-game>[0m cache compiling.debug src/Game/RhythmLib/AudChordInfo.cpp[0m
[0m[38;5;2;1m[  9%]:[0m [38;5;5;1m<smg-pc-game>[0m cache compiling.debug src/Game/RhythmLib/AudRhythmMeSystem.cpp[0m
[0m[38;5;2;1m[ 14%]:[0m [38;5;5;1m<smg-pc-game>[0m cache compiling.debug src/Game/Speaker/SpkSound.cpp[0m
[0m[38;5;2;1m[ 14%]:[0m [38;5;5;1m<smg-pc-game>[0m cache compiling.debug src/Game/Speaker/SpkSystem.cpp[0m
[0m[38;5;2;1m[ 87%]:[0m [38;5;5;1m<smg-pc-game>[0m cache compiling.debug src/JSystem/JAudio2/JASAiCtrl.cpp[0m
[0m[38;5;2;1m[ 87%]:[0m [38;5;5;1m<smg-pc-game>[0m cache compiling.debug src/JSystem/JAudio2/JAISeMgr.cpp[0m
[0m[38;5;2;1m[ 88%]:[0m [38;5;5;1m<smg-pc-game>[0m cache compiling.debug src/JSystem/JAudio2/JAISeqMgr.cpp[0m
[0m[38;5;2;1m[ 88%]:[0m [38;5;5;1m<smg-pc-game>[0m cache compiling.debug src/JSystem/JAudio2/JASTrack.cpp[0m
[0m[38;5;2;1m[ 88%]:[0m [38;5;5;1m<smg-pc-game>[0m cache compiling.debug src/JSystem/JAudio2/JASTrackPort.cpp[0m
[0m[38;5;2;1m[ 88%]:[0m [38;5;5;1m<smg-pc-game>[0m cache compiling.debug src/JSystem/JAudio2/JASSeqCtrl.cpp[0m
[0m[38;5;2;1m[ 94%]:[0m [38;5;5;1m<smg-pc-game>[0m [38;5;5;1marchiving.debug libsmg-pc-game.a[0m
[0m[38;5;2;1m[ 94%]:[0m [38;5;5;1m<smg-pc-app>[0m [38;5;5;1marchiving.debug libsmg-pc-app.a[0m
[0m[38;5;2;1m[ 94%]:[0m [38;5;5;1m<smg-pc>[0m [38;5;5;1mlinking.debug smg-pc[0m
[0m[38;5;2;1m[ 94%]:[0m [38;5;5;1m<smg-pc>[0m [38;5;5;1mgenerating.xcode.debug smg-pc.app[0m
[0m[38;5;2;1mcreate ok![0m
[0m[38;5;2;1m[100%]:[0m [38;5;2;1mbuild ok, spent 5.05s[0m
