[0mchecking for Xcode SDK ... [38;5;2;1m/Applications/Xcode.app (sdk: 27.0, arm64-apple-macos26.0)[0m
[0mchecking for disc ... [38;5;1;1mno[0m
[0mchecking for Xcode SDK ... [38;5;2;1m/Applications/Xcode.app (sdk: 27.0, arm64-apple-macos26.0)[0m
[0m[38;5;2;1m[  8%]:[0m [38;5;5;1m<smg-pc-game>[0m cache compiling.debug src/Game/AudioLib/AudBgmSetting.cpp[0m
[0m[38;5;2;1m[  9%]:[0m [38;5;5;1m<smg-pc-game>[0m cache compiling.debug src/Game/Gravity/ConeGravity.cpp[0m
[0m[38;5;2;1m[  9%]:[0m [38;5;5;1m<smg-pc-game>[0m cache compiling.debug src/Game/RhythmLib/AudMeObject.cpp[0m
[0m[38;5;2;1m[  9%]:[0m [38;5;5;1m<smg-pc-game>[0m cache compiling.debug src/Game/RhythmLib/AudMeHandles.cpp[0m
[0m[38;5;2;1m[  9%]:[0m [38;5;5;1m<smg-pc-game>[0m cache compiling.debug src/Game/GameAudio/AudSeKeeper.cpp[0m
[0m[38;5;2;1m[  9%]:[0m [38;5;5;1m<smg-pc-game>[0m cache compiling.debug src/Game/GameAudio/AudCameraWatcher.cpp[0m
[0m[38;5;2;1m[  9%]:[0m [38;5;5;1m<smg-pc-game>[0m cache compiling.debug src/Game/GameAudio/AudTamakoroBgmCtrl.cpp[0m
[0m[38;5;2;1m[  9%]:[0m [38;5;5;1m<smg-pc-game>[0m cache compiling.debug src/Game/GameAudio/AudBgmConductor.cpp[0m
[0m[38;5;2;1m[ 10%]:[0m [38;5;5;1m<smg-pc-game>[0m cache compiling.debug src/Game/GameAudio/AudEffectDirector.cpp[0m
[0m[38;5;2;1m[ 10%]:[0m [38;5;5;1m<smg-pc-game>[0m cache compiling.debug src/Game/GameAudio/AudTalkSoundData.cpp[0m
[0m[38;5;2;1m[ 10%]:[0m [38;5;5;1m<smg-pc-game>[0m cache compiling.debug src/Game/Util/PlayerUtil.cpp[0m
[0m[38;5;2;1m[ 10%]:[0m [38;5;5;1m<smg-pc-game>[0m cache compiling.debug src/Game/Util/LayoutUtil.cpp[0m
[0m[38;5;2;1m[ 10%]:[0m [38;5;5;1m<smg-pc-game>[0m cache compiling.debug src/Game/Util/GamePadUtil.cpp[0m
[0m[38;5;2;1m[ 10%]:[0m [38;5;5;1m<smg-pc-game>[0m cache compiling.debug src/Game/GameAudio/AudStageBgmTable.cpp[0m
[0m[38;5;2;1m[ 10%]:[0m [38;5;5;1m<smg-pc-game>[0m cache compiling.debug src/Game/Util/BothDirList.cpp[0m
[0m[38;5;3;1mIn file included from src/Game/GameAudio/AudSeKeeper.cpp:7:
In file included from src/JSystem/J3DGraphAnimator/J3DJoint.hpp:4:
In file included from src/JSystem/J3DGraphBase/J3DMaterial.hpp:3:
src/JSystem/J3DGraphBase/J3DMatBlock.hpp:248:35: warning: result of comparison of constant 65535 with expression of type 'const u8' (aka 'const unsigned char') is always false [-Wtautological-constant-out-of-range-compare]
  248 |         u32 ambSrc = info.mAmbSrc == 0xFFFF ? 0 : info.mAmbSrc;
      |                      ~~~~~~~~~~~~ ^  ~~~~~~
1 warning generated.[0m
[0m[38;5;2;1m[ 10%]:[0m [38;5;5;1m<smg-pc-game>[0m cache compiling.debug src/Game/GameAudio/AudStageBgmWrap.cpp[0m
[0m[38;5;3;1mIn file included from src/Game/Util/LayoutUtil.cpp:4:
In file included from src/Game/Screen/LayoutCoreUtil.hpp:4:
src/nw4r/lyt/pane.h:37:37: warning: 'offsetof' on non-standard-layout type 'detail::PaneBase' [-Winvalid-offsetof]
   37 |         typedef ut::LinkList< Pane, offsetof(detail::PaneBase, mLink) > PaneList;
      |                                     ^                          ~~~~~
/opt/homebrew/Cellar/llvm/23.1.1/lib/clang/23/include/__stddef_offsetof.h:16:24: note: expanded from macro 'offsetof'
   16 | #define offsetof(t, d) __builtin_offsetof(t, d)
      |                        ^                     ~
In file included from src/Game/Util/LayoutUtil.cpp:4:
In file included from src/Game/Screen/LayoutCoreUtil.hpp:5:
In file included from src/nw4r/lyt/textBox.h:3:
src/nw4r/lyt/common.h:14:28: warning: comparison of different enumeration types ('_GXTexFmt' (aka 'GXTexFmt') and 'GXCITexFmt') is deprecated [-Wdeprecated-enum-compare]
   14 |                 return fmt == GX_TF_C4 || fmt == GX_TF_C8 || fmt == GX_TF_C14X2;
      |                        ~~~ ^  ~~~~~~~~
src/nw4r/lyt/common.h:14:47: warning: comparison of different enumeration types ('_GXTexFmt' (aka 'GXTexFmt') and 'GXCITexFmt') is deprecated [-Wdeprecated-enum-compare]
   14 |                 return fmt == GX_TF_C4 || fmt == GX_TF_C8 || fmt == GX_TF_C14X2;[0m
[0m[38;5;2;1mcreate ok![0m
[0m[1;38;5;1;1merror: [0msrc/Game/AudioLib/AudBgmSetting.cpp:215:10: error: constant expression evaluates to -1 which cannot be narrowed to type 'u16' (aka 'unsigned short') [-Wc++11-narrowing]
  215 |         {-1, -1, -1, -1, 0, 0, 0, 0},
      |          ^~
src/Game/AudioLib/AudBgmSetting.cpp:215:10: note: insert an explicit cast to silence this issue
  215 |         {-1, -1, -1, -1, 0, 0, 0, 0},
      |          ^~
      |          static_cast<u16>( )
src/Game/AudioLib/AudBgmSetting.cpp:215:14: error: constant expression evaluates to -1 which cannot be narrowed to type 'u16' (aka 'unsigned short') [-Wc++11-narrowing]
  215 |         {-1, -1, -1, -1, 0, 0, 0, 0},
      |              ^~
src/Game/AudioLib/AudBgmSetting.cpp:215:14: note: insert an explicit cast to silence this issue
  215 |         {-1, -1, -1, -1, 0, 0, 0, 0},
      |              ^~
      |              static_cast<u16>( )
src/Game/AudioLib/AudBgmSetting.cpp:215:18: error: constant expression evaluates to -1 which cannot be narrowed to type 'u16' (aka 'unsigned short') [-Wc++11-narrowing]
  215 |         {-1, -1, -1, -1, 0, 0, 0, 0},
      |                  ^~
  [38;5;3m> in [1msrc/Game/AudioLib/AudBgmSetting.cpp[0m
