[0m[38;5;2;1m[  1%]:[0m [38;5;5;1m<aurora-msl>[0m cache compiling.debug aurora/lib/MSL_C/printf.cpp[0m
[0m[38;5;2;1m[  5%]:[0m [38;5;5;1m<aurora-gx>[0m cache compiling.debug aurora/lib/dolphin/gx/GXRegs.cpp[0m
[0m[38;5;2;1m[  5%]:[0m [38;5;5;1m<aurora-os>[0m cache compiling.debug aurora/lib/dolphin/arc.cpp[0m
[0m[38;5;2;1m[  5%]:[0m [38;5;5;1m<aurora-os>[0m cache compiling.debug aurora/lib/dolphin/os/OSArena.cpp[0m
[0m[38;5;2;1m[  6%]:[0m [38;5;5;1m<aurora-os>[0m cache compiling.debug aurora/lib/nand.cpp[0m
[0m[38;5;2;1m[  6%]:[0m [38;5;5;1m<aurora-os>[0m cache compiling.debug aurora/lib/dolphin/sc/SCSystem.cpp[0m
[0m[38;5;2;1m[  6%]:[0m [38;5;5;1m<aurora-os>[0m cache compiling.debug aurora/lib/dolphin/sc/SCapi.cpp[0m
[0m[38;5;2;1m[  6%]:[0m [38;5;5;1m<aurora-os>[0m cache compiling.debug aurora/lib/dolphin/sc/SCProductInfo.cpp[0m
[0m[38;5;2;1m[  6%]:[0m [38;5;5;1m<smg-pc-game>[0m cache compiling.debug src/Game/Demo/DemoExecutorFunction.cpp[0m
[0m[38;5;2;1m[  6%]:[0m [38;5;5;1m<smg-pc-game>[0m cache compiling.debug src/Game/Demo/DemoSoundKeeper.cpp[0m
[0m[38;5;2;1m[  6%]:[0m [38;5;5;1m<smg-pc-game>[0m cache compiling.debug src/Game/Demo/StarReturnDemoStarter.cpp[0m
[0m[38;5;2;1m[  6%]:[0m [38;5;5;1m<smg-pc-game>[0m cache compiling.debug src/Game/Demo/DemoSimpleCastHolder.cpp[0m
[0m[38;5;2;1m[  6%]:[0m [38;5;5;1m<smg-pc-game>[0m cache compiling.debug src/Game/Demo/DemoCameraFunction.cpp[0m
[0m[38;5;2;1m[  6%]:[0m [38;5;5;1m<smg-pc-game>[0m cache compiling.debug src/Game/Demo/DemoStartRequestHolder.cpp[0m
[0m[38;5;2;1m[  6%]:[0m [38;5;5;1m<smg-pc-game>[0m cache compiling.debug src/Game/Demo/DemoCtrlBase.cpp[0m
[0m[38;5;2;1m[  6%]:[0m [38;5;5;1m<smg-pc-game>[0m cache compiling.debug src/Game/Demo/DemoParamCommonDataTable.cpp[0m
[0m[38;5;2;1m[  6%]:[0m [38;5;5;1m<smg-pc-game>[0m cache compiling.debug src/Game/Demo/DemoCastGroupHolder.cpp[0m
[0m[38;5;2;1m[  6%]:[0m [38;5;5;1m<smg-pc-game>[0m cache compiling.debug src/Game/Demo/DemoPlayerKeeper.cpp[0m
[0m[38;5;2;1m[  6%]:[0m [38;5;5;1m<smg-pc-game>[0m cache compiling.debug src/Game/Demo/AstroDomeDemoStarter.cpp[0m
[0m[38;5;2;1m[  6%]:[0m [38;5;5;1m<smg-pc-game>[0m cache compiling.debug src/Game/Demo/AstroDemoFunction.cpp[0m
[0m[38;5;2;1m[  6%]:[0m [38;5;5;1m<smg-pc-game>[0m cache compiling.debug src/Game/Demo/DemoCameraKeeper.cpp[0m
[0m[38;5;2;1m[  6%]:[0m [38;5;5;1m<smg-pc-game>[0m cache compiling.debug src/Game/Demo/DemoTalkAnimCtrl.cpp[0m
[0m[38;5;3;1msrc/Game/Demo/DemoSoundKeeper.cpp:22:9: warning: ignoring return value of function declared with 'nodiscard' attribute [-Wunused-result]
   22 |         map->getValue(i, "PartName", &info.mPartName);
      |         ^~~~~~~~~~~~~~~~~~~~~~~~~~~~~~~~~~~~~~~~~~~~~
src/Game/Demo/DemoSoundKeeper.cpp:23:9: warning: ignoring return value of function declared with 'nodiscard' attribute [-Wunused-result]
   23 |         map->getValue(i, "Bgm", &info.mBgm);
      |         ^~~~~~~~~~~~~~~~~~~~~~~~~~~~~~~~~~~
src/Game/Demo/DemoSoundKeeper.cpp:24:9: warning: ignoring return value of function declared with 'nodiscard' attribute [-Wunused-result]
   24 |         map->getValue(i, "SystemSe", &info.mSystemSe);
      |         ^~~~~~~~~~~~~~~~~~~~~~~~~~~~~~~~~~~~~~~~~~~~~
src/Game/Demo/DemoSoundKeeper.cpp:26:9: warning: ignoring return value of function declared with 'nodiscard' attribute [-Wunused-result]
   26 |         map->getValue(i, "ReturnBgm", &returnBgm);
      |         ^~~~~~~~~~~~~~~~~~~~~~~~~~~~~~~~~~~~~~~~~
src/Game/Demo/DemoSoundKeeper.cpp:28:9: warning: ignoring return value of function declared with 'nodiscard' attribute [-Wunused-result]
   28 |         map->getValue(i, "BgmWipeoutFrame", &info.mBgmWipeoutFrame);
      |         ^~~~~~~~~~~~~~~~~~~~~~~~~~~~~~~~~~~~~~~~~~~~~~~~~~~~~~~~~~~
5 warnings generated.[0m
[0m[38;5;2;1m[  6%]:[0m [38;5;5;1m<smg-pc-game>[0m cache compiling.debug src/Game/Demo/DemoCastGroup.cpp[0m
[0m[38;5;2;1m[  6%]:[0m [38;5;5;1m<smg-pc-game>[0m cache compiling.debug src/Game/Demo/DemoDirector.cpp[0m
[0m[38;5;2;1m[  6%]:[0m [38;5;5;1m<smg-pc-game>[0m cache compiling.debug src/Game/Demo/DemoExecutor.cpp[0m
[0m[38;5;2;1m[  6%]:[0m [38;5;5;1m<smg-pc-game>[0m cache compiling.debug src/Game/Demo/DemoPadRumbler.cpp[0m
[0m[38;5;2;1m[  6%]:[0m [38;5;5;1m<smg-pc-game>[0m cache compiling.debug src/Game/Demo/DemoWipeKeeper.cpp[0m
[0m[38;5;2;1m[  7%]:[0m [38;5;5;1m<smg-pc-game>[0m cache compiling.debug src/Game/Demo/DemoKoopaJrShip.cpp[0m
[0m[38;5;2;1m[  7%]:[0m [38;5;5;1m<smg-pc-game>[0m cache compiling.debug src/Game/Demo/DemoSubPartKeeper.cpp[0m
[0m[38;5;2;1m[  7%]:[0m [38;5;5;1m<smg-pc-game>[0m cache compiling.debug src/Game/Demo/ReturnDemoRailMove.cpp[0m
[0m[38;5;2;1m[  7%]:[0m [38;5;5;1m<smg-pc-game>[0m cache compiling.debug src/Game/Demo/PrologueDirector.cpp[0m
[0m[38;5;2;1m[  7%]:[0m [38;5;5;1m<smg-pc-game>[0m cache compiling.debug src/Game/Demo/ScenarioStarter.cpp[0m
[0m[38;5;2;1m[  7%]:[0m [38;5;5;1m<smg-pc-game>[0m cache compiling.debug src/Game/Demo/DemoStartRequestUtil.cpp[0m
[0m[38;5;2;1m[  7%]:[0m [38;5;5;1m<smg-pc-game>[0m cache compiling.debug src/Game/Demo/DemoActionKeeper.cpp[0m
[0m[38;5;3;1msrc/Game/Demo/DemoCameraKeeper.cpp:128:13: warning: ignoring return value of function declared with 'nodiscard' attribute [-Wunused-result]
  128 |             map->getValue< const char* >(i, "PartName", &curInfo->mPartName);
      |             ^~~~~~~~~~~~~~~~~~~~~~~~~~~~~~~~~~~~~~~~~~~~~~~~~~~~~~~~~~~~~~~~
src/Game/Demo/DemoCameraKeeper.cpp:129:13: warning: ignoring return value of function declared with 'nodiscard' attribute [-Wunused-result]
  129 |             map->getValue< const char* >(i, "CameraTargetName", &curInfo->mCameraTargetName);
      |             ^~~~~~~~~~~~~~~~~~~~~~~~~~~~~~~~~~~~~~~~~~~~~~~~~~~~~~~~~~~~~~~~~~~~~~~~~~~~~~~~
src/Game/Demo/DemoCameraKeeper.cpp:130:13: warning: ignoring return value of function declared with 'nodiscard' attribute [-Wunused-result]
  130 |             map->getValue< s32 >(i, "CameraTargetCastID", &curInfo->mCameraTargetCastID);
      |             ^~~~~~~~~~~~~~~~~~~~~~~~~~~~~~~~~~~~~~~~~~~~~~~~~~~~~~~~~~~~~~~~~~~~~~~~~~~~
src/Game/Demo/DemoCameraKeeper.cpp:131:13: warning: ignoring return value of function declared with 'nodiscard' attribute [-Wunused-result]
  131 |             map->getValue< const char* >(i, "AnimCameraName", &curInfo->mAnimCameraName);
      |             ^~~~~~~~~~~~~~~~~~~~~~~~~~~~~~~~~~~~~~~~~~~~~~~~~~~~~~~~~~~~~~~~~~~~~~~~~~~~
src/Game/Demo/DemoCameraKeeper.cpp:132:13: warning: ignoring return value of function declared with 'nodiscard' attribute [-Wunused-result]
  132 |             map->getValue< s32 >(i, "AnimCameraStartFrame", &curInfo->mAnimCameraStartFrame);
      |             ^~~~~~~~~~~~~~~~~~~~~~~~~~~~~~~~~~~~~~~~~~~~~~~~~~~~~~~~~~~~~~~~~~~~~~~~~~~~~~~~
src/Game/Demo/DemoCameraKeeper.cpp:133:13: warning: ignoring return value of function declared with 'nodiscard' attribute [-Wunused-result][0m
[0m[38;5;2;1m[  7%]:[0m [38;5;5;1m<smg-pc-game>[0m cache compiling.debug src/Game/Demo/DemoPositionController.cpp[0m
[0m[38;5;3;1mIn file included from src/Game/Demo/AstroDomeDemoStarter.cpp:6:
In file included from src/Game/Util.hpp:18:
src/Game/Util/Functor.hpp:114:105: warning: GCC does not allow 'noinline' attribute in this position on a function definition [-Wgcc-compat]
  114 |     static FunctorV1M< T*, void (T::*)(U), U > Functor(T* a1, void (T::*a2)(U), U arg_0) __attribute__((noinline)) {
      |                                                                                                         ^
1 warning generated.[0m
[0m[38;5;2;1m[  7%]:[0m [38;5;5;1m<smg-pc-game>[0m cache compiling.debug src/Game/Demo/DemoCastSubGroup.cpp[0m
[0m[38;5;2;1m[  7%]:[0m [38;5;5;1m<smg-pc-game>[0m cache compiling.debug src/Game/Demo/GrandStarReturnDemoStarter.cpp[0m
[0m[38;5;2;1m[  7%]:[0m [38;5;5;1m<smg-pc-game>[0m cache compiling.debug src/Game/Demo/DemoTimeKeeper.cpp[0m
[0m[38;5;2;1m[  7%]:[0m [38;5;5;1m<smg-pc-game>[0m cache compiling.debug src/Game/Demo/DemoFunction.cpp[0m
[0m[38;5;2;1m[  7%]:[0m [38;5;5;1m<smg-pc-game>[0m cache compiling.debug src/Game/AudioLib/AudBgmVolumeController.cpp[0m
[0m[38;5;3;1msrc/Game/Demo/DemoTalkAnimCtrl.cpp:251:5: warning: deleting pointer to incomplete type 'ActorCameraInfo' is incompatible with C++2c and may cause undefined behavior [-Wdelete-incomplete]
  251 |     delete mCameraInfo;
      |     ^      ~~~~~~~~~~~
src/Game/Demo/DemoTalkAnimCtrl.hpp:6:7: note: forward declaration of 'ActorCameraInfo'
    6 | class ActorCameraInfo;
      |       ^
1 warning generated.[0m
[0m[38;5;2;1m[  7%]:[0m [38;5;5;1m<smg-pc-game>[0m cache compiling.debug src/Game/AudioLib/AudLimitedSound.cpp[0m
[0m[38;5;2;1m[  7%]:[0m [38;5;5;1m<smg-pc-game>[0m cache compiling.debug src/Game/AudioLib/AudRemixMgr.cpp[0m
[0m[38;5;2;1m[  7%]:[0m [38;5;5;1m<smg-pc-game>[0m cache compiling.debug src/Game/AudioLib/AudAudience.cpp[0m
[0m[38;5;3;1msrc/Game/Demo/ReturnDemoRailMove.cpp:14:81: warning: GCC does not allow 'noinline' attribute in this position on a function definition [-Wgcc-compat]
   14 |     void setResultFlyStartFrame(LiveActor* liveActor, s32 frame) __attribute__((noinline)) {
      |                                                                                 ^
1 warning generated.[0m
[0m[38;5;2;1m[  7%]:[0m [38;5;5;1m<smg-pc-game>[0m cache compiling.debug src/Game/AudioLib/AudMicWrap.cpp[0m
[0m[38;5;2;1m[  7%]:[0m [38;5;5;1m<smg-pc-game>[0m cache compiling.debug src/Game/AudioLib/AudSoundNameConverter.cpp[0m
[0m[38;5;2;1m[  7%]:[0m [38;5;5;1m<smg-pc-game>[0m cache compiling.debug src/Game/AudioLib/CSSoundNameConverter.cpp[0m
[0m[38;5;3;1mIn file included from src/Game/Demo/DemoSubPartKeeper.cpp:4:
In file included from src/Game/Util.hpp:18:
src/Game/Util/Functor.hpp:114:105: warning: GCC does not allow 'noinline' attribute in this position on a function definition [-Wgcc-compat]
  114 |     static FunctorV1M< T*, void (T::*)(U), U > Functor(T* a1, void (T::*a2)(U), U arg_0) __attribute__((noinline)) {
      |                                                                                                         ^
1 warning generated.[0m
[0m[38;5;2;1m[  7%]:[0m [38;5;5;1m<smg-pc-game>[0m cache compiling.debug src/Game/AudioLib/AudRemixSequencer.cpp[0m
[0m[38;5;2;1m[  7%]:[0m [38;5;5;1m<smg-pc-game>[0m cache compiling.debug src/Game/AudioLib/AudMeNameConverter.cpp[0m
[0m[38;5;2;1m[  8%]:[0m [38;5;5;1m<smg-pc-game>[0m cache compiling.debug src/Game/AudioLib/AudParams.cpp[0m
[0m[38;5;3;1mIn file included from src/Game/Demo/DemoActionKeeper.cpp:10:
src/Game/Util/Functor.hpp:114:105: warning: GCC does not allow 'noinline' attribute in this position on a function definition [-Wgcc-compat]
  114 |     static FunctorV1M< T*, void (T::*)(U), U > Functor(T* a1, void (T::*a2)(U), U arg_0) __attribute__((noinline)) {
      |                                                                                                         ^
src/Game/Demo/DemoActionKeeper.cpp:241:13: warning: ignoring return value of function declared with 'nodiscard' attribute [-Wunused-result]
  241 |             jmap->getValue< const char* >(i, "PartName", &info->mPartName);
      |             ^~~~~~~~~~~~~~~~~~~~~~~~~~~~~~~~~~~~~~~~~~~~~~~~~~~~~~~~~~~~~~
src/Game/Demo/DemoActionKeeper.cpp:242:13: warning: ignoring return value of function declared with 'nodiscard' attribute [-Wunused-result]
  242 |             jmap->getValue< const char* >(i, "CastName", &info->mCastName);
      |             ^~~~~~~~~~~~~~~~~~~~~~~~~~~~~~~~~~~~~~~~~~~~~~~~~~~~~~~~~~~~~~
src/Game/Demo/DemoActionKeeper.cpp:243:13: warning: ignoring return value of function declared with 'nodiscard' attribute [-Wunused-result]
  243 |             jmap->getValue< s32 >(i, "CastID", &info->mCastID);
      |             ^~~~~~~~~~~~~~~~~~~~~~~~~~~~~~~~~~~~~~~~~~~~~~~~~~
src/Game/Demo/DemoActionKeeper.cpp:244:13: warning: ignoring return value of function declared with 'nodiscard' attribute [-Wunused-result]
  244 |             jmap->getValue< s32 >(i, "ActionType", &info->mActionType);
      |             ^~~~~~~~~~~~~~~~~~~~~~~~~~~~~~~~~~~~~~~~~~~~~~~~~~~~~~~~~~[0m
[0m[38;5;2;1m[  8%]:[0m [38;5;5;1m<smg-pc-game>[0m cache compiling.debug src/Game/AudioLib/AudEffector.cpp[0m
[0m[38;5;2;1m[  8%]:[0m [38;5;5;1m<smg-pc-game>[0m cache compiling.debug src/Game/AudioLib/AudBgmSetting.cpp[0m
[0m[38;5;2;1m[  8%]:[0m [38;5;5;1m<smg-pc-game>[0m cache compiling.debug src/Game/AudioLib/AudSystem.cpp[0m
[0m[38;5;2;1m[  8%]:[0m [38;5;5;1m<smg-pc-game>[0m cache compiling.debug src/Game/Gravity/PlanetGravity.cpp[0m
[0m[38;5;2;1m[  8%]:[0m [38;5;5;1m<smg-pc-game>[0m cache compiling.debug src/Game/Gravity/ParallelGravity.cpp[0m
[0m[38;5;2;1m[  8%]:[0m [38;5;5;1m<smg-pc-game>[0m cache compiling.debug src/Game/Gravity/GlobalGravityObj.cpp[0m
[0m[38;5;2;1m[  8%]:[0m [38;5;5;1m<smg-pc-game>[0m cache compiling.debug src/Game/Gravity/PlanetGravityManager.cpp[0m
[0m[38;5;2;1m[  8%]:[0m [38;5;5;1m<smg-pc-game>[0m cache compiling.debug src/Game/Gravity/CubeGravity.cpp[0m
[0m[38;5;2;1m[  8%]:[0m [38;5;5;1m<smg-pc-game>[0m cache compiling.debug src/Game/Gravity/DiskTorusGravity.cpp[0m
[0m[38;5;2;1m[  8%]:[0m [38;5;5;1m<smg-pc-game>[0m cache compiling.debug src/Game/Gravity/WireGravity.cpp[0m
[0m[38;5;3;1msrc/Game/Demo/DemoFunction.cpp:121:59: warning: GCC does not allow 'noinline' attribute in this position on a function definition [-Wgcc-compat]
  121 |     DemoTimeKeeper* getCurrentTimeKeeper() __attribute__((noinline)) {
      |                                                           ^
src/Game/Demo/DemoFunction.cpp:125:65: warning: GCC does not allow 'noinline' attribute in this position on a function definition [-Wgcc-compat]
  125 |     DemoSubPartKeeper* getCurrentSubPartKeeper() __attribute__((noinline)) {
      |                                                                 ^
src/Game/Demo/DemoFunction.cpp:129:66: warning: GCC does not allow 'noinline' attribute in this position on a function definition [-Wgcc-compat]
  129 |     bool isCurrentMainPart(const char* pPartName) __attribute__((noinline)) {
      |                                                                  ^
3 warnings generated.[0m
[0m[38;5;2;1m[  8%]:[0m [38;5;5;1m<smg-pc-game>[0m cache compiling.debug src/Game/Gravity/SegmentGravity.cpp[0m
[0m[38;5;2;1mcreate ok![0m
[0m[1;38;5;1;1merror: [0msrc/Game/Demo/DemoExecutor.cpp:276:70: error: comparison of distinct pointer types ('const LiveActor *' and 'const NameObj *')
  276 |     release(mActor, [pObject](const LiveActor* actor) { return actor == pObject; });
      |                                                                ~~~~~ ^  ~~~~~~~
In file included from src/Game/Demo/DemoExecutor.cpp:1:
In file included from aurora/include/functional.hpp:3:
In file included from /opt/homebrew/Cellar/llvm/23.1.1/include/c++/v1/algorithm:1909:
In file included from /opt/homebrew/Cellar/llvm/23.1.1/include/c++/v1/__algorithm/find.h:13:
/opt/homebrew/Cellar/llvm/23.1.1/include/c++/v1/__algorithm/find_if.h:30:9: error: no matching function for call to '__invoke'
   30 |     if (std::__invoke(__pred, std::__invoke(__proj, *__first)))
      |         ^~~~~~~~~~~~~
/opt/homebrew/Cellar/llvm/23.1.1/include/c++/v1/__algorithm/find_if.h:38:15: note: in instantiation of function template specialization 'std::__find_if<LiveActor **, LiveActor **, (lambda at src/Game/Demo/DemoExecutor.cpp:276:21) &, std::__identity>' requested here
   38 |   return std::__find_if(__first, __last, __pred, __identity());
      |               ^
/opt/homebrew/Cellar/llvm/23.1.1/include/c++/v1/__algorithm/remove_if.h:28:18: note: in instantiation of function template specialization 'std::find_if<LiveActor **, (lambda at src/Game/Demo/DemoExecutor.cpp:276:21) &>' requested here
   28 |   __first = std::find_if<_ForwardIterator, _Predicate&>(__first, __last, __pred);
      |                  ^
src/Game/Demo/DemoExecutor.cpp:272:31: note: in instantiation of function template specialization 'std::remove_if<LiveActor **, (lambda at src/Game/Demo/DemoExecutor.cpp:276:21)>' requested here
  [38;5;3m> in [1msrc/Game/Demo/DemoExecutor.cpp[0m
