[0m[38;5;2;1m[ 87%]:[0m [38;5;5;1m<smg-pc-game>[0m cache compiling.debug src/render/J3dModel.cpp[0m
[0m[38;5;2;1m[ 89%]:[0m [38;5;5;1m<smg-pc-game>[0m cache compiling.debug src/JSystem/JKernel/JKRArchivePri.cpp[0m
[0m[38;5;2;1m[ 89%]:[0m [38;5;5;1m<smg-pc-game>[0m cache compiling.debug src/JSystem/JKernel/JKRMemArchive.cpp[0m
[0m[38;5;2;1m[ 90%]:[0m [38;5;5;1m<smg-pc-game>[0m cache compiling.debug src/JSystem/J3DGraphAnimator/J3DMtxBuffer.cpp[0m
[0m[38;5;2;1m[ 90%]:[0m [38;5;5;1m<smg-pc-game>[0m cache compiling.debug src/JSystem/JUtility/JUTAssert.cpp[0m
[0m[38;5;2;1m[ 90%]:[0m [38;5;5;1m<smg-pc-game>[0m cache compiling.debug src/JSystem/JUtility/JUTConsole.cpp[0m
[0m[38;5;2;1m[ 90%]:[0m [38;5;5;1m<smg-pc-game>[0m cache compiling.debug src/JSystem/JUtility/JUTDbPrint.cpp[0m
[0m[38;5;2;1m[ 90%]:[0m [38;5;5;1m<smg-pc-game>[0m cache compiling.debug src/JSystem/JUtility/JUTFont.cpp[0m
[0m[38;5;2;1m[ 90%]:[0m [38;5;5;1m<smg-pc-game>[0m cache compiling.debug src/JSystem/JGadget/linklist.cpp[0m
[0m[38;5;2;1m[ 90%]:[0m [38;5;5;1m<smg-pc-game>[0m cache compiling.debug src/JSystem/JKernel/JKRAram.cpp[0m
[0m[38;5;2;1m[ 90%]:[0m [38;5;5;1m<smg-pc-game>[0m cache compiling.debug src/JSystem/JKernel/JKRAramHeap.cpp[0m
[0m[38;5;2;1m[ 90%]:[0m [38;5;5;1m<smg-pc-game>[0m cache compiling.debug src/JSystem/JKernel/JKRAramBlock.cpp[0m
[0m[38;5;2;1m[ 90%]:[0m [38;5;5;1m<smg-pc-game>[0m cache compiling.debug src/JSystem/JKernel/JKRAramPiece.cpp[0m
[0m[38;5;2;1m[ 90%]:[0m [38;5;5;1m<smg-pc-game>[0m cache compiling.debug src/JSystem/JKernel/JKRAramStream.cpp[0m
[0m[38;5;2;1m[ 90%]:[0m [38;5;5;1m<smg-pc-game>[0m cache compiling.debug src/JSystem/JKernel/JKRDecomp.cpp[0m
[0m[38;5;2;1m[ 90%]:[0m [38;5;5;1m<smg-pc-game>[0m cache compiling.debug src/JSystem/JSupport/JSUFileStream.cpp[0m
[0m[38;5;2;1m[ 91%]:[0m [38;5;5;1m<aurora-card>[0m cache compiling.debug aurora/lib/dolphin/card.cpp[0m
[0m[38;5;2;1m[ 91%]:[0m [38;5;5;1m<aurora-dvd>[0m cache compiling.debug aurora/lib/dolphin/dvd/dvd.cpp[0m
[0m[38;5;2;1m[ 91%]:[0m [38;5;5;1m<aurora-dvd>[0m cache compiling.debug aurora/lib/dolphin/dvd/fst.cpp[0m
[0m[38;5;2;1m[ 91%]:[0m [38;5;5;1m<aurora-gd>[0m cache compiling.debug aurora/lib/dolphin/gd/GDBase.cpp[0m
[0m[38;5;2;1m[ 91%]:[0m [38;5;5;1m<aurora-gd>[0m cache compiling.debug aurora/lib/dolphin/gd/GDGeometry.cpp[0m
[0m[38;5;3;1mIn file included from src/JSystem/JUtility/JUTAssert.cpp:2:
src/JSystem/JUtility/JUTConsole.hpp:122:63: warning: 'offsetof' on non-standard-layout type 'JUTConsole' [-Winvalid-offsetof]
  122 |     typedef JGadget::TLinkList< JUTConsole, -static_cast<int>(__builtin_offsetof(JUTConsole, mListNode)) > ConsoleList;
      |                                                               ^                              ~~~~~~~~~
1 warning generated.[0m
[0m[38;5;2;1m[ 91%]:[0m [38;5;5;1m<aurora-gd>[0m cache compiling.debug aurora/lib/dolphin/gd/GDIndirect.cpp[0m
[0m[38;5;2;1m[ 91%]:[0m [38;5;5;1m<aurora-gd>[0m cache compiling.debug aurora/lib/dolphin/gd/GDLight.cpp[0m
[0m[38;5;2;1m[ 91%]:[0m [38;5;5;1m<aurora-gd>[0m cache compiling.debug aurora/lib/dolphin/gd/GDPixel.cpp[0m
[0m[38;5;2;1m[ 91%]:[0m [38;5;5;1m<aurora-gd>[0m cache compiling.debug aurora/lib/dolphin/gd/GDTev.cpp[0m
[0m[38;5;2;1m[ 91%]:[0m [38;5;5;1m<aurora-gd>[0m cache compiling.debug aurora/lib/dolphin/gd/GDTexture.cpp[0m
[0m[38;5;3;1msrc/JSystem/JKernel/JKRAramStream.cpp:46:17: warning: enumeration value 'UNKNOWN' not handled in switch [-Wswitch]
   46 |         switch (command->mType) {
      |                 ^~~~~~~~~~~~~~
1 warning generated.[0m
[0m[38;5;2;1m[ 91%]:[0m [38;5;5;1m<aurora-gd>[0m cache compiling.debug aurora/lib/dolphin/gd/GDTransform.cpp[0m
[0m[38;5;2;1m[ 91%]:[0m [38;5;5;1m<aurora-gd>[0m cache compiling.debug aurora/lib/dolphin/gd/GDAurora.cpp[0m
[0m[38;5;2;1m[ 91%]:[0m [38;5;5;1m<aurora-pad>[0m cache compiling.debug aurora/lib/wpad.cpp[0m
[0m[38;5;2;1m[ 92%]:[0m [38;5;5;1m<aurora-msl>[0m [38;5;5;1marchiving.debug libaurora-msl.a[0m
[0m[38;5;2;1m[ 92%]:[0m [38;5;5;1m<aurora-base>[0m [38;5;5;1marchiving.debug libaurora-base.a[0m
[0m[38;5;2;1m[ 92%]:[0m [38;5;5;1m<smg-pc-common>[0m [38;5;5;1marchiving.debug libsmg-pc-common.a[0m
[0m[38;5;2;1m[ 92%]:[0m [38;5;5;1m<aurora-platform>[0m [38;5;5;1marchiving.debug libaurora-platform.a[0m
[0m[38;5;3;1mIn file included from src/JSystem/JUtility/JUTConsole.cpp:1:
src/JSystem/JUtility/JUTConsole.hpp:122:63: warning: 'offsetof' on non-standard-layout type 'JUTConsole' [-Winvalid-offsetof]
  122 |     typedef JGadget::TLinkList< JUTConsole, -static_cast<int>(__builtin_offsetof(JUTConsole, mListNode)) > ConsoleList;
      |                                                               ^                              ~~~~~~~~~
In file included from src/JSystem/JUtility/JUTConsole.cpp:1:
In file included from src/JSystem/JUtility/JUTConsole.hpp:3:
src/JSystem/JGadget/linklist.hpp:18:28: warning: 'iterator<std::bidirectional_iterator_tag, JUTConsole, int>' is deprecated [-Wdeprecated-declarations]
   18 |     class TIterator : std::iterator< Category, T, Distance, Pointer, Reference > {
      |                            ^
src/JSystem/JGadget/linklist.hpp:136:34: note: in instantiation of template class 'JGadget::TIterator<std::bidirectional_iterator_tag, JUTConsole>' requested here
  136 |         struct iterator : public TIterator< std::bidirectional_iterator_tag, T >, public TNodeLinkList::iterator {
      |                                  ^
src/JSystem/JUtility/JUTConsole.cpp:273:24: note: in instantiation of member class 'JGadget::TLinkList<JUTConsole, -48>::iterator' requested here
  273 |     mList.Insert(mList.end(), console);
      |                        ^
/opt/homebrew/Cellar/llvm/23.1.1/include/c++/v1/__iterator/iterator.h:23:23: note: 'iterator<std::bidirectional_iterator_tag, JUTConsole, int>' has been explicitly marked deprecated here[0m
[0m[38;5;2;1m[ 92%]:[0m [38;5;5;1m<aurora-os>[0m [38;5;5;1marchiving.debug libaurora-os.a[0m
[0m[38;5;2;1m[ 92%]:[0m [38;5;5;1m<aurora-ms>[0m [38;5;5;1marchiving.debug libaurora-ms.a[0m
[0m[38;5;2;1m[ 92%]:[0m [38;5;5;1m<aurora-si>[0m [38;5;5;1marchiving.debug libaurora-si.a[0m
[0m[38;5;2;1m[ 92%]:[0m [38;5;5;1m<aurora-vi>[0m [38;5;5;1marchiving.debug libaurora-vi.a[0m
[0m[38;5;2;1m[ 93%]:[0m [38;5;5;1m<aurora-gx>[0m [38;5;5;1marchiving.debug libaurora-gx.a[0m
[0m[38;5;3;1mIn file included from src/JSystem/J3DGraphAnimator/J3DMtxBuffer.cpp:2:
In file included from src/JSystem/J3DGraphAnimator/J3DJoint.hpp:4:
In file included from src/JSystem/J3DGraphBase/J3DMaterial.hpp:3:
src/JSystem/J3DGraphBase/J3DMatBlock.hpp:248:35: warning: result of comparison of constant 65535 with expression of type 'const u8' (aka 'const unsigned char') is always false [-Wtautological-constant-out-of-range-compare]
  248 |         u32 ambSrc = info.mAmbSrc == 0xFFFF ? 0 : info.mAmbSrc;
      |                      ~~~~~~~~~~~~ ^  ~~~~~~
1 warning generated.[0m
[0m[38;5;2;1m[ 93%]:[0m [38;5;5;1m<aurora-core>[0m [38;5;5;1marchiving.debug libaurora-core.a[0m
[0m[38;5;2;1m[ 93%]:[0m [38;5;5;1m<smg-pc-render>[0m [38;5;5;1marchiving.debug libsmg-pc-render.a[0m
[0m[38;5;2;1m[ 93%]:[0m [38;5;5;1m<aurora-thp>[0m [38;5;5;1marchiving.debug libaurora-thp.a[0m
[0m[38;5;3;1maurora/lib/dolphin/gd/GDGeometry.cpp:33:17: warning: 6 enumeration values not handled in switch: 'GX_POS_MTX_ARRAY', 'GX_NRM_MTX_ARRAY', 'GX_TEX_MTX_ARRAY'... [-Wswitch]
   33 |         switch (attrPtr->attr) {
      |                 ^~~~~~~~~~~~~
aurora/lib/dolphin/gd/GDGeometry.cpp:177:17: warning: 15 enumeration values not handled in switch: 'GX_VA_PNMTXIDX', 'GX_VA_TEX0MTXIDX', 'GX_VA_TEX1MTXIDX'... [-Wswitch]
  177 |         switch (list->attr) {
      |                 ^~~~~~~~~~
2 warnings generated.[0m
[0m[38;5;2;1m[ 93%]:[0m [38;5;5;1m<aurora-gd>[0m [38;5;5;1marchiving.debug libaurora-gd.a[0m
[0m[38;5;2;1m[ 94%]:[0m [38;5;5;1m<aurora-pad>[0m [38;5;5;1marchiving.debug libaurora-pad.a[0m
[0m[38;5;2;1m[ 94%]:[0m [38;5;5;1m<aurora-card>[0m [38;5;5;1marchiving.debug libaurora-card.a[0m
[0m[38;5;2;1m[ 94%]:[0m [38;5;5;1m<aurora-dvd>[0m [38;5;5;1marchiving.debug libaurora-dvd.a[0m
[0m[38;5;2;1m[ 94%]:[0m [38;5;5;1m<smg-pc-game>[0m [38;5;5;1marchiving.debug libsmg-pc-game.a[0m
[0m[38;5;2;1m[ 94%]:[0m [38;5;5;1m<smg-pc-app>[0m [38;5;5;1marchiving.debug libsmg-pc-app.a[0m
[0m[38;5;2;1m[ 94%]:[0m [38;5;5;1m<smg-pc>[0m [38;5;5;1mlinking.debug smg-pc[0m
[0m[38;5;2;1m[ 94%]:[0m [38;5;5;1m<smg-pc>[0m [38;5;5;1mgenerating.xcode.debug smg-pc.app[0m
[0m[38;5;2;1mcreate ok![0m
[0m[38;5;2;1m[100%]:[0m [38;5;2;1mbuild ok, spent 6.864s[0m
