[0mchecking for Xcode SDK ... [38;5;2;1m/Applications/Xcode.app (sdk: 27.0, arm64-apple-macos26.0)[0m
[0mchecking for disc ... [38;5;1;1mno[0m
[0mchecking for Xcode SDK ... [38;5;2;1m/Applications/Xcode.app (sdk: 27.0, arm64-apple-macos26.0)[0m
[0m[38;5;2;1m[  1%]:[0m [38;5;5;1m<smg-pc>[0m cache compiling.debug src/app/main.cpp[0m
[0m[38;5;2;1m[  1%]:[0m [38;5;5;1m<aurora-base>[0m cache compiling.debug aurora/lib/j_audio_sound_params.cpp[0m
[0m[38;5;2;1m[  1%]:[0m [38;5;5;1m<smg-pc-app>[0m cache compiling.debug src/app/Application.cpp[0m
[0m[38;5;2;1m[  1%]:[0m [38;5;5;1m<smg-pc-render>[0m cache compiling.debug src/render/RendererService.cpp[0m
[0m[38;5;2;1m[  1%]:[0m [38;5;5;1m<smg-pc-render>[0m cache compiling.debug src/render/BrightVisibilityService.cpp[0m
[0m[38;5;2;1m[  1%]:[0m [38;5;5;1m<smg-pc-app>[0m cache compiling.debug src/app/OriginalGameApplication.cpp[0m
[0m[38;5;2;1m[  1%]:[0m [38;5;5;1m<smg-pc-render>[0m cache compiling.debug src/render/AuroraBrightVisibilityService.cpp[0m
[0m[38;5;2;1m[  1%]:[0m [38;5;5;1m<aurora-msl>[0m cache compiling.debug aurora/lib/MSL_C/printf.cpp[0m
[0m[38;5;2;1m[  3%]:[0m [38;5;5;1m<aurora-gx>[0m cache compiling.debug aurora/lib/rfl/CharacterModel.cpp[0m
[0m[38;5;3;1mIn file included from src/app/OriginalGameApplication.cpp:11:
In file included from src/Game/System/FileLoader.hpp:3:
In file included from src/Game/System/ArchiveHolder.hpp:4:
In file included from src/JSystem/JKernel/JKRMemArchive.hpp:3:
src/JSystem/JKernel/JKRArchive.hpp:122:33: warning: 'getResource' overrides a member function but is not marked 'override' [-Winconsistent-missing-override]
  122 |     [[nodiscard]] virtual void *getResource(const char *pPath) const;
      |                                 ^
src/JSystem/JKernel/JKRFileLoader.hpp:15:19: note: overridden virtual function is here
   15 |     virtual void* getResource(const char*) const = 0;
      |                   ^
In file included from src/app/OriginalGameApplication.cpp:11:
In file included from src/Game/System/FileLoader.hpp:3:
In file included from src/Game/System/ArchiveHolder.hpp:4:
In file included from src/JSystem/JKernel/JKRMemArchive.hpp:3:
src/JSystem/JKernel/JKRArchive.hpp:124:33: warning: 'getResource' overrides a member function but is not marked 'override' [-Winconsistent-missing-override]
  124 |     [[nodiscard]] virtual void *getResource(std::uint32_t, const char *pPath) const;[0m
[0m[38;5;2;1mcreate ok![0m
[0m[1;38;5;1;1merror: [0maurora/lib/MSL_C/printf.cpp:533:24: error: no type named 'ptrdiff_t' in namespace 'std'; did you mean simply 'ptrdiff_t'?
  533 |         *va_arg(*args, std::ptrdiff_t*) = sink.total;
      |                        ^~~~~~~~~~~~~~
      |                        ptrdiff_t
/opt/homebrew/Cellar/llvm/23.1.1/lib/clang/23/include/__stdarg_va_arg.h:20:47: note: expanded from macro 'va_arg'
   20 | #define va_arg(ap, type) __builtin_va_arg(ap, type)
      |                                               ^~~~
/opt/homebrew/Cellar/llvm/23.1.1/lib/clang/23/include/__stddef_ptrdiff_t.h:18:26: note: 'ptrdiff_t' declared here
   18 | typedef __PTRDIFF_TYPE__ ptrdiff_t;
      |                          ^
aurora/lib/MSL_C/printf.cpp:567:69: error: no type named 'ptrdiff_t' in namespace 'std'; did you mean simply 'ptrdiff_t'?
  567 |         okay = emit_host(sink, specifier.data, stars, va_arg(*args, std::ptrdiff_t));
      |                                                                     ^~~~~~~~~~~~~~
      |                                                                     ptrdiff_t
/opt/homebrew/Cellar/llvm/23.1.1/lib/clang/23/include/__stdarg_va_arg.h:20:47: note: expanded from macro 'va_arg'
   20 | #define va_arg(ap, type) __builtin_va_arg(ap, type)
      |                                               ^~~~
  [38;5;3m> in [1maurora/lib/MSL_C/printf.cpp[0m
