[0m[38;5;2;1m[  2%]:[0m [38;5;5;1m<smg-pc-original-vi-render-mode-tests>[0m cache compiling.debug tests/OriginalViRenderModeTests.cpp[0m
[0m[38;5;2;1m[  2%]:[0m [38;5;5;1m<smg-pc-original-vi-render-mode-tests>[0m cache compiling.debug aurora/lib/compat.cpp[0m
[0m[38;5;2;1m[ 37%]:[0m [38;5;5;1m<smg-pc-game>[0m cache compiling.debug src/runtime/WiiVideoService.cpp[0m
[0m[38;5;2;1m[ 83%]:[0m [38;5;5;1m<aurora-vi>[0m cache compiling.debug aurora/lib/dolphin/vi/vi.cpp[0m
[0m[38;5;2;1m[ 92%]:[0m [38;5;5;1m<aurora-vi>[0m [38;5;5;1marchiving.debug libaurora-vi.a[0m
[0m[38;5;2;1m[ 92%]:[0m [38;5;5;1m<aurora-gx>[0m [38;5;5;1marchiving.debug libaurora-gx.a[0m
[0m[38;5;2;1m[ 93%]:[0m [38;5;5;1m<aurora-core>[0m [38;5;5;1marchiving.debug libaurora-core.a[0m
[0m[38;5;2;1m[ 93%]:[0m [38;5;5;1m<aurora-gd>[0m [38;5;5;1marchiving.debug libaurora-gd.a[0m
[0m[38;5;2;1m[ 93%]:[0m [38;5;5;1m<smg-pc-render>[0m [38;5;5;1marchiving.debug libsmg-pc-render.a[0m
[0m[38;5;3;1mIn file included from src/runtime/WiiVideoService.cpp:1:
In file included from <built-in>:1:
In file included from /Users/frityet/Projects/petari/pc-port/src/compat/MetrowerksStdCompat.hpp:11:
src/Game/LiveActor/LiveActor.hpp:41:29: warning: 'movement' overrides a member function but is not marked 'override' [-Winconsistent-missing-override]
   41 |                virtual void movement();
      |                             ^
src/Game/NameObj/NameObj.hpp:23:29: note: overridden virtual function is here
   23 |                virtual void movement();
      |                             ^
In file included from src/runtime/WiiVideoService.cpp:1:
In file included from <built-in>:1:
In file included from /Users/frityet/Projects/petari/pc-port/src/compat/MetrowerksStdCompat.hpp:11:
src/Game/LiveActor/LiveActor.hpp:42:29: warning: 'calcAnim' overrides a member function but is not marked 'override' [-Winconsistent-missing-override]
   42 |                virtual void calcAnim();
      |                             ^
src/Game/NameObj/NameObj.hpp:28:29: note: overridden virtual function is here[0m
[0m[38;5;2;1m[ 94%]:[0m [38;5;5;1m<smg-pc-game>[0m [38;5;5;1marchiving.debug libsmg-pc-game.a[0m
[0m[38;5;2;1m[ 94%]:[0m [38;5;5;1m<smg-pc-original-vi-render-mode-tests>[0m [38;5;5;1mlinking.debug smg-pc-original-vi-render-mode-tests[0m
[0m[38;5;2;1mcreate ok![0m
compile_commands.json updated!
[0m[38;5;2;1m[100%]:[0m [38;5;2;1mbuild ok, spent 2.631s[0m
