[0m[38;5;2;1m[ 69%]:[0m [38;5;5;1m<smg-pc-game>[0m compiling.debug src/compat/NPCActorRuntimeCompat.cpp[0m
[0m[38;5;2;1m[ 69%]:[0m [38;5;5;1m<smg-pc-game>[0m compiling.debug src/compat/NameObjLifetimeCompat.cpp[0m
[0m[38;5;2;1m[ 70%]:[0m [38;5;5;1m<smg-pc-game>[0m compiling.debug src/compat/GameActorSensorCompat.cpp[0m
[0m[38;5;2;1m[ 70%]:[0m [38;5;5;1m<smg-pc-game>[0m compiling.debug src/compat/GameMathCompat.cpp[0m
[0m[38;5;2;1m[ 70%]:[0m [38;5;5;1m<smg-pc-game>[0m compiling.debug src/compat/OriginalCameraTargetPlayer.cpp[0m
[0m[38;5;2;1m[ 70%]:[0m [38;5;5;1m<smg-pc-game>[0m compiling.debug src/compat/ActorShadowCsvCompat.cpp[0m
[0m[38;5;2;1m[ 70%]:[0m [38;5;5;1m<smg-pc-game>[0m compiling.debug src/compat/OriginalCollisionPartsCompat.cpp[0m
[0m[38;5;2;1m[ 71%]:[0m [38;5;5;1m<smg-pc-game>[0m compiling.debug src/compat/GameGravityCompat.cpp[0m
[0m[38;5;2;1m[ 71%]:[0m [38;5;5;1m<smg-pc-game>[0m compiling.debug src/compat/OriginalLiveActorGroupUtil.cpp[0m
[0m[38;5;2;1m[ 72%]:[0m [38;5;5;1m<smg-pc-game>[0m compiling.debug src/compat/OriginalMarioSound.cpp[0m
[0m[38;5;2;1m[ 73%]:[0m [38;5;5;1m<smg-pc-game>[0m compiling.debug src/compat/ClippingDirectorCompat.cpp[0m
[0m[38;5;2;1m[ 73%]:[0m [38;5;5;1m<smg-pc-game>[0m compiling.debug src/compat/OriginalGameSceneFunction.cpp[0m
[0m[38;5;3;1mIn file included from src/compat/OriginalCameraTargetPlayer.cpp:1:
In file included from <built-in>:1:
In file included from /Users/frityet/Projects/petari/src/compat/MetrowerksStdCompat.hpp:11:
src/Game/LiveActor/LiveActor.hpp:41:29: warning: 'movement' overrides a member function but is not marked 'override' [-Winconsistent-missing-override]
   41 |                virtual void movement();
      |                             ^
src/Game/NameObj/NameObj.hpp:23:29: note: overridden virtual function is here
   23 |                virtual void movement();
      |                             ^
In file included from src/compat/OriginalCameraTargetPlayer.cpp:1:
In file included from <built-in>:1:
In file included from /Users/frityet/Projects/petari/src/compat/MetrowerksStdCompat.hpp:11:
src/Game/LiveActor/LiveActor.hpp:42:29: warning: 'calcAnim' overrides a member function but is not marked 'override' [-Winconsistent-missing-override]
   42 |                virtual void calcAnim();
      |                             ^
src/Game/NameObj/NameObj.hpp:28:29: note: overridden virtual function is here[0m
[0m[38;5;2;1m[ 73%]:[0m [38;5;5;1m<smg-pc-game>[0m compiling.debug src/compat/FixedPositionCompat.cpp[0m
[0m[38;5;3;1mIn file included from src/compat/OriginalLiveActorGroupUtil.cpp:1:
In file included from <built-in>:1:
In file included from /Users/frityet/Projects/petari/src/compat/MetrowerksStdCompat.hpp:11:
src/Game/LiveActor/LiveActor.hpp:41:29: warning: 'movement' overrides a member function but is not marked 'override' [-Winconsistent-missing-override]
   41 |                virtual void movement();
      |                             ^
src/Game/NameObj/NameObj.hpp:23:29: note: overridden virtual function is here
   23 |                virtual void movement();
      |                             ^
In file included from src/compat/OriginalLiveActorGroupUtil.cpp:1:
In file included from <built-in>:1:
In file included from /Users/frityet/Projects/petari/src/compat/MetrowerksStdCompat.hpp:11:
src/Game/LiveActor/LiveActor.hpp:42:29: warning: 'calcAnim' overrides a member function but is not marked 'override' [-Winconsistent-missing-override]
   42 |                virtual void calcAnim();
      |                             ^
src/Game/NameObj/NameObj.hpp:28:29: note: overridden virtual function is here[0m
[0m[38;5;2;1m[ 73%]:[0m [38;5;5;1m<smg-pc-game>[0m compiling.debug src/compat/GameActorPhysicsCompat.cpp[0m
[0m[38;5;3;1mIn file included from src/compat/GameMathCompat.cpp:1:
In file included from <built-in>:1:
In file included from /Users/frityet/Projects/petari/src/compat/MetrowerksStdCompat.hpp:11:
src/Game/LiveActor/LiveActor.hpp:41:29: warning: 'movement' overrides a member function but is not marked 'override' [-Winconsistent-missing-override]
   41 |                virtual void movement();
      |                             ^
src/Game/NameObj/NameObj.hpp:23:29: note: overridden virtual function is here
   23 |                virtual void movement();
      |                             ^
In file included from src/compat/GameMathCompat.cpp:1:
In file included from <built-in>:1:
In file included from /Users/frityet/Projects/petari/src/compat/MetrowerksStdCompat.hpp:11:
src/Game/LiveActor/LiveActor.hpp:42:29: warning: 'calcAnim' overrides a member function but is not marked 'override' [-Winconsistent-missing-override]
   42 |                virtual void calcAnim();
      |                             ^
src/Game/NameObj/NameObj.hpp:28:29: note: overridden virtual function is here[0m
[0m[38;5;2;1m[ 74%]:[0m [38;5;5;1m<smg-pc-game>[0m compiling.debug src/compat/PlanetMapRuntimeCompat.cpp[0m
[0m[38;5;3;1mIn file included from src/compat/OriginalCollisionPartsCompat.cpp:1:
In file included from <built-in>:1:
In file included from /Users/frityet/Projects/petari/src/compat/MetrowerksStdCompat.hpp:11:
src/Game/LiveActor/LiveActor.hpp:41:29: warning: 'movement' overrides a member function but is not marked 'override' [-Winconsistent-missing-override]
   41 |                virtual void movement();
      |                             ^
src/Game/NameObj/NameObj.hpp:23:29: note: overridden virtual function is here
   23 |                virtual void movement();
      |                             ^
In file included from src/compat/OriginalCollisionPartsCompat.cpp:1:
In file included from <built-in>:1:
In file included from /Users/frityet/Projects/petari/src/compat/MetrowerksStdCompat.hpp:11:
src/Game/LiveActor/LiveActor.hpp:42:29: warning: 'calcAnim' overrides a member function but is not marked 'override' [-Winconsistent-missing-override]
   42 |                virtual void calcAnim();
      |                             ^
src/Game/NameObj/NameObj.hpp:28:29: note: overridden virtual function is here[0m
[0m[38;5;2;1m[ 74%]:[0m [38;5;5;1m<smg-pc-game>[0m compiling.debug src/compat/NameObjExecuteCompat.cpp[0m
[0m[38;5;3;1mIn file included from src/compat/OriginalGameSceneFunction.cpp:1:
In file included from <built-in>:1:
In file included from /Users/frityet/Projects/petari/src/compat/MetrowerksStdCompat.hpp:11:
src/Game/LiveActor/LiveActor.hpp:41:29: warning: 'movement' overrides a member function but is not marked 'override' [-Winconsistent-missing-override]
   41 |                virtual void movement();
      |                             ^
src/Game/NameObj/NameObj.hpp:23:29: note: overridden virtual function is here
   23 |                virtual void movement();
      |                             ^
In file included from src/compat/OriginalGameSceneFunction.cpp:1:
In file included from <built-in>:1:
In file included from /Users/frityet/Projects/petari/src/compat/MetrowerksStdCompat.hpp:11:
src/Game/LiveActor/LiveActor.hpp:42:29: warning: 'calcAnim' overrides a member function but is not marked 'override' [-Winconsistent-missing-override]
   42 |                virtual void calcAnim();
      |                             ^
src/Game/NameObj/NameObj.hpp:28:29: note: overridden virtual function is here[0m
[0m[38;5;2;1m[ 74%]:[0m [38;5;5;1m<smg-pc-game>[0m compiling.debug src/compat/StorySequenceExecutorSource.cpp[0m
[0m[38;5;3;1mIn file included from src/compat/ClippingDirectorCompat.cpp:1:
In file included from <built-in>:1:
In file included from /Users/frityet/Projects/petari/src/compat/MetrowerksStdCompat.hpp:11:
src/Game/LiveActor/LiveActor.hpp:41:29: warning: 'movement' overrides a member function but is not marked 'override' [-Winconsistent-missing-override]
   41 |                virtual void movement();
      |                             ^
src/Game/NameObj/NameObj.hpp:23:29: note: overridden virtual function is here
   23 |                virtual void movement();
      |                             ^
In file included from src/compat/ClippingDirectorCompat.cpp:1:
In file included from <built-in>:1:
In file included from /Users/frityet/Projects/petari/src/compat/MetrowerksStdCompat.hpp:11:
src/Game/LiveActor/LiveActor.hpp:42:29: warning: 'calcAnim' overrides a member function but is not marked 'override' [-Winconsistent-missing-override]
   42 |                virtual void calcAnim();
      |                             ^
src/Game/NameObj/NameObj.hpp:28:29: note: overridden virtual function is here[0m
[0m[38;5;2;1m[ 74%]:[0m [38;5;5;1m<smg-pc-game>[0m compiling.debug src/compat/SoundUtilCompat.cpp[0m
[0m[38;5;3;1mIn file included from src/compat/GameGravityCompat.cpp:1:
In file included from <built-in>:1:
In file included from /Users/frityet/Projects/petari/src/compat/MetrowerksStdCompat.hpp:11:
src/Game/LiveActor/LiveActor.hpp:41:29: warning: 'movement' overrides a member function but is not marked 'override' [-Winconsistent-missing-override]
   41 |                virtual void movement();
      |                             ^
src/Game/NameObj/NameObj.hpp:23:29: note: overridden virtual function is here
   23 |                virtual void movement();
      |                             ^
In file included from src/compat/GameGravityCompat.cpp:1:
In file included from <built-in>:1:
In file included from /Users/frityet/Projects/petari/src/compat/MetrowerksStdCompat.hpp:11:
src/Game/LiveActor/LiveActor.hpp:42:29: warning: 'calcAnim' overrides a member function but is not marked 'override' [-Winconsistent-missing-override]
   42 |                virtual void calcAnim();
      |                             ^
src/Game/NameObj/NameObj.hpp:28:29: note: overridden virtual function is here[0m
[0m[38;5;2;1m[ 74%]:[0m [38;5;5;1m<smg-pc-game>[0m compiling.debug src/compat/OriginalMapQueries.cpp[0m
[0m[38;5;3;1mIn file included from src/compat/OriginalMarioSound.cpp:1:
In file included from <built-in>:1:
In file included from /Users/frityet/Projects/petari/src/compat/MetrowerksStdCompat.hpp:11:
src/Game/LiveActor/LiveActor.hpp:41:29: warning: 'movement' overrides a member function but is not marked 'override' [-Winconsistent-missing-override]
   41 |                virtual void movement();
      |                             ^
src/Game/NameObj/NameObj.hpp:23:29: note: overridden virtual function is here
   23 |                virtual void movement();
      |                             ^
In file included from src/compat/OriginalMarioSound.cpp:1:
In file included from <built-in>:1:
In file included from /Users/frityet/Projects/petari/src/compat/MetrowerksStdCompat.hpp:11:
src/Game/LiveActor/LiveActor.hpp:42:29: warning: 'calcAnim' overrides a member function but is not marked 'override' [-Winconsistent-missing-override]
   42 |                virtual void calcAnim();
      |                             ^
src/Game/NameObj/NameObj.hpp:28:29: note: overridden virtual function is here[0m
[0m[38;5;2;1m[ 75%]:[0m [38;5;5;1m<smg-pc-game>[0m compiling.debug src/compat/OriginalPlayerEventUtil.cpp[0m
[0m[38;5;3;1mIn file included from src/compat/ActorShadowCsvCompat.cpp:1:
In file included from <built-in>:1:
In file included from /Users/frityet/Projects/petari/src/compat/MetrowerksStdCompat.hpp:11:
src/Game/LiveActor/LiveActor.hpp:41:29: warning: 'movement' overrides a member function but is not marked 'override' [-Winconsistent-missing-override]
   41 |                virtual void movement();
      |                             ^
src/Game/NameObj/NameObj.hpp:23:29: note: overridden virtual function is here
   23 |                virtual void movement();
      |                             ^
In file included from src/compat/ActorShadowCsvCompat.cpp:1:
In file included from <built-in>:1:
In file included from /Users/frityet/Projects/petari/src/compat/MetrowerksStdCompat.hpp:11:
src/Game/LiveActor/LiveActor.hpp:42:29: warning: 'calcAnim' overrides a member function but is not marked 'override' [-Winconsistent-missing-override]
   42 |                virtual void calcAnim();
      |                             ^
src/Game/NameObj/NameObj.hpp:28:29: note: overridden virtual function is here[0m
[0m[38;5;2;1m[ 75%]:[0m [38;5;5;1m<smg-pc-game>[0m compiling.debug src/compat/LiveActorUtilCompat.cpp[0m
[0m[38;5;3;1mIn file included from src/compat/NameObjLifetimeCompat.cpp:1:
In file included from <built-in>:1:
In file included from /Users/frityet/Projects/petari/src/compat/MetrowerksStdCompat.hpp:11:
src/Game/LiveActor/LiveActor.hpp:41:29: warning: 'movement' overrides a member function but is not marked 'override' [-Winconsistent-missing-override]
   41 |                virtual void movement();
      |                             ^
src/Game/NameObj/NameObj.hpp:23:29: note: overridden virtual function is here
   23 |                virtual void movement();
      |                             ^
In file included from src/compat/NameObjLifetimeCompat.cpp:1:
In file included from <built-in>:1:
In file included from /Users/frityet/Projects/petari/src/compat/MetrowerksStdCompat.hpp:11:
src/Game/LiveActor/LiveActor.hpp:42:29: warning: 'calcAnim' overrides a member function but is not marked 'override' [-Winconsistent-missing-override]
   42 |                virtual void calcAnim();
      |                             ^
src/Game/NameObj/NameObj.hpp:28:29: note: overridden virtual function is here[0m
[0m[38;5;2;1m[ 75%]:[0m [38;5;5;1m<smg-pc-game>[0m compiling.debug src/compat/TalkRuntime.cpp[0m
[0m[38;5;3;1mIn file included from src/compat/GameActorSensorCompat.cpp:1:
In file included from <built-in>:1:
In file included from /Users/frityet/Projects/petari/src/compat/MetrowerksStdCompat.hpp:11:
src/Game/LiveActor/LiveActor.hpp:41:29: warning: 'movement' overrides a member function but is not marked 'override' [-Winconsistent-missing-override]
   41 |                virtual void movement();
      |                             ^
src/Game/NameObj/NameObj.hpp:23:29: note: overridden virtual function is here
   23 |                virtual void movement();
      |                             ^
In file included from src/compat/GameActorSensorCompat.cpp:1:
In file included from <built-in>:1:
In file included from /Users/frityet/Projects/petari/src/compat/MetrowerksStdCompat.hpp:11:
src/Game/LiveActor/LiveActor.hpp:42:29: warning: 'calcAnim' overrides a member function but is not marked 'override' [-Winconsistent-missing-override]
   42 |                virtual void calcAnim();
      |                             ^
src/Game/NameObj/NameObj.hpp:28:29: note: overridden virtual function is here[0m
[0m[38;5;2;1m[ 75%]:[0m [38;5;5;1m<smg-pc-game>[0m compiling.debug src/compat/OriginalMarioAnimationAccess.cpp[0m
[0m[38;5;3;1mIn file included from src/compat/NPCActorRuntimeCompat.cpp:1:
In file included from <built-in>:1:
In file included from /Users/frityet/Projects/petari/src/compat/MetrowerksStdCompat.hpp:11:
src/Game/LiveActor/LiveActor.hpp:41:29: warning: 'movement' overrides a member function but is not marked 'override' [-Winconsistent-missing-override]
   41 |                virtual void movement();
      |                             ^
src/Game/NameObj/NameObj.hpp:23:29: note: overridden virtual function is here
   23 |                virtual void movement();
      |                             ^
In file included from src/compat/NPCActorRuntimeCompat.cpp:1:
In file included from <built-in>:1:
In file included from /Users/frityet/Projects/petari/src/compat/MetrowerksStdCompat.hpp:11:
src/Game/LiveActor/LiveActor.hpp:42:29: warning: 'calcAnim' overrides a member function but is not marked 'override' [-Winconsistent-missing-override]
   42 |                virtual void calcAnim();
      |                             ^
src/Game/NameObj/NameObj.hpp:28:29: note: overridden virtual function is here[0m
[0m[38;5;2;1m[ 75%]:[0m [38;5;5;1m<smg-pc-game>[0m compiling.debug src/compat/CollisionPartsCompat.cpp[0m
[0m[38;5;3;1mIn file included from src/compat/StorySequenceExecutorSource.cpp:1:
In file included from <built-in>:1:
In file included from /Users/frityet/Projects/petari/src/compat/MetrowerksStdCompat.hpp:11:
src/Game/LiveActor/LiveActor.hpp:41:29: warning: 'movement' overrides a member function but is not marked 'override' [-Winconsistent-missing-override]
   41 |                virtual void movement();
      |                             ^
src/Game/NameObj/NameObj.hpp:23:29: note: overridden virtual function is here
   23 |                virtual void movement();
      |                             ^
In file included from src/compat/StorySequenceExecutorSource.cpp:1:
In file included from <built-in>:1:
In file included from /Users/frityet/Projects/petari/src/compat/MetrowerksStdCompat.hpp:11:
src/Game/LiveActor/LiveActor.hpp:42:29: warning: 'calcAnim' overrides a member function but is not marked 'override' [-Winconsistent-missing-override]
   42 |                virtual void calcAnim();
      |                             ^
src/Game/NameObj/NameObj.hpp:28:29: note: overridden virtual function is here[0m
[0m[38;5;2;1m[ 75%]:[0m [38;5;5;1m<smg-pc-game>[0m compiling.debug src/compat/CollisionDirectorOwnership.cpp[0m
[0m[38;5;3;1mIn file included from src/compat/OriginalMapQueries.cpp:1:
In file included from <built-in>:1:
In file included from /Users/frityet/Projects/petari/src/compat/MetrowerksStdCompat.hpp:11:
src/Game/LiveActor/LiveActor.hpp:41:29: warning: 'movement' overrides a member function but is not marked 'override' [-Winconsistent-missing-override]
   41 |                virtual void movement();
      |                             ^
src/Game/NameObj/NameObj.hpp:23:29: note: overridden virtual function is here
   23 |                virtual void movement();
      |                             ^
In file included from src/compat/OriginalMapQueries.cpp:1:
In file included from <built-in>:1:
In file included from /Users/frityet/Projects/petari/src/compat/MetrowerksStdCompat.hpp:11:
src/Game/LiveActor/LiveActor.hpp:42:29: warning: 'calcAnim' overrides a member function but is not marked 'override' [-Winconsistent-missing-override]
   42 |                virtual void calcAnim();
      |                             ^
src/Game/NameObj/NameObj.hpp:28:29: note: overridden virtual function is here[0m
[0m[38;5;2;1m[ 76%]:[0m [38;5;5;1m<smg-pc-game>[0m compiling.debug src/compat/OriginalActorSound.cpp[0m
[0m[38;5;3;1mIn file included from src/compat/OriginalPlayerEventUtil.cpp:1:
In file included from <built-in>:1:
In file included from /Users/frityet/Projects/petari/src/compat/MetrowerksStdCompat.hpp:11:
src/Game/LiveActor/LiveActor.hpp:41:29: warning: 'movement' overrides a member function but is not marked 'override' [-Winconsistent-missing-override]
   41 |                virtual void movement();
      |                             ^
src/Game/NameObj/NameObj.hpp:23:29: note: overridden virtual function is here
   23 |                virtual void movement();
      |                             ^
In file included from src/compat/OriginalPlayerEventUtil.cpp:1:
In file included from <built-in>:1:
In file included from /Users/frityet/Projects/petari/src/compat/MetrowerksStdCompat.hpp:11:
src/Game/LiveActor/LiveActor.hpp:42:29: warning: 'calcAnim' overrides a member function but is not marked 'override' [-Winconsistent-missing-override]
   42 |                virtual void calcAnim();
      |                             ^
src/Game/NameObj/NameObj.hpp:28:29: note: overridden virtual function is here[0m
[0m[38;5;2;1m[ 77%]:[0m [38;5;5;1m<smg-pc-game>[0m compiling.debug src/compat/StorySequencePlatformCompat.cpp[0m
[0m[38;5;3;1mIn file included from src/compat/GameActorPhysicsCompat.cpp:1:
In file included from <built-in>:1:
In file included from /Users/frityet/Projects/petari/src/compat/MetrowerksStdCompat.hpp:11:
src/Game/LiveActor/LiveActor.hpp:41:29: warning: 'movement' overrides a member function but is not marked 'override' [-Winconsistent-missing-override]
   41 |                virtual void movement();
      |                             ^
src/Game/NameObj/NameObj.hpp:23:29: note: overridden virtual function is here
   23 |                virtual void movement();
      |                             ^
In file included from src/compat/GameActorPhysicsCompat.cpp:1:
In file included from <built-in>:1:
In file included from /Users/frityet/Projects/petari/src/compat/MetrowerksStdCompat.hpp:11:
src/Game/LiveActor/LiveActor.hpp:42:29: warning: 'calcAnim' overrides a member function but is not marked 'override' [-Winconsistent-missing-override]
   42 |                virtual void calcAnim();
      |                             ^
src/Game/NameObj/NameObj.hpp:28:29: note: overridden virtual function is here[0m
[0m[38;5;2;1m[ 77%]:[0m [38;5;5;1m<smg-pc-game>[0m compiling.debug src/compat/MarioAnimatorLifetime.cpp[0m
[0m[38;5;3;1mIn file included from src/compat/OriginalMarioAnimationAccess.cpp:1:
In file included from <built-in>:1:
In file included from /Users/frityet/Projects/petari/src/compat/MetrowerksStdCompat.hpp:11:
src/Game/LiveActor/LiveActor.hpp:41:29: warning: 'movement' overrides a member function but is not marked 'override' [-Winconsistent-missing-override]
   41 |                virtual void movement();
      |                             ^
src/Game/NameObj/NameObj.hpp:23:29: note: overridden virtual function is here
   23 |                virtual void movement();
      |                             ^
In file included from src/compat/OriginalMarioAnimationAccess.cpp:1:
In file included from <built-in>:1:
In file included from /Users/frityet/Projects/petari/src/compat/MetrowerksStdCompat.hpp:11:
src/Game/LiveActor/LiveActor.hpp:42:29: warning: 'calcAnim' overrides a member function but is not marked 'override' [-Winconsistent-missing-override]
   42 |                virtual void calcAnim();
      |                             ^
src/Game/NameObj/NameObj.hpp:28:29: note: overridden virtual function is here[0m
[0m[38;5;2;1m[ 77%]:[0m [38;5;5;1m<smg-pc-game>[0m compiling.debug src/compat/OriginalActorMovement.cpp[0m
[0m[38;5;3;1mIn file included from src/compat/FixedPositionCompat.cpp:1:
In file included from <built-in>:1:
In file included from /Users/frityet/Projects/petari/src/compat/MetrowerksStdCompat.hpp:11:
src/Game/LiveActor/LiveActor.hpp:41:29: warning: 'movement' overrides a member function but is not marked 'override' [-Winconsistent-missing-override]
   41 |                virtual void movement();
      |                             ^
src/Game/NameObj/NameObj.hpp:23:29: note: overridden virtual function is here
   23 |                virtual void movement();
      |                             ^
In file included from src/compat/FixedPositionCompat.cpp:1:
In file included from <built-in>:1:
In file included from /Users/frityet/Projects/petari/src/compat/MetrowerksStdCompat.hpp:11:
src/Game/LiveActor/LiveActor.hpp:42:29: warning: 'calcAnim' overrides a member function but is not marked 'override' [-Winconsistent-missing-override]
   42 |                virtual void calcAnim();
      |                             ^
src/Game/NameObj/NameObj.hpp:28:29: note: overridden virtual function is here[0m
[0m[38;5;2;1m[ 79%]:[0m [38;5;5;1m<smg-pc-game>[0m compiling.debug src/compat/ShadowControllerOwnership.cpp[0m
[0m[38;5;3;1mIn file included from src/compat/NameObjExecuteCompat.cpp:1:
In file included from <built-in>:1:
In file included from /Users/frityet/Projects/petari/src/compat/MetrowerksStdCompat.hpp:11:
src/Game/LiveActor/LiveActor.hpp:41:29: warning: 'movement' overrides a member function but is not marked 'override' [-Winconsistent-missing-override]
   41 |                virtual void movement();
      |                             ^
src/Game/NameObj/NameObj.hpp:23:29: note: overridden virtual function is here
   23 |                virtual void movement();
      |                             ^
In file included from src/compat/NameObjExecuteCompat.cpp:1:
In file included from <built-in>:1:
In file included from /Users/frityet/Projects/petari/src/compat/MetrowerksStdCompat.hpp:11:
src/Game/LiveActor/LiveActor.hpp:42:29: warning: 'calcAnim' overrides a member function but is not marked 'override' [-Winconsistent-missing-override]
   42 |                virtual void calcAnim();
      |                             ^
src/Game/NameObj/NameObj.hpp:28:29: note: overridden virtual function is here[0m
[0m[38;5;2;1m[ 79%]:[0m [38;5;5;1m<smg-pc-game>[0m compiling.debug src/compat/SceneNameObjUtilCompat.cpp[0m
[0m[38;5;3;1mIn file included from src/compat/PlanetMapRuntimeCompat.cpp:1:
In file included from <built-in>:1:
In file included from /Users/frityet/Projects/petari/src/compat/MetrowerksStdCompat.hpp:11:
src/Game/LiveActor/LiveActor.hpp:41:29: warning: 'movement' overrides a member function but is not marked 'override' [-Winconsistent-missing-override]
   41 |                virtual void movement();
      |                             ^
src/Game/NameObj/NameObj.hpp:23:29: note: overridden virtual function is here
   23 |                virtual void movement();
      |                             ^
In file included from src/compat/PlanetMapRuntimeCompat.cpp:1:
In file included from <built-in>:1:
In file included from /Users/frityet/Projects/petari/src/compat/MetrowerksStdCompat.hpp:11:
src/Game/LiveActor/LiveActor.hpp:42:29: warning: 'calcAnim' overrides a member function but is not marked 'override' [-Winconsistent-missing-override]
   42 |                virtual void calcAnim();
      |                             ^
src/Game/NameObj/NameObj.hpp:28:29: note: overridden virtual function is here[0m
[0m[38;5;2;1m[ 80%]:[0m [38;5;5;1m<smg-pc-game>[0m compiling.debug src/compat/BinderCompat.cpp[0m
[0m[38;5;3;1mIn file included from src/compat/SoundUtilCompat.cpp:1:
In file included from <built-in>:1:
In file included from /Users/frityet/Projects/petari/src/compat/MetrowerksStdCompat.hpp:11:
src/Game/LiveActor/LiveActor.hpp:41:29: warning: 'movement' overrides a member function but is not marked 'override' [-Winconsistent-missing-override]
   41 |                virtual void movement();
      |                             ^
src/Game/NameObj/NameObj.hpp:23:29: note: overridden virtual function is here
   23 |                virtual void movement();
      |                             ^
In file included from src/compat/SoundUtilCompat.cpp:1:
In file included from <built-in>:1:
In file included from /Users/frityet/Projects/petari/src/compat/MetrowerksStdCompat.hpp:11:
src/Game/LiveActor/LiveActor.hpp:42:29: warning: 'calcAnim' overrides a member function but is not marked 'override' [-Winconsistent-missing-override]
   42 |                virtual void calcAnim();
      |                             ^
src/Game/NameObj/NameObj.hpp:28:29: note: overridden virtual function is here[0m
[0m[38;5;2;1m[ 81%]:[0m [38;5;5;1m<smg-pc-game>[0m compiling.debug src/compat/ImageEffectOwnership.cpp[0m
[0m[38;5;3;1mIn file included from src/compat/LiveActorUtilCompat.cpp:1:
In file included from <built-in>:1:
In file included from /Users/frityet/Projects/petari/src/compat/MetrowerksStdCompat.hpp:11:
src/Game/LiveActor/LiveActor.hpp:41:29: warning: 'movement' overrides a member function but is not marked 'override' [-Winconsistent-missing-override]
   41 |                virtual void movement();
      |                             ^
src/Game/NameObj/NameObj.hpp:23:29: note: overridden virtual function is here
   23 |                virtual void movement();
      |                             ^
In file included from src/compat/LiveActorUtilCompat.cpp:1:
In file included from <built-in>:1:
In file included from /Users/frityet/Projects/petari/src/compat/MetrowerksStdCompat.hpp:11:
src/Game/LiveActor/LiveActor.hpp:42:29: warning: 'calcAnim' overrides a member function but is not marked 'override' [-Winconsistent-missing-override]
   42 |                virtual void calcAnim();
      |                             ^
src/Game/NameObj/NameObj.hpp:28:29: note: overridden virtual function is here[0m
[0m[38;5;2;1m[ 81%]:[0m [38;5;5;1m<smg-pc-game>[0m compiling.debug src/compat/DemoSceneRuntime.cpp[0m
[0m[38;5;3;1mIn file included from src/compat/CollisionPartsCompat.cpp:1:
In file included from <built-in>:1:
In file included from /Users/frityet/Projects/petari/src/compat/MetrowerksStdCompat.hpp:11:
src/Game/LiveActor/LiveActor.hpp:41:29: warning: 'movement' overrides a member function but is not marked 'override' [-Winconsistent-missing-override]
   41 |                virtual void movement();
      |                             ^
src/Game/NameObj/NameObj.hpp:23:29: note: overridden virtual function is here
   23 |                virtual void movement();
      |                             ^
In file included from src/compat/CollisionPartsCompat.cpp:1:
In file included from <built-in>:1:
In file included from /Users/frityet/Projects/petari/src/compat/MetrowerksStdCompat.hpp:11:
src/Game/LiveActor/LiveActor.hpp:42:29: warning: 'calcAnim' overrides a member function but is not marked 'override' [-Winconsistent-missing-override]
   42 |                virtual void calcAnim();
      |                             ^
src/Game/NameObj/NameObj.hpp:28:29: note: overridden virtual function is here[0m
[0m[38;5;2;1m[ 81%]:[0m [38;5;5;1m<smg-pc-game>[0m compiling.debug src/compat/InformationMessageCompat.cpp[0m
[0m[38;5;3;1mIn file included from src/compat/StorySequencePlatformCompat.cpp:1:
In file included from <built-in>:1:
In file included from /Users/frityet/Projects/petari/src/compat/MetrowerksStdCompat.hpp:11:
src/Game/LiveActor/LiveActor.hpp:41:29: warning: 'movement' overrides a member function but is not marked 'override' [-Winconsistent-missing-override]
   41 |                virtual void movement();
      |                             ^
src/Game/NameObj/NameObj.hpp:23:29: note: overridden virtual function is here
   23 |                virtual void movement();
      |                             ^
In file included from src/compat/StorySequencePlatformCompat.cpp:1:
In file included from <built-in>:1:
In file included from /Users/frityet/Projects/petari/src/compat/MetrowerksStdCompat.hpp:11:
src/Game/LiveActor/LiveActor.hpp:42:29: warning: 'calcAnim' overrides a member function but is not marked 'override' [-Winconsistent-missing-override]
   42 |                virtual void calcAnim();
      |                             ^
src/Game/NameObj/NameObj.hpp:28:29: note: overridden virtual function is here[0m
[0m[38;5;2;1m[ 81%]:[0m [38;5;5;1m<smg-pc-game>[0m compiling.debug src/compat/LodCtrlRuntimeCompat.cpp[0m
[0m[38;5;3;1mIn file included from src/compat/CollisionDirectorOwnership.cpp:1:
In file included from <built-in>:1:
In file included from /Users/frityet/Projects/petari/src/compat/MetrowerksStdCompat.hpp:11:
src/Game/LiveActor/LiveActor.hpp:41:29: warning: 'movement' overrides a member function but is not marked 'override' [-Winconsistent-missing-override]
   41 |                virtual void movement();
      |                             ^
src/Game/NameObj/NameObj.hpp:23:29: note: overridden virtual function is here
   23 |                virtual void movement();
      |                             ^
In file included from src/compat/CollisionDirectorOwnership.cpp:1:
In file included from <built-in>:1:
In file included from /Users/frityet/Projects/petari/src/compat/MetrowerksStdCompat.hpp:11:
src/Game/LiveActor/LiveActor.hpp:42:29: warning: 'calcAnim' overrides a member function but is not marked 'override' [-Winconsistent-missing-override]
   42 |                virtual void calcAnim();
      |                             ^
src/Game/NameObj/NameObj.hpp:28:29: note: overridden virtual function is here[0m
[0m[38;5;2;1m[ 81%]:[0m [38;5;5;1m<smg-pc-game>[0m compiling.debug src/compat/GameDataFunctionCompat.cpp[0m
[0m[38;5;3;1mIn file included from src/compat/OriginalActorSound.cpp:1:
In file included from <built-in>:1:
In file included from /Users/frityet/Projects/petari/src/compat/MetrowerksStdCompat.hpp:11:
src/Game/LiveActor/LiveActor.hpp:41:29: warning: 'movement' overrides a member function but is not marked 'override' [-Winconsistent-missing-override]
   41 |                virtual void movement();
      |                             ^
src/Game/NameObj/NameObj.hpp:23:29: note: overridden virtual function is here
   23 |                virtual void movement();
      |                             ^
In file included from src/compat/OriginalActorSound.cpp:1:
In file included from <built-in>:1:
In file included from /Users/frityet/Projects/petari/src/compat/MetrowerksStdCompat.hpp:11:
src/Game/LiveActor/LiveActor.hpp:42:29: warning: 'calcAnim' overrides a member function but is not marked 'override' [-Winconsistent-missing-override]
   42 |                virtual void calcAnim();
      |                             ^
src/Game/NameObj/NameObj.hpp:28:29: note: overridden virtual function is here[0m
[0m[38;5;2;1m[ 81%]:[0m [38;5;5;1m<smg-pc-game>[0m compiling.debug src/compat/SceneObjHolderCompat.cpp[0m
[0m[38;5;3;1mIn file included from src/compat/OriginalActorMovement.cpp:1:
In file included from <built-in>:1:
In file included from /Users/frityet/Projects/petari/src/compat/MetrowerksStdCompat.hpp:11:
src/Game/LiveActor/LiveActor.hpp:41:29: warning: 'movement' overrides a member function but is not marked 'override' [-Winconsistent-missing-override]
   41 |                virtual void movement();
      |                             ^
src/Game/NameObj/NameObj.hpp:23:29: note: overridden virtual function is here
   23 |                virtual void movement();
      |                             ^
In file included from src/compat/OriginalActorMovement.cpp:1:
In file included from <built-in>:1:
In file included from /Users/frityet/Projects/petari/src/compat/MetrowerksStdCompat.hpp:11:
src/Game/LiveActor/LiveActor.hpp:42:29: warning: 'calcAnim' overrides a member function but is not marked 'override' [-Winconsistent-missing-override]
   42 |                virtual void calcAnim();
      |                             ^
src/Game/NameObj/NameObj.hpp:28:29: note: overridden virtual function is here[0m
[0m[38;5;2;1m[ 81%]:[0m [38;5;5;1m<smg-pc-game>[0m compiling.debug src/compat/StarPieceCompat.cpp[0m
[0m[38;5;3;1mIn file included from src/compat/TalkRuntime.cpp:1:
In file included from <built-in>:1:
In file included from /Users/frityet/Projects/petari/src/compat/MetrowerksStdCompat.hpp:11:
src/Game/LiveActor/LiveActor.hpp:41:29: warning: 'movement' overrides a member function but is not marked 'override' [-Winconsistent-missing-override]
   41 |                virtual void movement();
      |                             ^
src/Game/NameObj/NameObj.hpp:23:29: note: overridden virtual function is here
   23 |                virtual void movement();
      |                             ^
In file included from src/compat/TalkRuntime.cpp:1:
In file included from <built-in>:1:
In file included from /Users/frityet/Projects/petari/src/compat/MetrowerksStdCompat.hpp:11:
src/Game/LiveActor/LiveActor.hpp:42:29: warning: 'calcAnim' overrides a member function but is not marked 'override' [-Winconsistent-missing-override]
   42 |                virtual void calcAnim();
      |                             ^
src/Game/NameObj/NameObj.hpp:28:29: note: overridden virtual function is here[0m
[0m[38;5;2;1m[ 82%]:[0m [38;5;5;1m<smg-pc-game>[0m compiling.debug src/compat/GameRuntimeCompat.cpp[0m
[0m[38;5;3;1mIn file included from src/compat/BinderCompat.cpp:1:
In file included from <built-in>:1:
In file included from /Users/frityet/Projects/petari/src/compat/MetrowerksStdCompat.hpp:11:
src/Game/LiveActor/LiveActor.hpp:41:29: warning: 'movement' overrides a member function but is not marked 'override' [-Winconsistent-missing-override]
   41 |                virtual void movement();
      |                             ^
src/Game/NameObj/NameObj.hpp:23:29: note: overridden virtual function is here
   23 |                virtual void movement();
      |                             ^
In file included from src/compat/BinderCompat.cpp:1:
In file included from <built-in>:1:
In file included from /Users/frityet/Projects/petari/src/compat/MetrowerksStdCompat.hpp:11:
src/Game/LiveActor/LiveActor.hpp:42:29: warning: 'calcAnim' overrides a member function but is not marked 'override' [-Winconsistent-missing-override]
   42 |                virtual void calcAnim();
      |                             ^
src/Game/NameObj/NameObj.hpp:28:29: note: overridden virtual function is here[0m
[0m[38;5;2;1m[ 82%]:[0m [38;5;5;1m<smg-pc-game>[0m compiling.debug src/compat/MarioCameraTarget.cpp[0m
[0m[38;5;3;1mIn file included from src/compat/ShadowControllerOwnership.cpp:1:
In file included from <built-in>:1:
In file included from /Users/frityet/Projects/petari/src/compat/MetrowerksStdCompat.hpp:11:
src/Game/LiveActor/LiveActor.hpp:41:29: warning: 'movement' overrides a member function but is not marked 'override' [-Winconsistent-missing-override]
   41 |                virtual void movement();
      |                             ^
src/Game/NameObj/NameObj.hpp:23:29: note: overridden virtual function is here
   23 |                virtual void movement();
      |                             ^
In file included from src/compat/ShadowControllerOwnership.cpp:1:
In file included from <built-in>:1:
In file included from /Users/frityet/Projects/petari/src/compat/MetrowerksStdCompat.hpp:11:
src/Game/LiveActor/LiveActor.hpp:42:29: warning: 'calcAnim' overrides a member function but is not marked 'override' [-Winconsistent-missing-override]
   42 |                virtual void calcAnim();
      |                             ^
src/Game/NameObj/NameObj.hpp:28:29: note: overridden virtual function is here[0m
[0m[38;5;2;1m[ 83%]:[0m [38;5;5;1m<smg-pc-game>[0m compiling.debug src/compat/GameMapCollisionCompat.cpp[0m
[0m[38;5;3;1mIn file included from src/compat/SceneNameObjUtilCompat.cpp:1:
In file included from <built-in>:1:
In file included from /Users/frityet/Projects/petari/src/compat/MetrowerksStdCompat.hpp:11:
src/Game/LiveActor/LiveActor.hpp:41:29: warning: 'movement' overrides a member function but is not marked 'override' [-Winconsistent-missing-override]
   41 |                virtual void movement();
      |                             ^
src/Game/NameObj/NameObj.hpp:23:29: note: overridden virtual function is here
   23 |                virtual void movement();
      |                             ^
In file included from src/compat/SceneNameObjUtilCompat.cpp:1:
In file included from <built-in>:1:
In file included from /Users/frityet/Projects/petari/src/compat/MetrowerksStdCompat.hpp:11:
src/Game/LiveActor/LiveActor.hpp:42:29: warning: 'calcAnim' overrides a member function but is not marked 'override' [-Winconsistent-missing-override]
   42 |                virtual void calcAnim();
      |                             ^
src/Game/NameObj/NameObj.hpp:28:29: note: overridden virtual function is here[0m
[0m[38;5;2;1m[ 84%]:[0m [38;5;5;1m<smg-pc-game>[0m compiling.debug src/compat/GroupCheckManagerCompat.cpp[0m
[0m[38;5;3;1mIn file included from src/compat/MarioAnimatorLifetime.cpp:1:
In file included from <built-in>:1:
In file included from /Users/frityet/Projects/petari/src/compat/MetrowerksStdCompat.hpp:11:
src/Game/LiveActor/LiveActor.hpp:41:29: warning: 'movement' overrides a member function but is not marked 'override' [-Winconsistent-missing-override]
   41 |                virtual void movement();
      |                             ^
src/Game/NameObj/NameObj.hpp:23:29: note: overridden virtual function is here
   23 |                virtual void movement();
      |                             ^
In file included from src/compat/MarioAnimatorLifetime.cpp:1:
In file included from <built-in>:1:
In file included from /Users/frityet/Projects/petari/src/compat/MetrowerksStdCompat.hpp:11:
src/Game/LiveActor/LiveActor.hpp:42:29: warning: 'calcAnim' overrides a member function but is not marked 'override' [-Winconsistent-missing-override]
   42 |                virtual void calcAnim();
      |                             ^
src/Game/NameObj/NameObj.hpp:28:29: note: overridden virtual function is here[0m
[0m[38;5;3;1mIn file included from src/compat/GameDataFunctionCompat.cpp:1:
In file included from <built-in>:1:
In file included from /Users/frityet/Projects/petari/src/compat/MetrowerksStdCompat.hpp:11:
src/Game/LiveActor/LiveActor.hpp:41:29: warning: 'movement' overrides a member function but is not marked 'override' [-Winconsistent-missing-override]
   41 |                virtual void movement();
      |                             ^
src/Game/NameObj/NameObj.hpp:23:29: note: overridden virtual function is here
   23 |                virtual void movement();
      |                             ^
In file included from src/compat/GameDataFunctionCompat.cpp:1:
In file included from <built-in>:1:
In file included from /Users/frityet/Projects/petari/src/compat/MetrowerksStdCompat.hpp:11:
src/Game/LiveActor/LiveActor.hpp:42:29: warning: 'calcAnim' overrides a member function but is not marked 'override' [-Winconsistent-missing-override]
   42 |                virtual void calcAnim();
      |                             ^
src/Game/NameObj/NameObj.hpp:28:29: note: overridden virtual function is here[0m
[0m[38;5;3;1mIn file included from src/compat/ImageEffectOwnership.cpp:1:
In file included from <built-in>:1:
In file included from /Users/frityet/Projects/petari/src/compat/MetrowerksStdCompat.hpp:11:
src/Game/LiveActor/LiveActor.hpp:41:29: warning: 'movement' overrides a member function but is not marked 'override' [-Winconsistent-missing-override]
   41 |                virtual void movement();
      |                             ^
src/Game/NameObj/NameObj.hpp:23:29: note: overridden virtual function is here
   23 |                virtual void movement();
      |                             ^
In file included from src/compat/ImageEffectOwnership.cpp:1:
In file included from <built-in>:1:
In file included from /Users/frityet/Projects/petari/src/compat/MetrowerksStdCompat.hpp:11:
src/Game/LiveActor/LiveActor.hpp:42:29: warning: 'calcAnim' overrides a member function but is not marked 'override' [-Winconsistent-missing-override]
   42 |                virtual void calcAnim();
      |                             ^
src/Game/NameObj/NameObj.hpp:28:29: note: overridden virtual function is here[0m
[0m[38;5;3;1mIn file included from src/compat/LodCtrlRuntimeCompat.cpp:1:
In file included from <built-in>:1:
In file included from /Users/frityet/Projects/petari/src/compat/MetrowerksStdCompat.hpp:11:
src/Game/LiveActor/LiveActor.hpp:41:29: warning: 'movement' overrides a member function but is not marked 'override' [-Winconsistent-missing-override]
   41 |                virtual void movement();
      |                             ^
src/Game/NameObj/NameObj.hpp:23:29: note: overridden virtual function is here
   23 |                virtual void movement();
      |                             ^
In file included from src/compat/LodCtrlRuntimeCompat.cpp:1:
In file included from <built-in>:1:
In file included from /Users/frityet/Projects/petari/src/compat/MetrowerksStdCompat.hpp:11:
src/Game/LiveActor/LiveActor.hpp:42:29: warning: 'calcAnim' overrides a member function but is not marked 'override' [-Winconsistent-missing-override]
   42 |                virtual void calcAnim();
      |                             ^
src/Game/NameObj/NameObj.hpp:28:29: note: overridden virtual function is here[0m
[0m[38;5;3;1mIn file included from src/compat/StarPieceCompat.cpp:1:
In file included from <built-in>:1:
In file included from /Users/frityet/Projects/petari/src/compat/MetrowerksStdCompat.hpp:11:
src/Game/LiveActor/LiveActor.hpp:41:29: warning: 'movement' overrides a member function but is not marked 'override' [-Winconsistent-missing-override]
   41 |                virtual void movement();
      |                             ^
src/Game/NameObj/NameObj.hpp:23:29: note: overridden virtual function is here
   23 |                virtual void movement();
      |                             ^
In file included from src/compat/StarPieceCompat.cpp:1:
In file included from <built-in>:1:
In file included from /Users/frityet/Projects/petari/src/compat/MetrowerksStdCompat.hpp:11:
src/Game/LiveActor/LiveActor.hpp:42:29: warning: 'calcAnim' overrides a member function but is not marked 'override' [-Winconsistent-missing-override]
   42 |                virtual void calcAnim();
      |                             ^
src/Game/NameObj/NameObj.hpp:28:29: note: overridden virtual function is here[0m
[0m[38;5;3;1mIn file included from src/compat/MarioCameraTarget.cpp:1:
In file included from <built-in>:1:
In file included from /Users/frityet/Projects/petari/src/compat/MetrowerksStdCompat.hpp:11:
src/Game/LiveActor/LiveActor.hpp:41:29: warning: 'movement' overrides a member function but is not marked 'override' [-Winconsistent-missing-override]
   41 |                virtual void movement();
      |                             ^
src/Game/NameObj/NameObj.hpp:23:29: note: overridden virtual function is here
   23 |                virtual void movement();
      |                             ^
In file included from src/compat/MarioCameraTarget.cpp:1:
In file included from <built-in>:1:
In file included from /Users/frityet/Projects/petari/src/compat/MetrowerksStdCompat.hpp:11:
src/Game/LiveActor/LiveActor.hpp:42:29: warning: 'calcAnim' overrides a member function but is not marked 'override' [-Winconsistent-missing-override]
   42 |                virtual void calcAnim();
      |                             ^
src/Game/NameObj/NameObj.hpp:28:29: note: overridden virtual function is here[0m
[0m[38;5;3;1mIn file included from src/compat/InformationMessageCompat.cpp:1:
In file included from <built-in>:1:
In file included from /Users/frityet/Projects/petari/src/compat/MetrowerksStdCompat.hpp:11:
src/Game/LiveActor/LiveActor.hpp:41:29: warning: 'movement' overrides a member function but is not marked 'override' [-Winconsistent-missing-override]
   41 |                virtual void movement();
      |                             ^
src/Game/NameObj/NameObj.hpp:23:29: note: overridden virtual function is here
   23 |                virtual void movement();
      |                             ^
In file included from src/compat/InformationMessageCompat.cpp:1:
In file included from <built-in>:1:
In file included from /Users/frityet/Projects/petari/src/compat/MetrowerksStdCompat.hpp:11:
src/Game/LiveActor/LiveActor.hpp:42:29: warning: 'calcAnim' overrides a member function but is not marked 'override' [-Winconsistent-missing-override]
   42 |                virtual void calcAnim();
      |                             ^
src/Game/NameObj/NameObj.hpp:28:29: note: overridden virtual function is here[0m
[0m[38;5;3;1mIn file included from src/compat/GameMapCollisionCompat.cpp:1:
In file included from <built-in>:1:
In file included from /Users/frityet/Projects/petari/src/compat/MetrowerksStdCompat.hpp:11:
src/Game/LiveActor/LiveActor.hpp:41:29: warning: 'movement' overrides a member function but is not marked 'override' [-Winconsistent-missing-override]
   41 |                virtual void movement();
      |                             ^
src/Game/NameObj/NameObj.hpp:23:29: note: overridden virtual function is here
   23 |                virtual void movement();
      |                             ^
In file included from src/compat/GameMapCollisionCompat.cpp:1:
In file included from <built-in>:1:
In file included from /Users/frityet/Projects/petari/src/compat/MetrowerksStdCompat.hpp:11:
src/Game/LiveActor/LiveActor.hpp:42:29: warning: 'calcAnim' overrides a member function but is not marked 'override' [-Winconsistent-missing-override]
   42 |                virtual void calcAnim();
      |                             ^
src/Game/NameObj/NameObj.hpp:28:29: note: overridden virtual function is here[0m
[0m[38;5;3;1mIn file included from src/compat/DemoSceneRuntime.cpp:1:
In file included from <built-in>:1:
In file included from /Users/frityet/Projects/petari/src/compat/MetrowerksStdCompat.hpp:11:
src/Game/LiveActor/LiveActor.hpp:41:29: warning: 'movement' overrides a member function but is not marked 'override' [-Winconsistent-missing-override]
   41 |                virtual void movement();
      |                             ^
src/Game/NameObj/NameObj.hpp:23:29: note: overridden virtual function is here
   23 |                virtual void movement();
      |                             ^
In file included from src/compat/DemoSceneRuntime.cpp:1:
In file included from <built-in>:1:
In file included from /Users/frityet/Projects/petari/src/compat/MetrowerksStdCompat.hpp:11:
src/Game/LiveActor/LiveActor.hpp:42:29: warning: 'calcAnim' overrides a member function but is not marked 'override' [-Winconsistent-missing-override]
   42 |                virtual void calcAnim();
      |                             ^
src/Game/NameObj/NameObj.hpp:28:29: note: overridden virtual function is here[0m
[0m[38;5;3;1mIn file included from src/compat/GroupCheckManagerCompat.cpp:1:
In file included from <built-in>:1:
In file included from /Users/frityet/Projects/petari/src/compat/MetrowerksStdCompat.hpp:11:
src/Game/LiveActor/LiveActor.hpp:41:29: warning: 'movement' overrides a member function but is not marked 'override' [-Winconsistent-missing-override]
   41 |                virtual void movement();
      |                             ^
src/Game/NameObj/NameObj.hpp:23:29: note: overridden virtual function is here
   23 |                virtual void movement();
      |                             ^
In file included from src/compat/GroupCheckManagerCompat.cpp:1:
In file included from <built-in>:1:
In file included from /Users/frityet/Projects/petari/src/compat/MetrowerksStdCompat.hpp:11:
src/Game/LiveActor/LiveActor.hpp:42:29: warning: 'calcAnim' overrides a member function but is not marked 'override' [-Winconsistent-missing-override]
   42 |                virtual void calcAnim();
      |                             ^
src/Game/NameObj/NameObj.hpp:28:29: note: overridden virtual function is here[0m
[0m[38;5;3;1mIn file included from src/compat/SceneObjHolderCompat.cpp:1:
In file included from <built-in>:1:
In file included from /Users/frityet/Projects/petari/src/compat/MetrowerksStdCompat.hpp:11:
src/Game/LiveActor/LiveActor.hpp:41:29: warning: 'movement' overrides a member function but is not marked 'override' [-Winconsistent-missing-override]
   41 |                virtual void movement();
      |                             ^
src/Game/NameObj/NameObj.hpp:23:29: note: overridden virtual function is here
   23 |                virtual void movement();
      |                             ^
In file included from src/compat/SceneObjHolderCompat.cpp:1:
In file included from <built-in>:1:
In file included from /Users/frityet/Projects/petari/src/compat/MetrowerksStdCompat.hpp:11:
src/Game/LiveActor/LiveActor.hpp:42:29: warning: 'calcAnim' overrides a member function but is not marked 'override' [-Winconsistent-missing-override]
   42 |                virtual void calcAnim();
      |                             ^
src/Game/NameObj/NameObj.hpp:28:29: note: overridden virtual function is here[0m
[0m[38;5;3;1mIn file included from src/compat/GameRuntimeCompat.cpp:1:
In file included from <built-in>:1:
In file included from /Users/frityet/Projects/petari/src/compat/MetrowerksStdCompat.hpp:11:
src/Game/LiveActor/LiveActor.hpp:41:29: warning: 'movement' overrides a member function but is not marked 'override' [-Winconsistent-missing-override]
   41 |                virtual void movement();
      |                             ^
src/Game/NameObj/NameObj.hpp:23:29: note: overridden virtual function is here
   23 |                virtual void movement();
      |                             ^
In file included from src/compat/GameRuntimeCompat.cpp:1:
In file included from <built-in>:1:
In file included from /Users/frityet/Projects/petari/src/compat/MetrowerksStdCompat.hpp:11:
src/Game/LiveActor/LiveActor.hpp:42:29: warning: 'calcAnim' overrides a member function but is not marked 'override' [-Winconsistent-missing-override]
   42 |                virtual void calcAnim();
      |                             ^
src/Game/NameObj/NameObj.hpp:28:29: note: overridden virtual function is here[0m
[0m[38;5;2;1m[ 94%]:[0m [38;5;5;1m<smg-pc-game>[0m [38;5;5;1marchiving.debug libsmg-pc-game.a[0m
[0m[38;5;2;1m[ 94%]:[0m [38;5;5;1m<smg-pc-app>[0m [38;5;5;1marchiving.debug libsmg-pc-app.a[0m
[0m[38;5;2;1m[ 94%]:[0m [38;5;5;1m<smg-pc-showcase>[0m [38;5;5;1mlinking.debug smg-pc-showcase[0m
[0m[38;5;2;1mcreate ok![0m
[0m[1;38;5;1;1merror: [0mUndefined symbols for architecture arm64:
  "MR::turnVecToVecCosOnPlane(JGeometry::TVec3<float>*, JGeometry::TVec3<float> const&, JGeometry::TVec3<float> const&, float)", referenced from:
      MR::turnDirectionFromTargetDegree(LiveActor const*, JGeometry::TVec3<float>*, JGeometry::TVec3<float> const&, float) in libsmg-pc-game.a[879](OriginalActorMovement.cpp.o)
  "MR::getBindedFixReactionVector(LiveActor const*)", referenced from:
      MR::reboundVelocityFromEachCollision(LiveActor*, float, float, float, float) in libsmg-pc-game.a[879](OriginalActorMovement.cpp.o)
  "MR::isBinded(LiveActor const*)", referenced from:
      MR::reboundVelocityFromEachCollision(LiveActor*, float, float, float, float) in libsmg-pc-game.a[879](OriginalActorMovement.cpp.o)
ld: symbol(s) not found for architecture arm64
clang++: error: linker command failed with exit code 1 (use -v to see invocation)
[0m
