[0m[38;5;2;1m[ 70%]:[0m [38;5;5;1m<smg-pc-game>[0m compiling.debug src/compat/GameMathCompat.cpp[0m
[0m[38;5;2;1m[ 76%]:[0m [38;5;5;1m<smg-pc-game>[0m compiling.debug src/compat/LiveActorUtilCompat.cpp[0m
[0m[38;5;3;1mIn file included from src/compat/GameMathCompat.cpp:1:
In file included from <built-in>:1:
In file included from /Users/frityet/Projects/petari/src/compat/MetrowerksStdCompat.hpp:11:
src/Game/LiveActor/LiveActor.hpp:41:29: warning: 'movement' overrides a member function but is not marked 'override' [-Winconsistent-missing-override]
   41 |                virtual void movement();
      |                             ^
src/Game/NameObj/NameObj.hpp:23:29: note: overridden virtual function is here
   23 |                virtual void movement();
      |                             ^
In file included from src/compat/GameMathCompat.cpp:1:
In file included from <built-in>:1:
In file included from /Users/frityet/Projects/petari/src/compat/MetrowerksStdCompat.hpp:11:
src/Game/LiveActor/LiveActor.hpp:42:29: warning: 'calcAnim' overrides a member function but is not marked 'override' [-Winconsistent-missing-override]
   42 |                virtual void calcAnim();
      |                             ^
src/Game/NameObj/NameObj.hpp:28:29: note: overridden virtual function is here[0m
[0m[38;5;3;1mIn file included from src/compat/LiveActorUtilCompat.cpp:1:
In file included from <built-in>:1:
In file included from /Users/frityet/Projects/petari/src/compat/MetrowerksStdCompat.hpp:11:
src/Game/LiveActor/LiveActor.hpp:41:29: warning: 'movement' overrides a member function but is not marked 'override' [-Winconsistent-missing-override]
   41 |                virtual void movement();
      |                             ^
src/Game/NameObj/NameObj.hpp:23:29: note: overridden virtual function is here
   23 |                virtual void movement();
      |                             ^
In file included from src/compat/LiveActorUtilCompat.cpp:1:
In file included from <built-in>:1:
In file included from /Users/frityet/Projects/petari/src/compat/MetrowerksStdCompat.hpp:11:
src/Game/LiveActor/LiveActor.hpp:42:29: warning: 'calcAnim' overrides a member function but is not marked 'override' [-Winconsistent-missing-override]
   42 |                virtual void calcAnim();
      |                             ^
src/Game/NameObj/NameObj.hpp:28:29: note: overridden virtual function is here[0m
[0m[38;5;2;1m[ 94%]:[0m [38;5;5;1m<smg-pc-game>[0m [38;5;5;1marchiving.debug libsmg-pc-game.a[0m
[0m[38;5;2;1m[ 94%]:[0m [38;5;5;1m<smg-pc-app>[0m [38;5;5;1marchiving.debug libsmg-pc-app.a[0m
[0m[38;5;2;1m[ 94%]:[0m [38;5;5;1m<smg-pc-showcase>[0m [38;5;5;1mlinking.debug smg-pc-showcase[0m
[0m[38;5;2;1mcreate ok![0m
[0m[1;38;5;1;1merror: [0mUndefined symbols for architecture arm64:
  "JMASqrt(float)", referenced from:
      MR::turnVecToVecCos(JGeometry::TVec3<float>*, JGeometry::TVec3<float> const&, JGeometry::TVec3<float> const&, float, JGeometry::TVec3<float> const&, float) in libsmg-pc-game.a[774](GameMathCompat.cpp.o)
ld: symbol(s) not found for architecture arm64
clang++: error: linker command failed with exit code 1 (use -v to see invocation)
[0m
