[0m[38;5;2;1m[ 70%]:[0m [38;5;5;1m<smg-pc-game>[0m compiling.debug src/compat/GameMathCompat.cpp[0m
[0m[38;5;2;1m[ 76%]:[0m [38;5;5;1m<smg-pc-game>[0m compiling.debug src/compat/LiveActorUtilCompat.cpp[0m
[0m[38;5;3;1mIn file included from src/compat/GameMathCompat.cpp:1:
In file included from <built-in>:1:
In file included from /Users/frityet/Projects/petari/src/compat/MetrowerksStdCompat.hpp:11:
src/Game/LiveActor/LiveActor.hpp:41:29: warning: 'movement' overrides a member function but is not marked 'override' [-Winconsistent-missing-override]
   41 |                virtual void movement();
      |                             ^
src/Game/NameObj/NameObj.hpp:23:29: note: overridden virtual function is here
   23 |                virtual void movement();
      |                             ^
In file included from src/compat/GameMathCompat.cpp:1:
In file included from <built-in>:1:
In file included from /Users/frityet/Projects/petari/src/compat/MetrowerksStdCompat.hpp:11:
src/Game/LiveActor/LiveActor.hpp:42:29: warning: 'calcAnim' overrides a member function but is not marked 'override' [-Winconsistent-missing-override]
   42 |                virtual void calcAnim();
      |                             ^
src/Game/NameObj/NameObj.hpp:28:29: note: overridden virtual function is here[0m
[0m[38;5;2;1mcreate ok![0m
[0m[1;38;5;1;1merror: [0msrc/compat/LiveActorUtilCompat.cpp:346:32: error: member access into incomplete type 'Binder'
  346 |         return &pActor->mBinder->mFixReactionVector;
      |                                ^
src/Game/LiveActor/LiveActor.hpp:11:7: note: forward declaration of 'Binder'
   11 | class Binder;
      |       ^
3 warnings and 1 error generated.
  [38;5;3m> in [1msrc/compat/LiveActorUtilCompat.cpp[0m
