In file included from <built-in>:1:
In file included from /Users/frityet/Projects/petari/src/compat/MetrowerksStdCompat.hpp:11:
src/Game/LiveActor/LiveActor.hpp:41:29: warning: 'movement' overrides a member function but is not marked 'override' [-Winconsistent-missing-override]
   41 |     /* 0x14 */ virtual void movement();
      |                             ^
src/Game/NameObj/NameObj.hpp:23:29: note: overridden virtual function is here
   23 |     /* 0x14 */ virtual void movement();
      |                             ^
In file included from <built-in>:1:
In file included from /Users/frityet/Projects/petari/src/compat/MetrowerksStdCompat.hpp:11:
src/Game/LiveActor/LiveActor.hpp:42:29: warning: 'calcAnim' overrides a member function but is not marked 'override' [-Winconsistent-missing-override]
   42 |     /* 0x1C */ virtual void calcAnim();
      |                             ^
src/Game/NameObj/NameObj.hpp:28:29: note: overridden virtual function is here
   28 |     /* 0x1C */ virtual void calcAnim();
      |                             ^
In file included from <built-in>:1:
In file included from /Users/frityet/Projects/petari/src/compat/MetrowerksStdCompat.hpp:11:
src/Game/LiveActor/LiveActor.hpp:43:29: warning: 'calcViewAndEntry' overrides a member function but is not marked 'override' [-Winconsistent-missing-override]
   43 |     /* 0x20 */ virtual void calcViewAndEntry();
      |                             ^
src/Game/NameObj/NameObj.hpp:29:29: note: overridden virtual function is here
   29 |     /* 0x20 */ virtual void calcViewAndEntry();
      |                             ^
decomp/src/Game/NPC/TalkNodeCtrl.cpp:295:17: error: no member named 'getMessageID' in namespace 'MR'; did you mean 'TalkMessageCtrl::getMessageID'?
  295 |     s32 msgID = MR::getMessageID(rIter);
      |                 ^~~~~~~~~~~~~~~~
      |                 TalkMessageCtrl::getMessageID
src/Game/NPC/TalkMessageCtrl.hpp:42:9: note: 'TalkMessageCtrl::getMessageID' declared here
   42 |     u32 getMessageID() const;
      |         ^
decomp/src/Game/NPC/TalkNodeCtrl.cpp:295:21: error: call to non-static member function without an object argument
  295 |     s32 msgID = MR::getMessageID(rIter);
      |                     ^~~~~~~~~~~~
3 warnings and 2 errors generated.
