[0m[38;5;2;1m[  2%]:[0m [38;5;5;1m<smg-pc-jkr-exception-ownership-tests>[0m cache compiling.debug tests/JkrExceptionOwnershipTests.cpp[0m
[0m[38;5;2;1m[  2%]:[0m [38;5;5;1m<smg-pc-jkr-exception-ownership-tests>[0m cache compiling.debug aurora/lib/compat.cpp[0m
[0m[38;5;2;1m[ 49%]:[0m [38;5;5;1m<smg-pc-game>[0m cache compiling.debug src/compat/CameraLocalUtilRuntime.cpp[0m
[0m[38;5;2;1m[ 55%]:[0m [38;5;5;1m<smg-pc-game>[0m cache compiling.debug src/compat/CameraUtilCompat.cpp[0m
[0m[38;5;2;1m[ 90%]:[0m [38;5;5;1m<aurora-base>[0m [38;5;5;1marchiving.debug libaurora-base.a[0m
[0m[38;5;2;1m[ 91%]:[0m [38;5;5;1m<aurora-platform>[0m [38;5;5;1marchiving.debug libaurora-platform.a[0m
[0m[38;5;2;1m[ 91%]:[0m [38;5;5;1m<aurora-os>[0m [38;5;5;1marchiving.debug libaurora-os.a[0m
[0m[38;5;2;1m[ 91%]:[0m [38;5;5;1m<aurora-card>[0m [38;5;5;1marchiving.debug libaurora-card.a[0m
[0m[38;5;2;1m[ 91%]:[0m [38;5;5;1m<aurora-dvd>[0m [38;5;5;1marchiving.debug libaurora-dvd.a[0m
[0m[38;5;2;1m[ 91%]:[0m [38;5;5;1m<aurora-ms>[0m [38;5;5;1marchiving.debug libaurora-ms.a[0m
[0m[38;5;2;1m[ 91%]:[0m [38;5;5;1m<aurora-si>[0m [38;5;5;1marchiving.debug libaurora-si.a[0m
[0m[38;5;2;1m[ 91%]:[0m [38;5;5;1m<aurora-vi>[0m [38;5;5;1marchiving.debug libaurora-vi.a[0m
[0m[38;5;2;1m[ 92%]:[0m [38;5;5;1m<aurora-pad>[0m [38;5;5;1marchiving.debug libaurora-pad.a[0m
[0m[38;5;2;1m[ 92%]:[0m [38;5;5;1m<aurora-gx>[0m [38;5;5;1marchiving.debug libaurora-gx.a[0m
[0m[38;5;2;1m[ 93%]:[0m [38;5;5;1m<aurora-core>[0m [38;5;5;1marchiving.debug libaurora-core.a[0m
[0m[38;5;2;1m[ 93%]:[0m [38;5;5;1m<aurora-gd>[0m [38;5;5;1marchiving.debug libaurora-gd.a[0m
[0m[38;5;2;1m[ 93%]:[0m [38;5;5;1m<smg-pc-render>[0m [38;5;5;1marchiving.debug libsmg-pc-render.a[0m
[0m[38;5;3;1mIn file included from src/compat/CameraLocalUtilRuntime.cpp:1:
In file included from <built-in>:1:
In file included from /Users/frityet/Projects/petari/src/compat/MetrowerksStdCompat.hpp:11:
src/Game/LiveActor/LiveActor.hpp:41:29: warning: 'movement' overrides a member function but is not marked 'override' [-Winconsistent-missing-override]
   41 |                virtual void movement();
      |                             ^
src/Game/NameObj/NameObj.hpp:23:29: note: overridden virtual function is here
   23 |                virtual void movement();
      |                             ^
In file included from src/compat/CameraLocalUtilRuntime.cpp:1:
In file included from <built-in>:1:
In file included from /Users/frityet/Projects/petari/src/compat/MetrowerksStdCompat.hpp:11:
src/Game/LiveActor/LiveActor.hpp:42:29: warning: 'calcAnim' overrides a member function but is not marked 'override' [-Winconsistent-missing-override]
   42 |                virtual void calcAnim();
      |                             ^
src/Game/NameObj/NameObj.hpp:28:29: note: overridden virtual function is here[0m
[0m[38;5;3;1mIn file included from src/compat/CameraUtilCompat.cpp:1:
In file included from <built-in>:1:
In file included from /Users/frityet/Projects/petari/src/compat/MetrowerksStdCompat.hpp:11:
src/Game/LiveActor/LiveActor.hpp:41:29: warning: 'movement' overrides a member function but is not marked 'override' [-Winconsistent-missing-override]
   41 |                virtual void movement();
      |                             ^
src/Game/NameObj/NameObj.hpp:23:29: note: overridden virtual function is here
   23 |                virtual void movement();
      |                             ^
In file included from src/compat/CameraUtilCompat.cpp:1:
In file included from <built-in>:1:
In file included from /Users/frityet/Projects/petari/src/compat/MetrowerksStdCompat.hpp:11:
src/Game/LiveActor/LiveActor.hpp:42:29: warning: 'calcAnim' overrides a member function but is not marked 'override' [-Winconsistent-missing-override]
   42 |                virtual void calcAnim();
      |                             ^
src/Game/NameObj/NameObj.hpp:28:29: note: overridden virtual function is here[0m
[0m[38;5;2;1m[ 94%]:[0m [38;5;5;1m<smg-pc-game>[0m [38;5;5;1marchiving.debug libsmg-pc-game.a[0m
[0m[38;5;2;1m[ 94%]:[0m [38;5;5;1m<smg-pc-jkr-exception-ownership-tests>[0m [38;5;5;1mlinking.debug smg-pc-jkr-exception-ownership-tests[0m
[0m[38;5;2;1mcreate ok![0m
compile_commands.json updated!
[0m[38;5;2;1m[100%]:[0m [38;5;2;1mbuild ok, spent 3.27s[0m
