MarioSideStep RMGK02 verification
UTC timestamp: 2026-08-09T03:16:48Z

Focused compilation
-------------------
command:
  ninja -j2 build/RMGK02/src/Game/Player/MarioSideStep.o
result:
  success
notes:
  Only the repository's pre-existing MarioActor nontrivial-union warnings were emitted.

Focused objdiff
---------------
command:
  build/tools/objdiff-cli diff -p . -u main/Game/Player/MarioSideStep -o /tmp/mario-side-step-final.json --format json-pretty
results:
  MarioSideStep .text: 2,428 bytes, 99.691925% focused match
  All seven source functions have exact retail byte sizes
  MarioSideStep .ctors / .sdata2: 100% / 100%

Fresh project report
--------------------
command:
  ninja -j12
result:
  success; report regenerated
MarioSideStep result:
  99.96375% fuzzy .text match
  4 / 7 functions at 100% fuzzy
  Remaining functions: 99.91870%, 99.89189%, and 99.96787%

Full RMGK02 build and integrity
-------------------------------
command:
  ninja -j12
result:
  success

command:
  build/tools/dtk shasum -c config/RMGK02/build.sha1
result:
  build/RMGK02/main.dol: OK

command:
  sha1sum build/RMGK02/main.dol
result:
  54b71431af0d509097bfdef4ec28617afc487e89  build/RMGK02/main.dol

command:
  sha256sum build/RMGK02/main.dol orig/RMGK02/sys/main.dol
result:
  8b7f28d193170f998f92e02ea638107822fb72073691d0893eb18857be0c6fcf  build/RMGK02/main.dol
  8b7f28d193170f998f92e02ea638107822fb72073691d0893eb18857be0c6fcf  orig/RMGK02/sys/main.dol

command:
  cmp -s build/RMGK02/main.dol orig/RMGK02/sys/main.dol
result:
  identical

Whitespace validation
---------------------
command:
  git diff --check -- include/Game/Player/Mario.hpp include/Game/Player/MarioSideStep.hpp src/Game/Player/MarioSideStep.cpp
result:
  success (no output)

PC/config/protected paths
-------------------------
  none
