files ['/heavensdoorappearstepaafter.bdl', '/heavensdoorappearstepaafter.kcl', '/heavensdoorappearstepaafter.pa', '/collisionversion']
kcl 26084 56 1856 9664 18272
placementkeys dict_keys(['entries', 'known_unlinked', 'metadata', 'scenario', 'stage', 'supported', 'unknown'])
triangles 537 flat 139
flatcentres [
  {
    "index": 235,
    "centre": [
      -1057.5879421332336,
      1899.510009765625,
      142.13609933477463
    ],
    "world": [
      14941.555631474408,
      -9211.075038240842,
      8372.249705977118
    ]
  },
  {
    "index": 236,
    "centre": [
      -971.9460865270448,
      1899.510009765625,
      61.28174436440438
    ],
    "world": [
      14878.830865755483,
      -9172.460457955782,
      8280.345022180069
    ]
  },
  {
    "index": 237,
    "centre": [
      -1004.9223504795555,
      1899.510009765625,
      358.9154480839189
    ],
    "world": [
      15162.57670750252,
      -9234.578823601669,
      8353.165687566532
    ]
  },
  {
    "index": 238,
    "centre": [
      -937.9645213339168,
      1899.510009765625,
      262.02204987194744
    ],
    "world": [
      15080.7305351471,
      -9198.41745440569,
      8276.580835916993
    ]
  },
  {
    "index": 239,
    "centre": [
      -908.3417318621513,
      1899.510009765625,
      560.007756115067
    ],
    "world": [
      15376.539169083062,
      -9242.851502854764,
      8290.575323874109
    ]
  },
  {
    "index": 240,
    "centre": [
      -862.989295212361,
      1899.510009765625,
      451.30954063875123
    ],
    "world": [
      15279.149130977115,
      -9210.72226391077,
      8232.652648139863
    ]
  },
  {
    "index": 241,
    "centre": [
      -772.0600877539601,
      1899.510009765625,
      736.6251863056231
    ],
    "world": [
      15574.093986399605,
      -9235.529678582378,
      8187.207618609172
    ]
  },
  {
    "index": 242,
    "centre": [
      -750.300557667687,
      1899.510009765625,
      620.8744581514369
    ],
    "world": [
      15465.41711215318,
      -9208.838597527681,
      8150.4839264355505
    ]
  },
  {
    "index": 243,
    "centre": [
      -602.0364243150799,
      1899.510009765625,
      881.0478170931001
    ],
    "world": [
      15746.60566420485,
      -9212.933997797907,
      8047.582786339926
    ]
  },
  {
    "index": 244,
    "centre": [
      -604.8177595056346,
      1899.510009765625,
      763.3020371587462
    ],
    "world": [
      15631.390858299512,
      -9192.846493464704,
      8033.660025946548
    ]
  },
  {
    "index": 114,
    "centre": [
      950.0185039882032,
      1976.18994140625,
      910.099883668754
    ],
    "world": [
      16075.216488236358,
      -8705.813612083357,
      6615.646322033437
    ]
  },
  {
    "index": 115,
    "centre": [
      1073.1280326854214,
      1976.18994140625,
      583.9956708592753
    ],
    "world": [
      15780.612947467582,
      -8613.094873351904,
      6454.054589715393
    ]
  },
  {
    "index": 116,
    "centre": [
      885.2635272637617,
      1976.18994140625,
      567.4311771538379
    ],
    "world": [
      15729.305420709205,
      -8663.41730455082,
      6628.418127909348
    ]
  },
  {
    "index": 245,
    "centre": [
      -405.6994716546572,
      1976.18994140625,
      986.9658905937526
    ],
    "world": [
      15896.27022981281,
      -9103.7855115483,
      7901.521944625709
    ]
  },
  {
    "index": 246,
    "centre": [
      -432.90192578659224,
      1976.18994140625,
      872.3694901326268
    ],
    "world": [
      15779.55101076502,
      -9091.179729793135,
      7911.010082912923
    ]
  },
  {
    "index": 247,
    "centre": [
      -191.63339704849923,
      1976.18994140625,
      1049.750793539585
    ],
    "world": [
      15997.505745866401,
      -9054.229733075092,
      7709.007477154797
    ]
  },
  {
    "index": 248,
    "centre": [
      -242.06437057654838,
      1976.18994140625,
      943.3135815809542
    ],
    "world": [
      15884.385360668086,
      -9049.655799519072,
      7741.4885326999465
    ]
  },
  {
    "index": 249,
    "centre": [
      30.810140881314396,
      1976.18994140625,
      1066.6543579101562
    ],
    "world": [
      16055.617506993356,
      -8994.164320667962,
      7502.169316492502
    ]
  },
  {
    "index": 250,
    "centre": [
      -40.65058667922849,
      1976.18994140625,
      973.0289949020031
    ],
    "world": [
      15951.039686788967,
      -8997.823793138996,
      7556.22882411305
    ]
  },
  {
    "index": 251,
    "centre": [
      251.90531986002804,
      1976.18994140625,
      1036.939084953347
    ],
    "world": [
      16068.066241942699,
      -8926.215772040096,
      7290.051196892649
    ]
  },
  {
    "index": 252,
    "centre": [
      162.54210626560334,
      1976.18994140625,
      960.2168175945935
    ],
    "world": [
      15976.601690699032,
      -8937.947442293134,
      7363.322560134053
    ]
  },
  {
    "index": 253,
    "centre": [
      461.99238919354326,
      1976.18994140625,
      961.9023934793728
    ],
    "world": [
      16034.30722667069,
      -8853.352639100354,
      7081.920537045908
    ]
  },
  {
    "index": 254,
    "centre": [
      358.6297628211271,
      1976.18994140625,
      905.4402189759313
    ],
    "world": [
      15959.956676648582,
      -8872.645178957258,
      7171.20436638016
    ]
  },
  {
    "index": 255,
    "centre": [
      651.8881674891287,
      1976.18994140625,
      844.8284710052158
    ],
    "world": [
      15955.820237550217,
      -8778.760615878526,
      6886.875596013251
    ]
  },
  {
    "index": 256,
    "centre": [
      539.0451813705663,
      1976.18994140625,
      811.0891289497669
    ],
    "world": [
      15901.828665400359,
      -8804.769518476269,
      6988.267552934262
    ]
  },
  {
    "index": 506,
    "centre": [
      695.900664195974,
      1976.18994140625,
      681.2913963451202
    ],
    "world": [
      15804.761771766243,
      -8737.288466306241,
      6822.510452711757
    ]
  },
  {
    "index": 507,
    "centre": [
      876.212323215857,
      1976.18994140625,
      736.5473726464933
    ],
    "world": [
      15892.343928400343,
      -8695.96714952133,
      6660.68514702823
    ]
  },
  {
    "index": 117,
    "centre": [
      1152.0551012858666,
      2051.830078125,
      -406.7211389849371
    ],
    "world": [
      14839.951211237845,
      -8343.78143907465,
      6264.064206676525
    ]
  },
  {
    "index": 118,
    "centre": [
      1014.0468108965078,
      2051.830078125,
      -278.19190827729864
    ],
    "world": [
      14939.311086527525,
      -8405.69444195487,
      6411.916983321454
    ]
  },
  {
    "index": 119,
    "centre": [
      1042.3196090170918,
      2051.830078125,
      -637.3594884635536
    ],
    "world": [
      14594.74559367208,
      -8333.999711160926,
      6334.876924380987
    ]
  },
  {
    "index": 120,
    "centre": [
      934.0457433463538,
      2051.830078125,
      -482.9447785593143
    ],
    "world": [
      14724.886990881592,
      -8392.07248009543,
      6458.399793405516
    ]
  },
  {
    "index": 121,
    "centre": [
      887.0302352975197,
      2051.830078125,
      -840.1418375917045
    ],
    "world": [
      14368.14532920744,
      -8342.071225459169,
      6452.446622825932
    ]
  },
  {
    "index": 122,
    "centre": [
      813.2243313619086,
      2051.830078125,
      -666.5900819480125
    ],
    "world": [
      14523.380940534991,
      -8393.765331678667,
      6546.239711165505
    ]
  },
  {
    "index": 123,
    "centre": [
      1171.099701908008,
      2051.830078125,
      348.1192039383129
    ],
    "world": [
      15578.79338792941,
      -8472.21347715817,
      6352.177828150069
    ]
  },
  {
    "index": 124,
    "centre": [
      983.8964275100137,
      2051.830078125,
      370.97808066779794
    ],
    "world": [
      15566.011265086692,
      -8529.338107378713,
      6531.4569017447575
    ]
  },
  {
    "index": 125,
    "centre": [
      1217.8858139842027,
      2051.830078125,
      97.02538249596869
    ],
    "world": [
      15342.966727133182,
      -8414.431438008478,
      6272.905760132667
    ]
  },
  {
    "index": 126,
    "centre": [
      1039.525825808431,
      2051.830078125,
      158.3070680546726
    ],
    "world": [
      15369.267238660044,
      -8475.861271506918,
      6449.264448403053
    ]
  },
  {
    "index": 127,
    "centre": [
      1211.4439086914188,
      2145.39990234375,
      -158.3071667238407
    ],
    "world": [
      15104.92267193909,
      -8282.803938819321,
      6272.0456211020155
    ]
  },
  {
    "index": 128,
    "centre": [
      1049.7233739469832,
      2145.39990234375,
      -61.28161039008503
    ],
    "world": [
      15169.155924836485,
      -8345.853806844625,
      6437.775192431959
    ]
  },
  {
    "index": 223,
    "centre": [
      742.8205148522717,
      2200.0,
      -969.9860778614863
    ],
    "world": [
      14233.474516452921,
      -8220.292060501482,
      6615.67620675882
    ]
  },
  {
    "index": 224,
    "centre": [
      577.9343129809591,
      2200.0,
      -878.4502770604546
    ],
    "world": [
      14291.767613537364,
      -8283.266071028005,
      6783.612054073822
    ]
  },
  {
    "index": 225,
    "centre": [
      468.6248325228333,
      2200.0,
      -1128.2966952822128
    ],
    "world": [
      14027.931515096274,
      -8269.95803086913,
      6851.326119798259
    ]
  },
  {
    "index": 226,
    "centre": [
      471.79068692070604,
      2200.0,
      -939.7301042034111
    ],
    "world": [
      14212.203609391323,
      -8302.492862838904,
      6874.834776302744
    ]
  },
  {
    "index": 227,
    "centre": [
      223.79734098413056,
      2200.0,
      -1201.0728982527855
    ],
    "world": [
      13911.204440168252,
      -8326.463188812024,
      7071.368909161188
    ]
  },
  {
    "index": 228,
    "centre": [
      266.0996932097764,
      2200.0,
      -1017.2862231028226
    ],
    "world": [
      14098.147711888896,
      -8347.055423353824,
      7057.397542287199
    ]
  },
  {
    "index": 229,
    "centre": [
      30.809815095963007,
      2400.0,
      -1221.354261952926
    ],
    "world": [
      13880.703463779828,
      -8189.090882818282,
      7311.897602682973
    ]
  },
  {
    "index": 230,
    "centre": [
      -48.78002077885403,
      2400.0,
      -1050.3793131510417
    ],
    "world": [
      14032.346174556325,
      -8241.967863127633,
      7410.768650624032
    ]
  },
  {
    "index": 231,
    "centre": [
      -284.06961965688697,
      2400.0,
      -1188.2627237705537
    ],
    "world": [
      13853.985023873052,
      -8284.22571280831,
      7612.695860685914
    ]
  },
  {
    "index": 232,
    "centre": [
      -170.6726169762297,
      2400.0,
      -1037.5686672529737
    ],
    "world": [
      14022.003836269125,
      -8278.795501858656,
      7527.210386743669
    ]
  },
  {
    "index": 233,
    "centre": [
      -524.9145654521027,
      2400.0,
      -1103.2340251966373
    ],
    "world": [
      13891.718528712549,
      -8367.580207781382,
      7851.158382739705
    ]
  },
  {
    "index": 234,
    "centre": [
      -382.66374715784394,
      2400.0,
      -979.4114371839077
    ],
    "world": [
      14038.964385242249,
      -8349.205750010677,
      7734.760950913343
    ]
  },
  {
    "index": 267,
    "centre": [
      -28.03699217572867,
      2500.0,
      -853.021752281176
    ],
    "world": [
      14241.16534310829,
      -8176.834154009288,
      7449.914886064194
    ]
  },
  {
    "index": 268,
    "centre": [
      30.80934006347388,
      2500.0,
      -826.6394502387194
    ],
    "world": [
      14277.881197558114,
      -8164.828828622967,
      7398.274450710319
    ]
  },
  {
    "index": 269,
    "centre": [
      -204.776922410501,
      2500.0,
      -828.5516736598047
    ],
    "world": [
      14231.911630510678,
      -8231.278105505076,
      7619.579292804011
    ]
  },
  {
    "index": 270,
    "centre": [
      -141.7314367955734,
      2500.0,
      -814.9812506118716
    ],
    "world": [
      14256.933833925148,
      -8215.810815725323,
      7562.189906456496
    ]
  },
  {
    "index": 271,
    "centre": [
      -372.5675504837186,
      2500.0,
      -767.8699940727129
    ],
    "world": [
      14259.606502364786,
      -8289.605163767406,
      7785.913016276236
    ]
  },
  {
    "index": 272,
    "centre": [
      -308.07803664154585,
      2500.0,
      -767.7032948070631
    ],
    "world": [
      14271.84272949409,
      -8271.352050457526,
      7725.28279644223
    ]
  },
  {
    "index": 317,
    "centre": [
      268.2286719868814,
      2500.0,
      -111.53342260743375
    ],
    "world": [
      15018.903410144829,
      -8224.307211320778,
      7275.421304073179
    ]
  },
  {
    "index": 318,
    "centre": [
      -262.3621327481424,
      2500.0,
      -55.76766727696454
    ],
    "world": [
      14973.885634381957,
      -8384.615929006315,
      7782.285113289205
    ]
  },
  {
    "index": 319,
    "centre": [
      -262.36221412972344,
      2500.0,
      55.76717153029156
    ],
    "world": [
      15082.529730471313,
      -8404.390777200708,
      7797.951456326728
    ]
  },
  {
    "index": 320,
    "centre": [
      268.2303354831635,
      2500.0,
      111.53257674152458
    ],
    "world": [
      15236.188361305938,
      -8263.855737821556,
      7306.751755863993
    ]
  },
  {
    "index": 475,
    "centre": [
      245.02845376384025,
      2500.0,
      -220.62878624857385
    ],
    "world": [
      14908.291959796208,
      -8211.54212136434,
      7281.917941840567
    ]
  },
  {
    "index": 476,
    "centre": [
      -262.3701444370073,
      2500.0,
      -273.95697530110675
    ],
    "world": [
      14761.34979335906,
      -8345.933826383696,
      7751.645615790425
    ]
  },
  {
    "index": 477,
    "centre": [
      217.00466393665843,
      2500.0,
      -375.8480607786145
    ],
    "world": [
      14751.84894648638,
      -8191.966861243871,
      7286.472643092495
    ]
  },
  {
    "index": 478,
    "centre": [
      -245.03767714362218,
      2500.0,
      -424.40852778794897
    ],
    "world": [
      14618.042617602821,
      -8314.345447921449,
      7714.21155814088
    ]
  },
  {
    "index": 479,
    "centre": [
      179.47998731923715,
      2500.0,
      -514.6409912109375
    ],
    "world": [
      14609.627770138633,
      -8177.997432899607,
      7302.2703685715815
    ]
  },
  {
    "index": 480,
    "centre": [
      -216.99174201880518,
      2500.0,
      -556.3116910312806
    ],
    "world": [
      14494.80889497697,
      -8283.00839858325,
      7669.306597436046
    ]
  },
  {
    "index": 481,
    "centre": [
      134.11503656964908,
      2500.0,
      -630.9423180268776
    ],
    "world": [
      14487.847395672834,
      -8170.23840953871,
      7328.6012108360555
    ]
  },
  {
    "index": 482,
    "centre": [
      -179.48307922178097,
      2500.0,
      -663.9008636474609
    ],
    "world": [
      14397.03062975709,
      -8253.299486623655,
      7618.9169196389275
    ]
  },
  {
    "index": 483,
    "centre": [
      82.89051911844858,
      2500.0,
      -719.6678771972656
    ],
    "world": [
      14391.831049013215,
      -8169.029672463472,
      7364.316401719387
    ]
  },
  {
    "index": 484,
    "centre": [
      -134.11050806335808,
      2500.0,
      -742.47444265667
    ],
    "world": [
      14328.988236181021,
      -8226.505556112916,
      7565.206635876021
    ]
  },
  {
    "index": 485,
    "centre": [
      28.039272145389294,
      2500.0,
      -776.9403279622396
    ],
    "world": [
      14325.773615115704,
      -8174.4256581164755,
      7407.860528856643
    ]
  },
  {
    "index": 486,
    "centre": [
      -82.8894102308619,
      2500.0,
      -788.5980621267186
    ],
    "world": [
      14293.64974572661,
      -8203.806868154366,
      7510.553645183121
    ]
  },
  {
    "index": 487,
    "centre": [
      -245.03828338010314,
      2500.0,
      220.62839054623024
    ],
    "world": [
      15246.361543374058,
      -8428.708920029436,
      7804.814494097319
    ]
  },
  {
    "index": 488,
    "centre": [
      262.366055694826,
      2500.0,
      273.9575064430982
    ],
    "world": [
      15393.305687451126,
      -8294.315751808932,
      7335.081550929644
    ]
  },
  {
    "index": 489,
    "centre": [
      -217.0050350122472,
      2500.0,
      375.8479919433594
    ],
    "world": [
      15402.80664592514,
      -8448.281556622194,
      7800.2509428170215
    ]
  },
  {
    "index": 490,
    "centre": [
      245.0359583462956,
      2500.0,
      424.40781424063545
    ],
    "world": [
      15536.612094483098,
      -8325.903237715756,
      7372.51320477025
    ]
  },
  {
    "index": 491,
    "centre": [
      -179.48002442653478,
      2500.0,
      514.6410460401307
    ],
    "world": [
      15545.02800525841,
      -8462.25091221238,
      7784.4529206043
    ]
  },
  {
    "index": 492,
    "centre": [
      216.99934053690308,
      2500.0,
      556.311841464916
    ],
    "world": [
      15659.848403102846,
      -8357.237798792197,
      7417.409523715204
    ]
  },
  {
    "index": 493,
    "centre": [
      -134.11792672712465,
      2500.0,
      630.9419759114584
    ],
    "world": [
      15666.807458914061,
      -8470.010674030997,
      7758.124705933541
    ]
  },
  {
    "index": 494,
    "centre": [
      179.47768487192332,
      2500.0,
      663.9000298616694
    ],
    "world": [
      15757.623277062785,
      -8386.95021970855,
      7467.811283311631
    ]
  },
  {
    "index": 495,
    "centre": [
      -82.88716475567641,
      2500.0,
      719.6673434494761
    ],
    "world": [
      15762.824788018832,
      -8471.217606819351,
      7722.403615041367
    ]
  },
  {
    "index": 496,
    "centre": [
      134.11172645394666,
      2500.0,
      742.4745830095004
    ],
    "world": [
      15825.667857579763,
      -8413.742448230645,
      7521.51548449254
    ]
  },
  {
    "index": 497,
    "centre": [
      -28.0393713275182,
      2500.0,
      776.9403279622396
    ],
    "world": [
      15828.882095251425,
      -8465.822694872553,
      7678.862811000468
    ]
  },
  {
    "index": 498,
    "centre": [
      82.89002141462203,
      2500.0,
      788.5980125330967
    ],
    "world": [
      15861.00604932829,
      -8436.441274654313,
      7576.169019595181
    ]
  },
  {
    "index": 259,
    "centre": [
      615.1587033178934,
      2550.0,
      -591.6180785469526
    ],
    "world": [
      14622.56090017642,
      -7993.713392394369,
      6897.161086717082
    ]
  },
  {
    "index": 260,
    "centre": [
      634.9285322379452,
      2550.0,
      -530.2333089634288
    ],
    "world": [
      14686.056061803749,
      -7998.992032716649,
      6887.189330846602
    ]
  },
  {
    "index": 263,
    "centre": [
      321.34187448446596,
      2550.0,
      -790.6769891175345
    ],
    "world": [
      14373.652200039887,
      -8041.717362657284,
      7145.541531783967
    ]
  },
  {
    "index": 264,
    "centre": [
      364.370505991886,
      2550.0,
      -742.6412911695379
    ],
    "world": [
      14428.498824240984,
      -8038.035417310277,
      7111.819401879982
    ]
  },
  {
    "index": 275,
    "centre": [
      -652.6780559942107,
      2550.0,
      -549.9473420440437
    ],
    "world": [
      14425.784839056903,
      -8360.531088720985,
      8095.439172466393
    ]
  },
  {
    "index": 276,
    "centre": [
      -593.696604846958,
      2550.0,
      -576.026103745224
    ],
    "world": [
      14411.424597557032,
      -8339.186252702193,
      8036.302935096555
    ]
  },
  {
    "index": 279,
    "centre": [
      -819.9352802380175,
      2550.0,
      -236.93333706138458
    ],
    "world": [
      14699.372025427803,
      -8463.444766412047,
      8296.71400561134
    ]
  },
  {
    "index": 280,
    "centre": [
      -776.6599562800584,
      2550.0,
      -284.7468312527091
    ],
    "world": [
      14660.899835172768,
      -8442.699081758701,
      8249.296807800718
    ]
  },
  {
    "index": 283,
    "centre": [
      -845.4172508827472,
      2550.0,
      117.04773972882556
    ],
    "world": [
      15039.407941152273,
      -8533.428749295374,
      8370.400737227656
    ]
  },
  {
    "index": 284,
    "centre": [
      -825.3308463468035,
      2550.0,
      55.76632364960225
    ],
    "world": [
      14983.475413488979,
      -8516.869258162882,
      8342.901452106926
    ]
  },
  {
    "index": 287,
    "centre": [
      -724.72018738624,
      2550.0,
      450.7905768377637
    ],
    "world": [
      15387.09806027921,
      -8558.383036884854,
      8303.76058295857
    ]
  },
  {
    "index": 288,
    "centre": [
      -731.2957046715774,
      2550.0,
      386.63767042803465
    ],
    "world": [
      15323.376769481994,
      -8548.87304825102,
      8300.934019092994
    ]
  },
  {
    "index": 291,
    "centre": [
      -478.71105721894975,
      2550.0,
      706.5880522042904
    ],
    "world": [
      15682.324144158634,
      -8533.992062745288,
      8108.313743801073
    ]
  },
  {
    "index": 292,
    "centre": [
      -510.8109659439415,
      2550.0,
      650.6560733372964
    ],
    "world": [
      15621.831988625576,
      -8533.175744335775,
      8130.64808114777
    ]
  },
  {
    "index": 295,
    "centre": [
      -149.92896740752556,
      2550.0,
      840.209681133404
    ],
    "world": [
      15874.037809129062,
      -8464.473646870629,
      7817.856425507559
    ]
  },
  {
    "index": 296,
    "centre": [
      -202.00399127252422,
      2550.0,
      802.1693979550051
    ],
    "world": [
      15827.233858820322,
      -8472.492389218416,
      7861.490825716842
    ]
  },
  {
    "index": 299,
    "centre": [
      204.77706247174362,
      2550.0,
      828.5514304250687
    ],
    "world": [
      15929.09044500676,
      -8361.848108063961,
      7482.611020340896
    ]
  },
  {
    "index": 300,
    "centre": [
      141.73113552406252,
      2550.0,
      814.9810565155852
    ],
    "world": [
      15904.068206830034,
      -8377.31553167292,
      7540.000828672421
    ]
  },
  {
    "index": 303,
    "centre": [
      524.0759010997458,
      2550.0,
      673.6292411060567
    ],
    "world": [
      15837.963214247831,
      -8243.860139723345,
      7160.543803591952
    ]
  },
  {
    "index": 304,
    "centre": [
      460.96053825008465,
      2550.0,
      686.8745319754053
    ],
    "world": [
      15839.048640336507,
      -8264.101593099505,
      7221.765465970787
    ]
  },
  {
    "index": 307,
    "centre": [
      752.755719858727,
      2550.0,
      402.23077514813446
    ],
    "world": [
      15616.412641386583,
      -8130.9115823245165,
      6907.345182423672
    ]
  },
  {
    "index": 308,
    "centre": [
      700.484881716512,
      2550.0,
      440.0017063286293
    ],
    "world": [
      15643.41839173558,
      -8152.426960861629,
      6961.812249356643
    ]
  },
  {
    "index": 311,
    "centre": [
      851.2785869660951,
      2550.0,
      61.282498444458774
    ],
    "world": [
      15302.746599728116,
      -8042.531308412032,
      6766.7926723960145
    ]
  },
  {
    "index": 312,
    "centre": [
      818.8894604532511,
      2550.0,
      117.04750058782706
    ],
    "world": [
      15351.002347470177,
      -8061.6005552553515,
      6805.088065774737
    ]
  },
  {
    "index": 313,
    "centre": [
      802.6078326339831,
      2550.0,
      -290.2623122859549
    ],
    "world": [
      14951.200794701124,
      -7994.001441641052,
      6763.190211951137
    ]
  },
  {
    "index": 314,
    "centre": [
      795.7017577553244,
      2550.0,
      -226.14346002808406
    ],
    "world": [
      15012.364864858004,
      -8007.327401254925,
      6778.691690613508
    ]
  },
  {
    "index": 257,
    "centre": [
      845.4177448558853,
      2600.0,
      -117.04851431676643
    ],
    "world": [
      15134.286797622195,
      -7965.453212792672,
      6762.723633353492
    ]
  },
  {
    "index": 258,
    "centre": [
      825.3308463468035,
      2600.0,
      -55.76663964958917
    ],
    "world": [
      15190.219679505311,
      -7982.012925272122,
      6790.223447479115
    ]
  },
  {
    "index": 261,
    "centre": [
      478.7117647717458,
      2600.0,
      -706.5883721760201
    ],
    "world": [
      14491.371077436219,
      -7964.889919395509,
      7024.810489760011
    ]
  },
  {
    "index": 262,
    "centre": [
      510.8125273525104,
      2600.0,
      -650.6558832330046
    ],
    "world": [
      14551.863889685785,
      -7965.706086173446,
      7002.475420991109
    ]
  },
  {
    "index": 265,
    "centre": [
      149.92890802153474,
      2600.0,
      -840.2102839246973
    ],
    "world": [
      14299.656993388538,
      -8034.408502552878,
      7315.268489649234
    ]
  },
  {
    "index": 266,
    "centre": [
      202.00399127252422,
      2600.0,
      -802.1693979550051
    ],
    "world": [
      14346.46154198396,
      -8026.389850242529,
      7271.634118254792
    ]
  },
  {
    "index": 273,
    "centre": [
      -524.0759010997458,
      2600.0,
      -673.6292411060567
    ],
    "world": [
      14335.73218655645,
      -8255.0220997376,
      7972.5811403796815
    ]
  },
  {
    "index": 274,
    "centre": [
      -460.9602727229289,
      2600.0,
      -686.874782290668
    ],
    "world": [
      14334.646566352603,
      -8234.78052670472,
      7911.359193107955
    ]
  },
  {
    "index": 277,
    "centre": [
      -752.755722961581,
      2600.0,
      -402.22978883195793
    ],
    "world": [
      14557.283719589897,
      -8367.970832887271,
      8225.779903004961
    ]
  },
  {
    "index": 278,
    "centre": [
      -700.485336972506,
      2600.0,
      -440.0021111063589
    ],
    "world": [
      14530.276529547997,
      -8346.455335897628,
      8171.313065936673
    ]
  },
  {
    "index": 281,
    "centre": [
      -851.2785774568548,
      2600.0,
      -61.28168741861979
    ],
    "world": [
      14870.949592862411,
      -8456.351072145746,
      8366.332376549288
    ]
  },
  {
    "index": 282,
    "centre": [
      -818.8899092603378,
      2600.0,
      -117.04841094990188
    ],
    "world": [
      14822.692082540021,
      -8437.281650036915,
      8328.037172438504
    ]
  },
  {
    "index": 285,
    "centre": [
      -802.6080906735915,
      2600.0,
      290.26224874211925
    ],
    "world": [
      15222.494495895571,
      -8504.880859707537,
      8369.934965786324
    ]
  },
  {
    "index": 286,
    "centre": [
      -795.700890561112,
      2600.0,
      226.1440902682174
    ],
    "world": [
      15161.331312209764,
      -8491.55470409779,
      8354.432526269202
    ]
  },
  {
    "index": 289,
    "centre": [
      -615.1574006270545,
      2600.0,
      591.6181003470028
    ],
    "world": [
      15551.134765755138,
      -8505.168481621005,
      8235.962635110684
    ]
  },
  {
    "index": 290,
    "centre": [
      -634.9294749334325,
      2600.0,
      530.232584292932
    ],
    "world": [
      15487.638456618608,
      -8499.890345514761,
      8245.936397960604
    ]
  },
  {
    "index": 293,
    "centre": [
      -321.34213505656254,
      2600.0,
      790.6774728260202
    ],
    "world": [
      15800.043623151465,
      -8457.165036435617,
      7987.583725202815
    ]
  },
  {
    "index": 294,
    "centre": [
      -364.36971944764076,
      2600.0,
      742.6408691282113
    ],
    "world": [
      15745.19631271861,
      -8460.846524339913,
      8021.304743051343
    ]
  },
  {
    "index": 297,
    "centre": [
      28.037122957526332,
      2600.0,
      853.0207253562193
    ],
    "world": [
      15926.18252458243,
      -8369.16989477426,
      7667.742558196242
    ]
  },
  {
    "index": 298,
    "centre": [
      -30.810200418943236,
      2600.0,
      826.6390177408854
    ],
    "world": [
      15889.467063590952,
      -8381.175606536648,
      7719.384009227555
    ]
  },
  {
    "index": 301,
    "centre": [
      372.5675504837186,
      2600.0,
      767.8699940727129
    ],
    "world": [
      15907.742341150133,
      -8256.399104163578,
      7331.744695229654
    ]
  },
  {
    "index": 302,
    "centre": [
      308.07803664154585,
      2600.0,
      767.7032948070631
    ],
    "world": [
      15895.506114020829,
      -8274.652217473458,
      7392.3749150636595
    ]
  },
  {
    "index": 305,
    "centre": [
      652.6781437684492,
      2600.0,
      549.9480219364665
    ],
    "world": [
      15747.911240451805,
      -8138.351246399197,
      7037.685784450069
    ]
  },
  {
    "index": 306,
    "centre": [
      593.6966036788666,
      2600.0,
      576.0261506503796
    ],
    "world": [
      15762.270848718039,
      -8159.695995406061,
      7096.822016562024
    ]
  },
  {
    "index": 309,
    "centre": [
      819.9352293139171,
      2600.0,
      236.934291152834
    ],
    "world": [
      15474.324295205957,
      -8035.437656643628,
      6836.4111202677905
    ]
  },
  {
    "index": 310,
    "centre": [
      776.6599592818379,
      2600.0,
      284.7478455536471
    ],
    "world": [
      15512.796554206094,
      -8056.1833366840565,
      6883.828275817149
    ]
  },
  {
    "index": 315,
    "centre": [
      724.7195781666506,
      2600.0,
      -450.79175261882756
    ],
    "world": [
      14786.596081158319,
      -7940.499166826017,
      6829.364768844782
    ]
  },
  {
    "index": 316,
    "centre": [
      731.2957046715774,
      2600.0,
      -386.63767042803465
    ],
    "world": [
      14850.318631322287,
      -7950.009191209925,
      6832.190924878639
    ]
  }
]
