[0m[38;5;2;1m[  1%]:[0m [38;5;5;1m<smg-pc-npc-actor-real-or-absent-tests>[0m cache compiling.debug tests/NPCActorRealOrAbsentTests.cpp[0m
[0m[38;5;3;1mIn file included from tests/NPCActorRealOrAbsentTests.cpp:14:
In file included from src/Game/System/ResourceHolder.hpp:5:
src/JSystem/JKernel/JKRArchive.hpp:122:33: warning: 'getResource' overrides a member function but is not marked 'override' [-Winconsistent-missing-override]
  122 |     [[nodiscard]] virtual void *getResource(const char *pPath) const {
      |                                 ^
src/JSystem/JKernel/JKRFileLoader.hpp:14:19: note: overridden virtual function is here
   14 |     virtual void* getResource(const char*) const = 0;
      |                   ^
In file included from tests/NPCActorRealOrAbsentTests.cpp:14:
In file included from src/Game/System/ResourceHolder.hpp:5:
src/JSystem/JKernel/JKRArchive.hpp:127:33: warning: 'getResource' overrides a member function but is not marked 'override' [-Winconsistent-missing-override]
  127 |     [[nodiscard]] virtual void *getResource(std::uint32_t, const char *pPath) const {
      |                                 ^
src/JSystem/JKernel/JKRFileLoader.hpp:15:19: note: overridden virtual function is here
   15 |     virtual void* getResource(u32, const char*) const = 0;
      |                   ^[0m
[0m[38;5;2;1m[ 94%]:[0m [38;5;5;1m<smg-pc-npc-actor-real-or-absent-tests>[0m [38;5;5;1mlinking.debug smg-pc-npc-actor-real-or-absent-tests[0m
[0m[38;5;2;1mcreate ok![0m
[0m[38;5;2;1m[100%]:[0m [38;5;2;1mbuild ok, spent 4.935s[0m
