(lldb) target create "build/macosx/arm64/debug/smg-pc-talk-real-or-absent-tests"
Current executable set to '/Users/frityet/Projects/petari/build/macosx/arm64/debug/smg-pc-talk-real-or-absent-tests' (arm64).
(lldb) breakpoint set -n __cxa_throw
Breakpoint 1: 2 locations.
(lldb) run
[src/app/Application.cpp:59][APP - INFO] Opened Aurora disc image /Users/frityet/Projects/petari/Super Mario Wii - Galaxy Adventure (Korea).rvz
[aurora:info:aurora] Aurora initializing
[aurora:info:aurora::system_info] CPU model: Apple M5 Max
[aurora:info:aurora::system_info] Memory: 131072 MiB
[aurora:info:aurora::system_info] Architecture: aarch64
[aurora:info:aurora::system_info] OS: macOS Version 27.0 (Build 26A428)
2026-09-25 14:50:17.192640+0100 smg-pc-talk-real-or-absent-tests[27554:5838413] [Connection] Unable to get synchronousRemoteObjectProxy, error: Error Domain=NSCocoaErrorDomain Code=4097 "connection to service named com.apple.linkd.autoShortcut" UserInfo={NSDebugDescription=connection to service named com.apple.linkd.autoShortcut}
2026-09-25 14:50:17.192809+0100 smg-pc-talk-real-or-absent-tests[27554:5838413] [Application] Error registering app with intents framework: Error Domain=NSCocoaErrorDomain Code=4097 "connection to service named com.apple.linkd.autoShortcut" UserInfo={NSDebugDescription=connection to service named com.apple.linkd.autoShortcut}
2026-09-25 14:50:17.192959+0100 smg-pc-talk-real-or-absent-tests[27554:5838414] [Connection] Unable to get synchronousRemoteObjectProxy, error: Error Domain=NSCocoaErrorDomain Code=4097 "connection to service named com.apple.linkd.autoShortcut" UserInfo={NSDebugDescription=connection to service named com.apple.linkd.autoShortcut}
2026-09-25 14:50:17.192973+0100 smg-pc-talk-real-or-absent-tests[27554:5838414] [Connection] Unable to re-register with Process Instance Registry, error: Error Domain=NSCocoaErrorDomain Code=4097 "connection to service named com.apple.linkd.autoShortcut" UserInfo={NSDebugDescription=connection to service named com.apple.linkd.autoShortcut}
2026-09-25 14:50:17.193210+0100 smg-pc-talk-real-or-absent-tests[27554:5838415] [Connection] Unable to get synchronousRemoteObjectProxy, error: Error Domain=NSCocoaErrorDomain Code=4097 "connection to service named com.apple.linkd.autoShortcut" UserInfo={NSDebugDescription=connection to service named com.apple.linkd.autoShortcut}
2026-09-25 14:50:17.193219+0100 smg-pc-talk-real-or-absent-tests[27554:5838415] [Connection] Unable to re-register with Process Instance Registry, error: Error Domain=NSCocoaErrorDomain Code=4097 "connection to service named com.apple.linkd.autoShortcut" UserInfo={NSDebugDescription=connection to service named com.apple.linkd.autoShortcut}
2026-09-25 14:50:17.193456+0100 smg-pc-talk-real-or-absent-tests[27554:5838415] [Connection] Will NOT re-try to establish the connection
2026-09-25 14:50:17.193480+0100 smg-pc-talk-real-or-absent-tests[27554:5838413] [Connection] Unable to get synchronousRemoteObjectProxy, error: Error Domain=NSCocoaErrorDomain Code=4097 "connection to service named com.apple.linkd.autoShortcut" UserInfo={NSDebugDescription=connection to service named com.apple.linkd.autoShortcut}
2026-09-25 14:50:17.193490+0100 smg-pc-talk-real-or-absent-tests[27554:5838413] [Connection] Unable to re-register with Process Instance Registry, error: Error Domain=NSCocoaErrorDomain Code=4097 "connection to service named com.apple.linkd.autoShortcut" UserInfo={NSDebugDescription=connection to service named com.apple.linkd.autoShortcut}
2026-09-25 14:50:17.959620+0100 smg-pc-talk-real-or-absent-tests[27554:5838391] [WindowTab] Cannot index window tabs due to missing main bundle identifier
[aurora:info:aurora::gpu] Creating WebGPU instance
[aurora:info:aurora::gpu] Attempting to initialize Metal
[aurora:info:aurora::gpu] Requesting adapter
  Feature level: Compatibility
  Power preference: HighPerformance
  Backend: Metal
  Compatible surface: true
[aurora:info:aurora::gpu] Graphics adapter information
  API: Metal
  Device: Apple M5 Max (IntegratedGPU)
  Driver: Metal driver on macOS Version 27.0 (Build 26A428)
[aurora:info:aurora::gpu] Using limits:
  maxTextureDimension1D: 16384
  maxTextureDimension2D: 16384
  maxTextureDimension3D: 2048
  maxTextureArrayLayers: 2048
  maxStorageBuffersPerShaderStage: 2
  minUniformBufferOffsetAlignment: 256
  minStorageBufferOffsetAlignment: 256
  maxImmediateSize: 64
[aurora:info:aurora::gpu] Enabling features: 
  CoreFeaturesAndLimits
  DepthClipControl
  TextureCompressionBC
  TextureCompressionASTC
  ClipDistances
  DualSourceBlending
  TextureComponentSwizzle
[aurora:info:aurora::gpu] Using surface format BGRA8Unorm, present mode Fifo
[aurora:info:aurora::gfx::pipeline_cache] No bundled initial pipeline cache found at '/Users/frityet/Projects/petari/build/macosx/arm64/debug/initial_pipeline_cache.db'
[aurora:info:aurora] Using framebuffer size 1280x960 scale 2
[aurora:info:aurora::gpu::cache] Pruned 4 stale Dawn cache entries
[src/app/OriginalGameApplication.cpp:511][APP - INFO] Booting the original GameSystem
[original-process] Preparing original heap arenas
[original-process] Initializing SDK, layout allocator and original heap watcher
[original-process] Initialized console language 9 for disc region K
<< NW4R    - LYT 	final   build: Jul 17 2007 12:25:23 (0x4199_60831) >>
[original-process] Initializing original file and exception services
[original-process] Constructing GameSystem
[original-process] Entering GameSystem::init
[original-process] GameSystem::init completed
[src/app/OriginalGameApplication.cpp:513][APP - INFO] Running the original GameSystem frame loop
[original-process] Requesting authored stage HeavensDoorGalaxy scenario 1 through GameSequence
[original-process] Placement coverage HeavensDoorGalaxy: 187 supported, 51 known-unlinked, 0 unknown, 5 metadata rows
Process 27554 launched: '/Users/frityet/Projects/petari/build/macosx/arm64/debug/smg-pc-talk-real-or-absent-tests' (arm64)
Process 27554 stopped
* thread #1, name = 'Main thread', queue = 'com.apple.main-thread', stop reason = breakpoint 1.1
       frame #0: 0x00000001018b36e0 libc++abi.1.dylib`__cxa_throw
libc++abi.1.dylib`__cxa_throw:
->  0x1018b36e0 <+0>:  stp    x22, x21, [sp, #-0x30]!
    0x1018b36e4 <+4>:  stp    x20, x19, [sp, #0x10]
    0x1018b36e8 <+8>:  stp    x29, x30, [sp, #0x20]
    0x1018b36ec <+12>: add    x29, sp, #0x20
Target 0: (smg-pc-talk-real-or-absent-tests) stopped.
(lldb) thread backtrace
* thread #1, name = 'Main thread', queue = 'com.apple.main-thread', stop reason = breakpoint 1.1
   * frame #0: 0x00000001018b36e0 libc++abi.1.dylib`__cxa_throw
     frame #1: 0x0000000100002960 smg-pc-talk-real-or-absent-tests`(anonymous namespace)::require(condition=<unavailable>, message="the original balloon and text former populate the actual TextBox from the selected BMG message") at TalkRealOrAbsentTests.cpp:32:21 [opt]
     frame #2: 0x0000000100002648 smg-pc-talk-real-or-absent-tests`(anonymous namespace)::verify_original_talk() at TalkRealOrAbsentTests.cpp:76:5 [opt]
     frame #3: 0x0000000100002aec smg-pc-talk-real-or-absent-tests`int smgpc::test::run_stage_resource_process<void (*)()>(char const*, void (*)())::'lambda'(void*, GameSystem&, unsigned long long)::operator()(this=<unavailable>, context=0x000000016fdfe730, system=<unavailable>, (null)=<unavailable>) const at OriginalStageResourceProcessFixture.hpp:50:17 [opt] [inlined]
     frame #4: 0x0000000100002a6c smg-pc-talk-real-or-absent-tests`int smgpc::test::run_stage_resource_process<void (*)()>(char const*, void (*)())::'lambda'(void*, GameSystem&, unsigned long long)::__invoke(context=0x000000016fdfe730, system=<unavailable>, (null)=<unavailable>) at OriginalStageResourceProcessFixture.hpp:43:29 [opt]
     frame #5: 0x00000001000044cc smg-pc-talk-real-or-absent-tests`smgpc::app::(anonymous namespace)::OriginalProcess::frame(this=0x000000016fdfe198, window=0x000000016fdfe4c8, frame_index=35) at OriginalGameApplication.cpp:330:41 [opt] [inlined]
     frame #6: 0x0000000100004398 smg-pc-talk-real-or-absent-tests`smgpc::app::run_original_game(configuration=0x000000016fdfe610, logger=0x00000076b3014020, observer=<unavailable>) at OriginalGameApplication.cpp:529:21 [opt]
     frame #7: 0x0000000100001b44 smg-pc-talk-real-or-absent-tests`int smgpc::test::run_stage_resource_process<void (*)()>(label="talk-owner", verify=<unavailable>) at OriginalStageResourceProcessFixture.hpp:54:13 [opt]
     frame #8: 0x000000018a03be80 dyld`start + 6688
(lldb) frame select 1
warning: smg-pc-talk-real-or-absent-tests was compiled with optimization - stepping may behave oddly; variables may not be available.
frame #1: 0x0000000100002960 smg-pc-talk-real-or-absent-tests`(anonymous namespace)::require(condition=<unavailable>, message="the original balloon and text former populate the actual TextBox from the selected BMG message") at TalkRealOrAbsentTests.cpp:32:21 [opt]
   29  	namespace {
   30  	constexpr auto cFlow = "HeavensDoorMysteriousZone_DemoRabbit000";
   31  	void require(bool condition, std::string_view message) {
-> 32  	    if (!condition) throw std::runtime_error(std::string(message));
    	                    ^
   33  	}
   34  	void verify_original_talk() {
   35  	    const auto allocation = smgpc::scene::current_scene_allocation_domain();
(lldb) frame variable
(bool) condition = <variable not available>

(std::string_view) message = "the original balloon and text former populate the actual TextBox from the selected BMG message"
(lldb) register read x0
x0           = error: unavailable
