(lldb) target create "build/macosx/arm64/debug/smg-pc-talk-real-or-absent-tests"
Current executable set to '/Users/frityet/Projects/petari/build/macosx/arm64/debug/smg-pc-talk-real-or-absent-tests' (arm64).
(lldb) breakpoint set -n __cxa_throw
Breakpoint 1: 2 locations.
(lldb) run
[src/app/Application.cpp:59][APP - INFO] Opened Aurora disc image /Users/frityet/Projects/petari/Super Mario Wii - Galaxy Adventure (Korea).rvz
[aurora:info:aurora] Aurora initializing
[aurora:info:aurora::system_info] CPU model: Apple M5 Max
[aurora:info:aurora::system_info] Memory: 131072 MiB
[aurora:info:aurora::system_info] Architecture: aarch64
[aurora:info:aurora::system_info] OS: macOS Version 27.0 (Build 26A428)
2026-09-25 14:51:07.763975+0100 smg-pc-talk-real-or-absent-tests[27872:5841214] [Connection] Unable to get synchronousRemoteObjectProxy, error: Error Domain=NSCocoaErrorDomain Code=4097 "connection to service named com.apple.linkd.autoShortcut" UserInfo={NSDebugDescription=connection to service named com.apple.linkd.autoShortcut}
2026-09-25 14:51:07.764151+0100 smg-pc-talk-real-or-absent-tests[27872:5841214] [Application] Error registering app with intents framework: Error Domain=NSCocoaErrorDomain Code=4097 "connection to service named com.apple.linkd.autoShortcut" UserInfo={NSDebugDescription=connection to service named com.apple.linkd.autoShortcut}
2026-09-25 14:51:07.764297+0100 smg-pc-talk-real-or-absent-tests[27872:5841216] [Connection] Unable to get synchronousRemoteObjectProxy, error: Error Domain=NSCocoaErrorDomain Code=4097 "connection to service named com.apple.linkd.autoShortcut" UserInfo={NSDebugDescription=connection to service named com.apple.linkd.autoShortcut}
2026-09-25 14:51:07.764313+0100 smg-pc-talk-real-or-absent-tests[27872:5841216] [Connection] Unable to re-register with Process Instance Registry, error: Error Domain=NSCocoaErrorDomain Code=4097 "connection to service named com.apple.linkd.autoShortcut" UserInfo={NSDebugDescription=connection to service named com.apple.linkd.autoShortcut}
2026-09-25 14:51:07.764530+0100 smg-pc-talk-real-or-absent-tests[27872:5841215] [Connection] Unable to get synchronousRemoteObjectProxy, error: Error Domain=NSCocoaErrorDomain Code=4097 "connection to service named com.apple.linkd.autoShortcut" UserInfo={NSDebugDescription=connection to service named com.apple.linkd.autoShortcut}
2026-09-25 14:51:07.764539+0100 smg-pc-talk-real-or-absent-tests[27872:5841215] [Connection] Unable to re-register with Process Instance Registry, error: Error Domain=NSCocoaErrorDomain Code=4097 "connection to service named com.apple.linkd.autoShortcut" UserInfo={NSDebugDescription=connection to service named com.apple.linkd.autoShortcut}
2026-09-25 14:51:07.764729+0100 smg-pc-talk-real-or-absent-tests[27872:5841215] [Connection] Will NOT re-try to establish the connection
2026-09-25 14:51:07.764752+0100 smg-pc-talk-real-or-absent-tests[27872:5841214] [Connection] Unable to get synchronousRemoteObjectProxy, error: Error Domain=NSCocoaErrorDomain Code=4097 "connection to service named com.apple.linkd.autoShortcut" UserInfo={NSDebugDescription=connection to service named com.apple.linkd.autoShortcut}
2026-09-25 14:51:07.764760+0100 smg-pc-talk-real-or-absent-tests[27872:5841214] [Connection] Unable to re-register with Process Instance Registry, error: Error Domain=NSCocoaErrorDomain Code=4097 "connection to service named com.apple.linkd.autoShortcut" UserInfo={NSDebugDescription=connection to service named com.apple.linkd.autoShortcut}
2026-09-25 14:51:08.532912+0100 smg-pc-talk-real-or-absent-tests[27872:5841187] [WindowTab] Cannot index window tabs due to missing main bundle identifier
[aurora:info:aurora::gpu] Creating WebGPU instance
[aurora:info:aurora::gpu] Attempting to initialize Metal
[aurora:info:aurora::gpu] Requesting adapter
  Feature level: Compatibility
  Power preference: HighPerformance
  Backend: Metal
  Compatible surface: true
[aurora:info:aurora::gpu] Graphics adapter information
  API: Metal
  Device: Apple M5 Max (IntegratedGPU)
  Driver: Metal driver on macOS Version 27.0 (Build 26A428)
[aurora:info:aurora::gpu] Using limits:
  maxTextureDimension1D: 16384
  maxTextureDimension2D: 16384
  maxTextureDimension3D: 2048
  maxTextureArrayLayers: 2048
  maxStorageBuffersPerShaderStage: 2
  minUniformBufferOffsetAlignment: 256
  minStorageBufferOffsetAlignment: 256
  maxImmediateSize: 64
[aurora:info:aurora::gpu] Enabling features: 
  CoreFeaturesAndLimits
  DepthClipControl
  TextureCompressionBC
  TextureCompressionASTC
  ClipDistances
  DualSourceBlending
  TextureComponentSwizzle
[aurora:info:aurora::gpu] Using surface format BGRA8Unorm, present mode Fifo
[aurora:info:aurora::gfx::pipeline_cache] No bundled initial pipeline cache found at '/Users/frityet/Projects/petari/build/macosx/arm64/debug/initial_pipeline_cache.db'
[aurora:info:aurora] Using framebuffer size 1280x960 scale 2
[aurora:info:aurora::gpu::cache] Pruned 4 stale Dawn cache entries
[src/app/OriginalGameApplication.cpp:511][APP - INFO] Booting the original GameSystem
[original-process] Preparing original heap arenas
[original-process] Initializing SDK, layout allocator and original heap watcher
[original-process] Initialized console language 9 for disc region K
<< NW4R    - LYT 	final   build: Jul 17 2007 12:25:23 (0x4199_60831) >>
[original-process] Initializing original file and exception services
[original-process] Constructing GameSystem
[original-process] Entering GameSystem::init
[original-process] GameSystem::init completed
[src/app/OriginalGameApplication.cpp:513][APP - INFO] Running the original GameSystem frame loop
[original-process] Requesting authored stage HeavensDoorGalaxy scenario 1 through GameSequence
[original-process] Placement coverage HeavensDoorGalaxy: 187 supported, 51 known-unlinked, 0 unknown, 5 metadata rows
Process 27872 launched: '/Users/frityet/Projects/petari/build/macosx/arm64/debug/smg-pc-talk-real-or-absent-tests' (arm64)
Process 27872 stopped
* thread #1, name = 'Main thread', queue = 'com.apple.main-thread', stop reason = breakpoint 1.1
       frame #0: 0x00000001018b36e0 libc++abi.1.dylib`__cxa_throw
libc++abi.1.dylib`__cxa_throw:
->  0x1018b36e0 <+0>:  stp    x22, x21, [sp, #-0x30]!
    0x1018b36e4 <+4>:  stp    x20, x19, [sp, #0x10]
    0x1018b36e8 <+8>:  stp    x29, x30, [sp, #0x20]
    0x1018b36ec <+12>: add    x29, sp, #0x20
Target 0: (smg-pc-talk-real-or-absent-tests) stopped.
(lldb) frame select 2
warning: smg-pc-talk-real-or-absent-tests was compiled with optimization - stepping may behave oddly; variables may not be available.
frame #2: 0x0000000100002648 smg-pc-talk-real-or-absent-tests`(anonymous namespace)::verify_original_talk() at TalkRealOrAbsentTests.cpp:76:5 [opt]
   73  	    auto* balloon = talk->mBalloonHolder->mBalloonShortArray[0];
   74  	    balloon->open(first.get());
   75  	    auto* box = nw4r::ut::DynamicCast<nw4r::lyt::TextBox*>(balloon->getLayoutManager()->getPane("Text00"));
-> 76  	    require(box && box->mTextLen && balloon->mMessageCtrl == first.get() &&
    	    ^
   77  	                balloon->mTextFormer->mMsg == TalkFunction::getMessage(first.get()) && !MR::isDead(balloon),
   78  	            "the original balloon and text former populate the actual TextBox from the selected BMG message");
   79  	    unsigned steps = 0;
(lldb) expression -- balloon->mFlag
(LayoutActorFlag) $0 = (mIsDead = false, mIsStopAnimFrame = false, mIsHidden = false, mIsOffCalcAnim = false)
(lldb) expression -- balloon->mTextFormer->mMsg
(const wchar_t *) $1 = 0x0000007838b61794 L"정신이 들어?\U0000001aࠁ"
(lldb) expression -- balloon->mMessageCtrl->mNodeCtrl->mMessageInfo
(TalkMessageInfo) $2 = {
  _0 = 0x0000007838b61794
  mCameraSetID = 0
  _6 = '\a'
  mCameraType = '\x02'
  mTalkType = '\x02'
  mBalloonType = '\0'
  _A = '\xff'
  _B = '\xff'
}
(lldb) expression -- ((nw4r::lyt::TextBox*)balloon->mLayoutManager->getPane("Text00"))->mTextLen
(u16) $3 = 0
(lldb) expression -- TalkFunction::isComposeTalk(balloon->mMessageCtrl)
(bool) $4 = false
(lldb) expression -- TalkFunction::getSubMessage(balloon->mMessageCtrl)
(const wchar_t *) $5 = 0x0000000000000000
