[aurora:info:aurora] Aurora initializing
[aurora:info:aurora::system_info] CPU model: Apple M5 Max
[aurora:info:aurora::system_info] Memory: 131072 MiB
[aurora:info:aurora::system_info] Architecture: aarch64
[aurora:info:aurora::system_info] OS: macOS Version 26.6.2 (Build 25G83)
[aurora:info:aurora::gpu] Creating WebGPU instance
[aurora:info:aurora::gpu] Attempting to initialize Metal
[aurora:info:aurora::gpu] Requesting adapter
  Feature level: Compatibility
  Power preference: HighPerformance
  Backend: Metal
  Compatible surface: true
[aurora:info:aurora::gpu] Graphics adapter information
  API: Metal
  Device: Apple M5 Max (IntegratedGPU)
  Driver: Metal driver on macOS Version 26.6.2 (Build 25G83)
[aurora:info:aurora::gpu] Using limits:
  maxTextureDimension1D: 16384
  maxTextureDimension2D: 16384
  maxTextureDimension3D: 2048
  maxTextureArrayLayers: 2048
  maxStorageBuffersPerShaderStage: 2
  minUniformBufferOffsetAlignment: 256
  minStorageBufferOffsetAlignment: 256
  maxImmediateSize: 64
[aurora:info:aurora::gpu] Enabling features: 
  CoreFeaturesAndLimits
  DepthClipControl
  TextureCompressionBC
  TextureCompressionASTC
  ClipDistances
  TextureComponentSwizzle
[aurora:info:aurora::gpu] Using surface format BGRA8Unorm, present mode Fifo
[aurora:info:aurora::gfx::pipeline_cache] No bundled initial pipeline cache found at '/Users/frityet/Projects/petari/build/macosx/arm64/debug/initial_pipeline_cache.db'
[aurora:info:aurora] Using framebuffer size 2560x1440 scale 2
[src/runtime/RuntimeContext.cpp:559][APP - INFO] Using SMG disc image through Aurora DVD
[src/runtime/RuntimeContext.cpp:569][APP - INFO] Loaded 1994 messages from /KrKorean/MessageData/Message.arc
[aurora:info:aurora::gpu::cache] Pruned 4 stale Dawn cache entries
[src/runtime/RuntimeContext.cpp:581][APP - INFO] Loaded 3327 particle names, 3327 particle resources, and 225 particle textures from /ParticleData/Effect.arc
[src/runtime/RuntimeContext.cpp:1783][APP - INFO] SMG semantic event runtime:runtime_context_created (disc=aurora-dvd)
[src/runtime/RuntimeContext.cpp:1736][APP - INFO] Resolved original layout archive DPDPointer -> /LayoutData/DPDPointer.arc
[src/runtime/RuntimeContext.cpp:1736][APP - INFO] Resolved original layout archive CommandStream -> /LayoutData/CommandStream.arc
[src/runtime/RuntimeContext.cpp:1736][APP - INFO] Resolved original layout archive DPDPointerNumber -> /LayoutData/DPDPointerNumber.arc
[src/runtime/RuntimeContext.cpp:1736][APP - INFO] Resolved original layout archive DPDPointerSub -> /LayoutData/DPDPointerSub.arc
[src/runtime/RuntimeContext.cpp:1736][APP - INFO] Resolved original layout archive CommandStream -> /LayoutData/CommandStream.arc
[src/runtime/RuntimeContext.cpp:1736][APP - INFO] Resolved original layout archive DPDPointerNumber -> /LayoutData/DPDPointerNumber.arc
[src/runtime/RuntimeContext.cpp:1736][APP - INFO] Resolved original layout archive PointerGuidance -> /LayoutData/PointerGuidance.arc
[src/runtime/RuntimeContext.cpp:1783][APP - INFO] SMG semantic event name_obj_lifecycle:connect_to_scene (object=ã‚·ãƒ¼ãƒ³ç¡¬ç›´é…å»¶ç™ºè¡Œ;kind=name_obj;movement=1;calc_anim=-1;draw_buffer=-1;draw_type=-1)
[src/runtime/RuntimeContext.cpp:1783][APP - INFO] SMG semantic event name_obj_lifecycle:connect_to_scene (object=ã‚·ãƒ¼ãƒ³ç¡¬ç›´é…å»¶ç™ºè¡Œ;kind=name_obj;movement=1;calc_anim=-1;draw_buffer=-1;draw_type=-1)
[src/runtime/RuntimeContext.cpp:1783][APP - INFO] SMG semantic event name_obj_lifecycle:connect_to_scene (object=ã‚·ãƒ¼ãƒ³ç¡¬ç›´é…å»¶ç™ºè¡Œ;kind=name_obj;movement=1;calc_anim=-1;draw_buffer=-1;draw_type=-1)
[src/runtime/RuntimeContext.cpp:1783][APP - INFO] SMG semantic event name_obj_lifecycle:connect_to_scene (object=ã‚·ãƒ¼ãƒ³ç¡¬ç›´é…å»¶ç™ºè¡Œ;kind=name_obj;movement=1;calc_anim=-1;draw_buffer=-1;draw_type=-1)
[src/runtime/RuntimeContext.cpp:1783][APP - INFO] SMG semantic event name_obj_lifecycle:connect_to_scene (object=ã‚·ãƒ¼ãƒ³ç¡¬ç›´é…å»¶ç™ºè¡Œ;kind=name_obj;movement=1;calc_anim=-1;draw_buffer=-1;draw_type=-1)
[src/runtime/RuntimeContext.cpp:1783][APP - INFO] SMG semantic event name_obj_lifecycle:connect_to_scene (object=ã‚·ãƒ¼ãƒ³ç¡¬ç›´é…å»¶ç™ºè¡Œ;kind=name_obj;movement=1;calc_anim=-1;draw_buffer=-1;draw_type=-1)
[src/runtime/RuntimeContext.cpp:1783][APP - INFO] SMG semantic event name_obj_lifecycle:connect_to_scene (object=ã‚·ãƒ¼ãƒ³ç¡¬ç›´é…å»¶ç™ºè¡Œ;kind=name_obj;movement=1;calc_anim=-1;draw_buffer=-1;draw_type=-1)
[src/runtime/RuntimeContext.cpp:1783][APP - INFO] SMG semantic event name_obj_lifecycle:connect_to_scene (object=ã‚·ãƒ¼ãƒ³ç¡¬ç›´é…å»¶ç™ºè¡Œ;kind=name_obj;movement=1;calc_anim=-1;draw_buffer=-1;draw_type=-1)
[src/runtime/RuntimeContext.cpp:1783][APP - INFO] SMG semantic event name_obj_lifecycle:connect_to_scene (object=ã‚·ãƒ¼ãƒ³ç¡¬ç›´é…å»¶ç™ºè¡Œ;kind=name_obj;movement=1;calc_anim=-1;draw_buffer=-1;draw_type=-1)
[src/runtime/RuntimeContext.cpp:1783][APP - INFO] SMG semantic event name_obj_lifecycle:connect_to_scene (object=ã‚·ãƒ¼ãƒ³ç¡¬ç›´é…å»¶ç™ºè¡Œ;kind=name_obj;movement=1;calc_anim=-1;draw_buffer=-1;draw_type=-1)
[src/runtime/RuntimeContext.cpp:1783][APP - INFO] SMG semantic event name_obj_lifecycle:connect_to_scene (object=ã‚·ãƒ¼ãƒ³ç¡¬ç›´é…å»¶ç™ºè¡Œ;kind=name_obj;movement=1;calc_anim=-1;draw_buffer=-1;draw_type=-1)
[src/runtime/RuntimeContext.cpp:1783][APP - INFO] SMG semantic event name_obj_lifecycle:connect_to_scene (object=ã‚·ãƒ¼ãƒ³ç¡¬ç›´é…å»¶ç™ºè¡Œ;kind=name_obj;movement=1;calc_anim=-1;draw_buffer=-1;draw_type=-1)
[src/runtime/RuntimeContext.cpp:1783][APP - INFO] SMG semantic event name_obj_lifecycle:connect_to_scene (object=ã‚·ãƒ¼ãƒ³ç¡¬ç›´é…å»¶ç™ºè¡Œ;kind=name_obj;movement=1;calc_anim=-1;draw_buffer=-1;draw_type=-1)
[src/runtime/RuntimeContext.cpp:1783][APP - INFO] SMG semantic event name_obj_lifecycle:connect_to_scene (object=ã‚·ãƒ¼ãƒ³ç¡¬ç›´é…å»¶ç™ºè¡Œ;kind=name_obj;movement=1;calc_anim=-1;draw_buffer=-1;draw_type=-1)
[src/runtime/RuntimeContext.cpp:1783][APP - INFO] SMG semantic event name_obj_lifecycle:connect_to_scene (object=ã‚·ãƒ¼ãƒ³ç¡¬ç›´é…å»¶ç™ºè¡Œ;kind=name_obj;movement=1;calc_anim=-1;draw_buffer=-1;draw_type=-1)
[src/runtime/RuntimeContext.cpp:1783][APP - INFO] SMG semantic event name_obj_lifecycle:connect_to_scene (object=ã‚·ãƒ¼ãƒ³ç¡¬ç›´é…å»¶ç™ºè¡Œ;kind=name_obj;movement=1;calc_anim=-1;draw_buffer=-1;draw_type=-1)
[src/runtime/RuntimeContext.cpp:1783][APP - INFO] SMG semantic event name_obj_lifecycle:connect_to_scene (object=SensorHitChecker;kind=name_obj;movement=5;calc_anim=-1;draw_buffer=-1;draw_type=-1)
[src/runtime/RuntimeContext.cpp:1783][APP - INFO] SMG semantic event name_obj_lifecycle:connect_to_scene (object=DemoDirector;kind=name_obj;movement=11;calc_anim=-1;draw_buffer=-1;draw_type=-1)
[src/runtime/RuntimeContext.cpp:1783][APP - INFO] SMG semantic event name_obj_lifecycle:connect_to_scene (object=3Dãƒ‘ãƒ¼ãƒ†ã‚£ã‚¯ãƒ«;kind=name_obj;movement=-1;calc_anim=-1;draw_buffer=-1;draw_type=71)
[src/runtime/RuntimeContext.cpp:1783][APP - INFO] SMG semantic event name_obj_lifecycle:connect_to_scene (object=2Dãƒ‘ãƒ¼ãƒ†ã‚£ã‚¯ãƒ«;kind=name_obj;movement=-1;calc_anim=-1;draw_buffer=-1;draw_type=74)
[src/runtime/RuntimeContext.cpp:1783][APP - INFO] SMG semantic event name_obj_lifecycle:connect_to_scene (object=ã‚¤ãƒ³ãƒ€ã‚¤ãƒ¬ã‚¯ãƒˆãƒ‘ãƒ¼ãƒ†ã‚£ã‚¯ãƒ«;kind=name_obj;movement=-1;calc_anim=-1;draw_buffer=-1;draw_type=72)
[src/runtime/RuntimeContext.cpp:1783][APP - INFO] SMG semantic event name_obj_lifecycle:connect_to_scene (object=ã‚¤ãƒ³ãƒ€ã‚¤ãƒ¬ã‚¯ãƒˆå¾Œãƒ‘ãƒ¼ãƒ†ã‚£ã‚¯ãƒ«;kind=name_obj;movement=-1;calc_anim=-1;draw_buffer=-1;draw_type=73)
[src/runtime/RuntimeContext.cpp:1783][APP - INFO] SMG semantic event name_obj_lifecycle:connect_to_scene (object=2Dãƒ¢ãƒ‡ãƒ«ç”¨ãƒ‘ãƒ¼ãƒ†ã‚£ã‚¯ãƒ«;kind=name_obj;movement=-1;calc_anim=-1;draw_buffer=-1;draw_type=75)
[src/runtime/RuntimeContext.cpp:1783][APP - INFO] SMG semantic event name_obj_lifecycle:connect_to_scene (object=ãƒ–ãƒ«ãƒ¼ãƒ ç”¨ãƒ‘ãƒ¼ãƒ†ã‚£ã‚¯ãƒ«;kind=name_obj;movement=-1;calc_anim=-1;draw_buffer=-1;draw_type=76)
[src/runtime/RuntimeContext.cpp:1783][APP - INFO] SMG semantic event name_obj_lifecycle:connect_to_scene (object=ã‚¤ãƒ¡ãƒ¼ã‚¸ã‚¨ãƒ•ã‚§ã‚¯ãƒˆå¾Œãƒ‘ãƒ¼ãƒ†ã‚£ã‚¯ãƒ«;kind=name_obj;movement=-1;calc_anim=-1;draw_buffer=-1;draw_type=77)
[src/runtime/RuntimeContext.cpp:1783][APP - INFO] SMG semantic event name_obj_lifecycle:connect_to_scene (object=ãƒ‘ãƒ¼ãƒ†ã‚£ã‚¯ãƒ«;kind=name_obj;movement=-1;calc_anim=19;draw_buffer=-1;draw_type=-1)
[src/runtime/RuntimeContext.cpp:1783][APP - INFO] SMG semantic event name_obj_lifecycle:connect_to_scene (object=ãƒãƒ¼ã‚ºç„¡åŠ¹3Dãƒ‘ãƒ¼ãƒ†ã‚£ã‚¯ãƒ«;kind=name_obj;movement=-1;calc_anim=20;draw_buffer=-1;draw_type=-1)
[src/runtime/RuntimeContext.cpp:1783][APP - INFO] SMG semantic event name_obj_lifecycle:connect_to_scene (object=ãƒãƒ¼ã‚ºç„¡åŠ¹2Dãƒ‘ãƒ¼ãƒ†ã‚£ã‚¯ãƒ«;kind=name_obj;movement=-1;calc_anim=20;draw_buffer=-1;draw_type=-1)
[src/runtime/RuntimeContext.cpp:1783][APP - INFO] SMG semantic event name_obj_lifecycle:connect_to_scene (object=æ›´æ–°ãƒã‚§ãƒƒã‚¯;kind=name_obj;movement=20;calc_anim=-1;draw_buffer=-1;draw_type=-1)
[src/runtime/RuntimeContext.cpp:1783][APP - INFO] SMG semantic event name_obj_lifecycle:connect_to_scene (object=ã‚¯ãƒªãƒƒãƒ”ãƒ³ã‚°æŒ‡æ®;kind=name_obj;movement=4;calc_anim=-1;draw_buffer=-1;draw_type=-1)
[src/runtime/RuntimeContext.cpp:1783][APP - INFO] SMG semantic event name_obj_lifecycle:connect_to_scene (object=ãƒ©ã‚¤ãƒˆæŒ‡æ®;kind=name_obj;movement=34;calc_anim=-1;draw_buffer=-1;draw_type=-1)
[src/runtime/RuntimeContext.cpp:1783][APP - INFO] SMG semantic event name_obj_lifecycle:connect_to_scene (object=ç”»é¢ã‚­ãƒ£ãƒ—ãƒãƒ£;kind=name_obj;movement=-1;calc_anim=-1;draw_buffer=-1;draw_type=45)
[src/runtime/RuntimeContext.cpp:1783][APP - INFO] SMG semantic event name_obj_lifecycle:connect_to_scene (object=ãƒ•ã‚¡ãƒ¼æç”»ãƒãƒãƒ¼ã‚¸ãƒ£;kind=name_obj;movement=-1;calc_anim=-1;draw_buffer=-1;draw_type=49)
[src/runtime/RuntimeContext.cpp:1783][APP - INFO] SMG semantic event name_obj_lifecycle:connect_to_scene (object=SwitchWatcherHolder;kind=name_obj;movement=27;calc_anim=-1;draw_buffer=-1;draw_type=-1)
[src/runtime/RuntimeContext.cpp:1783][APP - INFO] SMG semantic event name_obj_lifecycle:connect_to_scene (object=ã‚ªãƒ–ã‚¸ã‚§ã‚¹ãƒªãƒ¼ãƒ—ç®¡ç†;kind=name_obj;movement=34;calc_anim=-1;draw_buffer=-1;draw_type=-1)
[src/runtime/RuntimeContext.cpp:1783][APP - INFO] SMG semantic event name_obj_lifecycle:connect_to_scene (object=è¡Œåˆ—è¿½éšå…ˆãƒªã‚¹ãƒˆ;kind=name_obj;movement=34;calc_anim=-1;draw_buffer=-1;draw_type=-1)
[src/runtime/RuntimeContext.cpp:1783][APP - INFO] SMG semantic event name_obj_lifecycle:connect_to_scene (object=è¨å¤Šï½©ï½±é‚¨ï½±è«¡ï½¬;kind=name_obj;movement=10;calc_anim=-1;draw_buffer=-1;draw_type=-1)
[src/runtime/RuntimeContext.cpp:1783][APP - INFO] SMG semantic event name_obj_lifecycle:connect_to_scene (object=ã‚²ãƒ¼ãƒ ã‚·ãƒ¼ãƒ³ã®ãƒ¬ã‚¤ã‚¢ã‚¦ãƒˆä¿æŒ;kind=name_obj;movement=14;calc_anim=-1;draw_buffer=-1;draw_type=-1)
[src/runtime/RuntimeContext.cpp:1783][APP - INFO] SMG semantic event name_obj_lifecycle:connect_to_scene (object=é€šå¸¸HPãƒ¡ãƒ¼ã‚¿ãƒ¼;kind=layout_actor;movement=14;calc_anim=13;draw_buffer=-1;draw_type=60)
[src/runtime/RuntimeContext.cpp:1736][APP - INFO] Resolved original layout archive HitPointMeter -> /LayoutData/HitPointMeter.arc
[src/runtime/RuntimeContext.cpp:1688][APP - INFO] Registered effect keeper ’ÊíHPƒ[ƒ^[ group HitPointMeter capacity 0
[src/runtime/RuntimeContext.cpp:1783][APP - INFO] SMG semantic event name_obj_lifecycle:connect_to_scene (object=ã‚µãƒ‰ãƒ³ãƒ‡ã‚¹HPãƒ¡ãƒ¼ã‚¿ãƒ¼;kind=layout_actor;movement=14;calc_anim=13;draw_buffer=-1;draw_type=60)
[src/runtime/RuntimeContext.cpp:1736][APP - INFO] Resolved original layout archive SuddenDeathMeter -> /LayoutData/SuddenDeathMeter.arc
[src/runtime/RuntimeContext.cpp:1688][APP - INFO] Registered effect keeper ƒTƒhƒ“ƒfƒXHPƒ[ƒ^[ group SuddenDeathMeter capacity 0
[src/runtime/RuntimeContext.cpp:1783][APP - INFO] SMG semantic event name_obj_lifecycle:connect_to_scene (object=ã‚«ã‚¦ãƒ³ã‚¿ç³»ãƒ¬ã‚¤ã‚¢ã‚¦ãƒˆåˆ¶å¾¡;kind=layout_actor;movement=14;calc_anim=13;draw_buffer=-1;draw_type=60)
[src/runtime/RuntimeContext.cpp:1736][APP - INFO] Resolved original layout archive CoinCounter -> /LayoutData/CoinCounter.arc
[src/runtime/RuntimeContext.cpp:1688][APP - INFO] Registered effect keeper ƒRƒCƒ“ƒJƒEƒ“ƒ^ group CoinCounter capacity 0
[src/runtime/RuntimeContext.cpp:1783][APP - INFO] SMG semantic event name_obj_lifecycle:connect_to_scene (object=ã‚³ã‚¤ãƒ³ã‚«ã‚¦ãƒ³ã‚¿;kind=layout_actor;movement=14;calc_anim=13;draw_buffer=-1;draw_type=60)
[src/runtime/RuntimeContext.cpp:1736][APP - INFO] Resolved original layout archive StarPieceCounter -> /LayoutData/StarPieceCounter.arc
[src/runtime/RuntimeContext.cpp:1688][APP - INFO] Registered effect keeper ƒXƒ^[ƒs[ƒXƒJƒEƒ“ƒ^ group StarPieceCounter capacity 0
[src/runtime/RuntimeContext.cpp:1783][APP - INFO] SMG semantic event name_obj_lifecycle:connect_to_scene (object=ã‚¹ã‚¿ãƒ¼ãƒ”ãƒ¼ã‚¹ã‚«ã‚¦ãƒ³ã‚¿;kind=layout_actor;movement=14;calc_anim=13;draw_buffer=-1;draw_type=60)
[src/runtime/RuntimeContext.cpp:1736][APP - INFO] Resolved original layout archive PlayerLeft -> /LayoutData/PlayerLeft.arc
[src/runtime/RuntimeContext.cpp:1783][APP - INFO] SMG semantic event name_obj_lifecycle:connect_to_scene (object=ãƒ—ãƒ¬ã‚¤ãƒ¤ãƒ¼æ®‹æ©Ÿè¡¨ç¤º;kind=layout_actor;movement=14;calc_anim=13;draw_buffer=-1;draw_type=60)
[src/runtime/RuntimeContext.cpp:1736][APP - INFO] Resolved original layout archive StarCounter -> /LayoutData/StarCounter.arc
[src/runtime/RuntimeContext.cpp:1783][APP - INFO] SMG semantic event name_obj_lifecycle:connect_to_scene (object=ã‚¹ã‚¿ãƒ¼ã‚«ã‚¦ãƒ³ã‚¿;kind=layout_actor;movement=14;calc_anim=13;draw_buffer=-1;draw_type=60)
[src/runtime/RuntimeContext.cpp:1736][APP - INFO] Resolved original layout archive CameraInfo -> /LayoutData/CameraInfo.arc
[src/runtime/RuntimeContext.cpp:1783][APP - INFO] SMG semantic event name_obj_lifecycle:connect_to_scene (object=ã‚«ãƒ¡ãƒ©æƒ…å ±è¡¨ç¤º;kind=layout_actor;movement=14;calc_anim=13;draw_buffer=-1;draw_type=60)
[src/runtime/RuntimeContext.cpp:1736][APP - INFO] Resolved original layout archive InformationWindow -> /LayoutData/InformationWindow.arc
[src/runtime/RuntimeContext.cpp:1783][APP - INFO] SMG semantic event name_obj_lifecycle:connect_to_scene (object=ã‚¤ãƒ³ãƒ•ã‚©ãƒ¡ãƒ¼ã‚·ãƒ§ãƒ³ãƒ¡ãƒƒã‚»ãƒ¼ã‚¸;kind=layout_actor;movement=15;calc_anim=14;draw_buffer=-1;draw_type=61)
[src/runtime/RuntimeContext.cpp:1783][APP - INFO] SMG semantic event name_obj_lifecycle:connect_to_scene (object=Aãƒœã‚¿ãƒ³ã‚¢ã‚¤ã‚³ãƒ³;kind=layout_actor;movement=14;calc_anim=13;draw_buffer=-1;draw_type=67)
[src/runtime/RuntimeContext.cpp:1736][APP - INFO] Resolved original layout archive IconAButton -> /LayoutData/IconAButton.arc
[src/runtime/RuntimeContext.cpp:1736][APP - INFO] Resolved original layout archive OneUp -> /LayoutData/OneUp.arc
[src/runtime/RuntimeContext.cpp:1783][APP - INFO] SMG semantic event name_obj_lifecycle:connect_to_scene (object=1UPãƒœãƒ¼ãƒ‰;kind=layout_actor;movement=14;calc_anim=13;draw_buffer=-1;draw_type=60)
[src/runtime/RuntimeContext.cpp:1688][APP - INFO] Registered effect keeper 1UPƒ{[ƒh group OneUp capacity 1
[src/runtime/RuntimeContext.cpp:1732][APP - INFO] 1UPƒ{[ƒh deleted all effects
[src/runtime/RuntimeContext.cpp:1783][APP - INFO] SMG semantic event name_obj_lifecycle:connect_to_scene (object=ãƒŸã‚¹!;kind=layout_actor;movement=14;calc_anim=13;draw_buffer=-1;draw_type=60)
[src/runtime/RuntimeContext.cpp:1736][APP - INFO] Resolved original layout archive TooBad -> /LayoutData/TooBad.arc
[src/runtime/RuntimeContext.cpp:1688][APP - INFO] Registered effect keeper ƒ~ƒX! group TooBad capacity 0
[src/runtime/RuntimeContext.cpp:1732][APP - INFO] ƒ~ƒX! deleted all effects
[src/runtime/RuntimeContext.cpp:1783][APP - INFO] SMG semantic event name_obj_lifecycle:connect_to_scene (object=ãƒãƒãƒ¡ãƒ¼ã‚¿ãƒ¼;kind=layout_actor;movement=14;calc_anim=13;draw_buffer=-1;draw_type=60)
[src/runtime/RuntimeContext.cpp:1736][APP - INFO] Resolved original layout archive FlyMeter -> /LayoutData/FlyMeter.arc
[src/runtime/RuntimeContext.cpp:1783][APP - INFO] SMG semantic event name_obj_lifecycle:connect_to_scene (object=æ°´ä¸­ãƒ¡ãƒ¼ã‚¿ãƒ¼;kind=layout_actor;movement=14;calc_anim=13;draw_buffer=-1;draw_type=60)
[src/runtime/RuntimeContext.cpp:1736][APP - INFO] Resolved original layout archive AirMeter -> /LayoutData/AirMeter.arc
[src/runtime/RuntimeContext.cpp:1783][APP - INFO] SMG semantic event name_obj_lifecycle:connect_to_scene (object=Yes/Noãƒ¬ã‚¤ã‚¢ã‚¦ãƒˆ;kind=layout_actor;movement=14;calc_anim=13;draw_buffer=-1;draw_type=68)
[src/runtime/RuntimeContext.cpp:1736][APP - INFO] Resolved original layout archive SelectButton -> /LayoutData/SelectButton.arc
[src/runtime/RuntimeContext.cpp:1688][APP - INFO] Registered effect keeper Yes/NoƒŒƒCƒAƒEƒg group SelectButton capacity 0
[src/runtime/RuntimeContext.cpp:1783][APP - INFO] SMG semantic event name_obj_lifecycle:connect_to_scene (object=ç”»é¢ã‚­ãƒ£ãƒ—ãƒãƒ£;kind=name_obj;movement=-1;calc_anim=-1;draw_buffer=-1;draw_type=46)
[src/runtime/RuntimeContext.cpp:1783][APP - INFO] SMG semantic event name_obj_lifecycle:connect_to_scene (object=CameraCover;kind=name_obj;movement=26;calc_anim=-1;draw_buffer=-1;draw_type=81)
[src/runtime/RuntimeContext.cpp:1783][APP - INFO] SMG semantic event name_obj_lifecycle:connect_to_scene (object=ã‚«ãƒ¡ãƒ©ç®¡ç†;kind=name_obj;movement=2;calc_anim=-1;draw_buffer=-1;draw_type=-1)
[src/runtime/RuntimeContext.cpp:1783][APP - INFO] SMG semantic event name_obj_lifecycle:connect_to_scene (object=ç”»é¢ä¸­å¿ƒãƒ–ãƒ©ãƒ¼;kind=live_actor_model;movement=23;calc_anim=-1;draw_buffer=-1;draw_type=47)
[src/runtime/RuntimeContext.cpp:1783][APP - INFO] SMG semantic event name_obj_lifecycle:archive_request (object=VROrbit;archive=VROrbit;kind=object;loaded=true;disc_path=../../../../../ObjectData/VROrbit.arc)
[src/runtime/RuntimeContext.cpp:1783][APP - INFO] SMG semantic event name_obj_lifecycle:archive_request (object=BrightSun;archive=LensFlare;kind=object;loaded=true;disc_path=../../../../../ObjectData/LensFlare.arc)
[src/runtime/RuntimeContext.cpp:1783][APP - INFO] SMG semantic event name_obj_lifecycle:archive_request (object=BrightSun;archive=GlareGlow;kind=object;loaded=true;disc_path=../../../../../ObjectData/GlareGlow.arc)
[src/runtime/RuntimeContext.cpp:1783][APP - INFO] SMG semantic event name_obj_lifecycle:archive_request (object=BrightSun;archive=GlareLine;kind=object;loaded=true;disc_path=../../../../../ObjectData/GlareLine.arc)
[src/runtime/RuntimeContext.cpp:1783][APP - INFO] SMG semantic event name_obj_lifecycle:archive_request (object=BrightSun;archive=Sun;kind=object;loaded=true;disc_path=../../../../../ObjectData/Sun.arc)
[src/runtime/RuntimeContext.cpp:1783][APP - INFO] SMG semantic event name_obj_lifecycle:archive_request (object=SphereAir;archive=SphereAir;kind=object;loaded=true;disc_path=../../../../../ObjectData/SphereAir.arc)
[src/runtime/RuntimeContext.cpp:1783][APP - INFO] SMG semantic event name_obj_lifecycle:archive_request (object=HeavensDoorMysteriousPlanet;archive=HeavensDoorMysteriousPlanet;kind=object;loaded=true;disc_path=../../../../../ObjectData/HeavensDoorMysteriousPlanet.arc)
[src/runtime/RuntimeContext.cpp:1783][APP - INFO] SMG semantic event name_obj_lifecycle:archive_request (object=Tico;archive=Tico;kind=object;loaded=true;disc_path=../../../../../ObjectData/Tico.arc)
[src/runtime/RuntimeContext.cpp:1783][APP - INFO] SMG semantic event name_obj_lifecycle:archive_request (object=Tico;archive=TicoMiddle;kind=object;loaded=true;disc_path=../../../../../ObjectData/TicoMiddle.arc)
[src/runtime/RuntimeContext.cpp:1783][APP - INFO] SMG semantic event name_obj_lifecycle:archive_request (object=Tico;archive=TicoLow;kind=object;loaded=true;disc_path=../../../../../ObjectData/TicoLow.arc)
[src/runtime/RuntimeContext.cpp:1783][APP - INFO] SMG semantic event name_obj_lifecycle:archive_request (object=Tico;archive=Tico;kind=object;loaded=true;disc_path=../../../../../ObjectData/Tico.arc)
[src/runtime/RuntimeContext.cpp:1783][APP - INFO] SMG semantic event name_obj_lifecycle:archive_request (object=Tico;archive=TicoMiddle;kind=object;loaded=true;disc_path=../../../../../ObjectData/TicoMiddle.arc)
[src/runtime/RuntimeContext.cpp:1783][APP - INFO] SMG semantic event name_obj_lifecycle:archive_request (object=Tico;archive=TicoLow;kind=object;loaded=true;disc_path=../../../../../ObjectData/TicoLow.arc)
[src/runtime/RuntimeContext.cpp:1783][APP - INFO] SMG semantic event name_obj_lifecycle:archive_request (object=Tico;archive=Tico;kind=object;loaded=true;disc_path=../../../../../ObjectData/Tico.arc)
[src/runtime/RuntimeContext.cpp:1783][APP - INFO] SMG semantic event name_obj_lifecycle:archive_request (object=Tico;archive=TicoMiddle;kind=object;loaded=true;disc_path=../../../../../ObjectData/TicoMiddle.arc)
[src/runtime/RuntimeContext.cpp:1783][APP - INFO] SMG semantic event name_obj_lifecycle:archive_request (object=Tico;archive=TicoLow;kind=object;loaded=true;disc_path=../../../../../ObjectData/TicoLow.arc)
[src/runtime/RuntimeContext.cpp:1783][APP - INFO] SMG semantic event name_obj_lifecycle:archive_request (object=Tico;archive=Tico;kind=object;loaded=true;disc_path=../../../../../ObjectData/Tico.arc)
[src/runtime/RuntimeContext.cpp:1783][APP - INFO] SMG semantic event name_obj_lifecycle:archive_request (object=Tico;archive=TicoMiddle;kind=object;loaded=true;disc_path=../../../../../ObjectData/TicoMiddle.arc)
[src/runtime/RuntimeContext.cpp:1783][APP - INFO] SMG semantic event name_obj_lifecycle:archive_request (object=Tico;archive=TicoLow;kind=object;loaded=true;disc_path=../../../../../ObjectData/TicoLow.arc)
[src/runtime/RuntimeContext.cpp:1783][APP - INFO] SMG semantic event name_obj_lifecycle:archive_request (object=Tico;archive=Tico;kind=object;loaded=true;disc_path=../../../../../ObjectData/Tico.arc)
[src/runtime/RuntimeContext.cpp:1783][APP - INFO] SMG semantic event name_obj_lifecycle:archive_request (object=Tico;archive=TicoMiddle;kind=object;loaded=true;disc_path=../../../../../ObjectData/TicoMiddle.arc)
[src/runtime/RuntimeContext.cpp:1783][APP - INFO] SMG semantic event name_obj_lifecycle:archive_request (object=Tico;archive=TicoLow;kind=object;loaded=true;disc_path=../../../../../ObjectData/TicoLow.arc)
[src/runtime/RuntimeContext.cpp:1783][APP - INFO] SMG semantic event name_obj_lifecycle:archive_request (object=Tico;archive=Tico;kind=object;loaded=true;disc_path=../../../../../ObjectData/Tico.arc)
[src/runtime/RuntimeContext.cpp:1783][APP - INFO] SMG semantic event name_obj_lifecycle:archive_request (object=Tico;archive=TicoMiddle;kind=object;loaded=true;disc_path=../../../../../ObjectData/TicoMiddle.arc)
[src/runtime/RuntimeContext.cpp:1783][APP - INFO] SMG semantic event name_obj_lifecycle:archive_request (object=Tico;archive=TicoLow;kind=object;loaded=true;disc_path=../../../../../ObjectData/TicoLow.arc)
[src/runtime/RuntimeContext.cpp:1783][APP - INFO] SMG semantic event name_obj_lifecycle:archive_request (object=Tico;archive=Tico;kind=object;loaded=true;disc_path=../../../../../ObjectData/Tico.arc)
[src/runtime/RuntimeContext.cpp:1783][APP - INFO] SMG semantic event name_obj_lifecycle:archive_request (object=Tico;archive=TicoMiddle;kind=object;loaded=true;disc_path=../../../../../ObjectData/TicoMiddle.arc)
[src/runtime/RuntimeContext.cpp:1783][APP - INFO] SMG semantic event name_obj_lifecycle:archive_request (object=Tico;archive=TicoLow;kind=object;loaded=true;disc_path=../../../../../ObjectData/TicoLow.arc)
[src/runtime/RuntimeContext.cpp:1783][APP - INFO] SMG semantic event name_obj_lifecycle:archive_request (object=DemoRabbit;archive=TrickRabbitBaby;kind=object;loaded=true;disc_path=../../../../../ObjectData/TrickRabbitBaby.arc)
[src/runtime/RuntimeContext.cpp:1783][APP - INFO] SMG semantic event name_obj_lifecycle:archive_request (object=DemoRabbit;archive=TrickRabbit;kind=object;loaded=true;disc_path=../../../../../ObjectData/TrickRabbit.arc)
[src/runtime/RuntimeContext.cpp:1783][APP - INFO] SMG semantic event name_obj_lifecycle:archive_request (object=DemoRabbit;archive=TrickRabbit;kind=object;loaded=true;disc_path=../../../../../ObjectData/TrickRabbit.arc)
[src/runtime/RuntimeContext.cpp:1783][APP - INFO] SMG semantic event name_obj_lifecycle:archive_request (object=RunawayRabbitCollect;archive=TrickRabbit;kind=object;loaded=true;disc_path=../../../../../ObjectData/TrickRabbit.arc)
[src/runtime/RuntimeContext.cpp:1783][APP - INFO] SMG semantic event name_obj_lifecycle:archive_request (object=RunawayRabbitCollect;archive=SpotMarkLight;kind=object;loaded=true;disc_path=../../../../../ObjectData/SpotMarkLight.arc)
[src/runtime/RuntimeContext.cpp:1783][APP - INFO] SMG semantic event name_obj_lifecycle:archive_request (object=RunawayRabbitCollect;archive=Tico;kind=object;loaded=true;disc_path=../../../../../ObjectData/Tico.arc)
[src/runtime/RuntimeContext.cpp:1783][APP - INFO] SMG semantic event name_obj_lifecycle:archive_request (object=RunawayRabbitCollect;archive=TicoBaby;kind=object;loaded=true;disc_path=../../../../../ObjectData/TicoBaby.arc)
[src/runtime/RuntimeContext.cpp:1783][APP - INFO] SMG semantic event name_obj_lifecycle:archive_request (object=RunawayRabbitCollect;archive=TrickRabbitBaby;kind=object;loaded=true;disc_path=../../../../../ObjectData/TrickRabbitBaby.arc)
[src/runtime/RuntimeContext.cpp:1783][APP - INFO] SMG semantic event name_obj_lifecycle:archive_request (object=HeavensDoorMiddlePlanet;archive=HeavensDoorMiddlePlanet;kind=object;loaded=true;disc_path=../../../../../ObjectData/HeavensDoorMiddlePlanet.arc)
[src/runtime/RuntimeContext.cpp:1783][APP - INFO] SMG semantic event name_obj_lifecycle:archive_request (object=HeavensDoorSmallPlanet;archive=HeavensDoorSmallPlanet;kind=object;loaded=true;disc_path=../../../../../ObjectData/HeavensDoorSmallPlanet.arc)
[src/runtime/RuntimeContext.cpp:1783][APP - INFO] SMG semantic event name_obj_lifecycle:archive_request (object=HeavensDoorBlackHolePlanet;archive=HeavensDoorBlackHolePlanet;kind=object;loaded=true;disc_path=../../../../../ObjectData/HeavensDoorBlackHolePlanet.arc)
[src/runtime/RuntimeContext.cpp:1732][APP - INFO] ƒTƒhƒ“ƒfƒXHPƒ[ƒ^[ deleted all effects
[src/runtime/RuntimeContext.cpp:1783][APP - INFO] SMG semantic event name_obj_lifecycle:connect_to_scene (object=ãƒãƒªã‚ªé€£ç¶šè¸ã¿;kind=layout_actor;movement=14;calc_anim=13;draw_buffer=-1;draw_type=60)
[src/runtime/RuntimeContext.cpp:1736][APP - INFO] Resolved original layout archive CollectCounter -> /LayoutData/CollectCounter.arc
[src/runtime/RuntimeContext.cpp:1783][APP - INFO] SMG semantic event name_obj_lifecycle:connect_to_scene (object=ãƒ‰ãƒ­ãƒ¼2D;kind=name_obj;movement=-1;calc_anim=-1;draw_buffer=-1;draw_type=41)
[src/runtime/RuntimeContext.cpp:1783][APP - INFO] SMG semantic event name_obj_lifecycle:connect_to_scene (object=ãƒ‰ãƒ­ãƒ¼2D;kind=name_obj;movement=-1;calc_anim=-1;draw_buffer=-1;draw_type=40)
[src/runtime/RuntimeContext.cpp:1783][APP - INFO] SMG semantic event name_obj_lifecycle:connect_to_scene (object=ãƒ‰ãƒ­ãƒ¼2D;kind=name_obj;movement=-1;calc_anim=-1;draw_buffer=-1;draw_type=65)
[src/runtime/RuntimeContext.cpp:1783][APP - INFO] SMG semantic event name_obj_lifecycle:connect_to_scene (object=ãƒ‰ãƒ­ãƒ¼2D;kind=name_obj;movement=-1;calc_anim=-1;draw_buffer=-1;draw_type=47)
[src/runtime/RuntimeContext.cpp:1783][APP - INFO] SMG semantic event name_obj_lifecycle:connect_to_scene (object=ãƒ‰ãƒ­ãƒ¼2D;kind=name_obj;movement=-1;calc_anim=-1;draw_buffer=-1;draw_type=36)
[src/runtime/RuntimeContext.cpp:1783][APP - INFO] SMG semantic event name_obj_lifecycle:connect_to_scene (object=ãƒãƒªã‚ªç‚çƒ;kind=live_actor_model;movement=43;calc_anim=11;draw_buffer=19;draw_type=-1)
[src/runtime/RuntimeContext.cpp:1783][APP - INFO] SMG semantic event name_obj_lifecycle:connect_to_scene (object=å½±ç®¡ç†;kind=name_obj;movement=45;calc_anim=-1;draw_buffer=-1;draw_type=-1)
[src/runtime/RuntimeContext.cpp:1783][APP - INFO] SMG semantic event name_obj_lifecycle:connect_to_scene (object=ãƒãƒªã‚ªç‚çƒ;kind=live_actor_model;movement=43;calc_anim=11;draw_buffer=19;draw_type=-1)
[src/runtime/RuntimeContext.cpp:1783][APP - INFO] SMG semantic event name_obj_lifecycle:connect_to_scene (object=ãƒãƒªã‚ªç‚çƒ;kind=live_actor_model;movement=43;calc_anim=11;draw_buffer=19;draw_type=-1)
[src/runtime/RuntimeContext.cpp:1783][APP - INFO] SMG semantic event name_obj_lifecycle:connect_to_scene (object=MarioActor;kind=live_actor_model;movement=37;calc_anim=9;draw_buffer=20;draw_type=34)
[src/runtime/RuntimeContext.cpp:1783][APP - INFO] SMG semantic event name_obj_lifecycle:connect_to_scene (object=WaterColumn;kind=live_actor_model;movement=35;calc_anim=11;draw_buffer=8;draw_type=-1)
[src/runtime/RuntimeContext.cpp:1783][APP - INFO] SMG semantic event name_obj_lifecycle:connect_to_scene (object=ã‚µãƒ¼ãƒãƒ©ã‚¤ãƒˆ;kind=live_actor_model;movement=43;calc_anim=11;draw_buffer=8;draw_type=-1)
[src/runtime/RuntimeContext.cpp:1783][APP - INFO] SMG semantic event name_obj_lifecycle:connect_to_scene (object=ãƒ‰ãƒ­ãƒ¼2D;kind=name_obj;movement=-1;calc_anim=-1;draw_buffer=-1;draw_type=51)
[src/runtime/RuntimeContext.cpp:1783][APP - INFO] SMG semantic event name_obj_lifecycle:connect_to_scene (object=æ°·çµãƒ¢ãƒ‡ãƒ«;kind=live_actor_model;movement=38;calc_anim=10;draw_buffer=22;draw_type=-1)
[src/runtime/RuntimeContext.cpp:1783][APP - INFO] SMG semantic event name_obj_lifecycle:connect_to_scene (object=ã‚¹ãƒ”ãƒ³ãƒã‚³;kind=live_actor_model;movement=38;calc_anim=10;draw_buffer=21;draw_type=-1)
[src/runtime/RuntimeContext.cpp:1783][APP - INFO] SMG semantic event name_obj_lifecycle:connect_to_scene (object=ãƒãƒªã‚ªãƒ¡ãƒƒã‚»ãƒ³ã‚¸ãƒ£ãƒ¼;kind=name_obj;movement=39;calc_anim=-1;draw_buffer=-1;draw_type=-1)
[src/runtime/RuntimeContext.cpp:1783][APP - INFO] SMG semantic event name_obj_lifecycle:connect_to_scene (object=è¶³è·¡;kind=name_obj;movement=34;calc_anim=-1;draw_buffer=-1;draw_type=-1)
[src/runtime/RuntimeContext.cpp:1783][APP - INFO] SMG semantic event name_obj_lifecycle:connect_to_scene (object=ã‚·ãƒãƒãƒ•ãƒ¬ãƒ¼ãƒ ;kind=layout_actor;movement=14;calc_anim=13;draw_buffer=-1;draw_type=69)
[src/runtime/RuntimeContext.cpp:1736][APP - INFO] Resolved original layout archive CinemaFrame -> /LayoutData/CinemaFrame.arc
[src/runtime/RuntimeContext.cpp:1783][APP - INFO] SMG semantic event name_obj_lifecycle:connect_to_scene (object=åˆå‡ºç›£è¦–;kind=live_actor_model;movement=14;calc_anim=-1;draw_buffer=-1;draw_type=-1)
[src/runtime/RuntimeContext.cpp:1783][APP - INFO] SMG semantic event name_obj_lifecycle:construct (object=ViewGroupCtrlCube;actor=ƒrƒ…[ƒOƒ‹[ƒv§ŒäƒLƒ…[ƒu)
[src/runtime/RuntimeContext.cpp:1783][APP - INFO] SMG semantic event name_obj_lifecycle:init_from_jmap (object=ƒrƒ…[ƒOƒ‹[ƒv§ŒäƒLƒ…[ƒu;source=placement;stage=HeavensDoorGalaxy;zone=HeavensDoorGalaxy;table=jmp/placement/common/areaobjinfo;row=12;local_id=5)
[src/runtime/RuntimeContext.cpp:1783][APP - INFO] SMG semantic event name_obj_lifecycle:construct (object=ViewGroupCtrlCube;actor=ƒrƒ…[ƒOƒ‹[ƒv§ŒäƒLƒ…[ƒu)
[src/runtime/RuntimeContext.cpp:1783][APP - INFO] SMG semantic event name_obj_lifecycle:init_from_jmap (object=ƒrƒ…[ƒOƒ‹[ƒv§ŒäƒLƒ…[ƒu;source=placement;stage=HeavensDoorGalaxy;zone=HeavensDoorGalaxy;table=jmp/placement/common/areaobjinfo;row=13;local_id=7)
[src/runtime/RuntimeContext.cpp:1783][APP - INFO] SMG semantic event name_obj_lifecycle:construct (object=ViewGroupCtrlCube;actor=ƒrƒ…[ƒOƒ‹[ƒv§ŒäƒLƒ…[ƒu)
[src/runtime/RuntimeContext.cpp:1783][APP - INFO] SMG semantic event name_obj_lifecycle:init_from_jmap (object=ƒrƒ…[ƒOƒ‹[ƒv§ŒäƒLƒ…[ƒu;source=placement;stage=HeavensDoorGalaxy;zone=HeavensDoorGalaxy;table=jmp/placement/common/areaobjinfo;row=14;local_id=8)
[src/runtime/RuntimeContext.cpp:1783][APP - INFO] SMG semantic event name_obj_lifecycle:construct (object=ViewGroupCtrlCube;actor=ƒrƒ…[ƒOƒ‹[ƒv§ŒäƒLƒ…[ƒu)
[src/runtime/RuntimeContext.cpp:1783][APP - INFO] SMG semantic event name_obj_lifecycle:init_from_jmap (object=ƒrƒ…[ƒOƒ‹[ƒv§ŒäƒLƒ…[ƒu;source=placement;stage=HeavensDoorGalaxy;zone=HeavensDoorGalaxy;table=jmp/placement/common/areaobjinfo;row=15;local_id=9)
[src/runtime/RuntimeContext.cpp:1783][APP - INFO] SMG semantic event name_obj_lifecycle:construct (object=ViewGroupCtrlCube;actor=ƒrƒ…[ƒOƒ‹[ƒv§ŒäƒLƒ…[ƒu)
[src/runtime/RuntimeContext.cpp:1783][APP - INFO] SMG semantic event name_obj_lifecycle:init_from_jmap (object=ƒrƒ…[ƒOƒ‹[ƒv§ŒäƒLƒ…[ƒu;source=placement;stage=HeavensDoorGalaxy;zone=HeavensDoorGalaxy;table=jmp/placement/common/areaobjinfo;row=16;local_id=18)
[src/runtime/RuntimeContext.cpp:1783][APP - INFO] SMG semantic event name_obj_lifecycle:construct (object=ViewGroupCtrlCube;actor=ƒrƒ…[ƒOƒ‹[ƒv§ŒäƒLƒ…[ƒu)
[src/runtime/RuntimeContext.cpp:1783][APP - INFO] SMG semantic event name_obj_lifecycle:init_from_jmap (object=ƒrƒ…[ƒOƒ‹[ƒv§ŒäƒLƒ…[ƒu;source=placement;stage=HeavensDoorGalaxy;zone=HeavensDoorGalaxy;table=jmp/placement/common/areaobjinfo;row=17;local_id=19)
[src/runtime/RuntimeContext.cpp:1783][APP - INFO] SMG semantic event name_obj_lifecycle:construct (object=ViewGroupCtrlCube;actor=ƒrƒ…[ƒOƒ‹[ƒv§ŒäƒLƒ…[ƒu)
[src/runtime/RuntimeContext.cpp:1783][APP - INFO] SMG semantic event name_obj_lifecycle:init_from_jmap (object=ƒrƒ…[ƒOƒ‹[ƒv§ŒäƒLƒ…[ƒu;source=placement;stage=HeavensDoorGalaxy;zone=HeavensDoorGalaxy;table=jmp/placement/common/areaobjinfo;row=18;local_id=20)
[src/runtime/RuntimeContext.cpp:1783][APP - INFO] SMG semantic event name_obj_lifecycle:construct (object=ViewGroupCtrlCube;actor=ƒrƒ…[ƒOƒ‹[ƒv§ŒäƒLƒ…[ƒu)
[src/runtime/RuntimeContext.cpp:1783][APP - INFO] SMG semantic event name_obj_lifecycle:init_from_jmap (object=ƒrƒ…[ƒOƒ‹[ƒv§ŒäƒLƒ…[ƒu;source=placement;stage=HeavensDoorGalaxy;zone=HeavensDoorGalaxy;table=jmp/placement/common/areaobjinfo;row=19;local_id=21)
[src/runtime/RuntimeContext.cpp:1783][APP - INFO] SMG semantic event name_obj_lifecycle:construct (object=LightCtrlCube;actor=ƒ‰ƒCƒg§ŒäƒGƒŠƒAiƒLƒ…[ƒuj)
[src/runtime/RuntimeContext.cpp:1783][APP - INFO] SMG semantic event name_obj_lifecycle:init_from_jmap (object=ƒ‰ƒCƒg§ŒäƒGƒŠƒAiƒLƒ…[ƒuj;source=placement;stage=HeavensDoorGalaxy;zone=HeavensDoorGalaxy;table=jmp/placement/common/areaobjinfo;row=5;local_id=10)
[src/runtime/RuntimeContext.cpp:1783][APP - INFO] SMG semantic event name_obj_lifecycle:construct (object=LightCtrlCube;actor=ƒ‰ƒCƒg§ŒäƒGƒŠƒAiƒLƒ…[ƒuj)
[src/runtime/RuntimeContext.cpp:1783][APP - INFO] SMG semantic event name_obj_lifecycle:init_from_jmap (object=ƒ‰ƒCƒg§ŒäƒGƒŠƒAiƒLƒ…[ƒuj;source=placement;stage=HeavensDoorGalaxy;zone=HeavensDoorGalaxy;table=jmp/placement/common/areaobjinfo;row=6;local_id=11)
[src/runtime/RuntimeContext.cpp:1783][APP - INFO] SMG semantic event name_obj_lifecycle:construct (object=LightCtrlCube;actor=ƒ‰ƒCƒg§ŒäƒGƒŠƒAiƒLƒ…[ƒuj)
[src/runtime/RuntimeContext.cpp:1783][APP - INFO] SMG semantic event name_obj_lifecycle:init_from_jmap (object=ƒ‰ƒCƒg§ŒäƒGƒŠƒAiƒLƒ…[ƒuj;source=placement;stage=HeavensDoorGalaxy;zone=HeavensDoorGalaxy;table=jmp/placement/common/areaobjinfo;row=7;local_id=12)
[src/runtime/RuntimeContext.cpp:1783][APP - INFO] SMG semantic event name_obj_lifecycle:construct (object=LightCtrlCube;actor=ƒ‰ƒCƒg§ŒäƒGƒŠƒAiƒLƒ…[ƒuj)
[src/runtime/RuntimeContext.cpp:1783][APP - INFO] SMG semantic event name_obj_lifecycle:init_from_jmap (object=ƒ‰ƒCƒg§ŒäƒGƒŠƒAiƒLƒ…[ƒuj;source=placement;stage=HeavensDoorGalaxy;zone=HeavensDoorGalaxy;table=jmp/placement/common/areaobjinfo;row=8;local_id=13)
[src/runtime/RuntimeContext.cpp:1783][APP - INFO] SMG semantic event name_obj_lifecycle:construct (object=LightCtrlCube;actor=ƒ‰ƒCƒg§ŒäƒGƒŠƒAiƒLƒ…[ƒuj)
[src/runtime/RuntimeContext.cpp:1783][APP - INFO] SMG semantic event name_obj_lifecycle:init_from_jmap (object=ƒ‰ƒCƒg§ŒäƒGƒŠƒAiƒLƒ…[ƒuj;source=placement;stage=HeavensDoorGalaxy;zone=HeavensDoorGalaxy;table=jmp/placement/common/areaobjinfo;row=9;local_id=14)
[src/runtime/RuntimeContext.cpp:1783][APP - INFO] SMG semantic event name_obj_lifecycle:construct (object=LightCtrlCube;actor=ƒ‰ƒCƒg§ŒäƒGƒŠƒAiƒLƒ…[ƒuj)
[src/runtime/RuntimeContext.cpp:1783][APP - INFO] SMG semantic event name_obj_lifecycle:init_from_jmap (object=ƒ‰ƒCƒg§ŒäƒGƒŠƒAiƒLƒ…[ƒuj;source=placement;stage=HeavensDoorGalaxy;zone=HeavensDoorGalaxy;table=jmp/placement/common/areaobjinfo;row=10;local_id=15)
[src/runtime/RuntimeContext.cpp:1783][APP - INFO] SMG semantic event name_obj_lifecycle:construct (object=LightCtrlCube;actor=ƒ‰ƒCƒg§ŒäƒGƒŠƒAiƒLƒ…[ƒuj)
[src/runtime/RuntimeContext.cpp:1783][APP - INFO] SMG semantic event name_obj_lifecycle:init_from_jmap (object=ƒ‰ƒCƒg§ŒäƒGƒŠƒAiƒLƒ…[ƒuj;source=placement;stage=HeavensDoorGalaxy;zone=HeavensDoorGalaxy;table=jmp/placement/common/areaobjinfo;row=11;local_id=16)
[src/runtime/RuntimeContext.cpp:1783][APP - INFO] SMG semantic event name_obj_lifecycle:construct (object=CubeCameraCylinder;actor=ƒJƒƒ‰w’èƒLƒ…[ƒui‰~“›ƒ^ƒCƒv))
[src/runtime/RuntimeContext.cpp:1783][APP - INFO] SMG semantic event name_obj_lifecycle:init_from_jmap (object=ƒJƒƒ‰w’èƒLƒ…[ƒui‰~“›ƒ^ƒCƒv);source=placement;stage=HeavensDoorMysteriousZone;zone=HeavensDoorMysteriousZone;table=jmp/placement/common/cameracubeinfo;row=1;local_id=10)
[src/runtime/RuntimeContext.cpp:1783][APP - INFO] SMG semantic event name_obj_lifecycle:connect_to_scene (object=CubeCameraCylinder;kind=name_obj;movement=13;calc_anim=-1;draw_buffer=-1;draw_type=-1)
[src/runtime/RuntimeContext.cpp:1783][APP - INFO] SMG semantic event name_obj_lifecycle:construct (object=CubeCameraCylinder;actor=ƒJƒƒ‰w’èƒLƒ…[ƒui‰~“›ƒ^ƒCƒv))
[src/runtime/RuntimeContext.cpp:1783][APP - INFO] SMG semantic event name_obj_lifecycle:init_from_jmap (object=ƒJƒƒ‰w’èƒLƒ…[ƒui‰~“›ƒ^ƒCƒv);source=placement;stage=HeavensDoorMysteriousZone;zone=HeavensDoorMysteriousZone;table=jmp/placement/common/cameracubeinfo;row=2;local_id=11)
[src/runtime/RuntimeContext.cpp:1783][APP - INFO] SMG semantic event name_obj_lifecycle:connect_to_scene (object=CubeCameraCylinder;kind=name_obj;movement=13;calc_anim=-1;draw_buffer=-1;draw_type=-1)
[src/runtime/RuntimeContext.cpp:1783][APP - INFO] SMG semantic event name_obj_lifecycle:construct (object=CubeCameraCylinder;actor=ƒJƒƒ‰w’èƒLƒ…[ƒui‰~“›ƒ^ƒCƒv))
[src/runtime/RuntimeContext.cpp:1783][APP - INFO] SMG semantic event name_obj_lifecycle:init_from_jmap (object=ƒJƒƒ‰w’èƒLƒ…[ƒui‰~“›ƒ^ƒCƒv);source=placement;stage=HeavensDoorMysteriousZone;zone=HeavensDoorMysteriousZone;table=jmp/placement/common/cameracubeinfo;row=3;local_id=16)
[src/runtime/RuntimeContext.cpp:1783][APP - INFO] SMG semantic event name_obj_lifecycle:connect_to_scene (object=CubeCameraCylinder;kind=name_obj;movement=13;calc_anim=-1;draw_buffer=-1;draw_type=-1)
[src/runtime/RuntimeContext.cpp:1783][APP - INFO] SMG semantic event name_obj_lifecycle:construct (object=CubeCameraCylinder;actor=ƒJƒƒ‰w’èƒLƒ…[ƒui‰~“›ƒ^ƒCƒv))
[src/runtime/RuntimeContext.cpp:1783][APP - INFO] SMG semantic event name_obj_lifecycle:init_from_jmap (object=ƒJƒƒ‰w’èƒLƒ…[ƒui‰~“›ƒ^ƒCƒv);source=placement;stage=HeavensDoorMysteriousZone;zone=HeavensDoorMysteriousZone;table=jmp/placement/common/cameracubeinfo;row=4;local_id=17)
[src/runtime/RuntimeContext.cpp:1783][APP - INFO] SMG semantic event name_obj_lifecycle:connect_to_scene (object=CubeCameraCylinder;kind=name_obj;movement=13;calc_anim=-1;draw_buffer=-1;draw_type=-1)
[src/runtime/RuntimeContext.cpp:1783][APP - INFO] SMG semantic event name_obj_lifecycle:construct (object=SwitchCube;actor=ƒXƒCƒbƒ`ƒLƒ…[ƒu)
[src/runtime/RuntimeContext.cpp:1783][APP - INFO] SMG semantic event name_obj_lifecycle:init_from_jmap (object=ƒXƒCƒbƒ`ƒLƒ…[ƒu;source=placement;stage=HeavensDoorMysteriousZone;zone=HeavensDoorMysteriousZone;table=jmp/placement/common/areaobjinfo;row=1;local_id=8)
[src/runtime/RuntimeContext.cpp:1783][APP - INFO] SMG semantic event name_obj_lifecycle:connect_to_scene (object=SwitchCube;kind=name_obj;movement=13;calc_anim=-1;draw_buffer=-1;draw_type=-1)
[src/runtime/RuntimeContext.cpp:1783][APP - INFO] SMG semantic event name_obj_lifecycle:construct (object=SwitchCube;actor=ƒXƒCƒbƒ`ƒLƒ…[ƒu)
[src/runtime/RuntimeContext.cpp:1783][APP - INFO] SMG semantic event name_obj_lifecycle:init_from_jmap (object=ƒXƒCƒbƒ`ƒLƒ…[ƒu;source=placement;stage=HeavensDoorMysteriousZone;zone=HeavensDoorMysteriousZone;table=jmp/placement/common/areaobjinfo;row=2;local_id=11)
[src/runtime/RuntimeContext.cpp:1783][APP - INFO] SMG semantic event name_obj_lifecycle:connect_to_scene (object=SwitchCube;kind=name_obj;movement=13;calc_anim=-1;draw_buffer=-1;draw_type=-1)
[src/runtime/RuntimeContext.cpp:1783][APP - INFO] SMG semantic event name_obj_lifecycle:construct (object=LensFlareArea;actor=ƒŒƒ“ƒYƒtƒŒƒAƒGƒŠƒA)
[src/runtime/RuntimeContext.cpp:1783][APP - INFO] SMG semantic event name_obj_lifecycle:init_from_jmap (object=ƒŒƒ“ƒYƒtƒŒƒAƒGƒŠƒA;source=placement;stage=HeavensDoorGalaxy;zone=HeavensDoorGalaxy;table=jmp/placement/common/areaobjinfo;row=4;local_id=6)
[src/runtime/RuntimeContext.cpp:1783][APP - INFO] SMG semantic event name_obj_lifecycle:construct (object=PullBackCylinder;actor=ˆø‚«–ß‚µƒGƒŠƒA(‰~“›))
[src/runtime/RuntimeContext.cpp:1783][APP - INFO] SMG semantic event name_obj_lifecycle:init_from_jmap (object=ˆø‚«–ß‚µƒGƒŠƒA(‰~“›);source=placement;stage=HeavensDoorMysteriousZone;zone=HeavensDoorMysteriousZone;table=jmp/placement/common/areaobjinfo;row=0;local_id=6)
[src/runtime/RuntimeContext.cpp:1783][APP - INFO] SMG semantic event name_obj_lifecycle:construct (object=MessageAreaCylinder;actor=‰ï˜b§ŒäƒVƒŠƒ“ƒ_[)
[src/runtime/RuntimeContext.cpp:1783][APP - INFO] SMG semantic event name_obj_lifecycle:init_from_jmap (object=‰ï˜b§ŒäƒVƒŠƒ“ƒ_[;source=placement;stage=HeavensDoorMysteriousZone;zone=HeavensDoorMysteriousZone;table=jmp/placement/common/areaobjinfo;row=3;local_id=14)
[src/runtime/RuntimeContext.cpp:1783][APP - INFO] SMG semantic event name_obj_lifecycle:construct (object=CubeCameraSphere;actor=ƒJƒƒ‰w’èƒLƒ…[ƒui‹…ƒ^ƒCƒv))
[src/runtime/RuntimeContext.cpp:1783][APP - INFO] SMG semantic event name_obj_lifecycle:init_from_jmap (object=ƒJƒƒ‰w’èƒLƒ…[ƒui‹…ƒ^ƒCƒv);source=placement;stage=HeavensDoorMysteriousZone;zone=HeavensDoorMysteriousZone;table=jmp/placement/common/cameracubeinfo;row=0;local_id=2)
[src/runtime/RuntimeContext.cpp:1783][APP - INFO] SMG semantic event name_obj_lifecycle:connect_to_scene (object=CubeCameraSphere;kind=name_obj;movement=13;calc_anim=-1;draw_buffer=-1;draw_type=-1)
[src/runtime/RuntimeContext.cpp:1783][APP - INFO] SMG semantic event name_obj_lifecycle:construct (object=GlobalPointGravity;actor=“_d—Í)
[src/runtime/RuntimeContext.cpp:1783][APP - INFO] SMG semantic event name_obj_lifecycle:init_from_jmap (object=“_d—Í;source=placement;stage=HeavensDoorMysteriousZone;zone=HeavensDoorMysteriousZone;table=jmp/placement/common/planetobjinfo;row=0;local_id=0)
[src/runtime/RuntimeContext.cpp:1783][APP - INFO] SMG semantic event name_obj_lifecycle:construct (object=CubeCameraSphere;actor=ƒJƒƒ‰w’èƒLƒ…[ƒui‹…ƒ^ƒCƒv))
[src/runtime/RuntimeContext.cpp:1783][APP - INFO] SMG semantic event name_obj_lifecycle:init_from_jmap (object=ƒJƒƒ‰w’èƒLƒ…[ƒui‹…ƒ^ƒCƒv);source=placement;stage=HeavensDoorSmallZone;zone=HeavensDoorSmallZone;table=jmp/placement/common/cameracubeinfo;row=0;local_id=0)
[src/runtime/RuntimeContext.cpp:1783][APP - INFO] SMG semantic event name_obj_lifecycle:connect_to_scene (object=CubeCameraSphere;kind=name_obj;movement=13;calc_anim=-1;draw_buffer=-1;draw_type=-1)
[src/runtime/RuntimeContext.cpp:1783][APP - INFO] SMG semantic event name_obj_lifecycle:construct (object=CubeCameraSphere;actor=ƒJƒƒ‰w’èƒLƒ…[ƒui‹…ƒ^ƒCƒv))
[src/runtime/RuntimeContext.cpp:1783][APP - INFO] SMG semantic event name_obj_lifecycle:init_from_jmap (object=ƒJƒƒ‰w’èƒLƒ…[ƒui‹…ƒ^ƒCƒv);source=placement;stage=HeavensDoorMiddleZone;zone=HeavensDoorMiddleZone;table=jmp/placement/common/cameracubeinfo;row=0;local_id=0)
[src/runtime/RuntimeContext.cpp:1783][APP - INFO] SMG semantic event name_obj_lifecycle:connect_to_scene (object=CubeCameraSphere;kind=name_obj;movement=13;calc_anim=-1;draw_buffer=-1;draw_type=-1)
[src/runtime/RuntimeContext.cpp:1783][APP - INFO] SMG semantic event name_obj_lifecycle:construct (object=CubeCameraSphere;actor=ƒJƒƒ‰w’èƒLƒ…[ƒui‹…ƒ^ƒCƒv))
[src/runtime/RuntimeContext.cpp:1783][APP - INFO] SMG semantic event name_obj_lifecycle:init_from_jmap (object=ƒJƒƒ‰w’èƒLƒ…[ƒui‹…ƒ^ƒCƒv);source=placement;stage=HeavensDoorMiddleZone;zone=HeavensDoorMiddleZone;table=jmp/placement/common/cameracubeinfo;row=1;local_id=2)
[src/runtime/RuntimeContext.cpp:1783][APP - INFO] SMG semantic event name_obj_lifecycle:connect_to_scene (object=CubeCameraSphere;kind=name_obj;movement=13;calc_anim=-1;draw_buffer=-1;draw_type=-1)
[src/runtime/RuntimeContext.cpp:1783][APP - INFO] SMG semantic event name_obj_lifecycle:construct (object=CubeCameraSphere;actor=ƒJƒƒ‰w’èƒLƒ…[ƒui‹…ƒ^ƒCƒv))
[src/runtime/RuntimeContext.cpp:1783][APP - INFO] SMG semantic event name_obj_lifecycle:init_from_jmap (object=ƒJƒƒ‰w’èƒLƒ…[ƒui‹…ƒ^ƒCƒv);source=placement;stage=HeavensDoorInsideZone;zone=HeavensDoorInsideZone;table=jmp/placement/common/cameracubeinfo;row=0;local_id=0)
[src/runtime/RuntimeContext.cpp:1783][APP - INFO] SMG semantic event name_obj_lifecycle:connect_to_scene (object=CubeCameraSphere;kind=name_obj;movement=13;calc_anim=-1;draw_buffer=-1;draw_type=-1)
[src/runtime/RuntimeContext.cpp:1783][APP - INFO] SMG semantic event name_obj_lifecycle:construct (object=CubeCameraSphere;actor=ƒJƒƒ‰w’èƒLƒ…[ƒui‹…ƒ^ƒCƒv))
[src/runtime/RuntimeContext.cpp:1783][APP - INFO] SMG semantic event name_obj_lifecycle:init_from_jmap (object=ƒJƒƒ‰w’èƒLƒ…[ƒui‹…ƒ^ƒCƒv);source=placement;stage=HeavensBlackHoleZone;zone=HeavensBlackHoleZone;table=jmp/placement/common/cameracubeinfo;row=0;local_id=1)
[src/runtime/RuntimeContext.cpp:1783][APP - INFO] SMG semantic event name_obj_lifecycle:connect_to_scene (object=CubeCameraSphere;kind=name_obj;movement=13;calc_anim=-1;draw_buffer=-1;draw_type=-1)
[src/runtime/RuntimeContext.cpp:1783][APP - INFO] SMG semantic event name_obj_lifecycle:construct (object=GlobalPointGravity;actor=“_d—Í)
[src/runtime/RuntimeContext.cpp:1783][APP - INFO] SMG semantic event name_obj_lifecycle:init_from_jmap (object=“_d—Í;source=placement;stage=HeavensDoorSmallZone;zone=HeavensDoorSmallZone;table=jmp/placement/common/planetobjinfo;row=0;local_id=1)
[src/runtime/RuntimeContext.cpp:1783][APP - INFO] SMG semantic event name_obj_lifecycle:construct (object=GlobalPointGravity;actor=“_d—Í)
[src/runtime/RuntimeContext.cpp:1783][APP - INFO] SMG semantic event name_obj_lifecycle:init_from_jmap (object=“_d—Í;source=placement;stage=HeavensDoorMiddleZone;zone=HeavensDoorMiddleZone;table=jmp/placement/common/planetobjinfo;row=0;local_id=1)
[src/runtime/RuntimeContext.cpp:1783][APP - INFO] SMG semantic event name_obj_lifecycle:construct (object=GlobalPointGravity;actor=“_d—Í)
[src/runtime/RuntimeContext.cpp:1783][APP - INFO] SMG semantic event name_obj_lifecycle:init_from_jmap (object=“_d—Í;source=placement;stage=HeavensDoorInsideZone;zone=HeavensDoorInsideZone;table=jmp/placement/common/planetobjinfo;row=0;local_id=1)
[src/runtime/RuntimeContext.cpp:1783][APP - INFO] SMG semantic event name_obj_lifecycle:construct (object=GlobalPointGravity;actor=“_d—Í)
[src/runtime/RuntimeContext.cpp:1783][APP - INFO] SMG semantic event name_obj_lifecycle:init_from_jmap (object=“_d—Í;source=placement;stage=HeavensBlackHoleZone;zone=HeavensBlackHoleZone;table=jmp/placement/common/planetobjinfo;row=0;local_id=0)
[src/runtime/RuntimeContext.cpp:1783][APP - INFO] SMG semantic event name_obj_lifecycle:construct (object=CubeCameraCylinder;actor=ƒJƒƒ‰w’èƒLƒ…[ƒui‰~“›ƒ^ƒCƒv))
[src/runtime/RuntimeContext.cpp:1783][APP - INFO] SMG semantic event name_obj_lifecycle:init_from_jmap (object=ƒJƒƒ‰w’èƒLƒ…[ƒui‰~“›ƒ^ƒCƒv);source=placement;stage=HeavensDoorMysteriousZone;zone=HeavensDoorMysteriousZone;table=jmp/placement/layera/cameracubeinfo;row=0;local_id=1)
[src/runtime/RuntimeContext.cpp:1783][APP - INFO] SMG semantic event name_obj_lifecycle:connect_to_scene (object=CubeCameraCylinder;kind=name_obj;movement=13;calc_anim=-1;draw_buffer=-1;draw_type=-1)
[src/runtime/RuntimeContext.cpp:1783][APP - INFO] SMG semantic event name_obj_lifecycle:construct (object=CubeCameraCylinder;actor=ƒJƒƒ‰w’èƒLƒ…[ƒui‰~“›ƒ^ƒCƒv))
[src/runtime/RuntimeContext.cpp:1783][APP - INFO] SMG semantic event name_obj_lifecycle:init_from_jmap (object=ƒJƒƒ‰w’èƒLƒ…[ƒui‰~“›ƒ^ƒCƒv);source=placement;stage=HeavensDoorMysteriousZone;zone=HeavensDoorMysteriousZone;table=jmp/placement/layera/cameracubeinfo;row=1;local_id=3)
[src/runtime/RuntimeContext.cpp:1783][APP - INFO] SMG semantic event name_obj_lifecycle:connect_to_scene (object=CubeCameraCylinder;kind=name_obj;movement=13;calc_anim=-1;draw_buffer=-1;draw_type=-1)
[src/runtime/RuntimeContext.cpp:1783][APP - INFO] SMG semantic event name_obj_lifecycle:construct (object=CubeCameraCylinder;actor=ƒJƒƒ‰w’èƒLƒ…[ƒui‰~“›ƒ^ƒCƒv))
[src/runtime/RuntimeContext.cpp:1783][APP - INFO] SMG semantic event name_obj_lifecycle:init_from_jmap (object=ƒJƒƒ‰w’èƒLƒ…[ƒui‰~“›ƒ^ƒCƒv);source=placement;stage=HeavensDoorSmallZone;zone=HeavensDoorSmallZone;table=jmp/placement/common/cameracubeinfo;row=1;local_id=1)
[src/runtime/RuntimeContext.cpp:1783][APP - INFO] SMG semantic event name_obj_lifecycle:connect_to_scene (object=CubeCameraCylinder;kind=name_obj;movement=13;calc_anim=-1;draw_buffer=-1;draw_type=-1)
[src/runtime/RuntimeContext.cpp:1783][APP - INFO] SMG semantic event name_obj_lifecycle:construct (object=CubeCameraCylinder;actor=ƒJƒƒ‰w’èƒLƒ…[ƒui‰~“›ƒ^ƒCƒv))
[src/runtime/RuntimeContext.cpp:1783][APP - INFO] SMG semantic event name_obj_lifecycle:init_from_jmap (object=ƒJƒƒ‰w’èƒLƒ…[ƒui‰~“›ƒ^ƒCƒv);source=placement;stage=HeavensDoorSmallZone;zone=HeavensDoorSmallZone;table=jmp/placement/common/cameracubeinfo;row=3;local_id=3)
[src/runtime/RuntimeContext.cpp:1783][APP - INFO] SMG semantic event name_obj_lifecycle:connect_to_scene (object=CubeCameraCylinder;kind=name_obj;movement=13;calc_anim=-1;draw_buffer=-1;draw_type=-1)
[src/runtime/RuntimeContext.cpp:1783][APP - INFO] SMG semantic event name_obj_lifecycle:construct (object=CubeCameraBox;actor=ƒJƒƒ‰w’èƒLƒ…[ƒu(ƒLƒ…[ƒuƒ^ƒCƒv))
[src/runtime/RuntimeContext.cpp:1783][APP - INFO] SMG semantic event name_obj_lifecycle:init_from_jmap (object=ƒJƒƒ‰w’èƒLƒ…[ƒu(ƒLƒ…[ƒuƒ^ƒCƒv);source=placement;stage=HeavensDoorMysteriousZone;zone=HeavensDoorMysteriousZone;table=jmp/placement/layera/cameracubeinfo;row=2;local_id=8)
[src/runtime/RuntimeContext.cpp:1783][APP - INFO] SMG semantic event name_obj_lifecycle:connect_to_scene (object=CubeCameraBox;kind=name_obj;movement=13;calc_anim=-1;draw_buffer=-1;draw_type=-1)
[src/runtime/RuntimeContext.cpp:1783][APP - INFO] SMG semantic event name_obj_lifecycle:construct (object=CubeCameraBox;actor=ƒJƒƒ‰w’èƒLƒ…[ƒu(ƒLƒ…[ƒuƒ^ƒCƒv))
[src/runtime/RuntimeContext.cpp:1783][APP - INFO] SMG semantic event name_obj_lifecycle:init_from_jmap (object=ƒJƒƒ‰w’èƒLƒ…[ƒu(ƒLƒ…[ƒuƒ^ƒCƒv);source=placement;stage=HeavensDoorSmallZone;zone=HeavensDoorSmallZone;table=jmp/placement/common/cameracubeinfo;row=2;local_id=2)
[src/runtime/RuntimeContext.cpp:1783][APP - INFO] SMG semantic event name_obj_lifecycle:connect_to_scene (object=CubeCameraBox;kind=name_obj;movement=13;calc_anim=-1;draw_buffer=-1;draw_type=-1)
[src/runtime/RuntimeContext.cpp:1783][APP - INFO] SMG semantic event name_obj_lifecycle:construct (object=SwitchCube;actor=ƒXƒCƒbƒ`ƒLƒ…[ƒu)
[src/runtime/RuntimeContext.cpp:1783][APP - INFO] SMG semantic event name_obj_lifecycle:init_from_jmap (object=ƒXƒCƒbƒ`ƒLƒ…[ƒu;source=placement;stage=HeavensBlackHoleZone;zone=HeavensBlackHoleZone;table=jmp/placement/common/areaobjinfo;row=0;local_id=0)
[src/runtime/RuntimeContext.cpp:1783][APP - INFO] SMG semantic event name_obj_lifecycle:connect_to_scene (object=SwitchCube;kind=name_obj;movement=13;calc_anim=-1;draw_buffer=-1;draw_type=-1)
[src/runtime/RuntimeContext.cpp:1783][APP - INFO] SMG semantic event name_obj_lifecycle:construct (object=SwitchCube;actor=ƒXƒCƒbƒ`ƒLƒ…[ƒu)
[src/runtime/RuntimeContext.cpp:1783][APP - INFO] SMG semantic event name_obj_lifecycle:init_from_jmap (object=ƒXƒCƒbƒ`ƒLƒ…[ƒu;source=placement;stage=HeavensBlackHoleZone;zone=HeavensBlackHoleZone;table=jmp/placement/common/areaobjinfo;row=4;local_id=4)
[src/runtime/RuntimeContext.cpp:1783][APP - INFO] SMG semantic event name_obj_lifecycle:connect_to_scene (object=SwitchCube;kind=name_obj;movement=13;calc_anim=-1;draw_buffer=-1;draw_type=-1)
[src/runtime/RuntimeContext.cpp:1783][APP - INFO] SMG semantic event name_obj_lifecycle:construct (object=BlueStarGuidanceCube;actor=ƒuƒ‹[ƒXƒ^[ƒKƒCƒ_ƒ“ƒXƒLƒ…[ƒu)
[src/runtime/RuntimeContext.cpp:1783][APP - INFO] SMG semantic event name_obj_lifecycle:init_from_jmap (object=ƒuƒ‹[ƒXƒ^[ƒKƒCƒ_ƒ“ƒXƒLƒ…[ƒu;source=placement;stage=HeavensDoorSmallZone;zone=HeavensDoorSmallZone;table=jmp/placement/common/areaobjinfo;row=0;local_id=0)
[src/runtime/RuntimeContext.cpp:1783][APP - INFO] SMG semantic event name_obj_lifecycle:construct (object=MessageAreaCube;actor=‰ï˜b§ŒäƒLƒ…[ƒu)
[src/runtime/RuntimeContext.cpp:1783][APP - INFO] SMG semantic event name_obj_lifecycle:init_from_jmap (object=‰ï˜b§ŒäƒLƒ…[ƒu;source=placement;stage=HeavensDoorSmallZone;zone=HeavensDoorSmallZone;table=jmp/placement/common/areaobjinfo;row=1;local_id=1)
[src/runtime/RuntimeContext.cpp:1783][APP - INFO] SMG semantic event name_obj_lifecycle:construct (object=LightCtrlCube;actor=ƒ‰ƒCƒg§ŒäƒGƒŠƒAiƒLƒ…[ƒuj)
[src/runtime/RuntimeContext.cpp:1783][APP - INFO] SMG semantic event name_obj_lifecycle:init_from_jmap (object=ƒ‰ƒCƒg§ŒäƒGƒŠƒAiƒLƒ…[ƒuj;source=placement;stage=HeavensDoorMysteriousZone;zone=HeavensDoorMysteriousZone;table=jmp/placement/layera/areaobjinfo;row=0;local_id=13)
[src/runtime/RuntimeContext.cpp:1783][APP - INFO] SMG semantic event name_obj_lifecycle:construct (object=GlobalPlaneGravity;actor=•½–Êd—Í[‹…”ÍˆÍ])
[src/runtime/RuntimeContext.cpp:1783][APP - INFO] SMG semantic event name_obj_lifecycle:init_from_jmap (object=•½–Êd—Í[‹…”ÍˆÍ];source=placement;stage=HeavensDoorMysteriousZone;zone=HeavensDoorMysteriousZone;table=jmp/placement/layera/planetobjinfo;row=0;local_id=4)
[src/runtime/RuntimeContext.cpp:1783][APP - INFO] SMG semantic event name_obj_lifecycle:construct (object=GlobalPlaneGravityInBox;actor=•½–Êd—Í[ƒ{ƒbƒNƒX”ÍˆÍ])
[src/runtime/RuntimeContext.cpp:1783][APP - INFO] SMG semantic event name_obj_lifecycle:init_from_jmap (object=•½–Êd—Í[ƒ{ƒbƒNƒX”ÍˆÍ];source=placement;stage=HeavensDoorSmallZone;zone=HeavensDoorSmallZone;table=jmp/placement/common/planetobjinfo;row=1;local_id=2)
[src/runtime/RuntimeContext.cpp:1783][APP - INFO] SMG semantic event name_obj_lifecycle:construct (object=BloomCube;actor=ƒuƒ‹[ƒ€ƒGƒŠƒAiƒLƒ…[ƒuj)
[src/runtime/RuntimeContext.cpp:1783][APP - INFO] SMG semantic event name_obj_lifecycle:init_from_jmap (object=ƒuƒ‹[ƒ€ƒGƒŠƒAiƒLƒ…[ƒuj;source=placement;stage=HeavensDoorInsideZone;zone=HeavensDoorInsideZone;table=jmp/placement/common/areaobjinfo;row=0;local_id=0)
[src/runtime/RuntimeContext.cpp:1783][APP - INFO] SMG semantic event name_obj_lifecycle:connect_to_scene (object=ãƒ–ãƒ«ãƒ¼ãƒ ;kind=name_obj;movement=-1;calc_anim=4;draw_buffer=-1;draw_type=-1)
[src/runtime/RuntimeContext.cpp:1783][APP - INFO] SMG semantic event name_obj_lifecycle:connect_to_scene (object=BloomEffect::preDraw;kind=name_obj;movement=-1;calc_anim=-1;draw_buffer=-1;draw_type=52)
[src/runtime/RuntimeContext.cpp:1783][APP - INFO] SMG semantic event name_obj_lifecycle:connect_to_scene (object=BloomEffect::postDraw;kind=name_obj;movement=-1;calc_anim=-1;draw_buffer=-1;draw_type=53)
[src/runtime/RuntimeContext.cpp:1783][APP - INFO] SMG semantic event name_obj_lifecycle:connect_to_scene (object=å…¨ç”»é¢ã‚¨ãƒ•ã‚§ã‚¯ãƒˆç®¡ç†;kind=name_obj;movement=23;calc_anim=-1;draw_buffer=-1;draw_type=-1)
[src/runtime/RuntimeContext.cpp:1783][APP - INFO] SMG semantic event name_obj_lifecycle:construct (object=CollisionBlocker;actor=ƒRƒŠƒWƒ‡ƒ“”²‚¯–h~‹…)
[src/runtime/RuntimeContext.cpp:1783][APP - INFO] SMG semantic event name_obj_lifecycle:init_from_jmap (object=ƒRƒŠƒWƒ‡ƒ“”²‚¯–h~‹…;source=placement;stage=HeavensDoorMysteriousZone;zone=HeavensDoorMysteriousZone;table=jmp/placement/common/objinfo;row=29;local_id=91)
[src/runtime/RuntimeContext.cpp:1783][APP - INFO] SMG semantic event name_obj_lifecycle:connect_to_scene (object=ã‚³ãƒªã‚¸ãƒ§ãƒ³æŠœã‘é˜²æ­¢çƒ;kind=live_actor_model;movement=34;calc_anim=-1;draw_buffer=-1;draw_type=-1)
[src/runtime/RuntimeContext.cpp:1783][APP - INFO] SMG semantic event name_obj_lifecycle:construct (object=CollisionBlocker;actor=ƒRƒŠƒWƒ‡ƒ“”²‚¯–h~‹…)
[src/runtime/RuntimeContext.cpp:1783][APP - INFO] SMG semantic event name_obj_lifecycle:init_from_jmap (object=ƒRƒŠƒWƒ‡ƒ“”²‚¯–h~‹…;source=placement;stage=HeavensDoorMysteriousZone;zone=HeavensDoorMysteriousZone;table=jmp/placement/common/objinfo;row=30;local_id=94)
[src/runtime/RuntimeContext.cpp:1783][APP - INFO] SMG semantic event name_obj_lifecycle:connect_to_scene (object=ã‚³ãƒªã‚¸ãƒ§ãƒ³æŠœã‘é˜²æ­¢çƒ;kind=live_actor_model;movement=34;calc_anim=-1;draw_buffer=-1;draw_type=-1)
[src/runtime/RuntimeContext.cpp:1783][APP - INFO] SMG semantic event name_obj_lifecycle:construct (object=CollisionBlocker;actor=ƒRƒŠƒWƒ‡ƒ“”²‚¯–h~‹…)
[src/runtime/RuntimeContext.cpp:1783][APP - INFO] SMG semantic event name_obj_lifecycle:init_from_jmap (object=ƒRƒŠƒWƒ‡ƒ“”²‚¯–h~‹…;source=placement;stage=HeavensDoorMysteriousZone;zone=HeavensDoorMysteriousZone;table=jmp/placement/common/objinfo;row=31;local_id=95)
[src/runtime/RuntimeContext.cpp:1783][APP - INFO] SMG semantic event name_obj_lifecycle:connect_to_scene (object=ã‚³ãƒªã‚¸ãƒ§ãƒ³æŠœã‘é˜²æ­¢çƒ;kind=live_actor_model;movement=34;calc_anim=-1;draw_buffer=-1;draw_type=-1)
[src/runtime/RuntimeContext.cpp:1783][APP - INFO] SMG semantic event name_obj_lifecycle:construct (object=CollisionBlocker;actor=ƒRƒŠƒWƒ‡ƒ“”²‚¯–h~‹…)
[src/runtime/RuntimeContext.cpp:1783][APP - INFO] SMG semantic event name_obj_lifecycle:init_from_jmap (object=ƒRƒŠƒWƒ‡ƒ“”²‚¯–h~‹…;source=placement;stage=HeavensDoorMysteriousZone;zone=HeavensDoorMysteriousZone;table=jmp/placement/common/objinfo;row=44;local_id=188)
[src/runtime/RuntimeContext.cpp:1783][APP - INFO] SMG semantic event name_obj_lifecycle:connect_to_scene (object=ã‚³ãƒªã‚¸ãƒ§ãƒ³æŠœã‘é˜²æ­¢çƒ;kind=live_actor_model;movement=34;calc_anim=-1;draw_buffer=-1;draw_type=-1)
[src/runtime/RuntimeContext.cpp:1783][APP - INFO] SMG semantic event name_obj_lifecycle:construct (object=CollisionBlocker;actor=ƒRƒŠƒWƒ‡ƒ“”²‚¯–h~‹…)
[src/runtime/RuntimeContext.cpp:1783][APP - INFO] SMG semantic event name_obj_lifecycle:init_from_jmap (object=ƒRƒŠƒWƒ‡ƒ“”²‚¯–h~‹…;source=placement;stage=HeavensDoorMysteriousZone;zone=HeavensDoorMysteriousZone;table=jmp/placement/common/objinfo;row=45;local_id=189)
[src/runtime/RuntimeContext.cpp:1783][APP - INFO] SMG semantic event name_obj_lifecycle:connect_to_scene (object=ã‚³ãƒªã‚¸ãƒ§ãƒ³æŠœã‘é˜²æ­¢çƒ;kind=live_actor_model;movement=34;calc_anim=-1;draw_buffer=-1;draw_type=-1)
[src/runtime/RuntimeContext.cpp:1783][APP - INFO] SMG semantic event name_obj_lifecycle:construct (object=CollisionBlocker;actor=ƒRƒŠƒWƒ‡ƒ“”²‚¯–h~‹…)
[src/runtime/RuntimeContext.cpp:1783][APP - INFO] SMG semantic event name_obj_lifecycle:init_from_jmap (object=ƒRƒŠƒWƒ‡ƒ“”²‚¯–h~‹…;source=placement;stage=HeavensDoorMysteriousZone;zone=HeavensDoorMysteriousZone;table=jmp/placement/common/objinfo;row=46;local_id=190)
[src/runtime/RuntimeContext.cpp:1783][APP - INFO] SMG semantic event name_obj_lifecycle:connect_to_scene (object=ã‚³ãƒªã‚¸ãƒ§ãƒ³æŠœã‘é˜²æ­¢çƒ;kind=live_actor_model;movement=34;calc_anim=-1;draw_buffer=-1;draw_type=-1)
[src/runtime/RuntimeContext.cpp:1783][APP - INFO] SMG semantic event name_obj_lifecycle:construct (object=CollisionBlocker;actor=ƒRƒŠƒWƒ‡ƒ“”²‚¯–h~‹…)
[src/runtime/RuntimeContext.cpp:1783][APP - INFO] SMG semantic event name_obj_lifecycle:init_from_jmap (object=ƒRƒŠƒWƒ‡ƒ“”²‚¯–h~‹…;source=placement;stage=HeavensDoorMysteriousZone;zone=HeavensDoorMysteriousZone;table=jmp/placement/common/objinfo;row=47;local_id=191)
[src/runtime/RuntimeContext.cpp:1783][APP - INFO] SMG semantic event name_obj_lifecycle:connect_to_scene (object=ã‚³ãƒªã‚¸ãƒ§ãƒ³æŠœã‘é˜²æ­¢çƒ;kind=live_actor_model;movement=34;calc_anim=-1;draw_buffer=-1;draw_type=-1)
[src/runtime/RuntimeContext.cpp:1783][APP - INFO] SMG semantic event name_obj_lifecycle:construct (object=SwitchSynchronizerReverse;actor=ƒXƒCƒbƒ`“¯Šú[”½“]])
[src/runtime/RuntimeContext.cpp:1783][APP - INFO] SMG semantic event name_obj_lifecycle:init_from_jmap (object=ƒXƒCƒbƒ`“¯Šú[”½“]];source=placement;stage=HeavensDoorGalaxy;zone=HeavensDoorGalaxy;table=jmp/placement/common/objinfo;row=2;local_id=11)
[src/runtime/RuntimeContext.cpp:1783][APP - INFO] SMG semantic event name_obj_lifecycle:connect_to_scene (object=ã‚¹ã‚¤ãƒƒãƒåŒæœŸ[åè»¢];kind=name_obj;movement=34;calc_anim=-1;draw_buffer=-1;draw_type=-1)
[src/runtime/RuntimeContext.cpp:1783][APP - INFO] SMG semantic event name_obj_lifecycle:construct (object=VROrbit;actor=VR‹O“¹)
[src/runtime/RuntimeContext.cpp:1783][APP - INFO] SMG semantic event name_obj_lifecycle:init_from_jmap (object=VR‹O“¹;source=placement;stage=HeavensDoorGalaxy;zone=HeavensDoorGalaxy;table=jmp/placement/common/objinfo;row=0;local_id=0)
[src/runtime/RuntimeContext.cpp:1783][APP - INFO] SMG semantic event name_obj_lifecycle:connect_to_scene (object=VRè»Œé“;kind=live_actor_model;movement=36;calc_anim=5;draw_buffer=1;draw_type=-1)
[src/runtime/RuntimeContext.cpp:1783][APP - INFO] SMG semantic event name_obj_lifecycle:connect_to_scene (object=ãƒ¬ãƒ³ã‚ºãƒ•ãƒ¬ã‚¢ãƒªãƒ³ã‚°;kind=live_actor_model;movement=14;calc_anim=13;draw_buffer=36;draw_type=-1)
[src/runtime/RuntimeContext.cpp:1783][APP - INFO] SMG semantic event name_obj_lifecycle:connect_to_scene (object=ã‚°ãƒ¬ã‚¢ï¼ˆå††å½¢ï¼‰;kind=live_actor_model;movement=14;calc_anim=13;draw_buffer=36;draw_type=-1)
[src/runtime/RuntimeContext.cpp:1783][APP - INFO] SMG semantic event name_obj_lifecycle:connect_to_scene (object=ã‚°ãƒ¬ã‚¢ï¼ˆãƒ©ã‚¤ãƒ³ï¼‰;kind=live_actor_model;movement=14;calc_anim=13;draw_buffer=36;draw_type=-1)
[src/runtime/RuntimeContext.cpp:1783][APP - INFO] SMG semantic event name_obj_lifecycle:connect_to_scene (object=ãƒ¬ãƒ³ã‚ºãƒ•ãƒ¬ã‚¢ç®¡ç†;kind=name_obj;movement=34;calc_anim=-1;draw_buffer=-1;draw_type=-1)
[src/runtime/RuntimeContext.cpp:1783][APP - INFO] SMG semantic event name_obj_lifecycle:construct (object=BrightSun;actor=ƒŒƒ“ƒYƒtƒŒƒA—p‘¾—z)
[src/runtime/RuntimeContext.cpp:1783][APP - INFO] SMG semantic event name_obj_lifecycle:init_from_jmap (object=ƒŒƒ“ƒYƒtƒŒƒA—p‘¾—z;source=placement;stage=HeavensDoorGalaxy;zone=HeavensDoorGalaxy;table=jmp/placement/common/objinfo;row=1;local_id=10)
[src/runtime/RuntimeContext.cpp:1783][APP - INFO] SMG semantic event name_obj_lifecycle:connect_to_scene (object=ãƒ¬ãƒ³ã‚ºãƒ•ãƒ¬ã‚¢ç”¨å¤ªé™½;kind=live_actor_model;movement=33;calc_anim=-1;draw_buffer=-1;draw_type=57)
[src/runtime/RuntimeContext.cpp:1783][APP - INFO] SMG semantic event name_obj_lifecycle:connect_to_scene (object=å¤ªé™½;kind=live_actor_model;movement=36;calc_anim=5;draw_buffer=3;draw_type=-1)
[src/runtime/RuntimeContext.cpp:1783][APP - INFO] SMG semantic event name_obj_lifecycle:construct (object=SphereAir;actor=‹…óÂ‹ó)
[src/runtime/RuntimeContext.cpp:1783][APP - INFO] SMG semantic event name_obj_lifecycle:init_from_jmap (object=‹…óÂ‹ó;source=placement;stage=HeavensDoorMysteriousZone;zone=HeavensDoorMysteriousZone;table=jmp/placement/common/objinfo;row=25;local_id=70)
[src/runtime/RuntimeContext.cpp:1783][APP - INFO] SMG semantic event name_obj_lifecycle:connect_to_scene (object=çƒçŠ¶é’ç©º;kind=live_actor_model;movement=36;calc_anim=5;draw_buffer=2;draw_type=-1)
[src/runtime/RuntimeContext.cpp:1783][APP - INFO] SMG semantic event name_obj_lifecycle:construct (object=HeavensDoorMysteriousPlanet;actor=ƒwƒuƒ“ƒYƒhƒAƒ~ƒXƒeƒŠƒAƒX˜f¯)
[src/runtime/RuntimeContext.cpp:1783][APP - INFO] SMG semantic event name_obj_lifecycle:init_from_jmap (object=ƒwƒuƒ“ƒYƒhƒAƒ~ƒXƒeƒŠƒAƒX˜f¯;source=placement;stage=HeavensDoorMysteriousZone;zone=HeavensDoorMysteriousZone;table=jmp/placement/common/objinfo;row=24;local_id=69)
[src/runtime/RuntimeContext.cpp:1783][APP - INFO] SMG semantic event name_obj_lifecycle:connect_to_scene (object=ãƒ˜ãƒ–ãƒ³ã‚ºãƒ‰ã‚¢ãƒŸã‚¹ãƒ†ãƒªã‚¢ã‚¹æƒ‘æ˜Ÿ;kind=live_actor_model;movement=29;calc_anim=1;draw_buffer=4;draw_type=-1)
[src/runtime/RuntimeContext.cpp:1783][APP - INFO] SMG semantic event name_obj_lifecycle:connect_to_scene (object=åœ°å½¢ã‚³ãƒªã‚¸ãƒ§ãƒ³;kind=name_obj;movement=32;calc_anim=-1;draw_buffer=-1;draw_type=-1)
[src/runtime/RuntimeContext.cpp:1783][APP - INFO] SMG semantic event name_obj_lifecycle:construct (object=CollisionBlocker;actor=ƒRƒŠƒWƒ‡ƒ“”²‚¯–h~‹…)
[src/runtime/RuntimeContext.cpp:1783][APP - INFO] SMG semantic event name_obj_lifecycle:init_from_jmap (object=ƒRƒŠƒWƒ‡ƒ“”²‚¯–h~‹…;source=placement;stage=HeavensDoorGalaxy;zone=HeavensDoorGalaxy;table=jmp/placement/layera/objinfo;row=1;local_id=12)
[src/runtime/RuntimeContext.cpp:1783][APP - INFO] SMG semantic event name_obj_lifecycle:connect_to_scene (object=ã‚³ãƒªã‚¸ãƒ§ãƒ³æŠœã‘é˜²æ­¢çƒ;kind=live_actor_model;movement=34;calc_anim=-1;draw_buffer=-1;draw_type=-1)
[src/runtime/RuntimeContext.cpp:1783][APP - INFO] SMG semantic event name_obj_lifecycle:construct (object=GroupSwitchWatcher;actor=ƒOƒ‹[ƒvƒXƒCƒbƒ`ŠÄ‹)
[src/runtime/RuntimeContext.cpp:1783][APP - INFO] SMG semantic event name_obj_lifecycle:init_from_jmap (object=ƒOƒ‹[ƒvƒXƒCƒbƒ`ŠÄ‹;source=placement;stage=HeavensDoorSmallZone;zone=HeavensDoorSmallZone;table=jmp/placement/common/objinfo;row=0;local_id=6)
[src/runtime/RuntimeContext.cpp:1783][APP - INFO] SMG semantic event name_obj_lifecycle:connect_to_scene (object=ã‚°ãƒ«ãƒ¼ãƒ—ã‚¹ã‚¤ãƒƒãƒç›£è¦–;kind=live_actor_model;movement=34;calc_anim=-1;draw_buffer=-1;draw_type=-1)
[src/runtime/RuntimeContext.cpp:1783][APP - INFO] SMG semantic event name_obj_lifecycle:construct (object=TicoBaby;actor=ƒxƒrƒ`ƒR)
[src/runtime/RuntimeContext.cpp:1783][APP - INFO] SMG semantic event name_obj_lifecycle:init_from_jmap (object=ƒxƒrƒ`ƒR;source=placement;stage=HeavensDoorMysteriousZone;zone=HeavensDoorMysteriousZone;table=jmp/placement/layera/objinfo;row=13;local_id=45)
[src/runtime/RuntimeContext.cpp:1783][APP - INFO] SMG semantic event name_obj_lifecycle:connect_to_scene (object=ãƒ™ãƒ“ãƒã‚³;kind=live_actor_model;movement=40;calc_anim=6;draw_buffer=16;draw_type=-1)
[src/runtime/RuntimeContext.cpp:1783][APP - INFO] SMG semantic event name_obj_lifecycle:construct (object=SwitchSynchronizerReverse;actor=ƒXƒCƒbƒ`“¯Šú[”½“]])
[src/runtime/RuntimeContext.cpp:1783][APP - INFO] SMG semantic event name_obj_lifecycle:init_from_jmap (object=ƒXƒCƒbƒ`“¯Šú[”½“]];source=placement;stage=HeavensDoorInsideZone;zone=HeavensDoorInsideZone;table=jmp/placement/common/objinfo;row=5;local_id=21)
[src/runtime/RuntimeContext.cpp:1783][APP - INFO] SMG semantic event name_obj_lifecycle:connect_to_scene (object=ã‚¹ã‚¤ãƒƒãƒåŒæœŸ[åè»¢];kind=name_obj;movement=34;calc_anim=-1;draw_buffer=-1;draw_type=-1)
[src/runtime/RuntimeContext.cpp:1783][APP - INFO] SMG semantic event name_obj_lifecycle:construct (object=Tico;actor=ƒ`ƒR)
[src/runtime/RuntimeContext.cpp:1783][APP - INFO] SMG semantic event name_obj_lifecycle:init_from_jmap (object=ƒ`ƒR;source=placement;stage=HeavensDoorMysteriousZone;zone=HeavensDoorMysteriousZone;table=jmp/placement/layera/objinfo;row=7;local_id=65)
[src/runtime/RuntimeContext.cpp:1783][APP - INFO] SMG semantic event name_obj_lifecycle:connect_to_scene (object=ãƒã‚³;kind=live_actor_model;movement=40;calc_anim=6;draw_buffer=16;draw_type=-1)
[src/runtime/RuntimeContext.cpp:1783][APP - INFO] SMG semantic event name_obj_lifecycle:destroy (object=ƒ`ƒR)
[src/runtime/RuntimeContext.cpp:1783][APP - INFO] SMG semantic event name_obj_lifecycle:destroy (object=ƒXƒCƒbƒ`“¯Šú[”½“]])
[src/runtime/RuntimeContext.cpp:1783][APP - INFO] SMG semantic event name_obj_lifecycle:destroy (object=ƒxƒrƒ`ƒR)
[src/runtime/RuntimeContext.cpp:1783][APP - INFO] SMG semantic event name_obj_lifecycle:destroy (object=ƒOƒ‹[ƒvƒXƒCƒbƒ`ŠÄ‹)
[src/runtime/RuntimeContext.cpp:1783][APP - INFO] SMG semantic event name_obj_lifecycle:destroy (object=ƒRƒŠƒWƒ‡ƒ“”²‚¯–h~‹…)
[src/runtime/RuntimeContext.cpp:1783][APP - INFO] SMG semantic event name_obj_lifecycle:destroy (object=ƒwƒuƒ“ƒYƒhƒAƒ~ƒXƒeƒŠƒAƒX˜f¯)
[src/runtime/RuntimeContext.cpp:1783][APP - INFO] SMG semantic event name_obj_lifecycle:destroy (object=‹…óÂ‹ó)
[src/runtime/RuntimeContext.cpp:1783][APP - INFO] SMG semantic event name_obj_lifecycle:destroy (object=‘¾—z)
[src/runtime/RuntimeContext.cpp:1783][APP - INFO] SMG semantic event name_obj_lifecycle:destroy (object=ƒŒƒ“ƒYƒtƒŒƒA—p‘¾—z)
[src/runtime/RuntimeContext.cpp:1783][APP - INFO] SMG semantic event name_obj_lifecycle:destroy (object=VR‹O“¹)
[src/runtime/RuntimeContext.cpp:1783][APP - INFO] SMG semantic event name_obj_lifecycle:destroy (object=ƒXƒCƒbƒ`“¯Šú[”½“]])
[src/runtime/RuntimeContext.cpp:1783][APP - INFO] SMG semantic event name_obj_lifecycle:destroy (object=ƒRƒŠƒWƒ‡ƒ“”²‚¯–h~‹…)
[src/runtime/RuntimeContext.cpp:1783][APP - INFO] SMG semantic event name_obj_lifecycle:destroy (object=ƒRƒŠƒWƒ‡ƒ“”²‚¯–h~‹…)
[src/runtime/RuntimeContext.cpp:1783][APP - INFO] SMG semantic event name_obj_lifecycle:destroy (object=ƒRƒŠƒWƒ‡ƒ“”²‚¯–h~‹…)
[src/runtime/RuntimeContext.cpp:1783][APP - INFO] SMG semantic event name_obj_lifecycle:destroy (object=ƒRƒŠƒWƒ‡ƒ“”²‚¯–h~‹…)
[src/runtime/RuntimeContext.cpp:1783][APP - INFO] SMG semantic event name_obj_lifecycle:destroy (object=ƒRƒŠƒWƒ‡ƒ“”²‚¯–h~‹…)
[src/runtime/RuntimeContext.cpp:1783][APP - INFO] SMG semantic event name_obj_lifecycle:destroy (object=ƒRƒŠƒWƒ‡ƒ“”²‚¯–h~‹…)
[src/runtime/RuntimeContext.cpp:1783][APP - INFO] SMG semantic event name_obj_lifecycle:destroy (object=ƒRƒŠƒWƒ‡ƒ“”²‚¯–h~‹…)
[src/runtime/RuntimeContext.cpp:1783][APP - INFO] SMG semantic event name_obj_lifecycle:destroy (object=BloomCube)
[src/runtime/RuntimeContext.cpp:1783][APP - INFO] SMG semantic event name_obj_lifecycle:destroy (object=•½–Êd—Í[ƒ{ƒbƒNƒX”ÍˆÍ])
[src/runtime/RuntimeContext.cpp:1783][APP - INFO] SMG semantic event name_obj_lifecycle:destroy (object=•½–Êd—Í[‹…”ÍˆÍ])
[src/runtime/RuntimeContext.cpp:1783][APP - INFO] SMG semantic event name_obj_lifecycle:destroy (object=LightCtrlCube)
[src/runtime/RuntimeContext.cpp:1783][APP - INFO] SMG semantic event name_obj_lifecycle:destroy (object=MessageAreaCube)
[src/runtime/RuntimeContext.cpp:1783][APP - INFO] SMG semantic event name_obj_lifecycle:destroy (object=BlueStarGuidanceCube)
[src/runtime/RuntimeContext.cpp:1783][APP - INFO] SMG semantic event name_obj_lifecycle:destroy (object=SwitchCube)
[src/runtime/RuntimeContext.cpp:1783][APP - INFO] SMG semantic event name_obj_lifecycle:destroy (object=SwitchCube)
[src/runtime/RuntimeContext.cpp:1783][APP - INFO] SMG semantic event name_obj_lifecycle:destroy (object=CubeCameraBox)
[src/runtime/RuntimeContext.cpp:1783][APP - INFO] SMG semantic event name_obj_lifecycle:destroy (object=CubeCameraBox)
[src/runtime/RuntimeContext.cpp:1783][APP - INFO] SMG semantic event name_obj_lifecycle:destroy (object=CubeCameraCylinder)
[src/runtime/RuntimeContext.cpp:1783][APP - INFO] SMG semantic event name_obj_lifecycle:destroy (object=CubeCameraCylinder)
[src/runtime/RuntimeContext.cpp:1783][APP - INFO] SMG semantic event name_obj_lifecycle:destroy (object=CubeCameraCylinder)
[src/runtime/RuntimeContext.cpp:1783][APP - INFO] SMG semantic event name_obj_lifecycle:destroy (object=CubeCameraCylinder)
[src/runtime/RuntimeContext.cpp:1783][APP - INFO] SMG semantic event name_obj_lifecycle:destroy (object=“_d—Í)
[src/runtime/RuntimeContext.cpp:1783][APP - INFO] SMG semantic event name_obj_lifecycle:destroy (object=“_d—Í)
[src/runtime/RuntimeContext.cpp:1783][APP - INFO] SMG semantic event name_obj_lifecycle:destroy (object=“_d—Í)
[src/runtime/RuntimeContext.cpp:1783][APP - INFO] SMG semantic event name_obj_lifecycle:destroy (object=“_d—Í)
[src/runtime/RuntimeContext.cpp:1783][APP - INFO] SMG semantic event name_obj_lifecycle:destroy (object=CubeCameraSphere)
[src/runtime/RuntimeContext.cpp:1783][APP - INFO] SMG semantic event name_obj_lifecycle:destroy (object=CubeCameraSphere)
[src/runtime/RuntimeContext.cpp:1783][APP - INFO] SMG semantic event name_obj_lifecycle:destroy (object=CubeCameraSphere)
[src/runtime/RuntimeContext.cpp:1783][APP - INFO] SMG semantic event name_obj_lifecycle:destroy (object=CubeCameraSphere)
[src/runtime/RuntimeContext.cpp:1783][APP - INFO] SMG semantic event name_obj_lifecycle:destroy (object=CubeCameraSphere)
[src/runtime/RuntimeContext.cpp:1783][APP - INFO] SMG semantic event name_obj_lifecycle:destroy (object=“_d—Í)
[src/runtime/RuntimeContext.cpp:1783][APP - INFO] SMG semantic event name_obj_lifecycle:destroy (object=CubeCameraSphere)
[src/runtime/RuntimeContext.cpp:1783][APP - INFO] SMG semantic event name_obj_lifecycle:destroy (object=MessageAreaCylinder)
[src/runtime/RuntimeContext.cpp:1783][APP - INFO] SMG semantic event name_obj_lifecycle:destroy (object=PullBackCylinder)
[src/runtime/RuntimeContext.cpp:1783][APP - INFO] SMG semantic event name_obj_lifecycle:destroy (object=LensFlareArea)
[src/runtime/RuntimeContext.cpp:1783][APP - INFO] SMG semantic event name_obj_lifecycle:destroy (object=SwitchCube)
[src/runtime/RuntimeContext.cpp:1783][APP - INFO] SMG semantic event name_obj_lifecycle:destroy (object=SwitchCube)
[src/runtime/RuntimeContext.cpp:1783][APP - INFO] SMG semantic event name_obj_lifecycle:destroy (object=CubeCameraCylinder)
[src/runtime/RuntimeContext.cpp:1783][APP - INFO] SMG semantic event name_obj_lifecycle:destroy (object=CubeCameraCylinder)
[src/runtime/RuntimeContext.cpp:1783][APP - INFO] SMG semantic event name_obj_lifecycle:destroy (object=CubeCameraCylinder)
[src/runtime/RuntimeContext.cpp:1783][APP - INFO] SMG semantic event name_obj_lifecycle:destroy (object=CubeCameraCylinder)
[src/runtime/RuntimeContext.cpp:1783][APP - INFO] SMG semantic event name_obj_lifecycle:destroy (object=LightCtrlCube)
[src/runtime/RuntimeContext.cpp:1783][APP - INFO] SMG semantic event name_obj_lifecycle:destroy (object=LightCtrlCube)
[src/runtime/RuntimeContext.cpp:1783][APP - INFO] SMG semantic event name_obj_lifecycle:destroy (object=LightCtrlCube)
[src/runtime/RuntimeContext.cpp:1783][APP - INFO] SMG semantic event name_obj_lifecycle:destroy (object=LightCtrlCube)
[src/runtime/RuntimeContext.cpp:1783][APP - INFO] SMG semantic event name_obj_lifecycle:destroy (object=LightCtrlCube)
[src/runtime/RuntimeContext.cpp:1783][APP - INFO] SMG semantic event name_obj_lifecycle:destroy (object=LightCtrlCube)
[src/runtime/RuntimeContext.cpp:1783][APP - INFO] SMG semantic event name_obj_lifecycle:destroy (object=LightCtrlCube)
[src/runtime/RuntimeContext.cpp:1783][APP - INFO] SMG semantic event name_obj_lifecycle:destroy (object=ViewGroupCtrlCube)
[src/runtime/RuntimeContext.cpp:1783][APP - INFO] SMG semantic event name_obj_lifecycle:destroy (object=ViewGroupCtrlCube)
[src/runtime/RuntimeContext.cpp:1783][APP - INFO] SMG semantic event name_obj_lifecycle:destroy (object=ViewGroupCtrlCube)
[src/runtime/RuntimeContext.cpp:1783][APP - INFO] SMG semantic event name_obj_lifecycle:destroy (object=ViewGroupCtrlCube)
[src/runtime/RuntimeContext.cpp:1783][APP - INFO] SMG semantic event name_obj_lifecycle:destroy (object=ViewGroupCtrlCube)
[src/runtime/RuntimeContext.cpp:1783][APP - INFO] SMG semantic event name_obj_lifecycle:destroy (object=ViewGroupCtrlCube)
[src/runtime/RuntimeContext.cpp:1783][APP - INFO] SMG semantic event name_obj_lifecycle:destroy (object=ViewGroupCtrlCube)
[src/runtime/RuntimeContext.cpp:1783][APP - INFO] SMG semantic event name_obj_lifecycle:destroy (object=ViewGroupCtrlCube)
[aurora:warning:aurora::gpu] Device lost: Device was destroyed.
[src/showcase/Showcase.cpp:1153][APP - FATAL] Showcase failed: invalid CP932 string (iconv error 92)
