2026-08-08 integrated verification

$ cd pc-port
$ xmake build -j 4 smg-pc-atmosphere-level-sound-tests
build ok

$ xmake run smg-pc-atmosphere-level-sound-tests
[info] SDL default(dummy) callbacks=2;mixed_frames=2048;nonzero_samples=2044
[ok] retail AFC metadata/PCM, SDL callback, handle, and lifetime proof

$ xmake build -j 4 smg-pc-sphere-selector-real-or-absent-tests
build ok

$ xmake run smg-pc-sphere-selector-real-or-absent-tests
[ok] SceneObj 0x6F exact synchronous init
[ok] generalized pointer/layout real-or-absent contract
[ok] factory stays absent at remaining audio boundaries
[info] handle source: zone=FileSelect;layer=common;table=jmp/placement/common/objinfo;arg0=0;factory=0;reason=system_se_me_and_stage_bgm_playback_runtime_unavailable
[info] real-disc fixture: /workspaces/pcport/RMGK01.iso; SphereSelectorHandle row=2
[ok] real FileSelect row exact init/message contract
4 SphereSelector real-or-absent test(s) passed

Independent integrated gate:
- smg-pc-game: PASS
- Game source mirrors: 51/51 PASS
- Aurora native tests: 25/25 PASS
- RFL real-or-absent: 4/4 PASS
- LiveActor/MaterialCtrl real-or-absent: 5/5 PASS
- Sphere remains production absent; no factory activation was performed.
