In file included from <built-in>:1:
In file included from /Users/frityet/Projects/petari/src/compat/MetrowerksStdCompat.hpp:10:
src/Game/LiveActor/LiveActor.hpp:41:29: warning: 'movement' overrides a member function but is not marked 'override' [-Winconsistent-missing-override]
   41 |     /* 0x14 */ virtual void movement();
      |                             ^
src/Game/NameObj/NameObj.hpp:23:29: note: overridden virtual function is here
   23 |     /* 0x14 */ virtual void movement();
      |                             ^
In file included from <built-in>:1:
In file included from /Users/frityet/Projects/petari/src/compat/MetrowerksStdCompat.hpp:10:
src/Game/LiveActor/LiveActor.hpp:42:29: warning: 'calcAnim' overrides a member function but is not marked 'override' [-Winconsistent-missing-override]
   42 |     /* 0x1C */ virtual void calcAnim();
      |                             ^
src/Game/NameObj/NameObj.hpp:28:29: note: overridden virtual function is here
   28 |     /* 0x1C */ virtual void calcAnim();
      |                             ^
In file included from <built-in>:1:
In file included from /Users/frityet/Projects/petari/src/compat/MetrowerksStdCompat.hpp:10:
src/Game/LiveActor/LiveActor.hpp:43:29: warning: 'calcViewAndEntry' overrides a member function but is not marked 'override' [-Winconsistent-missing-override]
   43 |     /* 0x20 */ virtual void calcViewAndEntry();
      |                             ^
src/Game/NameObj/NameObj.hpp:29:29: note: overridden virtual function is here
   29 |     /* 0x20 */ virtual void calcViewAndEntry();
      |                             ^
src/Game/System/NANDErrorSequence.cpp:72:21: error: use of undeclared identifier 'NAND_CHECK_HOME_INSINODE'
   72 |     if ((mAnswer & (NAND_CHECK_HOME_INSINODE | NAND_CHECK_SYS_INSINODE)) != 0) {
      |                     ^~~~~~~~~~~~~~~~~~~~~~~~
src/Game/System/NANDErrorSequence.cpp:72:48: error: use of undeclared identifier 'NAND_CHECK_SYS_INSINODE'
   72 |     if ((mAnswer & (NAND_CHECK_HOME_INSINODE | NAND_CHECK_SYS_INSINODE)) != 0) {
      |                                                ^~~~~~~~~~~~~~~~~~~~~~~
src/Game/System/NANDErrorSequence.cpp:76:21: error: use of undeclared identifier 'NAND_CHECK_HOME_INSSPACE'
   76 |     if ((mAnswer & (NAND_CHECK_HOME_INSSPACE | NAND_CHECK_SYS_INSSPACE)) != 0) {
      |                     ^~~~~~~~~~~~~~~~~~~~~~~~
src/Game/System/NANDErrorSequence.cpp:76:48: error: use of undeclared identifier 'NAND_CHECK_SYS_INSSPACE'
   76 |     if ((mAnswer & (NAND_CHECK_HOME_INSSPACE | NAND_CHECK_SYS_INSSPACE)) != 0) {
      |                                                ^~~~~~~~~~~~~~~~~~~~~~~
3 warnings and 4 errors generated.
