[0m[38;5;2;1m[  1%]:[0m [38;5;5;1m<smg-pc-showcase>[0m compiling.debug src/showcase/Showcase.cpp[0m
[0m[38;5;2;1m[  1%]:[0m [38;5;5;1m<smg-pc-showcase>[0m compiling.debug aurora/lib/compat.cpp[0m
[0m[38;5;2;1m[ 40%]:[0m [38;5;5;1m<smg-pc-game>[0m compiling.debug src/Game/Screen/PaneEffectKeeper.cpp[0m
[0m[38;5;3;1mIn file included from src/Game/Screen/PaneEffectKeeper.cpp:1:
In file included from <built-in>:1:
In file included from /Users/frityet/Projects/petari/src/compat/MetrowerksStdCompat.hpp:11:
src/Game/LiveActor/LiveActor.hpp:41:29: warning: 'movement' overrides a member function but is not marked 'override' [-Winconsistent-missing-override]
   41 |                virtual void movement();
      |                             ^
src/Game/NameObj/NameObj.hpp:23:29: note: overridden virtual function is here
   23 |                virtual void movement();
      |                             ^
In file included from src/Game/Screen/PaneEffectKeeper.cpp:1:
In file included from <built-in>:1:
In file included from /Users/frityet/Projects/petari/src/compat/MetrowerksStdCompat.hpp:11:
src/Game/LiveActor/LiveActor.hpp:42:29: warning: 'calcAnim' overrides a member function but is not marked 'override' [-Winconsistent-missing-override]
   42 |                virtual void calcAnim();
      |                             ^
src/Game/NameObj/NameObj.hpp:28:29: note: overridden virtual function is here[0m
[0m[38;5;2;1m[ 94%]:[0m [38;5;5;1m<smg-pc-game>[0m [38;5;5;1marchiving.debug libsmg-pc-game.a[0m
[0m[38;5;2;1m[ 94%]:[0m [38;5;5;1m<smg-pc-app>[0m [38;5;5;1marchiving.debug libsmg-pc-app.a[0m
[0m[38;5;3;1mIn file included from src/showcase/Showcase.cpp:3:
In file included from src/app/Application.hpp:12:
In file included from src/runtime/RuntimeContext.hpp:28:
In file included from src/runtime/RuntimeServices.hpp:22:
In file included from src/camera/EventCamera.hpp:4:
In file included from src/Game/Camera/CameraTargetObj.hpp:3:
src/Game/LiveActor/LiveActor.hpp:41:29: warning: 'movement' overrides a member function but is not marked 'override' [-Winconsistent-missing-override]
   41 |                virtual void movement();
      |                             ^
src/Game/NameObj/NameObj.hpp:23:29: note: overridden virtual function is here
   23 |                virtual void movement();
      |                             ^
In file included from src/showcase/Showcase.cpp:3:
In file included from src/app/Application.hpp:12:
In file included from src/runtime/RuntimeContext.hpp:28:
In file included from src/runtime/RuntimeServices.hpp:22:[0m
[0m[38;5;2;1m[ 94%]:[0m [38;5;5;1m<smg-pc-showcase>[0m [38;5;5;1mlinking.debug smg-pc-showcase[0m
[0m[38;5;2;1mcreate ok![0m
[0m[38;5;2;1m[100%]:[0m [38;5;2;1mbuild ok, spent 4.679s[0m
