ld: warning: ignoring duplicate libraries: '-lz'
ld: warning: object file (/Users/frityet/.xmake/packages/s/sqlite3/3.53.0+0/e05b3c73c8774ea4aeb176e4762c2503/lib/libsqlite3.a[2](sqlite3.c.o)) was built for newer 'macOS' version (26.5) than being linked (26.0)
ld: warning: object file (/Users/frityet/.xmake/packages/i/imgui/v1.91.9b-docking/ec8bb23a31f24b589eb3b51925abb200/lib/libimgui.a[2](imgui_widgets.cpp.o)) was built for newer 'macOS' version (26.5) than being linked (26.0)
ld: warning: object file (/Users/frityet/.xmake/packages/i/imgui/v1.91.9b-docking/ec8bb23a31f24b589eb3b51925abb200/lib/libimgui.a[3](imgui.cpp.o)) was built for newer 'macOS' version (26.5) than being linked (26.0)
ld: warning: object file (/Users/frityet/.xmake/packages/i/imgui/v1.91.9b-docking/ec8bb23a31f24b589eb3b51925abb200/lib/libimgui.a[4](imgui_tables.cpp.o)) was built for newer 'macOS' version (26.5) than being linked (26.0)
ld: warning: object file (/Users/frityet/.xmake/packages/i/imgui/v1.91.9b-docking/ec8bb23a31f24b589eb3b51925abb200/lib/libimgui.a[6](imgui_draw.cpp.o)) was built for newer 'macOS' version (26.5) than being linked (26.0)
ld: warning: object file (/Users/frityet/.xmake/packages/i/imgui/v1.91.9b-docking/ec8bb23a31f24b589eb3b51925abb200/lib/libimgui.a[8](imgui_impl_sdl3.cpp.o)) was built for newer 'macOS' version (26.5) than being linked (26.0)
ld: warning: object file (/Users/frityet/.xmake/packages/i/imgui/v1.91.9b-docking/ec8bb23a31f24b589eb3b51925abb200/lib/libimgui.a[9](imgui_impl_sdlrenderer3.cpp.o)) was built for newer 'macOS' version (26.5) than being linked (26.0)
ld: warning: object file (/Users/frityet/.xmake/packages/i/imgui/v1.91.9b-docking/ec8bb23a31f24b589eb3b51925abb200/lib/libimgui.a[10](imgui_impl_wgpu.cpp.o)) was built for newer 'macOS' version (26.5) than being linked (26.0)
ld: warning: object file (/Users/frityet/.xmake/packages/i/imgui/v1.91.9b-docking/ec8bb23a31f24b589eb3b51925abb200/lib/libimgui.a[11](imgui_freetype.cpp.o)) was built for newer 'macOS' version (26.5) than being linked (26.0)
ld: warning: object file (/Users/frityet/.xmake/packages/i/imgui/v1.91.9b-docking/ec8bb23a31f24b589eb3b51925abb200/lib/libimgui.a[12](imgui_config.cpp.o)) was built for newer 'macOS' version (26.5) than being linked (26.0)
ld: warning: object file (/Users/frityet/.xmake/packages/l/libpng/v1.6.58/f8ae13cb78784172986d714555ab04d9/lib/libpng.a[3](pngrio.c.o)) was built for newer 'macOS' version (26.5) than being linked (26.0)
ld: warning: object file (/Users/frityet/.xmake/packages/l/libpng/v1.6.58/f8ae13cb78784172986d714555ab04d9/lib/libpng.a[4](pngerror.c.o)) was built for newer 'macOS' version (26.5) than being linked (26.0)
ld: warning: object file (/Users/frityet/.xmake/packages/l/libpng/v1.6.58/f8ae13cb78784172986d714555ab04d9/lib/libpng.a[5](pngwio.c.o)) was built for newer 'macOS' version (26.5) than being linked (26.0)
ld: warning: object file (/Users/frityet/.xmake/packages/l/libpng/v1.6.58/f8ae13cb78784172986d714555ab04d9/lib/libpng.a[6](pngtrans.c.o)) was built for newer 'macOS' version (26.5) than being linked (26.0)
ld: warning: object file (/Users/frityet/.xmake/packages/l/libpng/v1.6.58/f8ae13cb78784172986d714555ab04d9/lib/libpng.a[7](pngwrite.c.o)) was built for newer 'macOS' version (26.5) than being linked (26.0)
ld: warning: object file (/Users/frityet/.xmake/packages/l/libpng/v1.6.58/f8ae13cb78784172986d714555ab04d9/lib/libpng.a[8](pngwutil.c.o)) was built for newer 'macOS' version (26.5) than being linked (26.0)
ld: warning: object file (/Users/frityet/.xmake/packages/l/libpng/v1.6.58/f8ae13cb78784172986d714555ab04d9/lib/libpng.a[9](pngwtran.c.o)) was built for newer 'macOS' version (26.5) than being linked (26.0)
ld: warning: object file (/Users/frityet/.xmake/packages/l/libpng/v1.6.58/f8ae13cb78784172986d714555ab04d9/lib/libpng.a[11](pngread.c.o)) was built for newer 'macOS' version (26.5) than being linked (26.0)
ld: warning: object file (/Users/frityet/.xmake/packages/l/libpng/v1.6.58/f8ae13cb78784172986d714555ab04d9/lib/libpng.a[12](pngmem.c.o)) was built for newer 'macOS' version (26.5) than being linked (26.0)
ld: warning: object file (/Users/frityet/.xmake/packages/l/libpng/v1.6.58/f8ae13cb78784172986d714555ab04d9/lib/libpng.a[13](pngget.c.o)) was built for newer 'macOS' version (26.5) than being linked (26.0)
ld: warning: object file (/Users/frityet/.xmake/packages/l/libpng/v1.6.58/f8ae13cb78784172986d714555ab04d9/lib/libpng.a[14](png.c.o)) was built for newer 'macOS' version (26.5) than being linked (26.0)
ld: warning: object file (/Users/frityet/.xmake/packages/l/libpng/v1.6.58/f8ae13cb78784172986d714555ab04d9/lib/libpng.a[15](pngrtran.c.o)) was built for newer 'macOS' version (26.5) than being linked (26.0)
ld: warning: object file (/Users/frityet/.xmake/packages/l/libpng/v1.6.58/f8ae13cb78784172986d714555ab04d9/lib/libpng.a[16](pngrutil.c.o)) was built for newer 'macOS' version (26.5) than being linked (26.0)
ld: warning: object file (/Users/frityet/.xmake/packages/l/libpng/v1.6.58/f8ae13cb78784172986d714555ab04d9/lib/libpng.a[17](pngset.c.o)) was built for newer 'macOS' version (26.5) than being linked (26.0)
ld: warning: object file (/Users/frityet/.xmake/packages/l/libpng/v1.6.58/f8ae13cb78784172986d714555ab04d9/lib/libpng.a[18](filter_neon_intrinsics.c.o)) was built for newer 'macOS' version (26.5) than being linked (26.0)
ld: warning: object file (/Users/frityet/.xmake/packages/l/libpng/v1.6.58/f8ae13cb78784172986d714555ab04d9/lib/libpng.a[19](arm_init.c.o)) was built for newer 'macOS' version (26.5) than being linked (26.0)
ld: warning: object file (/Users/frityet/.xmake/packages/l/libpng/v1.6.58/f8ae13cb78784172986d714555ab04d9/lib/libpng.a[20](palette_neon_intrinsics.c.o)) was built for newer 'macOS' version (26.5) than being linked (26.0)
