$ cd /workspaces/pcport/pc-port
$ xmake run smg-pc-demo-scene-runtime-tests
[pass] definition ingestion and dormant sheets
[pass] zone scoping, CastId, and duplicate choice
[pass] duplicate registered name resolution and pause scan
[pass] multi-membership and row callbacks
[pass] subgroup forwarding and named behavior
[pass] timekeeper queries, SubParts, and natural end
[pass] timekeeper pause, resume, and preserved pause
[pass] registered start, suspend, and safe rejections
[pass] one-frame final paused boundary overshoot
[pass] ZoneList-only zone IDs
[pass] GeneralPos table order and zone transform
[pass] Action dispatch order, pause, and callback invariant
[pass] Wipe row arbitrary names and raw frames
[pass] no registry and scene teardown
[pass] no definition skips DemoSheet archive
[info] Gateway scenario 1 GeneralPos rows: 7
[pass] optional real scene definitions
16/16 tests passed

$ xmake build smg-pc
[ 93%]: <smg-pc-app> archiving.debug libsmg-pc-app.a
[ 94%]: <smg-pc> linking.debug smg-pc
[100%]: build ok, spent 3.621s
