[src/app/Application.cpp:227][APP - INFO] Opened Aurora disc image /workspaces/pcport/RMGK01.iso
[aurora:info:aurora] Aurora initializing
[aurora:info:aurora::system_info] CPU model: Unknown
[aurora:info:aurora::system_info] Memory: 0 MiB
[aurora:info:aurora::system_info] Architecture: x86_64
[aurora:info:aurora::system_info] OS: Unknown
[aurora:info:aurora::gpu] Creating WebGPU instance
[aurora:info:aurora::gpu] Attempting to initialize Vulkan
[aurora:info:aurora::gpu] Graphics adapter information
  API: Vulkan
  Device: NVIDIA GeForce RTX 3080 (DiscreteGPU)
  Driver: NVIDIA: 610.43.03 610.43.3.0
[aurora:info:aurora::gpu] Using limits:
  maxTextureDimension1D: 32768
  maxTextureDimension2D: 32768
  maxTextureDimension3D: 16384
  maxTextureArrayLayers: 2048
  maxDynamicStorageBuffersPerPipelineLayout: 16
  maxStorageBuffersPerShaderStage: 16
  minUniformBufferOffsetAlignment: 64
  minStorageBufferOffsetAlignment: 16
[aurora:info:aurora::gpu] Using surface format BGRA8Unorm, present mode Immediate
[aurora:info:aurora::gfx::texture_replacement] Indexed 0 texture replacements
[aurora:info:aurora] Using framebuffer size 640x480 scale 1
[src/runtime/RuntimeContext.cpp:1535][APP - INFO] SMG semantic event name_obj_lifecycle:connect_to_scene (object=画面キャプチャ;kind=name_obj;movement=-1;calc_anim=-1;draw_buffer=-1;draw_type=45)
[src/runtime/RuntimeContext.cpp:1535][APP - INFO] SMG semantic event name_obj_lifecycle:connect_to_scene (object=画面キャプチャ;kind=name_obj;movement=-1;calc_anim=-1;draw_buffer=-1;draw_type=46)
[src/runtime/RuntimeContext.cpp:503][APP - INFO] Using SMG disc image through Aurora DVD
[aurora:warning:aurora::gpu] Device lost: Device was destroyed.
[aurora:warning:aurora::window] Error enabling screensaver: That operation is not supported
[src/app/main.cpp:56][APP - FATAL] Uncaught exception GameDataHolder operation is unavailable without retail backing data: retail BinaryDataChunkHolder serialization
