[0mchecking for Xcode SDK ... [38;5;2;1m/Applications/Xcode.app (sdk: 27.0, arm64-apple-macos26.0)[0m
[0mchecking for disc ... [38;5;1;1mno[0m
[0mchecking for Xcode SDK ... [38;5;2;1m/Applications/Xcode.app (sdk: 27.0, arm64-apple-macos26.0)[0m
[0m[38;5;2;1m[ 81%]:[0m [38;5;5;1m<smg-pc-game>[0m cache compiling.debug src/resource/J3dJointData.cpp[0m
[0m[38;5;2;1m[ 85%]:[0m [38;5;5;1m<smg-pc-game>[0m cache compiling.debug src/JSystem/J3DGraphLoader/J3DJointFactory.cpp[0m
[0m[38;5;2;1m[ 91%]:[0m [38;5;5;1m<smg-pc-original-j3d-joint-resource-tests>[0m cache compiling.debug tests/OriginalJ3DJointResourceTests.cpp[0m
[0m[38;5;2;1m[ 91%]:[0m [38;5;5;1m<smg-pc-original-j3d-model-resource-tests>[0m cache compiling.debug tests/OriginalJ3DModelResourceTests.cpp[0m
[0m[38;5;3;1mIn file included from src/resource/J3dJointData.cpp:8:
In file included from src/JSystem/J3DGraphAnimator/J3DJoint.hpp:4:
In file included from src/JSystem/J3DGraphBase/J3DMaterial.hpp:3:
src/JSystem/J3DGraphBase/J3DMatBlock.hpp:248:35: warning: result of comparison of constant 65535 with expression of type 'const u8' (aka 'const unsigned char') is always false [-Wtautological-constant-out-of-range-compare]
  248 |         u32 ambSrc = info.mAmbSrc == 0xFFFF ? 0 : info.mAmbSrc;
      |                      ~~~~~~~~~~~~ ^  ~~~~~~
1 warning generated.[0m
[0m[38;5;3;1mIn file included from src/JSystem/J3DGraphLoader/J3DJointFactory.cpp:2:
In file included from src/JSystem/J3DGraphAnimator/J3DJoint.hpp:4:
In file included from src/JSystem/J3DGraphBase/J3DMaterial.hpp:3:
src/JSystem/J3DGraphBase/J3DMatBlock.hpp:248:35: warning: result of comparison of constant 65535 with expression of type 'const u8' (aka 'const unsigned char') is always false [-Wtautological-constant-out-of-range-compare]
  248 |         u32 ambSrc = info.mAmbSrc == 0xFFFF ? 0 : info.mAmbSrc;
      |                      ~~~~~~~~~~~~ ^  ~~~~~~
1 warning generated.[0m
[0m[38;5;2;1m[ 94%]:[0m [38;5;5;1m<smg-pc-game>[0m [38;5;5;1marchiving.debug libsmg-pc-game.a[0m
[0m[38;5;2;1m[ 94%]:[0m [38;5;5;1m<smg-pc-app>[0m [38;5;5;1marchiving.debug libsmg-pc-app.a[0m
[0m[38;5;3;1mIn file included from tests/OriginalJ3DModelResourceTests.cpp:6:
In file included from src/JSystem/J3DGraphAnimator/J3DJoint.hpp:4:
In file included from src/JSystem/J3DGraphBase/J3DMaterial.hpp:3:
src/JSystem/J3DGraphBase/J3DMatBlock.hpp:248:35: warning: result of comparison of constant 65535 with expression of type 'const u8' (aka 'const unsigned char') is always false [-Wtautological-constant-out-of-range-compare]
  248 |         u32 ambSrc = info.mAmbSrc == 0xFFFF ? 0 : info.mAmbSrc;
      |                      ~~~~~~~~~~~~ ^  ~~~~~~
src/JSystem/J3DGraphBase/J3DMatBlock.hpp:426:17: warning: 'countDLSize' overrides a member function but is not marked 'override' [-Winconsistent-missing-override]
  426 |     virtual s32 countDLSize();
      |                 ^
src/JSystem/J3DGraphBase/J3DMatBlock.hpp:361:17: note: overridden virtual function is here
  361 |     virtual s32 countDLSize() {
      |                 ^
src/JSystem/J3DGraphBase/J3DMatBlock.hpp:427:18: warning: 'load' overrides a member function but is not marked 'override' [-Winconsistent-missing-override]
  427 |     virtual void load();
      |                  ^
src/JSystem/J3DGraphBase/J3DMatBlock.hpp:345:18: note: overridden virtual function is here[0m
[0m[38;5;2;1m[ 94%]:[0m [38;5;5;1m<smg-pc-original-stage-session-tests>[0m [38;5;5;1mlinking.debug smg-pc-original-stage-session-tests[0m
[0m[38;5;2;1m[ 94%]:[0m [38;5;5;1m<smg-pc>[0m [38;5;5;1mlinking.debug smg-pc[0m
[0m[38;5;3;1mIn file included from tests/OriginalJ3DJointResourceTests.cpp:1:
In file included from src/JSystem/J3DGraphAnimator/J3DJoint.hpp:4:
In file included from src/JSystem/J3DGraphBase/J3DMaterial.hpp:3:
src/JSystem/J3DGraphBase/J3DMatBlock.hpp:248:35: warning: result of comparison of constant 65535 with expression of type 'const u8' (aka 'const unsigned char') is always false [-Wtautological-constant-out-of-range-compare]
  248 |         u32 ambSrc = info.mAmbSrc == 0xFFFF ? 0 : info.mAmbSrc;
      |                      ~~~~~~~~~~~~ ^  ~~~~~~
src/JSystem/J3DGraphBase/J3DMatBlock.hpp:426:17: warning: 'countDLSize' overrides a member function but is not marked 'override' [-Winconsistent-missing-override]
  426 |     virtual s32 countDLSize();
      |                 ^
src/JSystem/J3DGraphBase/J3DMatBlock.hpp:361:17: note: overridden virtual function is here
  361 |     virtual s32 countDLSize() {
      |                 ^
src/JSystem/J3DGraphBase/J3DMatBlock.hpp:427:18: warning: 'load' overrides a member function but is not marked 'override' [-Winconsistent-missing-override]
  427 |     virtual void load();
      |                  ^
src/JSystem/J3DGraphBase/J3DMatBlock.hpp:345:18: note: overridden virtual function is here[0m
[0m[38;5;2;1m[ 94%]:[0m [38;5;5;1m<smg-pc-original-j3d-joint-resource-tests>[0m [38;5;5;1mlinking.debug smg-pc-original-j3d-joint-resource-tests[0m
[0m[38;5;2;1m[ 94%]:[0m [38;5;5;1m<smg-pc>[0m [38;5;5;1mgenerating.xcode.debug smg-pc.app[0m
[0m[38;5;2;1m[ 94%]:[0m [38;5;5;1m<smg-pc-original-j3d-model-resource-tests>[0m [38;5;5;1mlinking.debug smg-pc-original-j3d-model-resource-tests[0m
[0m[38;5;2;1mcreate ok![0m
[0m[38;5;2;1m[100%]:[0m [38;5;2;1mbuild ok, spent 6.165s[0m
