[0m[38;5;2;1m[ 81%]:[0m [38;5;5;1m<smg-pc-game>[0m cache compiling.debug src/resource/J3dAnimationResource.cpp[0m
[0m[38;5;2;1m[ 82%]:[0m [38;5;5;1m<smg-pc-game>[0m cache compiling.debug src/resource/J3dGeometryData.cpp[0m
[0m[38;5;2;1m[ 82%]:[0m [38;5;5;1m<smg-pc-game>[0m cache compiling.debug src/resource/J3dMaterialBlockData.cpp[0m
[0m[38;5;2;1m[ 82%]:[0m [38;5;5;1m<smg-pc-game>[0m cache compiling.debug src/resource/J3dJointData.cpp[0m
[0m[38;5;2;1m[ 86%]:[0m [38;5;5;1m<smg-pc-game>[0m cache compiling.debug src/JSystem/J3DGraphLoader/J3DModelLoader.cpp[0m
[0m[38;5;3;1mIn file included from src/JSystem/J3DGraphLoader/J3DModelLoader.cpp:5:
In file included from src/JSystem/J3DGraphAnimator/J3DJoint.hpp:4:
In file included from src/JSystem/J3DGraphBase/J3DMaterial.hpp:3:
src/JSystem/J3DGraphBase/J3DMatBlock.hpp:248:35: warning: result of comparison of constant 65535 with expression of type 'const u8' (aka 'const unsigned char') is always false [-Wtautological-constant-out-of-range-compare]
  248 |         u32 ambSrc = info.mAmbSrc == 0xFFFF ? 0 : info.mAmbSrc;
      |                      ~~~~~~~~~~~~ ^  ~~~~~~
1 warning generated.[0m
[0m[38;5;3;1mIn file included from src/resource/J3dJointData.cpp:8:
In file included from src/JSystem/J3DGraphAnimator/J3DJoint.hpp:4:
In file included from src/JSystem/J3DGraphBase/J3DMaterial.hpp:3:
src/JSystem/J3DGraphBase/J3DMatBlock.hpp:248:35: warning: result of comparison of constant 65535 with expression of type 'const u8' (aka 'const unsigned char') is always false [-Wtautological-constant-out-of-range-compare]
  248 |         u32 ambSrc = info.mAmbSrc == 0xFFFF ? 0 : info.mAmbSrc;
      |                      ~~~~~~~~~~~~ ^  ~~~~~~
1 warning generated.[0m
[0m[38;5;3;1mIn file included from src/resource/J3dMaterialBlockData.cpp:6:
In file included from src/JSystem/J3DGraphBase/J3DMaterial.hpp:3:
src/JSystem/J3DGraphBase/J3DMatBlock.hpp:248:35: warning: result of comparison of constant 65535 with expression of type 'const u8' (aka 'const unsigned char') is always false [-Wtautological-constant-out-of-range-compare]
  248 |         u32 ambSrc = info.mAmbSrc == 0xFFFF ? 0 : info.mAmbSrc;
      |                      ~~~~~~~~~~~~ ^  ~~~~~~
src/resource/J3dMaterialBlockData.cpp:185:33: warning: first argument in call to 'memcpy' is a pointer to non-trivially copyable type 'J3DIndInitData' [-Wnontrivial-memcall]
  185 |                     std::memcpy(&records[i], row.data(), stride);
      |                                 ^
src/resource/J3dMaterialBlockData.cpp:230:47: note: in instantiation of function template specialization 'smgpc::resource::(anonymous namespace)::Decoder<J3DMaterialBlock>::table<J3DIndInitData, (lambda at src/resource/J3dMaterialBlockData.cpp:230:82)>' requested here
  230 |                 block.mpIndInitData = decoder.table<J3DIndInitData>(0x18, 0x138, [](auto& value, Bytes row) {
      |                                               ^
src/resource/J3dMaterialBlockData.cpp:185:33: note: explicitly cast the pointer to silence this warning
  185 |                     std::memcpy(&records[i], row.data(), stride);
      |                                 ^
      |                                 (void*)
src/resource/J3dMaterialBlockData.cpp:185:33: warning: first argument in call to 'memcpy' is a pointer to non-trivially copyable type 'J3DTexCoordInfo' [-Wnontrivial-memcall][0m
[0m[38;5;2;1m[ 94%]:[0m [38;5;5;1m<smg-pc-game>[0m [38;5;5;1marchiving.debug libsmg-pc-game.a[0m
[0m[38;5;2;1m[ 94%]:[0m [38;5;5;1m<smg-pc-app>[0m [38;5;5;1marchiving.debug libsmg-pc-app.a[0m
[0m[38;5;2;1m[ 94%]:[0m [38;5;5;1m<smg-pc-original-j3d-geometry-resource-tests>[0m [38;5;5;1mlinking.debug smg-pc-original-j3d-geometry-resource-tests[0m
[0m[38;5;2;1m[ 94%]:[0m [38;5;5;1m<smg-pc-original-j3d-model-resource-tests>[0m [38;5;5;1mlinking.debug smg-pc-original-j3d-model-resource-tests[0m
[0m[38;5;2;1m[ 94%]:[0m [38;5;5;1m<smg-pc-original-stage-session-tests>[0m [38;5;5;1mlinking.debug smg-pc-original-stage-session-tests[0m
[0m[38;5;2;1m[ 94%]:[0m [38;5;5;1m<smg-pc>[0m [38;5;5;1mlinking.debug smg-pc[0m
[0m[38;5;2;1m[ 94%]:[0m [38;5;5;1m<smg-pc>[0m [38;5;5;1mgenerating.xcode.debug smg-pc.app[0m
[0m[38;5;2;1mcreate ok![0m
[0m[38;5;2;1m[100%]:[0m [38;5;2;1mbuild ok, spent 6.374s[0m
