[0m[38;5;2;1m[  1%]:[0m [38;5;5;1m<smg-pc-common>[0m cache compiling.debug src/common/BinaryChunkFile.cpp[0m
[0m[38;5;2;1m[ 13%]:[0m [38;5;5;1m<smg-pc-game>[0m cache compiling.debug src/Game/Util/EventUtil.cpp[0m
[0m[38;5;2;1m[ 39%]:[0m [38;5;5;1m<smg-pc-game>[0m cache compiling.debug src/Game/System/ConfigDataHolder.cpp[0m
[0m[38;5;2;1m[ 39%]:[0m [38;5;5;1m<smg-pc-game>[0m cache compiling.debug src/Game/System/GameDataFunction.cpp[0m
[0m[38;5;2;1m[ 39%]:[0m [38;5;5;1m<smg-pc-game>[0m cache compiling.debug src/Game/System/StarPieceAlmsStorage.cpp[0m
[0m[38;5;2;1m[ 39%]:[0m [38;5;5;1m<smg-pc-game>[0m cache compiling.debug src/Game/System/UserFile.cpp[0m
[0m[38;5;2;1m[ 39%]:[0m [38;5;5;1m<smg-pc-game>[0m cache compiling.debug src/Game/System/GameEventFlagChecker.cpp[0m
[0m[38;5;2;1m[ 40%]:[0m [38;5;5;1m<smg-pc-game>[0m cache compiling.debug src/Game/System/SysConfigFile.cpp[0m
[0m[38;5;2;1m[ 40%]:[0m [38;5;5;1m<smg-pc-game>[0m cache compiling.debug src/Game/System/SaveDataHandleSequence.cpp[0m
[0m[38;5;2;1m[ 40%]:[0m [38;5;5;1m<smg-pc-game>[0m cache compiling.debug src/Game/System/GameEventValueChecker.cpp[0m
[0m[38;5;2;1m[ 40%]:[0m [38;5;5;1m<smg-pc-game>[0m cache compiling.debug src/Game/System/SpinDriverPathStorage.cpp[0m
[0m[38;5;2;1m[ 40%]:[0m [38;5;5;1m<smg-pc-game>[0m cache compiling.debug src/Game/System/SaveDataHandler.cpp[0m
[0m[38;5;2;1m[ 41%]:[0m [38;5;5;1m<smg-pc-game>[0m cache compiling.debug src/Game/System/BinaryDataChunkHolder.cpp[0m
[0m[38;5;2;1m[ 41%]:[0m [38;5;5;1m<smg-pc-game>[0m cache compiling.debug src/Game/System/GameDataPlayerStatus.cpp[0m
[0m[38;5;2;1m[ 41%]:[0m [38;5;5;1m<smg-pc-game>[0m cache compiling.debug src/Game/System/ConfigDataMii.cpp[0m
[0m[38;5;2;1m[ 41%]:[0m [38;5;5;1m<smg-pc-game>[0m cache compiling.debug src/Game/System/GameDataHolder.cpp[0m
[0m[38;5;2;1m[ 42%]:[0m [38;5;5;1m<smg-pc-game>[0m cache compiling.debug src/Game/System/ConfigDataMisc.cpp[0m
[0m[38;5;2;1m[ 42%]:[0m [38;5;5;1m<smg-pc-game>[0m cache compiling.debug src/Game/System/GameSequenceFunction.cpp[0m
[0m[38;5;2;1m[ 42%]:[0m [38;5;5;1m<smg-pc-game>[0m cache compiling.debug src/Game/System/GameEventFlagStorage.cpp[0m
[0m[38;5;2;1m[ 42%]:[0m [38;5;5;1m<smg-pc-game>[0m cache compiling.debug src/Game/System/GameDataGalaxyStorage.cpp[0m
[0m[38;5;2;1m[ 53%]:[0m [38;5;5;1m<smg-pc-game>[0m cache compiling.debug src/Game/Screen/StageResultInformer.cpp[0m
[0m[38;5;2;1m[ 81%]:[0m [38;5;5;1m<smg-pc-game>[0m cache compiling.debug src/runtime/RuntimeServices.cpp[0m
[0m[38;5;2;1m[ 91%]:[0m [38;5;5;1m<smg-pc-save-config-real-or-absent-tests>[0m cache compiling.debug tests/SaveConfigRealOrAbsentTests.cpp[0m
[0m[38;5;2;1m[ 91%]:[0m [38;5;5;1m<smg-pc-original-save-owner-tests>[0m cache compiling.debug tests/OriginalSaveOwnerTests.cpp[0m
[0m[38;5;2;1m[ 91%]:[0m [38;5;5;1m<smg-pc-game-data-star-storage-tests>[0m cache compiling.debug tests/GameDataStarStorageTests.cpp[0m
[0m[38;5;2;1m[ 91%]:[0m [38;5;5;1m<smg-pc-original-player-status-storage-tests>[0m cache compiling.debug tests/OriginalPlayerStatusStorageTests.cpp[0m
[0m[38;5;3;1msrc/Game/System/GameDataFunction.cpp:19:72: warning: GCC does not allow 'noinline' attribute in this position on a function definition [-Wgcc-compat]
   19 |     SaveDataHandleSequence* getSaveDataHandleSequence() __attribute__((noinline)) {
      |                                                                        ^
src/Game/System/GameDataFunction.cpp:27:68: warning: GCC does not allow 'noinline' attribute in this position on a function definition [-Wgcc-compat]
   27 |     GameSequenceProgress* getGameSequenceProgress() __attribute__((noinline)) {
      |                                                                    ^
2 warnings generated.[0m
[0m[38;5;2;1m[ 92%]:[0m [38;5;5;1m<smg-pc-common>[0m [38;5;5;1marchiving.debug libsmg-pc-common.a[0m
[0m[38;5;3;1msrc/Game/System/GameSequenceFunction.cpp:22:68: warning: GCC does not allow 'noinline' attribute in this position on a function definition [-Wgcc-compat]
   22 |     GameSequenceProgress* getGameSequenceProgress() __attribute__((noinline)) {
      |                                                                    ^
src/Game/System/GameSequenceFunction.cpp:26:72: warning: GCC does not allow 'noinline' attribute in this position on a function definition [-Wgcc-compat]
   26 |     SaveDataHandleSequence* getSaveDataHandleSequence() __attribute__((noinline)) {
      |                                                                        ^
src/Game/System/GameSequenceFunction.cpp:34:56: warning: GCC does not allow 'noinline' attribute in this position on a function definition [-Wgcc-compat]
   34 |     NWC24Messenger* getNWC24Messenger() __attribute__((noinline)) {
      |                                                        ^
3 warnings generated.[0m
[0m[38;5;3;1mIn file included from src/Game/System/SaveDataHandleSequence.cpp:11:
src/Game/Util/Functor.hpp:114:105: warning: GCC does not allow 'noinline' attribute in this position on a function definition [-Wgcc-compat]
  114 |     static FunctorV1M< T*, void (T::*)(U), U > Functor(T* a1, void (T::*a2)(U), U arg_0) __attribute__((noinline)) {
      |                                                                                                         ^
1 warning generated.[0m
[0m[38;5;2;1m[ 93%]:[0m [38;5;5;1m<smg-pc-render>[0m [38;5;5;1marchiving.debug libsmg-pc-render.a[0m
[0m[38;5;3;1mIn file included from tests/GameDataStarStorageTests.cpp:2:
In file included from tests/OriginalStageResourceProcessFixture.hpp:9:
src/Game/Util/Functor.hpp:114:105: warning: GCC does not allow 'noinline' attribute in this position on a function definition [-Wgcc-compat]
  114 |     static FunctorV1M< T*, void (T::*)(U), U > Functor(T* a1, void (T::*a2)(U), U arg_0) __attribute__((noinline)) {
      |                                                                                                         ^
1 warning generated.[0m
[0m[38;5;3;1mIn file included from tests/OriginalSaveOwnerTests.cpp:1:
In file included from tests/OriginalStageResourceProcessFixture.hpp:9:
src/Game/Util/Functor.hpp:114:105: warning: GCC does not allow 'noinline' attribute in this position on a function definition [-Wgcc-compat]
  114 |     static FunctorV1M< T*, void (T::*)(U), U > Functor(T* a1, void (T::*a2)(U), U arg_0) __attribute__((noinline)) {
      |                                                                                                         ^
1 warning generated.[0m
[0m[38;5;2;1m[ 94%]:[0m [38;5;5;1m<smg-pc-game>[0m [38;5;5;1marchiving.debug libsmg-pc-game.a[0m
[0m[38;5;2;1m[ 94%]:[0m [38;5;5;1m<smg-pc-app>[0m [38;5;5;1marchiving.debug libsmg-pc-app.a[0m
[0m[38;5;2;1m[ 94%]:[0m [38;5;5;1m<smg-pc-save-config-real-or-absent-tests>[0m [38;5;5;1mlinking.debug smg-pc-save-config-real-or-absent-tests[0m
[0m[38;5;2;1m[ 94%]:[0m [38;5;5;1m<smg-pc-original-player-status-storage-tests>[0m [38;5;5;1mlinking.debug smg-pc-original-player-status-storage-tests[0m
[0m[38;5;2;1m[ 94%]:[0m [38;5;5;1m<smg-pc-original-save-owner-tests>[0m [38;5;5;1mlinking.debug smg-pc-original-save-owner-tests[0m
[0m[38;5;2;1m[ 94%]:[0m [38;5;5;1m<smg-pc-game-data-star-storage-tests>[0m [38;5;5;1mlinking.debug smg-pc-game-data-star-storage-tests[0m
[0m[38;5;2;1m[ 94%]:[0m [38;5;5;1m<smg-pc>[0m [38;5;5;1mlinking.debug smg-pc[0m
[0m[38;5;2;1m[ 94%]:[0m [38;5;5;1m<smg-pc>[0m [38;5;5;1mgenerating.xcode.debug smg-pc.app[0m
[0m[38;5;2;1mcreate ok![0m
[0m[38;5;2;1m[100%]:[0m [38;5;2;1mbuild ok, spent 19.398s[0m
