src/Game/LiveActor/LiveActor.hpp:53:29: warning: 'init' overrides a member function but is not marked 'override' [-Winconsistent-missing-override]
   53 |                virtual void init(const JMapInfoIter& rIter);
      |                             ^
src/Game/NameObj/NameObj.hpp:22:29: note: overridden virtual function is here
   22 |                virtual void init(const JMapInfoIter& rIter);
      |                             ^
In file included from tests/NameObjGroupLifetimeTests.cpp:4:
src/Game/LiveActor/LiveActor.hpp:54:29: warning: 'movement' overrides a member function but is not marked 'override' [-Winconsistent-missing-override]
   54 |                virtual void movement();
      |                             ^
src/Game/NameObj/NameObj.hpp:27:29: note: overridden virtual function is here
   27 |                virtual void movement();
      |                             ^
In file included from tests/NameObjGroupLifetimeTests.cpp:4:
src/Game/LiveActor/LiveActor.hpp:55:29: warning: 'calcAnim' overrides a member function but is not marked 'override' [-Winconsistent-missing-override][0m
[0m[38;5;3;1mIn file included from tests/OriginalStageSessionTests.cpp:1:
In file included from tests/OriginalStageResourceProcessFixture.hpp:9:
src/Game/Util/Functor.hpp:114:105: warning: GCC does not allow 'noinline' attribute in this position on a function definition [-Wgcc-compat]
  114 |     static FunctorV1M< T*, void (T::*)(U), U > Functor(T* a1, void (T::*a2)(U), U arg_0) __attribute__((noinline)) {
      |                                                                                                         ^
In file included from tests/OriginalStageSessionTests.cpp:12:
src/Game/Scene/StageDataHolder.hpp:16:18: warning: 'init' overrides a member function but is not marked 'override' [-Winconsistent-missing-override]
   16 |     virtual void init(const JMapInfoIter&);
      |                  ^
src/Game/NameObj/NameObj.hpp:22:29: note: overridden virtual function is here
   22 |                virtual void init(const JMapInfoIter& rIter);
      |                             ^
2 warnings generated.[0m
[0m[38;5;2;1m[ 94%]:[0m [38;5;5;1m<smg-pc>[0m [38;5;5;1mlinking.debug smg-pc[0m
[0m[38;5;2;1m[ 94%]:[0m [38;5;5;1m<smg-pc-name-obj-group-lifetime-tests>[0m [38;5;5;1mlinking.debug smg-pc-name-obj-group-lifetime-tests[0m
[0m[38;5;2;1m[ 94%]:[0m [38;5;5;1m<smg-pc-original-kcollision-resource-tests>[0m [38;5;5;1mlinking.debug smg-pc-original-kcollision-resource-tests[0m
[0m[38;5;2;1m[ 94%]:[0m [38;5;5;1m<smg-pc-original-stage-session-tests>[0m [38;5;5;1mlinking.debug smg-pc-original-stage-session-tests[0m
[0m[38;5;2;1m[ 94%]:[0m [38;5;5;1m<smg-pc>[0m [38;5;5;1mgenerating.xcode.debug smg-pc.app[0m
[0m[38;5;2;1mcreate ok![0m
[0m[38;5;2;1m[100%]:[0m [38;5;2;1mbuild ok, spent 13.824s[0m
