[src/app/Application.cpp:59][APP - INFO] Opened Aurora disc image /Users/frityet/Projects/petari/Super Mario Wii - Galaxy Adventure (Korea).rvz
[aurora:info:aurora] Aurora initializing
[aurora:info:aurora::system_info] CPU model: Apple M5 Max
[aurora:info:aurora::system_info] Memory: 131072 MiB
[aurora:info:aurora::system_info] Architecture: aarch64
[aurora:info:aurora::system_info] OS: macOS Version 27.0 (Build 26A428)
[aurora:info:aurora::gpu] Creating WebGPU instance
[aurora:info:aurora::gpu] Attempting to initialize Metal
[aurora:info:aurora::gpu] Requesting adapter
  Feature level: Compatibility
  Power preference: HighPerformance
  Backend: Metal
  Compatible surface: true
[aurora:info:aurora::gpu] Graphics adapter information
  API: Metal
  Device: Apple M5 Max (IntegratedGPU)
  Driver: Metal driver on macOS Version 27.0 (Build 26A428)
[aurora:info:aurora::gpu] Using limits:
  maxTextureDimension1D: 16384
  maxTextureDimension2D: 16384
  maxTextureDimension3D: 2048
  maxTextureArrayLayers: 2048
  maxStorageBuffersPerShaderStage: 2
  minUniformBufferOffsetAlignment: 256
  minStorageBufferOffsetAlignment: 256
  maxImmediateSize: 64
[aurora:info:aurora::gpu] Enabling features: 
  CoreFeaturesAndLimits
  DepthClipControl
  TextureCompressionBC
  TextureCompressionASTC
  ClipDistances
  DualSourceBlending
  TextureComponentSwizzle
[aurora:info:aurora::gpu] Using surface format BGRA8Unorm, present mode Fifo
[aurora:info:aurora::gfx::pipeline_cache] No bundled initial pipeline cache found at '/Users/frityet/Projects/petari/build/macosx/arm64/debug/initial_pipeline_cache.db'
[aurora:info:aurora] Using framebuffer size 1280x960 scale 2
[original-process] Preparing original heap arenas
[original-process] Initializing SDK, layout allocator and original heap watcher
[original-process] Initialized console language 9 for disc region K
<< NW4R    - LYT 	final   build: Jul 17 2007 12:25:23 (0x4199_60831) >>
[original-process] Initializing original file and exception services
[original-process] Constructing GameSystem
[original-process] Entering GameSystem::init
[original-process] GameSystem::init completed
setupAramHeap 4000, 4000, e00000
[src/app/OriginalGameApplication.cpp:544][APP - INFO] Booting the original GameSystem
[src/app/OriginalGameApplication.cpp:546][APP - INFO] Running the original GameSystem frame loop
[aurora:info:aurora::gpu::cache] Pruned 286 stale Dawn cache entries
[original-process] Requesting authored stage HeavensDoorGalaxy scenario 1 through GameSequence
[map-object-probe] appearance=HeavensDoorInsideRotatePartsB authored=1 valid=1 on=1 dead=0
[map-object-probe] owner=HeavensDoorInsideRotatePartsB zone=2 dead=0 clipped=1 main_prisms=544 resources=1
[map-object-probe] appearance=HeavensDoorInsideRotatePartsA authored=1 valid=1 on=1 dead=0
[map-object-probe] owner=HeavensDoorInsideRotatePartsA zone=2 dead=0 clipped=1 main_prisms=544 resources=1
[map-object-probe] appearance=HeavensDoorInsideRotatePartsC authored=1 valid=1 on=1 dead=0
[map-object-probe] owner=HeavensDoorInsideRotatePartsC zone=2 dead=0 clipped=1 main_prisms=544 resources=1
[map-object-probe] appearance=KoopaJrNormalShipA authored=-1 valid=0 on=-1 dead=0
[map-object-probe] owner=KoopaJrNormalShipA zone=4 dead=0 clipped=1 main_prisms=730 resources=2
[map-object-probe] appearance=KoopaJrNormalShipA authored=-1 valid=0 on=-1 dead=0
[map-object-probe] owner=KoopaJrNormalShipA zone=4 dead=0 clipped=1 main_prisms=730 resources=2
[map-object-probe] appearance=KoopaJrNormalShipA authored=-1 valid=0 on=-1 dead=0
[map-object-probe] owner=KoopaJrNormalShipA zone=4 dead=0 clipped=1 main_prisms=730 resources=2
[map-object-probe] appearance=HeavensDoorMiddleRotatePartsB authored=-1 valid=0 on=-1 dead=0
[map-object-probe] owner=HeavensDoorMiddleRotatePartsB zone=4 dead=0 clipped=1 main_prisms=320 resources=1
[map-object-probe] appearance=HeavensDoorMiddleRotatePartsA authored=-1 valid=0 on=-1 dead=0
[map-object-probe] owner=HeavensDoorMiddleRotatePartsA zone=4 dead=0 clipped=1 main_prisms=544 resources=1
[map-object-probe] PASS authored classes/models/KCL/Low ownership and original active line queries; frame=104
[original-audio] DSP submitted_frames=206080 nonzero_samples=200573
[src/app/OriginalGameApplication.cpp:583][APP - INFO] Original GameSystem stopped after 360 completed frames
[aurora:warning:aurora::gpu] Device lost: Device was destroyed.
[map-object-probe] observation=HeavensDoorInsideRotatePartsB samples=255 clipped=255 suspended=255 angle_changes=0 collision_matrix_changes=0
[map-object-probe] observation=HeavensDoorInsideRotatePartsA samples=255 clipped=255 suspended=255 angle_changes=0 collision_matrix_changes=0
[map-object-probe] observation=HeavensDoorInsideRotatePartsC samples=255 clipped=255 suspended=255 angle_changes=0 collision_matrix_changes=0
[map-object-probe] observation=KoopaJrNormalShipA samples=255 clipped=255 suspended=255 angle_changes=0 collision_matrix_changes=0
[map-object-probe] observation=KoopaJrNormalShipA samples=255 clipped=255 suspended=255 angle_changes=0 collision_matrix_changes=0
[map-object-probe] observation=KoopaJrNormalShipA samples=255 clipped=255 suspended=255 angle_changes=0 collision_matrix_changes=0
[map-object-probe] observation=HeavensDoorMiddleRotatePartsB samples=255 clipped=255 suspended=255 angle_changes=0 collision_matrix_changes=0
[map-object-probe] observation=HeavensDoorMiddleRotatePartsA samples=255 clipped=255 suspended=255 angle_changes=0 collision_matrix_changes=0
PASS original-process MapObj: eight authored owners, three actual Low models, eleven real collision parts (11 active face queries, 0 retained inactive), observed appearance, 360 frames and retirement; no visibility or gameplay-parity claim
