[0m[38;5;2;1m[ 24%]:[0m [38;5;5;1m<smg-pc-game>[0m cache compiling.debug src/Game/Effect/EffectSystem.cpp[0m
[0m[38;5;2;1m[ 25%]:[0m [38;5;5;1m<smg-pc-game>[0m cache compiling.debug src/Game/Effect/EffectSystemUtil.cpp[0m
[0m[38;5;2;1m[ 25%]:[0m [38;5;5;1m<smg-pc-game>[0m cache compiling.debug src/Game/Effect/AutoEffectGroupHolder.cpp[0m
[0m[38;5;2;1m[ 25%]:[0m [38;5;5;1m<smg-pc-game>[0m cache compiling.debug src/Game/Effect/AutoEffectGroup.cpp[0m
[0m[38;5;2;1m[ 92%]:[0m [38;5;5;1m<smg-pc-original-auto-effect-metadata-tests>[0m cache compiling.debug tests/OriginalAutoEffectMetadataTests.cpp[0m
[0m[38;5;2;1m[ 94%]:[0m [38;5;5;1m<smg-pc-game>[0m [38;5;5;1marchiving.debug libsmg-pc-game.a[0m
[0m[38;5;2;1m[ 94%]:[0m [38;5;5;1m<smg-pc-app>[0m [38;5;5;1marchiving.debug libsmg-pc-app.a[0m
[0m[38;5;2;1m[ 94%]:[0m [38;5;5;1m<smg-pc-original-layout-group-tests>[0m [38;5;5;1mlinking.debug smg-pc-original-layout-group-tests[0m
[0m[38;5;2;1m[ 94%]:[0m [38;5;5;1m<smg-pc>[0m [38;5;5;1mlinking.debug smg-pc[0m
[0m[38;5;2;1m[ 94%]:[0m [38;5;5;1m<smg-pc>[0m [38;5;5;1mgenerating.xcode.debug smg-pc.app[0m
[0m[38;5;3;1mIn file included from tests/OriginalAutoEffectMetadataTests.cpp:1:
In file included from tests/OriginalStageResourceProcessFixture.hpp:9:
src/Game/Util/Functor.hpp:114:105: warning: GCC does not allow 'noinline' attribute in this position on a function definition [-Wgcc-compat]
  114 |     static FunctorV1M< T*, void (T::*)(U), U > Functor(T* a1, void (T::*a2)(U), U arg_0) __attribute__((noinline)) {
      |                                                                                                         ^
In file included from tests/OriginalAutoEffectMetadataTests.cpp:8:
In file included from src/Game/Util/FileUtil.hpp:3:
src/JSystem/JKernel/JKRArchive.hpp:122:33: warning: 'getResource' overrides a member function but is not marked 'override' [-Winconsistent-missing-override]
  122 |     [[nodiscard]] virtual void *getResource(const char *pPath) const;
      |                                 ^
src/JSystem/JKernel/JKRFileLoader.hpp:15:19: note: overridden virtual function is here
   15 |     virtual void* getResource(const char*) const = 0;
      |                   ^
In file included from tests/OriginalAutoEffectMetadataTests.cpp:8:
In file included from src/Game/Util/FileUtil.hpp:3:
src/JSystem/JKernel/JKRArchive.hpp:124:33: warning: 'getResource' overrides a member function but is not marked 'override' [-Winconsistent-missing-override][0m
[0m[38;5;2;1m[ 94%]:[0m [38;5;5;1m<smg-pc-original-auto-effect-metadata-tests>[0m [38;5;5;1mlinking.debug smg-pc-original-auto-effect-metadata-tests[0m
[0m[38;5;2;1mcreate ok![0m
[0m[38;5;2;1m[100%]:[0m [38;5;2;1mbuild ok, spent 5.434s[0m
