[0m[38;5;2;1m[ 92%]:[0m [38;5;5;1m<smg-pc-original-sphere-query-tests>[0m cache compiling.debug tests/OriginalSphereQueryTests.cpp[0m
[0m[38;5;3;1mIn file included from tests/OriginalSphereQueryTests.cpp:1:
In file included from tests/OriginalSphereQueryFixture.hpp:7:
src/Game/Map/CollisionDirector.hpp:14:18: warning: 'init' overrides a member function but is not marked 'override' [-Winconsistent-missing-override]
   14 |     virtual void init(const JMapInfoIter&);
      |                  ^
src/Game/NameObj/NameObj.hpp:22:29: note: overridden virtual function is here
   22 |                virtual void init(const JMapInfoIter& rIter);
      |                             ^
In file included from tests/OriginalSphereQueryTests.cpp:1:
In file included from tests/OriginalSphereQueryFixture.hpp:7:
src/Game/Map/CollisionDirector.hpp:15:18: warning: 'initAfterPlacement' overrides a member function but is not marked 'override' [-Winconsistent-missing-override]
   15 |     virtual void initAfterPlacement();
      |                  ^
src/Game/NameObj/NameObj.hpp:25:29: note: overridden virtual function is here
   25 |                virtual void initAfterPlacement();
      |                             ^[0m
[0m[38;5;2;1m[ 94%]:[0m [38;5;5;1m<smg-pc-original-sphere-query-tests>[0m [38;5;5;1mlinking.debug smg-pc-original-sphere-query-tests[0m
[0m[38;5;2;1mcreate ok![0m
[0m[38;5;2;1m[100%]:[0m [38;5;2;1mbuild ok, spent 12.009s[0m
